Last login: Sat Feb 28 20:09:38 on ttys005
(base) tang@TANGdeMacBook-Pro mind-spider % 
(base) tang@TANGdeMacBook-Pro mind-spider % ssh myroot@10.168.1.80
myroot@10.168.1.80's password: 
Welcome to Ubuntu 22.04.4 LTS (GNU/Linux 5.15.0-171-generic x86_64)

 * Documentation:  https://help.ubuntu.com
 * Management:     https://landscape.canonical.com
 * Support:        https://ubuntu.com/pro

  System information as of Sat Feb 28 08:29:56 PM CST 2026

  System load:                      0.15966796875
  Usage of /:                       65.6% of 97.87GB
  Memory usage:                     2%
  Swap usage:                       0%
  Temperature:                      40.0 C
  Processes:                        469
  Users logged in:                  0
  IPv4 address for br-1612e7557cc1: 172.23.0.1
  IPv4 address for docker0:         172.17.0.1
  IPv4 address for eno1:            10.168.1.80

 * Strictly confined Kubernetes makes edge and IoT secure. Learn how MicroK8s
   just raised the bar for easy, resilient and secure K8s cluster deployment.

   https://ubuntu.com/engage/secure-kubernetes-at-the-edge

Expanded Security Maintenance for Applications is not enabled.

105 updates can be applied immediately.
2 of these updates are standard security updates.
To see these additional updates run: apt list --upgradable

20 additional security updates can be applied with ESM Apps.
Learn more about enabling ESM Apps service at https://ubuntu.com/esm

New release '24.04.4 LTS' available.
Run 'do-release-upgrade' to upgrade to it.


Last login: Sat Feb 28 19:54:47 2026 from 172.16.2.158
myroot@tang:~$ su
Password: 
(base) root@tang:/home/myroot# cd /deploy/
(base) root@tang:/deploy# ls
eggjs  fastapi  flask  mysql  parallel-universe  scrapyd
(base) root@tang:/deploy# cd parallel-universe
(base) root@tang:/deploy/parallel-universe# cd mind-spider
(base) root@tang:/deploy/parallel-universe/mind-spider# conda activate mind-spider
(mind-spider) root@tang:/deploy/parallel-universe/mind-spider# git pull
remote: Enumerating objects: 13, done.
remote: Counting objects: 100% (13/13), done.
remote: Compressing objects: 100% (2/2), done.
Unpacking objects: 100% (7/7), 923 bytes | 34.00 KiB/s, done.
remote: Total 7 (delta 5), reused 7 (delta 5), pack-reused 0 (from 0)
From github.com:twreport/mind-spider
   350ae81..e5e3a25  main       -> origin/main
Updating 350ae81..e5e3a25
Fast-forward
 DeepSentimentCrawling/MediaCrawler/store/xhs/__init__.py | 21 +++++++++++++++------
 1 file changed, 15 insertions(+), 6 deletions(-)
(mind-spider) root@tang:/deploy/parallel-universe/mind-spider# python DeepSentimentCrawling/start_deep_crawl.py --port 8777
/root/anaconda3/envs/mind-spider/lib/python3.11/site-packages/jieba/_compat.py:18: UserWarning: pkg_resources is deprecated as an API. See https://setuptools.pypa.io/en/latest/pkg_resources.html. The pkg_resources package is slated for removal as early as 2025-11-30. Refrain from using this package or pin to Setuptools<81.
  import pkg_resources
20:30:59 | INFO    | MongoDB 连接成功: mindspider_signal
20:31:00 | INFO    | [TopicMatcher] LLM 已初始化: model=qwen-flash, base_url=https://dashscope.aliyuncs.com/compatible-mode/v1
20:31:00 | INFO    | [DeepCrawl] 登录控制台已启动: http://0.0.0.0:8777
20:31:00 | INFO    | [DeepCrawl] 深层采集服务已启动
  平台: all (7)
  轮询间隔: 10s
  登录控制台: http://0.0.0.0:8777
  dry_run: False
20:31:00 | INFO    | MongoDB 连接成功: mindspider_signal
20:31:00 | INFO    | [TaskQueue] Redis 已连接: 10.168.1.80:6379
20:31:00 | INFO    | [Dispatcher] 启动调度器
  平台: ['xhs', 'dy', 'bili', 'wb', 'ks', 'tieba', 'zhihu']
  轮询间隔: 10s
  Redis: 已连接
  dry_run: False
20:31:00 | INFO    | [Dispatcher] 本轮调度 2 个任务
20:31:00 | INFO    | [Worker] 开始执行任务 ut_bili_2db8d299_1772281425: platform=bili, keywords=['伊朗打击美国军事基地'], max_notes=50
20:31:00 | INFO    | [Worker] 开始执行任务 ut_xhs_2fecadcf_1772281425: platform=xhs, keywords=['伊朗打击美国军事基地'], max_notes=50
20:31:01 | INFO    | [XiaoHongShuCrawler] 使用标准模式启动浏览器
20:31:01 | INFO    | [XiaoHongShuCrawler.launch_browser] Begin create browser context ...
20:31:01 | INFO    | [BilibiliCrawler] 使用标准模式启动浏览器
20:31:01 | INFO    | [BilibiliCrawler.launch_browser] Begin create browser context ...
20:31:03 | INFO    | [BilibiliCrawler.create_bilibili_client] Begin create bilibili API client ...
20:31:03 | INFO    | [BilibiliClient.pong] Begin pong bilibili...
20:31:04 | ERROR   | [BilibiliClient.pong] Pong bilibili failed: 账号未登录, and try to login again...
20:31:04 | INFO    | [BilibiliLogin.begin] Begin login Bilibili ...
20:31:04 | INFO    | [BilibiliLogin.login_by_qrcode] Begin login bilibili by cookie ...
20:31:04 | INFO    | [BilibiliCrawler.search_by_keywords] Begin search bilibli keywords
20:31:04 | INFO    | [BilibiliCrawler.search_by_keywords] Current search keyword: 伊朗打击美国军事基地
20:31:04 | INFO    | [BilibiliCrawler.search_by_keywords] search bilibili keyword: 伊朗打击美国军事基地, page: 1
20:31:09 | INFO    | [BilibiliCrawler.get_video_info_task] Sleeping for 2 seconds after fetching video details 116147760468032
20:31:09 | INFO    | [XiaoHongShuCrawler.create_xhs_client] Begin create xiaohongshu API client ...
20:31:09 | INFO    | [XiaoHongShuCrawler] Cookie 模式，跳过 pong/login，直接使用已注入的 cookie
20:31:09 | INFO    | [XiaoHongShuCrawler.search] Begin search xiaohongshu keywords
20:31:09 | INFO    | [XiaoHongShuCrawler.search] Current search keyword: 伊朗打击美国军事基地
20:31:09 | INFO    | [XiaoHongShuCrawler.search] search xhs keyword: 伊朗打击美国军事基地, page: 1
20:31:10 | INFO    | [XiaoHongShuCrawler.search] Search notes res:{'has_more': True, 'items': [{'id': '68581c8b0000000011001364', 'model_type': 'note', 'note_card': {'display_title': '', 'user': {'nickname': '爱济南', 'xsec_token': 'AB40cTH7ZktPvpcJMp7ALVTTaMK0P7HJNa6dXbRvQ217Y=', 'nick_name': '爱济南', 'avatar': 'https://sns-avatar-qc.xhscdn.com/avatar/1040g2jo31cohrcejgm5g5ol0f2coce6c0pd90ig?imageView2/2/w/80/format/jpg', 'user_id': '62a0789900000000210238cc'}, 'interact_info': {'comment_count': '322', 'shared_count': '47', 'liked': False, 'liked_count': '4566', 'collected': False, 'collected_count': '146'}, 'cover': {'height': 1920, 'width': 1080}, 'image_list': [{'height': 1920, 'width': 1080}], 'corner_tag_info': [{'type': 'publish_time', 'text': '2025-06-22'}], 'type': 'video'}, 'xsec_token': 'ABdLj3CrWLYSNQiQPsuY8kNxbmOfmsAdtR9MHbdB2fYKI='}, {'id': '685d13c50000000017037137', 'model_type': 'note', 'note_card': {'cover': {'height': 2022, 'width': 1516}, 'image_list': [{'height': 2022, 'width': 1516}], 'corner_tag_info': [{'type': 'publish_time', 'text': '2025-06-26'}], 'type': 'video', 'display_title': '', 'user': {'xsec_token': 'ABtx5G5HSaTlLH6ZJleACZr1BSAFErJ-BtjDfUTUp8sQw=', 'nick_name': '观察者网', 'avatar': 'https://sns-avatar-qc.xhscdn.com/avatar/6729be1735c5790001477e19.jpg?imageView2/2/w/80/format/jpg', 'user_id': '5dd0e98300000000010015bb', 'nickname': '观察者网'}, 'interact_info': {'liked_count': '3282', 'collected': False, 'collected_count': '353', 'comment_count': '519', 'shared_count': '1171', 'liked': False}}, 'xsec_token': 'ABVHCSBLLp-B11MFutDhhmkCehiBYDyq4eifk5nhOb0eo='}, {'id': '685996a1000000001502382d', 'model_type': 'note', 'note_card': {'image_list': [{'height': 1648, 'width': 1236}, {'height': 1648, 'width': 1236}, {'height': 1648, 'width': 1236}, {'height': 1648, 'width': 1236}, {'height': 1648, 'width': 1236}, {'height': 1648, 'width': 1236}, {'height': 1648, 'width': 1236}], 'corner_tag_info': [{'type': 'publish_time', 'text': '2025-06-24'}], 'type': 'normal', 'display_title': '真是好魔幻的一个晚上啊', 'user': {'nick_name': '席二仙', 'avatar': 'https://sns-avatar-qc.xhscdn.com/avatar/1040g2jo31ksl9u46325042tkj81ou7gs60lr3to?imageView2/2/w/80/format/jpg', 'user_id': '5653038fe00dd8613fc61e1c', 'nickname': '席二仙', 'xsec_token': 'ABfm4qrtv-F4gS9o1atAKyDdrLVW98P4LZ8HXK0rpalPE='}, 'interact_info': {'liked': False, 'liked_count': '1674', 'collected': False, 'collected_count': '177', 'comment_count': '104', 'shared_count': '802'}, 'cover': {'height': 1648, 'width': 1236}}, 'xsec_token': 'ABw2q2h-R17LbcR1_-p0JgtIPvI1Mb_4yAzhRapayoIwI='}, {'id': '6858a035000000001c033152', 'model_type': 'note', 'note_card': {'user': {'xsec_token': 'ABJepWOPXKqPcTKjW_m6QcC93_vzLXRycgtX3k9GX0TFs=', 'nick_name': 'Yi航', 'avatar': 'https://sns-avatar-qc.xhscdn.com/avatar/1040g2jo31fg5fq3o6e005o1l4vd08dappijfch0?imageView2/2/w/80/format/jpg', 'user_id': '603527da0000000001003559', 'nickname': 'Yi航'}, 'interact_info': {'liked': False, 'liked_count': '1536', 'collected': False, 'collected_count': '167', 'comment_count': '122', 'shared_count': '111'}, 'cover': {'height': 1440, 'width': 1080}, 'image_list': [{'width': 1080, 'height': 1440}], 'corner_tag_info': [{'type': 'publish_time', 'text': '2025-06-23'}], 'type': 'video'}, 'xsec_token': 'ABdLj3CrWLYSNQiQPsuY8kNyJFAKhKxrIwSidbH--l8Cg='}, {'id': '6859c9730000000023005d48', 'model_type': 'note', 'note_card': {'corner_tag_info': [{'type': 'publish_time', 'text': '2025-06-24'}], 'type': 'video', 'display_title': '伊朗导弹突袭美军基地！这场博弈谁输不起？', 'user': {'nickname': '视界酱', 'xsec_token': 'ABONt4rngkGXt5X7FZONwjxRTQqCH5I-bTw3Vaj5Joph8=', 'nick_name': '视界酱', 'avatar': 'https://sns-avatar-qc.xhscdn.com/avatar/1040g2jo31gsf2cnlji005oc4mmqgj5jggsvqu9o?imageView2/2/w/80/format/jpg', 'user_id': '6184b5b50000000002019670'}, 'interact_info': {'comment_count': '34', 'shared_count': '68', 'liked': False, 'liked_count': '1379', 'collected': False, 'collected_count': '194'}, 'cover': {'height': 1685, 'width': 1263}, 'image_list': [{'width': 1263, 'height': 1685}]}, 'xsec_token': 'ABw2q2h-R17LbcR1_-p0JgtNjYfsygI9xT7rdX-Uk3SPw='}, {'model_type': 'note', 'note_card': {'image_list': [{'height': 1920, 'width': 1080}], 'corner_tag_info': [{'text': '2025-06-24', 'type': 'publish_time'}], 'type': 'video', 'display_title': 'Iran strikes back', 'user': {'nick_name': 'Willz.talks', 'avatar': 'https://sns-avatar-qc.xhscdn.com/avatar/1040g2jo31cjn8v480c005ps5471i3nq5i9ju84o?imageView2/2/w/80/format/jpg', 'user_id': '678521c3000000000801df45', 'nickname': 'Willz.talks', 'xsec_token': 'ABpTe-2gB1wWLSV2oyKxbKvJKyLFSkZafgdsUXy8oUZ4U='}, 'interact_info': {'collected': False, 'collected_count': '203', 'comment_count': '114', 'shared_count': '16', 'liked': False, 'liked_count': '1103'}, 'cover': {'height': 1920, 'width': 1080}}, 'xsec_token': 'ABw2q2h-R17LbcR1_-p0JgtEkeg00DYHS36aUF74adk_k=', 'id': '68598e73000000000d026735'}, {'model_type': 'note', 'note_card': {'corner_tag_info': [{'type': 'publish_time', 'text': '2025-06-24'}], 'type': 'video', 'user': {'nick_name': '波斯爱丽', 'avatar': 'https://sns-avatar-qc.xhscdn.com/avatar/1040g2jo314s5lihrgu605nj3f46g95umpcc4tqo?imageView2/2/w/80/format/jpg', 'user_id': '5e63790d00000000010097d6', 'nickname': '波斯爱丽', 'xsec_token': 'ABw5dZOf8nzYCT4LUd6H9ORkpdpmkBdYWrxPDLmFfkuiw='}, 'interact_info': {'comment_count': '513', 'shared_count': '22', 'liked': False, 'liked_count': '860', 'collected': False, 'collected_count': '55'}, 'cover': {'height': 1440, 'width': 1080}, 'image_list': [{'width': 1080, 'height': 1440}]}, 'xsec_token': 'AB8a4KMvvcFJKBrwkSBlf4mYE2vfsnWEoblaUTMd80xYI=', 'id': '685a3d96000000001100098b'}, {'id': '6859dd88000000001502292a', 'model_type': 'note', 'note_card': {'user': {'user_id': '607fe4ec000000000100679f', 'nickname': '徐营_谢旗营哥', 'xsec_token': 'ABD5mPnh951nz5-uekFmy7-Z6ZsiA7I8TUhSAgBhGS_5s=', 'nick_name': '徐营_谢旗营哥', 'avatar': 'https://sns-avatar-qc.xhscdn.com/avatar/1040g2jo31o5pgg7pl8605o3vsjm08psvfmajhko?imageView2/2/w/80/format/jpg'}, 'interact_info': {'liked': False, 'liked_count': '761', 'collected': False, 'collected_count': '49', 'comment_count': '110', 'shared_count': '34'}, 'cover': {'height': 2560, 'width': 1920}, 'image_list': [{'width': 1920, 'height': 2560}], 'corner_tag_info': [{'type': 'publish_time', 'text': '2025-06-24'}], 'type': 'video'}, 'xsec_token': 'ABw2q2h-R17LbcR1_-p0JgtCY5na6kOfyFzChlb0x55P0='}, {'id': '685776f00000000012031d6f', 'model_type': 'note', 'note_card': {'interact_info': {'collected_count': '87', 'comment_count': '61', 'shared_count': '108', 'liked': False, 'liked_count': '571', 'collected': False}, 'cover': {'height': 2245, 'width': 1587}, 'image_list': [{'height': 2245, 'width': 1587}, {'height': 2245, 'width': 1587}, {'height': 2245, 'width': 1587}, {'height': 2245, 'width': 1587}, {'width': 1587, 'height': 2245}], 'corner_tag_info': [{'type': 'publish_time', 'text': '2025-06-22'}], 'type': 'normal', 'display_title': '美国突然动手，伊朗做出回应！', 'user': {'user_id': '5b8e2dfdaaea5b0001c38b05', 'nickname': '听风的蚕', 'xsec_token': 'ABDaajVFHRe0rCXfV2WFotNmdCsADYRnDbDpBp-NNI06M=', 'nick_name': '听风的蚕', 'avatar': 'https://sns-avatar-qc.xhscdn.com/avatar/664af0a3523735166645b87e.jpg?imageView2/2/w/80/format/jpg'}}, 'xsec_token': 'ABaHWJCa0Z-VeNyBn6xWFWiSHAcsFQ1HqFJ7IZ3jyfRG4='}, {'id': '685a0b4d0000000011003775', 'model_type': 'note', 'note_card': {'cover': {'height': 1919, 'width': 2560}, 'image_list': [{'height': 1919, 'width': 2560}], 'corner_tag_info': [{'type': 'publish_time', 'text': '2025-06-24'}], 'type': 'video', 'display_title': '说打就打！美军基地遭袭，伊朗放开手脚', 'user': {'avatar': 'https://sns-avatar-qc.xhscdn.com/avatar/1040g2jo31gmt0gc1jc6g5pj6r461onhu9sfbtr0?imageView2/2/w/80/format/jpg', 'user_id': '6666d90c0000000007005e3e', 'nickname': '种花知兴衰', 'xsec_token': 'ABdzdm__Pb0mirLx4-O3aEF8G8TjFK0FIevvTRapnobt4=', 'nick_name': '种花知兴衰'}, 'interact_info': {'liked': False, 'liked_count': '221', 'collected': False, 'collected_count': '26', 'comment_count': '1', 'shared_count': '17'}}, 'xsec_token': 'AB8a4KMvvcFJKBrwkSBlf4ma3QTkVozXBPhxxvCfMA0bw='}, {'id': '69859506000000001a0219a6', 'model_type': 'note', 'note_card': {'type': 'video', 'display_title': '伊朗军方：我们能够轻易进入美军基地，以总理', 'user': {'nick_name': '地图大数据', 'avatar': 'https://sns-avatar-qc.xhscdn.com/avatar/1040g2jo315799f39hc6g5ossbi5pi1shduq6fl0?imageView2/2/w/80/format/jpg', 'user_id': '639c5c8b0000000026010791', 'nickname': '地图大数据', 'xsec_token': 'ABIZBJ875daTeyqPmFzDPbBIU9xqgeUAhAshsAchFHBHY='}, 'interact_info': {'shared_count': '5', 'liked': False, 'liked_count': '136', 'collected': False, 'collected_count': '22', 'comment_count': '33'}, 'cover': {'height': 1920, 'width': 1080}, 'image_list': [{'height': 1920, 'width': 1080}], 'corner_tag_info': [{'type': 'publish_time', 'text': '02-06'}]}, 'xsec_token': 'ABW99TDO76mTO7Uj9gSNqFAmXiMLcYhrkREfQKF5XwhTk='}, {'id': '685a174c000000002201ca12', 'model_type': 'note', 'note_card': {'type': 'video', 'user': {'user_id': '6697cd400000000003032c48', 'nickname': '重庆晨报', 'xsec_token': 'ABp_HcwzqKaPk4xJDJ8AEcKe0V4qrg_RQuQ25166nKf_Q=', 'nick_name': '重庆晨报', 'avatar': 'https://sns-avatar-qc.xhscdn.com/avatar/6788af8059d26cd13a28762a.jpg?imageView2/2/w/80/format/jpg'}, 'interact_info': {'comment_count': '6', 'shared_count': '2', 'liked': False, 'liked_count': '99', 'collected': False, 'collected_count': '8'}, 'cover': {'height': 2560, 'width': 1920}, 'image_list': [{'height': 2560, 'width': 1920}], 'corner_tag_info': [{'type': 'publish_time', 'text': '2025-06-24'}]}, 'xsec_token': 'AB8a4KMvvcFJKBrwkSBlf4mVFrSVvkplUiBbCLwVTiF3w='}, {'id': '6967a0ad000000001a030839', 'model_type': 'note', 'note_card': {'cover': {'height': 260, 'width': 780}, 'image_list': [{'height': 260, 'width': 780}], 'corner_tag_info': [{'type': 'publish_time', 'text': '01-14'}], 'type': 'normal', 'user': {'xsec_token': 'AB8OkkHmj3EMFQi1ghU7rSk1rTYtIIosYEVG2hbXNRJvw=', 'nick_name': '剑锋至上', 'avatar': 'https://sns-avatar-qc.xhscdn.com/avatar/1040g2jo31b272hmqnc6g5pj10li2ufdolg6ab5g?imageView2/2/w/80/format/jpg', 'user_id': '66610564000000000b033db8', 'nickname': '剑锋至上'}, 'interact_info': {'liked_count': '83', 'collected': False, 'collected_count': '5', 'comment_count': '142', 'shared_count': '26', 'liked': False}}, 'xsec_token': 'AB1f_wt_32NI4bkCShsB09uxQn459bcD02lGpV1bt7ZVk='}, {'xsec_token': 'AB8a4KMvvcFJKBrwkSBlf4mXMVPUmJYibAGB8PryVKFzs=', 'id': '685a4db60000000022030a42', 'model_type': 'note', 'note_card': {'display_title': '不到48小时，特朗普迎噩耗，美军基地被炸，', 'user': {'avatar': 'https://sns-avatar-qc.xhscdn.com/avatar/5f8d7925000000000100796d.jpg?imageView2/2/w/80/format/jpg', 'user_id': '5f8d7925000000000100796d', 'nickname': '【中国尚维】Sean 徐强', 'xsec_token': 'ABwdevSVTfAMomDqxz2ZLCsBSeVv3Yyt9iRdiIoAbE1mM=', 'nick_name': '【中国尚维】Sean 徐强'}, 'interact_info': {'comment_count': '0', 'shared_count': '2', 'liked': False, 'liked_count': '72', 'collected': False, 'collected_count': '20'}, 'cover': {'height': 1920, 'width': 1080}, 'image_list': [{'height': 1920, 'width': 1080}], 'corner_tag_info': [{'type': 'publish_time', 'text': '2025-06-24'}], 'type': 'video'}}, {'xsec_token': 'ABYUX1V7wgatkSAR8U6nwqMjBo5Eli8AyHKMoZJAaveoo=', 'id': '6998ff8c000000000c0361e5', 'model_type': 'note', 'note_card': {'cover': {'height': 438, 'width': 724}, 'image_list': [{'height': 438, 'width': 724}], 'corner_tag_info': [{'type': 'publish_time', 'text': '02-21'}], 'type': 'normal', 'display_title': '2月23日到27日美股看伊朗消息', 'user': {'user_id': '6789f9c3000000000d0094a5', 'nickname': '人闲图雅', 'xsec_token': 'ABQo3YI_SNqjR8jUSqbD8MsjWF0sJ2ocRZTwF7gPkWW-Y=', 'nick_name': '人闲图雅', 'avatar': 'https://sns-avatar-qc.xhscdn.com/avatar/1040g2jo31s6bpcb1m86g5ps9v71j9555s4s95pg?imageView2/2/w/80/format/jpg'}, 'interact_info': {'collected': False, 'collected_count': '24', 'comment_count': '33', 'shared_count': '17', 'liked': False, 'liked_count': '57'}}}, {'xsec_token': 'AB2yfrv7r6jyk0f84IbNDfD8kUm8pcXt89VE8-PTkXq6c=', 'id': '696375fe000000000b00a8f1', 'model_type': 'note', 'note_card': {'type': 'video', 'display_title': '伊朗警告美国若遭攻击必还击', 'user': {'nickname': '三军动画', 'xsec_token': 'ABgYQ0_7aP0-03ZL3e0mKvkfPTRZvv_hz_V3yAAeZUaZk=', 'nick_name': '三军动画', 'avatar': 'https://sns-avatar-qc.xhscdn.com/avatar/5df2fe2eaa9c4a0001901a99.jpg?imageView2/2/w/80/format/jpg', 'user_id': '5df2fd680000000001001a18'}, 'interact_info': {'liked': False, 'liked_count': '55', 'collected': False, 'collected_count': '14', 'comment_count': '0', 'shared_count': '1'}, 'cover': {'height': 1208, 'width': 680}, 'image_list': [{'width': 680, 'height': 1208}], 'corner_tag_info': [{'type': 'publish_time', 'text': '01-11'}]}}, {'model_type': 'note', 'note_card': {'corner_tag_info': [{'type': 'publish_time', 'text': '2025-06-26'}], 'type': 'normal', 'display_title': '特朗普：我批准了伊朗导弹袭击美军基地', 'user': {'nick_name': '潇湘晨报', 'avatar': 'https://sns-avatar-qc.xhscdn.com/avatar/1040g2jo31qobul3rgm005p5oj0ol6up1tu11gg8?imageView2/2/w/80/format/jpg', 'user_id': '64b898310000000014037b21', 'nickname': '潇湘晨报', 'xsec_token': 'ABfrLQzfqFJsGQC2v6mb9La6UupKizl01bda8rf-eikUQ='}, 'interact_info': {'liked': False, 'liked_count': '50', 'collected': False, 'collected_count': '3', 'comment_count': '2', 'shared_count': '10'}, 'cover': {'height': 1920, 'width': 1440}, 'image_list': [{'height': 1920, 'width': 1440}]}, 'xsec_token': 'ABVHCSBLLp-B11MFutDhhmkH5XRduTqlkiBB5V3bNkKj0=', 'id': '685d329d000000001100145c'}, {'id': '685ac63b0000000022032147', 'model_type': 'note', 'note_card': {'corner_tag_info': [{'type': 'publish_time', 'text': '2025-06-24'}], 'type': 'video', 'display_title': '全球战局', 'user': {'nick_name': 'Gavin', 'avatar': 'https://sns-avatar-qc.xhscdn.com/avatar/411309441983cdc4ce073ff8da73b5b6.jpg?imageView2/2/w/80/format/jpg', 'user_id': '5c8486b90000000010003393', 'nickname': 'Gavin', 'xsec_token': 'ABc7vl7bEq5BibeWBd8aWQqUUCALjSF29mKcG6aFY0K04='}, 'interact_info': {'collected': False, 'collected_count': '12', 'comment_count': '0', 'shared_count': '2', 'liked': False, 'liked_count': '47'}, 'cover': {'height': 1920, 'width': 1080}, 'image_list': [{'height': 1920, 'width': 1080}]}, 'xsec_token': 'AB8a4KMvvcFJKBrwkSBlf4mS6UDIBqh1FYcbTzBgADklc='}, {'xsec_token': 'AB2yfrv7r6jyk0f84IbNDfD026YSyI_0indQU6Peb-9Yo=', 'id': '69635c4b000000001a02f1d1', 'model_type': 'note', 'note_card': {'type': 'normal', 'display_title': '伊朗警告美以：若遭攻击必将还击', 'user': {'avatar': 'https://sns-avatar-qc.xhscdn.com/avatar/68391049ffe18a0001091646.jpg?imageView2/2/w/80/format/jpg', 'user_id': '63301151000000002303b082', 'nickname': '新华网', 'xsec_token': 'ABhmtbANDfB8DYlPtr0EsV3NInDiA8ND3OzP66cvfJjpM=', 'nick_name': '新华网'}, 'interact_info': {'liked': False, 'liked_count': '42', 'collected': False, 'collected_count': '2', 'comment_count': '0', 'shared_count': '5'}, 'cover': {'height': 4800, 'width': 7200}, 'image_list': [{'width': 7200, 'height': 4800}], 'corner_tag_info': [{'text': '01-11', 'type': 'publish_time'}]}}, {'model_type': 'note', 'note_card': {'type': 'video', 'display_title': '伊朗民众聚集街头挥舞国旗庆祝美基地遭袭', 'user': {'user_id': '622c52ec000000002102b031', 'nickname': '锦观新闻', 'xsec_token': 'ABBWy78ktKMII4gBadmqykI4D0vSCGXz4fSpciha2ItWQ=', 'nick_name': '锦观新闻', 'avatar': 'https://sns-avatar-qc.xhscdn.com/avatar/1040g2jo30mqjsnmh4i005ohcabm8dc1hminkga0?imageView2/2/w/80/format/jpg'}, 'interact_info': {'comment_count': '0', 'shared_count': '2', 'liked': False, 'liked_count': '38', 'collected': False, 'collected_count': '3'}, 'cover': {'height': 1440, 'width': 1080}, 'image_list': [{'height': 1440, 'width': 1080}], 'corner_tag_info': [{'text': '2025-06-24', 'type': 'publish_time'}]}, 'xsec_token': 'AB8a4KMvvcFJKBrwkSBlf4mRYnaIbG3TSGI3antFGkv9M=', 'id': '685a07ea000000002400a2f2'}]}
20:31:10 | INFO    | [get_note_detail_async_task] Begin get note detail, note_id: 68581c8b0000000011001364
20:31:10 | INFO    | [get_note_detail_async_task] Begin get note detail, note_id: 685d13c50000000017037137
20:31:10 | INFO    | [get_note_detail_async_task] Begin get note detail, note_id: 685996a1000000001502382d
20:31:10 | INFO    | [get_note_detail_async_task] Begin get note detail, note_id: 6858a035000000001c033152
20:31:10 | INFO    | [get_note_detail_async_task] Begin get note detail, note_id: 6859c9730000000023005d48
20:31:10 | INFO    | [get_note_detail_async_task] Begin get note detail, note_id: 68598e73000000000d026735
20:31:10 | INFO    | [get_note_detail_async_task] Begin get note detail, note_id: 685a3d96000000001100098b
20:31:10 | INFO    | [get_note_detail_async_task] Begin get note detail, note_id: 6859dd88000000001502292a
20:31:10 | INFO    | [get_note_detail_async_task] Begin get note detail, note_id: 685776f00000000012031d6f
20:31:10 | INFO    | [get_note_detail_async_task] Begin get note detail, note_id: 685a0b4d0000000011003775
20:31:10 | INFO    | [get_note_detail_async_task] Begin get note detail, note_id: 69859506000000001a0219a6
20:31:10 | INFO    | [get_note_detail_async_task] Begin get note detail, note_id: 685a174c000000002201ca12
20:31:10 | INFO    | [get_note_detail_async_task] Begin get note detail, note_id: 6967a0ad000000001a030839
20:31:10 | INFO    | [get_note_detail_async_task] Begin get note detail, note_id: 685a4db60000000022030a42
20:31:10 | INFO    | [get_note_detail_async_task] Begin get note detail, note_id: 6998ff8c000000000c0361e5
20:31:10 | INFO    | [get_note_detail_async_task] Begin get note detail, note_id: 696375fe000000000b00a8f1
20:31:10 | INFO    | [get_note_detail_async_task] Begin get note detail, note_id: 685d329d000000001100145c
20:31:10 | INFO    | [get_note_detail_async_task] Begin get note detail, note_id: 685ac63b0000000022032147
20:31:10 | INFO    | [get_note_detail_async_task] Begin get note detail, note_id: 69635c4b000000001a02f1d1
20:31:10 | INFO    | [get_note_detail_async_task] Begin get note detail, note_id: 685a07ea000000002400a2f2
20:31:14 | INFO    | [BilibiliCrawler.get_video_info_task] Sleeping for 2 seconds after fetching video details 116147307550968
20:31:14 | INFO    | [get_note_detail_async_task] Sleeping for 2 seconds after fetching note 68581c8b0000000011001364
20:31:18 | INFO    | [BilibiliCrawler.get_video_info_task] Sleeping for 2 seconds after fetching video details 116147139649224
20:31:19 | INFO    | [get_note_detail_async_task] Sleeping for 2 seconds after fetching note 685d13c50000000017037137
20:31:22 | INFO    | [BilibiliCrawler.get_video_info_task] Sleeping for 2 seconds after fetching video details 116147743623423
20:31:23 | INFO    | [get_note_detail_async_task] Sleeping for 2 seconds after fetching note 685996a1000000001502382d
20:31:26 | INFO    | [BilibiliCrawler.get_video_info_task] Sleeping for 2 seconds after fetching video details 116147156555594
20:31:26 | INFO    | [get_note_detail_async_task] Sleeping for 2 seconds after fetching note 6858a035000000001c033152
20:31:29 | INFO    | [BilibiliCrawler.get_video_info_task] Sleeping for 2 seconds after fetching video details 116147525521943
20:31:29 | INFO    | [get_note_detail_async_task] Sleeping for 2 seconds after fetching note 6859c9730000000023005d48
20:31:33 | INFO    | [BilibiliCrawler.get_video_info_task] Sleeping for 2 seconds after fetching video details 116147542431196
20:31:34 | INFO    | [get_note_detail_async_task] Sleeping for 2 seconds after fetching note 68598e73000000000d026735
20:31:36 | INFO    | [get_note_detail_async_task] Sleeping for 2 seconds after fetching note 685a3d96000000001100098b
20:31:37 | INFO    | [BilibiliCrawler.get_video_info_task] Sleeping for 2 seconds after fetching video details 116147726848327
20:31:39 | INFO    | [get_note_detail_async_task] Sleeping for 2 seconds after fetching note 6859dd88000000001502292a
20:31:40 | INFO    | [BilibiliCrawler.get_video_info_task] Sleeping for 2 seconds after fetching video details 116147542294738
20:31:43 | INFO    | [BilibiliCrawler.get_video_info_task] Sleeping for 2 seconds after fetching video details 116147274061041
20:31:44 | INFO    | [get_note_detail_async_task] Sleeping for 2 seconds after fetching note 685776f00000000012031d6f
20:31:46 | INFO    | [get_note_detail_async_task] Sleeping for 2 seconds after fetching note 685a0b4d0000000011003775
20:31:46 | INFO    | [BilibiliCrawler.get_video_info_task] Sleeping for 2 seconds after fetching video details 116147743823648
20:31:49 | INFO    | [get_note_detail_async_task] Sleeping for 2 seconds after fetching note 69859506000000001a0219a6
20:31:50 | INFO    | [BilibiliCrawler.get_video_info_task] Sleeping for 2 seconds after fetching video details 116147240375771
20:31:53 | INFO    | [get_note_detail_async_task] Sleeping for 2 seconds after fetching note 685a174c000000002201ca12
20:31:55 | INFO    | [BilibiliCrawler.get_video_info_task] Sleeping for 2 seconds after fetching video details 116147609472831
20:31:56 | INFO    | [get_note_detail_async_task] Sleeping for 2 seconds after fetching note 6967a0ad000000001a030839
20:31:57 | INFO    | [BilibiliCrawler.get_video_info_task] Sleeping for 2 seconds after fetching video details 116147743621294
20:31:58 | INFO    | [get_note_detail_async_task] Sleeping for 2 seconds after fetching note 685a4db60000000022030a42
20:32:01 | INFO    | [BilibiliCrawler.get_video_info_task] Sleeping for 2 seconds after fetching video details 116148146276402
20:32:02 | INFO    | [get_note_detail_async_task] Sleeping for 2 seconds after fetching note 6998ff8c000000000c0361e5
20:32:04 | INFO    | [BilibiliCrawler.get_video_info_task] Sleeping for 2 seconds after fetching video details 116147995282649
20:32:05 | INFO    | [get_note_detail_async_task] Sleeping for 2 seconds after fetching note 696375fe000000000b00a8f1
20:32:09 | INFO    | [BilibiliCrawler.get_video_info_task] Sleeping for 2 seconds after fetching video details 116147676579988
20:32:09 | INFO    | [get_note_detail_async_task] Sleeping for 2 seconds after fetching note 685d329d000000001100145c
20:32:13 | INFO    | [get_note_detail_async_task] Sleeping for 2 seconds after fetching note 685ac63b0000000022032147
20:32:13 | INFO    | [BilibiliCrawler.get_video_info_task] Sleeping for 2 seconds after fetching video details 116147441698919
20:32:16 | INFO    | [get_note_detail_async_task] Sleeping for 2 seconds after fetching note 69635c4b000000001a02f1d1
20:32:16 | INFO    | [BilibiliCrawler.get_video_info_task] Sleeping for 2 seconds after fetching video details 116147961729131
20:32:19 | INFO    | [get_note_detail_async_task] Sleeping for 2 seconds after fetching note 685a07ea000000002400a2f2
20:32:19 | INFO    | [store.xhs.update_xhs_note] xhs note: {'note_id': '68581c8b0000000011001364', 'type': 'video', 'title': '伊朗电视台展示美军基地分布图：我们将终结它，美国在西亚已无立足之地', 'desc': '伊朗电视台展示美军基地分布图：我们将终结它，美国在西亚已无立足之地', 'video_url': 'http://sns-video-qc.xhscdn.com/stream/79/110/259/01e8581c867d0f6f0103700397982f95f2_259.mp4?sign=2966f6a3db793efff2133e3d4e80fbc2&t=69a77d4e', 'time': 1750604939000, 'last_update_time': 1750604939000, 'user_id': '62a0789900000000210238cc', 'nickname': '爱济南', 'avatar': 'https://sns-avatar-qc.xhscdn.com/avatar/1040g2jo31cohrcejgm5g5ol0f2coce6c0pd90ig', 'liked_count': '4566', 'collected_count': '146', 'comment_count': '322', 'share_count': '47', 'ip_location': '', 'image_list': 'http://sns-webpic-qc.xhscdn.com/202602282031/24701084477b0063e5ff4dce8b9df1f3/spectrum/1040g0k031j1nn74ugm0g5ol0f2coce6cfpn8ir0!nd_dft_wlteh_webp_3', 'tag_list': '', 'last_modify_ts': 1772281939163, 'note_url': 'https://www.xiaohongshu.com/explore/68581c8b0000000011001364?xsec_token=ABdLj3CrWLYSNQiQPsuY8kNxbmOfmsAdtR9MHbdB2fYKI=&xsec_source=pc_search', 'source_keyword': '伊朗打击美国军事基地', 'topic_id': 'user_api', 'crawling_task_id': 'ut_xhs_2fecadcf_1772281425', 'xsec_token': 'ABdLj3CrWLYSNQiQPsuY8kNxbmOfmsAdtR9MHbdB2fYKI='}
20:32:19 | INFO    | [XiaoHongShuCrawler.get_notice_media] Crawling image mode is not enabled
20:32:19 | INFO    | [store.xhs.update_xhs_note] xhs note: {'note_id': '685d13c50000000017037137', 'type': 'video', 'title': '特朗普：伊朗经我批准才空袭了卡塔尔美军基地，他们还问1点钟行不行 \ufeff#伊朗[话题]#\ufeff \ufeff#特朗普[话题]#\ufeff \ufeff#美国[话题]#\ufeff \ufeff#卡塔尔美军基地[话题]#\ufeff \ufeff#美国军事基地[话题]#\ufeff \ufeff#军事[话题]#\ufeff', 'desc': '特朗普：伊朗经我批准才空袭了卡塔尔美军基地，他们还问1点钟行不行 \ufeff#伊朗[话题]#\ufeff \ufeff#特朗普[话题]#\ufeff \ufeff#美国[话题]#\ufeff \ufeff#卡塔尔美军基地[话题]#\ufeff \ufeff#美国军事基地[话题]#\ufeff \ufeff#军事[话题]#\ufeff', 'video_url': 'http://sns-video-qc.xhscdn.com/stream/1/110/259/01e85d136717a44a0103700397ab957074_259.mp4?sign=4bfc179d0a2eebca4e682e9d4e5069e5&t=69a77d53', 'time': 1750930373000, 'last_update_time': 1750930373000, 'user_id': '5dd0e98300000000010015bb', 'nickname': '观察者网', 'avatar': 'https://sns-avatar-qc.xhscdn.com/avatar/6729be1735c5790001477e19.jpg', 'liked_count': '3282', 'collected_count': '353', 'comment_count': '519', 'share_count': '1171', 'ip_location': '', 'image_list': 'http://sns-webpic-qc.xhscdn.com/202602282031/f4cf213b17f488e96ca200d0c12aed35/spectrum/1040g34o31j6it0mdia005negt61g85drhggg68g!nd_dft_wlteh_webp_3', 'tag_list': '伊朗,特朗普,美国,卡塔尔美军基地,美国军事基地,军事', 'last_modify_ts': 1772281939379, 'note_url': 'https://www.xiaohongshu.com/explore/685d13c50000000017037137?xsec_token=ABVHCSBLLp-B11MFutDhhmkCehiBYDyq4eifk5nhOb0eo=&xsec_source=pc_search', 'source_keyword': '伊朗打击美国军事基地', 'topic_id': 'user_api', 'crawling_task_id': 'ut_xhs_2fecadcf_1772281425', 'xsec_token': 'ABVHCSBLLp-B11MFutDhhmkCehiBYDyq4eifk5nhOb0eo='}
20:32:19 | INFO    | [XiaoHongShuCrawler.get_notice_media] Crawling image mode is not enabled
20:32:19 | INFO    | [store.xhs.update_xhs_note] xhs note: {'note_id': '685996a1000000001502382d', 'type': 'normal', 'title': '真是好魔幻的一个晚上啊', 'desc': '梳理了一下今天凌晨的时间线：\n\t\n🔺0点44分（图一）：当地时间6月23日夜间，北京时间6月24日凌晨，伊朗向位于卡塔尔的美军基地发射多枚导弹。该基地位于多哈西南约35公里，是美国在海湾地区现代化程度最高的军事基地，也是美军驻海外最大的军事基地之一，超过1万名美军士兵部署于此。\n\t\n🔺1点02分（图二）：美国总统特朗普目前与国防部长、参谋长联席会议成员在白宫战情室会面。\n\t\n🔺1点12分（图三）：同样驻扎有美军的巴林全国多地拉响防空警报。巴林内政部呼吁民众保持冷静，立刻前往避难场所就近躲避。\n\t\n🔺1点16分（图四）：北京时间6月24日凌晨，伊拉克的美军基地也遭导弹袭击。美国正在追踪伊朗向美国在卡塔尔和伊拉克的军事设施发射的多枚导弹。\n\t\n🔺1点23分（图五）：伊朗最高国家安全委员会秘书处发声明称，此次导弹数量与美方袭击伊朗核设施时所使用的炸弹数量相同，被打击的美军基地远离卡塔尔的居民区和城市基础设施。此次行动不会对伊朗的友好国家卡塔尔构成任何威胁，伊朗仍致力于维护与卡塔尔之间长期友好的关系。\n\t\n🔺4点08分（图六）：特朗普称，伊朗发射了14枚导弹，其中13枚被击落，1枚朝着不具威胁性的方向飞去。他希望仇恨不会再继续存在，要感谢伊朗提前通知美国，这使得没有人员伤亡成为可能。\n\t\n🔺6点21分（图七）：特朗普说以色列和伊朗已就“全面彻底停火”达成一致。\n\t\n有点看不懂这剧情走向了……\n\t\n#伊朗[话题]# #美国[话题]# #卡塔尔[话题]# #伊拉克[话题]# #国际新闻[话题]# #特朗普[话题]# #见证历史[话题]# #世界和平[话题]# #热点[话题]# #媒体[话题]# @热点薯 @小红书创作助手', 'video_url': '', 'time': 1750701729000, 'last_update_time': 1750730314000, 'user_id': '5653038fe00dd8613fc61e1c', 'nickname': '席二仙', 'avatar': 'https://sns-avatar-qc.xhscdn.com/avatar/1040g2jo31ksl9u46325042tkj81ou7gs60lr3to', 'liked_count': '1674', 'collected_count': '177', 'comment_count': '104', 'share_count': '802', 'ip_location': '', 'image_list': 'http://sns-webpic-qc.xhscdn.com/202602282031/3a7d613ecadeb76c91a986f330d9ca22/notes_pre_post/1040g3k831j35ho56hek042tkj81ou7gsal4l2fg!nd_dft_wlteh_webp_3,http://sns-webpic-qc.xhscdn.com/202602282031/26a3b6c481052a5dcda1d0f12bd25906/notes_pre_post/1040g3k831j35ho891c5g42tkj81ou7gssljib70!nd_dft_wlteh_webp_3,http://sns-webpic-qc.xhscdn.com/202602282031/b60653608aeb213936bf4b7b97857de1/notes_pre_post/1040g3k831j35ho88hccg42tkj81ou7gsr270kvg!nd_dft_wlteh_webp_3,http://sns-webpic-qc.xhscdn.com/202602282031/67122cd23bd600719e67ca96a4f60c5f/notes_pre_post/1040g3k831j35ho891c6g42tkj81ou7gs4lnbe0o!nd_dft_wlteh_webp_3,http://sns-webpic-qc.xhscdn.com/202602282031/f0a744783074c181897b737f5cf8db45/notes_pre_post/1040g3k031j35ho73ha6g42tkj81ou7gsr3866v0!nd_dft_wlteh_webp_3,http://sns-webpic-qc.xhscdn.com/202602282031/a6209115fb9ddfbc13a9f69ca9a71f46/1040g2sg31j3dib02hgkg42tkj81ou7gsb85ib18!nd_dft_wlteh_webp_3,http://sns-webpic-qc.xhscdn.com/202602282031/647c2c47586ab7280b80208afad8258e/1040g2sg31j3dib02hgk042tkj81ou7gsnh74vjo!nd_dft_wlteh_webp_3', 'tag_list': '伊朗,美国,卡塔尔,伊拉克,国际新闻,特朗普,见证历史,世界和平,热点,媒体', 'last_modify_ts': 1772281939431, 'note_url': 'https://www.xiaohongshu.com/explore/685996a1000000001502382d?xsec_token=ABw2q2h-R17LbcR1_-p0JgtIPvI1Mb_4yAzhRapayoIwI=&xsec_source=pc_search', 'source_keyword': '伊朗打击美国军事基地', 'topic_id': 'user_api', 'crawling_task_id': 'ut_xhs_2fecadcf_1772281425', 'xsec_token': 'ABw2q2h-R17LbcR1_-p0JgtIPvI1Mb_4yAzhRapayoIwI='}
20:32:19 | INFO    | [XiaoHongShuCrawler.get_notice_media] Crawling image mode is not enabled
20:32:19 | INFO    | [store.xhs.update_xhs_note] xhs note: {'note_id': '6858a035000000001c033152', 'type': 'video', 'title': '伊朗放话：中东地区所有美国公民和美军基地都是合法打击目标。', 'desc': '伊朗放话：中东地区所有美国公民和美军基地都是合法打击目标。', 'video_url': 'http://sns-video-qc.xhscdn.com/stream/79/110/259/01e858a0347dd2ca01037003979a31ed49_259.mp4?sign=596aa9fadbfa171e03902160c8a2b39d&t=69a77d5b', 'time': 1750638645000, 'last_update_time': 1750638645000, 'user_id': '603527da0000000001003559', 'nickname': 'Yi航', 'avatar': 'https://sns-avatar-qc.xhscdn.com/avatar/1040g2jo31fg5fq3o6e005o1l4vd08dappijfch0', 'liked_count': '1536', 'collected_count': '167', 'comment_count': '122', 'share_count': '111', 'ip_location': '', 'image_list': 'http://sns-webpic-qc.xhscdn.com/202602282031/c807957d9acbec68f860fd4e628aadb9/1040g00831j27pel8h4005o1l4vd08dap755fj98!nd_dft_wlteh_webp_3', 'tag_list': '', 'last_modify_ts': 1772281939513, 'note_url': 'https://www.xiaohongshu.com/explore/6858a035000000001c033152?xsec_token=ABdLj3CrWLYSNQiQPsuY8kNyJFAKhKxrIwSidbH--l8Cg=&xsec_source=pc_search', 'source_keyword': '伊朗打击美国军事基地', 'topic_id': 'user_api', 'crawling_task_id': 'ut_xhs_2fecadcf_1772281425', 'xsec_token': 'ABdLj3CrWLYSNQiQPsuY8kNyJFAKhKxrIwSidbH--l8Cg='}
20:32:19 | INFO    | [BilibiliCrawler.get_video_info_task] Sleeping for 2 seconds after fetching video details 116147794084904
20:32:19 | INFO    | [store.bilibili.update_bilibili_video] bilibili video id:116147760468032, title:美国第五舰队服务中心遭袭！伊朗正在打击美国在中东的军事基地
20:32:19 | INFO    | [XiaoHongShuCrawler.get_notice_media] Crawling image mode is not enabled
20:32:19 | INFO    | [store.xhs.update_xhs_note] xhs note: {'note_id': '6859c9730000000023005d48', 'type': 'video', 'title': '伊朗导弹突袭美军基地！这场博弈谁输不起？', 'desc': '\ufeff#中东局势[话题]#\ufeff \ufeff#美伊冲突[话题]#\ufeff \ufeff#军事迷[话题]#\ufeff \ufeff#大国博弈[话题]#\ufeff \ufeff#小红书4k视频浪潮计划[话题]#\ufeff \ufeff#军事观察[话题]#\ufeff', 'video_url': 'http://sns-video-qc.xhscdn.com/stream/79/110/259/01e859c9736640c401037003979ebb8e3f_259.mp4?sign=2b16c914b69e117fe71f61fb53a50497&t=69a77d5f', 'time': 1750714739000, 'last_update_time': 1750714740000, 'user_id': '6184b5b50000000002019670', 'nickname': '视界酱', 'avatar': 'https://sns-avatar-qc.xhscdn.com/avatar/1040g2jo31gsf2cnlji005oc4mmqgj5jggsvqu9o', 'liked_count': '1379', 'collected_count': '194', 'comment_count': '34', 'share_count': '68', 'ip_location': '', 'image_list': 'http://sns-webpic-qc.xhscdn.com/202602282031/88f3df54b21d9840c032c0d85d255d40/spectrum/1040g34o31j3c20du0o0g5oc4mmqgj5jgabbetsg!nd_dft_wlteh_webp_3', 'tag_list': '中东局势,美伊冲突,军事迷,大国博弈,小红书4k视频浪潮计划,军事观察', 'last_modify_ts': 1772281939593, 'note_url': 'https://www.xiaohongshu.com/explore/6859c9730000000023005d48?xsec_token=ABw2q2h-R17LbcR1_-p0JgtNjYfsygI9xT7rdX-Uk3SPw=&xsec_source=pc_search', 'source_keyword': '伊朗打击美国军事基地', 'topic_id': 'user_api', 'crawling_task_id': 'ut_xhs_2fecadcf_1772281425', 'xsec_token': 'ABw2q2h-R17LbcR1_-p0JgtNjYfsygI9xT7rdX-Uk3SPw='}
20:32:19 | INFO    | [store.bilibili.update_up_info] bilibili user_id:46470268
20:32:19 | INFO    | [XiaoHongShuCrawler.get_notice_media] Crawling image mode is not enabled
20:32:19 | INFO    | [store.xhs.update_xhs_note] xhs note: {'note_id': '68598e73000000000d026735', 'type': 'video', 'title': 'Iran strikes back', 'desc': 'U don’t have to side with Iran, but my god for the love of god do not side with America. This is a justified and legal attack against valid military targets. I do not support war but I support empire less. #leftist[话题]# #iran[话题]# #usa[话题]# #news[话题]#', 'video_url': 'http://sns-video-qc.xhscdn.com/stream/1/110/259/01e8598e721724e301037003979dd59e09_259.mp4?sign=6065d2202cac0d40527f8cd727817082&t=69a77d62', 'time': 1750699635000, 'last_update_time': 1750699636000, 'user_id': '678521c3000000000801df45', 'nickname': 'Willz.talks', 'avatar': 'https://sns-avatar-qc.xhscdn.com/avatar/1040g2jo31cjn8v480c005ps5471i3nq5i9ju84o', 'liked_count': '1103', 'collected_count': '203', 'comment_count': '114', 'share_count': '16', 'ip_location': '', 'image_list': 'http://sns-webpic-qc.xhscdn.com/202602282031/4dde8149c3e0c9cb05ade956fceaa1b2/1040g00831j34s1hcgs005ps5471i3nq5395cgc0!nd_dft_wlteh_webp_3', 'tag_list': 'leftist,iran,usa,news', 'last_modify_ts': 1772281939668, 'note_url': 'https://www.xiaohongshu.com/explore/68598e73000000000d026735?xsec_token=ABw2q2h-R17LbcR1_-p0JgtEkeg00DYHS36aUF74adk_k=&xsec_source=pc_search', 'source_keyword': '伊朗打击美国军事基地', 'topic_id': 'user_api', 'crawling_task_id': 'ut_xhs_2fecadcf_1772281425', 'xsec_token': 'ABw2q2h-R17LbcR1_-p0JgtEkeg00DYHS36aUF74adk_k='}
20:32:19 | INFO    | [BilibiliCrawler.get_bilibili_video] Crawling image mode is not enabled
20:32:19 | INFO    | [store.bilibili.update_bilibili_video] bilibili video id:116147307550968, title:川普发表电视讲话谈美国军队在伊朗的重大军事作战行动 | 2026.02.28 | 美剧级别字幕
20:32:19 | INFO    | [XiaoHongShuCrawler.get_notice_media] Crawling image mode is not enabled
20:32:19 | INFO    | [store.xhs.update_xhs_note] xhs note: {'note_id': '685a3d96000000001100098b', 'type': 'video', 'title': '谁说伊朗不敢打老美？这次伊朗大打出手！导弹袭击美军基地！#伊朗[话题]# #美国[话题]# #以色列[话题]# #伊朗和以色列宣布正式停火[话题]#', 'desc': '谁说伊朗不敢打老美？这次伊朗大打出手！导弹袭击美军基地！#伊朗[话题]# #美国[话题]# #以色列[话题]# #伊朗和以色列宣布正式停火[话题]#', 'video_url': 'http://sns-video-qc.xhscdn.com/stream/79/110/259/01e85a3d8d6677fa0103700397a0810c72_259.mp4?sign=533b78030b5b5bc63e4d80135744a5d5&t=69a77d66', 'time': 1750744470000, 'last_update_time': 1750744471000, 'user_id': '5e63790d00000000010097d6', 'nickname': '波斯爱丽', 'avatar': 'https://sns-avatar-qc.xhscdn.com/avatar/1040g2jo314s5lihrgu605nj3f46g95umpcc4tqo', 'liked_count': '860', 'collected_count': '55', 'comment_count': '513', 'share_count': '22', 'ip_location': '', 'image_list': 'http://sns-webpic-qc.xhscdn.com/202602282031/a6e816f479af13d8ff3e8ec33867f9a1/1040g00831j3q8d6jgu005nj3f46g95umlmfkb3o!nd_dft_wlteh_webp_3', 'tag_list': '伊朗,美国,以色列,伊朗和以色列宣布正式停火', 'last_modify_ts': 1772281939729, 'note_url': 'https://www.xiaohongshu.com/explore/685a3d96000000001100098b?xsec_token=AB8a4KMvvcFJKBrwkSBlf4mYE2vfsnWEoblaUTMd80xYI=&xsec_source=pc_search', 'source_keyword': '伊朗打击美国军事基地', 'topic_id': 'user_api', 'crawling_task_id': 'ut_xhs_2fecadcf_1772281425', 'xsec_token': 'AB8a4KMvvcFJKBrwkSBlf4mYE2vfsnWEoblaUTMd80xYI='}
20:32:19 | INFO    | [store.bilibili.update_up_info] bilibili user_id:1336191464
20:32:19 | INFO    | [XiaoHongShuCrawler.get_notice_media] Crawling image mode is not enabled
20:32:19 | INFO    | [store.xhs.update_xhs_note] xhs note: {'note_id': '6859dd88000000001502292a', 'type': 'video', 'title': '伊朗袭击美军基地 一枚导弹成功突防(内容来源央视新闻)#军事[话题]# #军情[话题]##现代战争[话题]# #美军空袭伊朗[话题]# #伊朗报复行动[话题]# #伊以冲突[话题]#', 'desc': '伊朗袭击美军基地 一枚导弹成功突防(内容来源央视新闻)#军事[话题]# #军情[话题]##现代战争[话题]# #美军空袭伊朗[话题]# #伊朗报复行动[话题]# #伊以冲突[话题]#', 'video_url': 'http://sns-video-qc.xhscdn.com/stream/79/110/259/01e859db8b664f2801037003979f09776d_259.mp4?sign=608b1a7e404c7663daf5e81a4c4bc37f&t=69a77d68', 'time': 1750719881000, 'last_update_time': 1750719881000, 'user_id': '607fe4ec000000000100679f', 'nickname': '徐营_谢旗营哥', 'avatar': 'https://sns-avatar-qc.xhscdn.com/avatar/1040g2jo31o5pgg7pl8605o3vsjm08psvfmajhko', 'liked_count': '761', 'collected_count': '49', 'comment_count': '110', 'share_count': '34', 'ip_location': '', 'image_list': 'http://sns-webpic-qc.xhscdn.com/202602282031/21b4373833388cbc3bb817143fc1f8bd/1040g2sg31j3e6puuhc7g5o3vsjm08psvu3o7o8g!nd_dft_wlteh_webp_3', 'tag_list': '军事,军情,现代战争,美军空袭伊朗,伊朗报复行动,伊以冲突', 'last_modify_ts': 1772281939792, 'note_url': 'https://www.xiaohongshu.com/explore/6859dd88000000001502292a?xsec_token=ABw2q2h-R17LbcR1_-p0JgtCY5na6kOfyFzChlb0x55P0=&xsec_source=pc_search', 'source_keyword': '伊朗打击美国军事基地', 'topic_id': 'user_api', 'crawling_task_id': 'ut_xhs_2fecadcf_1772281425', 'xsec_token': 'ABw2q2h-R17LbcR1_-p0JgtCY5na6kOfyFzChlb0x55P0='}
20:32:19 | INFO    | [BilibiliCrawler.get_bilibili_video] Crawling image mode is not enabled
20:32:19 | INFO    | [store.bilibili.update_bilibili_video] bilibili video id:116147139649224, title:特朗普就28日的美以联合袭击伊朗做出视频声明 称伊朗是全球头号恐怖主义赞助国。美国将摧毁伊朗海军和国防工业，炮弹将会落在任何地方
20:32:19 | INFO    | [XiaoHongShuCrawler.get_notice_media] Crawling image mode is not enabled
20:32:19 | INFO    | [store.xhs.update_xhs_note] xhs note: {'note_id': '685776f00000000012031d6f', 'type': 'normal', 'title': '美国突然动手，伊朗做出回应！', 'desc': '美国突然动手，伊朗做出回应！\ufeff#听风的蚕[话题]#\ufeff \ufeff#军事[话题]#\ufeff \ufeff#伊以冲突[话题]#\ufeff', 'video_url': '', 'time': 1750562544000, 'last_update_time': 1750562545000, 'user_id': '5b8e2dfdaaea5b0001c38b05', 'nickname': '听风的蚕', 'avatar': 'https://sns-avatar-qc.xhscdn.com/avatar/664af0a3523735166645b87e.jpg', 'liked_count': '571', 'collected_count': '87', 'comment_count': '61', 'share_count': '108', 'ip_location': '', 'image_list': 'http://sns-webpic-qc.xhscdn.com/202602282031/bb1e196cb7b6df6492bb0b36a4c4c694/spectrum/1040g0k031j13e7tagm004aq6mgmvr2o513d3ljo!nd_dft_wlteh_webp_3,http://sns-webpic-qc.xhscdn.com/202602282031/645c6df168014df7cd69a22ee3531a34/spectrum/1040g34o31j13f7mlgm104aq6mgmvr2o5um6o9g0!nd_dft_wlteh_webp_3,http://sns-webpic-qc.xhscdn.com/202602282031/29c580c1aab8c87094debdba7b6b50f9/spectrum/1040g34o31j13fbnu1i104aq6mgmvr2o5lgjdar0!nd_dft_wlteh_webp_3,http://sns-webpic-qc.xhscdn.com/202602282031/184fda12936fcb736eb9899797246f81/spectrum/1040g34o31j13ffasgs104aq6mgmvr2o5g500jng!nd_dft_wlteh_webp_3,http://sns-webpic-qc.xhscdn.com/202602282031/5cbe9e72ed6e62a876c64201eedb57ff/spectrum/1040g34o31j13fipg0s104aq6mgmvr2o5r5bn9a0!nd_dft_wlteh_webp_3', 'tag_list': '听风的蚕,军事,伊以冲突', 'last_modify_ts': 1772281939859, 'note_url': 'https://www.xiaohongshu.com/explore/685776f00000000012031d6f?xsec_token=ABaHWJCa0Z-VeNyBn6xWFWiSHAcsFQ1HqFJ7IZ3jyfRG4=&xsec_source=pc_search', 'source_keyword': '伊朗打击美国军事基地', 'topic_id': 'user_api', 'crawling_task_id': 'ut_xhs_2fecadcf_1772281425', 'xsec_token': 'ABaHWJCa0Z-VeNyBn6xWFWiSHAcsFQ1HqFJ7IZ3jyfRG4='}
20:32:19 | INFO    | [store.bilibili.update_up_info] bilibili user_id:53306156
20:32:20 | INFO    | [BilibiliCrawler.get_bilibili_video] Crawling image mode is not enabled
20:32:20 | INFO    | [store.bilibili.update_bilibili_video] bilibili video id:116147743623423, title:伊朗正在对美国中东地区的军事基地实施打击
20:32:20 | INFO    | [XiaoHongShuCrawler.get_notice_media] Crawling image mode is not enabled
20:32:20 | INFO    | [store.xhs.update_xhs_note] xhs note: {'note_id': '685a0b4d0000000011003775', 'type': 'video', 'title': '说打就打！美军基地遭袭，伊朗放开手脚', 'desc': '以色列服软率先接受停火#国际[话题]# #军事[话题]# #伊以冲突[话题]#', 'video_url': 'http://sns-video-qc.xhscdn.com/stream/79/110/259/01e85a0b3c7dfa9401037003979fbcfade_259.mp4?sign=2f1248e7d27cb8073daeeeeaabec2b3c&t=69a77d70', 'time': 1750731597000, 'last_update_time': 1750731598000, 'user_id': '6666d90c0000000007005e3e', 'nickname': '种花知兴衰', 'avatar': 'https://sns-avatar-qc.xhscdn.com/avatar/1040g2jo31gmt0gc1jc6g5pj6r461onhu9sfbtr0', 'liked_count': '221', 'collected_count': '26', 'comment_count': '1', 'share_count': '17', 'ip_location': '', 'image_list': 'http://sns-webpic-qc.xhscdn.com/202602282031/f956ceef61fdfb302e22465e169d592f/1040g2sg31j3k3gtr0mh05pj6r461onhufp7deao!nd_dft_wgth_webp_3', 'tag_list': '国际,军事,伊以冲突', 'last_modify_ts': 1772281940070, 'note_url': 'https://www.xiaohongshu.com/explore/685a0b4d0000000011003775?xsec_token=AB8a4KMvvcFJKBrwkSBlf4ma3QTkVozXBPhxxvCfMA0bw=&xsec_source=pc_search', 'source_keyword': '伊朗打击美国军事基地', 'topic_id': 'user_api', 'crawling_task_id': 'ut_xhs_2fecadcf_1772281425', 'xsec_token': 'AB8a4KMvvcFJKBrwkSBlf4ma3QTkVozXBPhxxvCfMA0bw='}
20:32:20 | INFO    | [store.bilibili.update_up_info] bilibili user_id:433587902
20:32:20 | INFO    | [XiaoHongShuCrawler.get_notice_media] Crawling image mode is not enabled
20:32:20 | INFO    | [store.xhs.update_xhs_note] xhs note: {'note_id': '69859506000000001a0219a6', 'type': 'video', 'title': '伊朗军方：我们能够轻易进入美军基地，以总理', 'desc': '伊朗军方：我们能够轻易进入美军基地，以总理称以色列若遭伊朗攻击将对其“重击”#地图[话题]# #以色列[话题]# #伊朗[话题]# #中东局势[话题]#', 'video_url': 'http://sns-video-qc.xhscdn.com/stream/1/110/259/01e98594ffb78630010370039c31ce5299_259.mp4?sign=1b58fec60e638b9cb78a890b9bed8fa4&t=69a77d73', 'time': 1770362119000, 'last_update_time': 1770362119000, 'user_id': '639c5c8b0000000026010791', 'nickname': '地图大数据', 'avatar': 'https://sns-avatar-qc.xhscdn.com/avatar/1040g2jo315799f39hc6g5ossbi5pi1shduq6fl0', 'liked_count': '136', 'collected_count': '22', 'comment_count': '33', 'share_count': '5', 'ip_location': '安徽', 'image_list': 'http://sns-webpic-qc.xhscdn.com/202602282031/f68f98dc3d4c44021c58469fc5f20d38/1040g2sg31s84lpldm2e05ossbi5pi1shaottnog!nd_dft_wlteh_webp_3', 'tag_list': '地图,以色列,伊朗,中东局势', 'last_modify_ts': 1772281940204, 'note_url': 'https://www.xiaohongshu.com/explore/69859506000000001a0219a6?xsec_token=ABW99TDO76mTO7Uj9gSNqFAmXiMLcYhrkREfQKF5XwhTk=&xsec_source=pc_search', 'source_keyword': '伊朗打击美国军事基地', 'topic_id': 'user_api', 'crawling_task_id': 'ut_xhs_2fecadcf_1772281425', 'xsec_token': 'ABW99TDO76mTO7Uj9gSNqFAmXiMLcYhrkREfQKF5XwhTk='}
20:32:20 | INFO    | [BilibiliCrawler.get_bilibili_video] Crawling image mode is not enabled
20:32:20 | INFO    | [store.bilibili.update_bilibili_video] bilibili video id:116147156555594, title:“美国正在打击伊朗”
20:32:20 | INFO    | [XiaoHongShuCrawler.get_notice_media] Crawling image mode is not enabled
20:32:20 | INFO    | [store.xhs.update_xhs_note] xhs note: {'note_id': '685a174c000000002201ca12', 'type': 'video', 'title': '伊朗报复导弹刚落地美军基地\n特朗普宣布：以色利、伊朗12小时后全面停战！\n伊朗外长：尚未与以方达成停火协议', 'desc': '伊朗报复导弹刚落地美军基地\n特朗普宣布：以色利、伊朗12小时后全面停战！\n伊朗外长：尚未与以方达成停火协议', 'video_url': 'http://sns-video-qc.xhscdn.com/stream/79/110/259/01e85a173f7dd11001037003979feb4e59_259.mp4?sign=ae35a0dcc30eec745d075b444ef710c2&t=69a77d75', 'time': 1750734668000, 'last_update_time': 1750734669000, 'user_id': '6697cd400000000003032c48', 'nickname': '重庆晨报', 'avatar': 'https://sns-avatar-qc.xhscdn.com/avatar/6788af8059d26cd13a28762a.jpg', 'liked_count': '99', 'collected_count': '8', 'comment_count': '6', 'share_count': '2', 'ip_location': '', 'image_list': 'http://sns-webpic-qc.xhscdn.com/202602282031/5ec0156b056cc94092d8e4f1bce6ce15/1040g00831j3lif48ha4g5pknpl00ub28os22i58!nd_dft_wlteh_webp_3', 'tag_list': '', 'last_modify_ts': 1772281940298, 'note_url': 'https://www.xiaohongshu.com/explore/685a174c000000002201ca12?xsec_token=AB8a4KMvvcFJKBrwkSBlf4mVFrSVvkplUiBbCLwVTiF3w=&xsec_source=pc_search', 'source_keyword': '伊朗打击美国军事基地', 'topic_id': 'user_api', 'crawling_task_id': 'ut_xhs_2fecadcf_1772281425', 'xsec_token': 'AB8a4KMvvcFJKBrwkSBlf4mVFrSVvkplUiBbCLwVTiF3w='}
20:32:20 | INFO    | [store.bilibili.update_up_info] bilibili user_id:46470268
20:32:20 | INFO    | [XiaoHongShuCrawler.get_notice_media] Crawling image mode is not enabled
20:32:20 | INFO    | [store.xhs.update_xhs_note] xhs note: {'note_id': '6967a0ad000000001a030839', 'type': 'normal', 'title': '伊朗说美国如果攻击自己，将打击美军在沙特和阿联酋的军事基地\n打这些基地有什么用？人都撤光了\n要我说就是把以色列往死里打，以色列受不了了，自然会让美国停手，这比什么都好使。', 'desc': '伊朗说美国如果攻击自己，将打击美军在沙特和阿联酋的军事基地\n打这些基地有什么用？人都撤光了\n要我说就是把以色列往死里打，以色列受不了了，自然会让美国停手，这比什么都好使。', 'video_url': '', 'time': 1768399021000, 'last_update_time': 1768399021000, 'user_id': '66610564000000000b033db8', 'nickname': '剑锋至上', 'avatar': 'https://sns-avatar-qc.xhscdn.com/avatar/1040g2jo31b272hmqnc6g5pj10li2ufdolg6ab5g', 'liked_count': '83', 'collected_count': '5', 'comment_count': '142', 'share_count': '26', 'ip_location': '', 'image_list': 'http://sns-webpic-qc.xhscdn.com/202602282031/76c66839663e72ee5a42d3d7d971495e/notes_pre_post/1040g3k831raolh7dnu705pj10li2ufdo6r614d8!nd_dft_wgth_webp_3', 'tag_list': '', 'last_modify_ts': 1772281940471, 'note_url': 'https://www.xiaohongshu.com/explore/6967a0ad000000001a030839?xsec_token=AB1f_wt_32NI4bkCShsB09uxQn459bcD02lGpV1bt7ZVk=&xsec_source=pc_search', 'source_keyword': '伊朗打击美国军事基地', 'topic_id': 'user_api', 'crawling_task_id': 'ut_xhs_2fecadcf_1772281425', 'xsec_token': 'AB1f_wt_32NI4bkCShsB09uxQn459bcD02lGpV1bt7ZVk='}
20:32:20 | INFO    | [BilibiliCrawler.get_bilibili_video] Crawling image mode is not enabled
20:32:20 | INFO    | [store.bilibili.update_bilibili_video] bilibili video id:116147525521943, title:命中美国第五舰队基地！伊朗导弹袭击巴林美军基地画面
20:32:20 | INFO    | [XiaoHongShuCrawler.get_notice_media] Crawling image mode is not enabled
20:32:20 | INFO    | [store.xhs.update_xhs_note] xhs note: {'note_id': '685a4db60000000022030a42', 'type': 'video', 'title': '不到48小时，特朗普迎噩耗，美军基地被炸，', 'desc': '\ufeff#国际新闻[话题]#\ufeff\ufeff#国际局势[话题]#\ufeff', 'video_url': 'http://sns-video-qc.xhscdn.com/stream/1/110/259/01e85a4c8917bac20103700397a0c3246b_259.mp4?sign=4139e2751230a1f4ba33d7d4084dbfc4&t=69a77d7c', 'time': 1750748598000, 'last_update_time': 1750748598000, 'user_id': '5f8d7925000000000100796d', 'nickname': '【中国尚维】Sean 徐强', 'avatar': 'https://sns-avatar-qc.xhscdn.com/avatar/5f8d7925000000000100796d.jpg', 'liked_count': '72', 'collected_count': '20', 'comment_count': '', 'share_count': '2', 'ip_location': '', 'image_list': 'http://sns-webpic-qc.xhscdn.com/202602282031/73ba9fb723da2c2422d8229104da42cb/spectrum/1040g34o31j3s0icggs0g5nsdf4ig8ubdsvo6n1o!nd_dft_wlteh_webp_3', 'tag_list': '国际新闻,国际局势', 'last_modify_ts': 1772281940551, 'note_url': 'https://www.xiaohongshu.com/explore/685a4db60000000022030a42?xsec_token=AB8a4KMvvcFJKBrwkSBlf4mXMVPUmJYibAGB8PryVKFzs=&xsec_source=pc_search', 'source_keyword': '伊朗打击美国军事基地', 'topic_id': 'user_api', 'crawling_task_id': 'ut_xhs_2fecadcf_1772281425', 'xsec_token': 'AB8a4KMvvcFJKBrwkSBlf4mXMVPUmJYibAGB8PryVKFzs='}
20:32:20 | INFO    | [store.bilibili.update_up_info] bilibili user_id:6859997
20:32:20 | INFO    | [XiaoHongShuCrawler.get_notice_media] Crawling image mode is not enabled
20:32:20 | INFO    | [store.xhs.update_xhs_note] xhs note: {'note_id': '6998ff8c000000000c0361e5', 'type': 'normal', 'title': '2月23日到27日美股看伊朗消息', 'desc': '如果周日晚上没开始轰炸伊朗，下周跟这周市场感受差不多，涨跌都比较吃力。下周一小涨，周二小幅震荡收平，周三有较大跌幅。周四周五可涨可跌，具体走法得看周一的涨幅和周三的跌幅的相对强度来判断，现在不清楚。\n\t\n综合网上主流媒体和自媒体的报道，美国这个周末很可能开始轰炸伊朗，我猜应该等到冬奥会闭幕之后吧，就是美国时间周日傍晚，美西时间下午5-6点。轰炸后的市场表现大概会与去年6月21日用六枚钻地弹和巡航导弹轰炸伊朗核设施相似，上次周日期货开盘后跌55点，很快涨上来，周一开始连涨，VIX下降，出现一个为期五周的牛市。这次的不同之处是美国不会在轰炸后立即宣布停火，而是会持续轰炸几周。伊朗会立即用弹道导弹和无人机反击美国在中东的军事基地，也可能会攻击以色列，同时宣布封锁霍尔木兹海峡，那么这次冲突对世界经济的影响会比上次大得多，因此市场也会有下调的风险。综合考虑，如果美国周末开始轰炸伊朗，下周美股连涨收在7050至7100之间。\n\t\n我现在是空仓，本来打算留Put组合过周末，收益会非常好，还是算了。如果没打伊朗，下周二收盘时买Put，拿一到三个交易日。如果打了伊朗，周一追涨买Call，看情况拿四或五个交易日。买的同时卖相应的组合。\n\t\n这次美国对伊朗提出的条件很苛刻，伊朗方面不可能接受，双方都知道战争不可避免，都在积极备战。一旦开打美国和以色列占绝对优势，炸弹和导弹齐上，基本上可以零伤亡的代价摧毁伊朗的核计划，保以色列二十年的安全。伊朗会用弹道导弹和无人机攻击美军飞机起飞的基地，也会攻击以色列大城市，不过攻击强度大概赶不上去年六月的十二日战争。\n\t\n伊朗有一个可能真正打疼美国的手段，就是弹道导弹打航母。我记得在某大国公开弹道导弹打移动目标的能力后不久，伊朗很快也公开了火箭弹打移动目标的能力。这么多年下来，伊朗的技术肯定提高很多吧，弹道导弹末端具备一定的机动能力，能搜索并锁定目标，应该能马马虎虎做到。航母的F/A-18EF伊朗雷达是可以看到的，根据出动规律，航程和方向，能判断出航母大概部署的范围，伊朗可以预先派出大量无人机去海上做战术侦查，利用航母收飞机的机会，用弹道导弹灌顶攻击。只要一颗导弹命中，美国的世界军事霸权就坍塌了一半，就是赢了战术，输了战略。如果真有这样的事，大概会在开打两周之后发生，之后美股会有一个大跳水，因此不能无条件做多。', 'video_url': '', 'time': 1771634572000, 'last_update_time': 1771641310000, 'user_id': '6789f9c3000000000d0094a5', 'nickname': '人闲图雅', 'avatar': 'https://sns-avatar-qc.xhscdn.com/avatar/1040g2jo31s6bpcb1m86g5ps9v71j9555s4s95pg', 'liked_count': '57', 'collected_count': '24', 'comment_count': '33', 'share_count': '17', 'ip_location': '美国', 'image_list': 'http://sns-webpic-qc.xhscdn.com/202602282031/c4f0605a836a74f3cc0e7d0f18c6078a/spectrum/1040g34o31sr2ifhdl80g5ps9v71j9555jv49p4o!nd_dft_wgth_webp_3', 'tag_list': '', 'last_modify_ts': 1772281940643, 'note_url': 'https://www.xiaohongshu.com/explore/6998ff8c000000000c0361e5?xsec_token=ABYUX1V7wgatkSAR8U6nwqMjBo5Eli8AyHKMoZJAaveoo=&xsec_source=pc_search', 'source_keyword': '伊朗打击美国军事基地', 'topic_id': 'user_api', 'crawling_task_id': 'ut_xhs_2fecadcf_1772281425', 'xsec_token': 'ABYUX1V7wgatkSAR8U6nwqMjBo5Eli8AyHKMoZJAaveoo='}
20:32:20 | INFO    | [BilibiliCrawler.get_bilibili_video] Crawling image mode is not enabled
20:32:20 | INFO    | [store.bilibili.update_bilibili_video] bilibili video id:116147542431196, title:“伊朗高中生欢庆美以导弹打击伊朗德黑兰!”
20:32:20 | INFO    | [XiaoHongShuCrawler.get_notice_media] Crawling image mode is not enabled
20:32:20 | INFO    | [store.xhs.update_xhs_note] xhs note: {'note_id': '696375fe000000000b00a8f1', 'type': 'video', 'title': '伊朗警告美国若遭攻击必还击', 'desc': '伊朗警告美国，若遭攻击将把以色列与中东美军基地作为合法还击目标#伊朗[话题]##美军[话题]##中东[话题]##以色列[话题]##美军基地[话题]##地图[话题]#', 'video_url': 'http://sns-video-qc.xhscdn.com/stream/79/110/259/01e963758f9d482a010370039bac8504c3_259.mp4?sign=ea4a9b4dfcfaec7a136dba996ebdd0cf&t=69a77d82', 'time': 1768125950000, 'last_update_time': 1768125951000, 'user_id': '5df2fd680000000001001a18', 'nickname': '三军动画', 'avatar': 'https://sns-avatar-qc.xhscdn.com/avatar/5df2fe2eaa9c4a0001901a99.jpg', 'liked_count': '55', 'collected_count': '14', 'comment_count': '', 'share_count': '1', 'ip_location': '', 'image_list': 'http://sns-webpic-qc.xhscdn.com/202602282032/bd22bd29033688e8bc2b413a9d2ea186/1040g2sg31r6qb15770r05nfivlk086goc1jf7rg!nd_dft_wlteh_webp_3', 'tag_list': '伊朗,美军,中东,以色列,美军基地,地图', 'last_modify_ts': 1772281940710, 'note_url': 'https://www.xiaohongshu.com/explore/696375fe000000000b00a8f1?xsec_token=AB2yfrv7r6jyk0f84IbNDfD8kUm8pcXt89VE8-PTkXq6c=&xsec_source=pc_search', 'source_keyword': '伊朗打击美国军事基地', 'topic_id': 'user_api', 'crawling_task_id': 'ut_xhs_2fecadcf_1772281425', 'xsec_token': 'AB2yfrv7r6jyk0f84IbNDfD8kUm8pcXt89VE8-PTkXq6c='}
20:32:20 | INFO    | [store.bilibili.update_up_info] bilibili user_id:3546723853010964
20:32:20 | INFO    | [XiaoHongShuCrawler.get_notice_media] Crawling image mode is not enabled
20:32:20 | INFO    | [store.xhs.update_xhs_note] xhs note: {'note_id': '685d329d000000001100145c', 'type': 'normal', 'title': '特朗普：我批准了伊朗导弹袭击美军基地', 'desc': '据英国《卫报》等外媒25日报道，6月25日在荷兰海牙出席北约峰会期间，美国总统特朗普声称，在他宣布伊朗与以色列停火的第二天，伊朗在向美军位于卡塔尔的基地发动导弹袭击前，曾提前向美方发出警告，并经过他本人批准。为此，他称赞伊朗“非常好”。\n“他们非常好，他们警告了我们，”特朗普25日在出席北约峰会期间举行的记者会上说道，“在袭击卡塔尔基地的14枚高端导弹中，正如你们所知，全部14枚导弹都被我们的装备击落了，真了不起。”\n按照特朗普的说法，在对美军基地发动袭击前，伊朗官员与美方敲定了打击计划，甚至让美方确定具体的时间。\n“他们说，‘我们要向他们开火，1点钟可以吗？’我说没问题。基地里的所有人都撤离了，除了炮手外，其他人都没有受伤。”他强调，美方提前疏散了基地人员避免了人员伤亡，伊朗发射的导弹全部都被拦截。\n另外，在谈及以色列和伊朗持续12天的冲突时，特朗普坚称：“我们认为一切都结束了。我认为他们不会再互相攻击了。”\n据新华社此前报道，伊朗外交部发言人巴加埃24日在社交媒体发文说，伊朗打击美国位于卡塔尔的乌代德空军基地是行使自卫权的正当行为，与友好邻国卡塔尔无关。乌代德空军基地是美国在中东地区最大的军事基地。伊朗最高国家安全委员会秘书处23日发表声明说，为回应美国对伊朗核设施的侵略行径，伊朗当天对乌代德空军基地进行了导弹打击。\n来源：环球时报热点\n\ufeff#特朗普批准伊朗导弹袭击美军基地[话题]#\ufeff \ufeff#伊朗导弹袭击卡塔尔美军基地[话题]#\ufeff \ufeff#伊朗[话题]#\ufeff', 'video_url': '', 'time': 1750938269000, 'last_update_time': 1750938270000, 'user_id': '64b898310000000014037b21', 'nickname': '潇湘晨报', 'avatar': 'https://sns-avatar-qc.xhscdn.com/avatar/1040g2jo31qobul3rgm005p5oj0ol6up1tu11gg8', 'liked_count': '50', 'collected_count': '3', 'comment_count': '2', 'share_count': '10', 'ip_location': '', 'image_list': 'http://sns-webpic-qc.xhscdn.com/202602282032/5c3fd8b95636a18efd3c19f9049e3121/spectrum/1040g34o31j6mkhcs2e105p5oj0ol6up1u55qbho!nd_dft_wlteh_webp_3', 'tag_list': '特朗普批准伊朗导弹袭击美军基地,伊朗导弹袭击卡塔尔美军基地,伊朗', 'last_modify_ts': 1772281940783, 'note_url': 'https://www.xiaohongshu.com/explore/685d329d000000001100145c?xsec_token=ABVHCSBLLp-B11MFutDhhmkH5XRduTqlkiBB5V3bNkKj0=&xsec_source=pc_search', 'source_keyword': '伊朗打击美国军事基地', 'topic_id': 'user_api', 'crawling_task_id': 'ut_xhs_2fecadcf_1772281425', 'xsec_token': 'ABVHCSBLLp-B11MFutDhhmkH5XRduTqlkiBB5V3bNkKj0='}
20:32:20 | INFO    | [BilibiliCrawler.get_bilibili_video] Crawling image mode is not enabled
20:32:20 | INFO    | [store.bilibili.update_bilibili_video] bilibili video id:116147726848327, title:伊朗反击美国海军第五舰队总部和中央司令部驻地
20:32:20 | INFO    | [XiaoHongShuCrawler.get_notice_media] Crawling image mode is not enabled
20:32:20 | INFO    | [store.xhs.update_xhs_note] xhs note: {'note_id': '685ac63b0000000022032147', 'type': 'video', 'title': '全球战局', 'desc': '伊朗直接袭击了美军基地，袭击前提前告知美国。这是什么操作？#伊朗[话题]# #以色列[话题]# #军事[话题]# #全球局势[话题]#', 'video_url': 'http://sns-video-qc.xhscdn.com/stream/1/110/259/01e85ac63a1706280103700397a296e4cc_259.mp4?sign=a2bed45083719594e5f9aae3cd55621f&t=69a77d8a', 'time': 1750779451000, 'last_update_time': 1750779451000, 'user_id': '5c8486b90000000010003393', 'nickname': 'Gavin', 'avatar': 'https://sns-avatar-qc.xhscdn.com/avatar/411309441983cdc4ce073ff8da73b5b6.jpg', 'liked_count': '47', 'collected_count': '12', 'comment_count': '', 'share_count': '2', 'ip_location': '', 'image_list': 'http://sns-webpic-qc.xhscdn.com/202602282032/7fb4d0c51d5d9fb63af9c7fa6b0004c2/1040g00831j4atu4the005n44gqsk0csjijad3u8!nd_dft_wlteh_webp_3', 'tag_list': '伊朗,以色列,军事,全球局势', 'last_modify_ts': 1772281940893, 'note_url': 'https://www.xiaohongshu.com/explore/685ac63b0000000022032147?xsec_token=AB8a4KMvvcFJKBrwkSBlf4mS6UDIBqh1FYcbTzBgADklc=&xsec_source=pc_search', 'source_keyword': '伊朗打击美国军事基地', 'topic_id': 'user_api', 'crawling_task_id': 'ut_xhs_2fecadcf_1772281425', 'xsec_token': 'AB8a4KMvvcFJKBrwkSBlf4mS6UDIBqh1FYcbTzBgADklc='}
20:32:20 | INFO    | [store.bilibili.update_up_info] bilibili user_id:439612957
20:32:20 | INFO    | [XiaoHongShuCrawler.get_notice_media] Crawling image mode is not enabled
20:32:20 | INFO    | [store.xhs.update_xhs_note] xhs note: {'note_id': '69635c4b000000001a02f1d1', 'type': 'normal', 'title': '伊朗警告美以：若遭攻击必将还击', 'desc': '新华社开罗1月11日电\u3000据外媒报道，伊朗议长卡利巴夫11日说，如果美国对伊朗发动打击，伊朗将把以色列以及美国在中东地区的军事基地视为“合法目标”予以还击。\n\t\n据伊朗塔斯尼姆通讯社报道，伊朗议会当天审议关于集会组织的紧急方案。卡利巴夫在议会讲话中说：“在此非常敏感的时刻，伊朗必须准确而细致地识破敌人的阴谋。”\n\t\n卡利巴夫说，伊朗目前在经济、认知、军事和打击恐怖主义4条战线上同时与以色列和美国进行作战。其中，经济战以及认知和心理战早在多年前就已开始并持续至今，近年来变得更为复杂激烈。\n\t\n美国《纽约时报》10日援引匿名美国官员的话报道称，美国总统特朗普近日已听取关于军事打击伊朗方案的汇报。特朗普尚未做出最终决定，但他正在认真考虑授权美军发动军事打击。', 'video_url': '', 'time': 1768119371000, 'last_update_time': 1768119371000, 'user_id': '63301151000000002303b082', 'nickname': '新华网', 'avatar': 'https://sns-avatar-qc.xhscdn.com/avatar/68391049ffe18a0001091646.jpg', 'liked_count': '42', 'collected_count': '2', 'comment_count': '', 'share_count': '5', 'ip_location': '', 'image_list': 'http://sns-webpic-qc.xhscdn.com/202602282032/909586134dc77f17196c92328779e756/spectrum/1040g34o31r6n51s5n0005opg258ovc425i99fdo!nd_dft_wgth_webp_3', 'tag_list': '', 'last_modify_ts': 1772281940962, 'note_url': 'https://www.xiaohongshu.com/explore/69635c4b000000001a02f1d1?xsec_token=AB2yfrv7r6jyk0f84IbNDfD026YSyI_0indQU6Peb-9Yo=&xsec_source=pc_search', 'source_keyword': '伊朗打击美国军事基地', 'topic_id': 'user_api', 'crawling_task_id': 'ut_xhs_2fecadcf_1772281425', 'xsec_token': 'AB2yfrv7r6jyk0f84IbNDfD026YSyI_0indQU6Peb-9Yo='}
20:32:21 | INFO    | [BilibiliCrawler.get_bilibili_video] Crawling image mode is not enabled
20:32:21 | INFO    | [store.bilibili.update_bilibili_video] bilibili video id:116147542294738, title:伊朗正在打击美国在中东的军事基地
20:32:21 | INFO    | [XiaoHongShuCrawler.get_notice_media] Crawling image mode is not enabled
20:32:21 | INFO    | [store.xhs.update_xhs_note] xhs note: {'note_id': '685a07ea000000002400a2f2', 'type': 'video', 'title': '伊朗民众聚集街头挥舞国旗庆祝美基地遭袭', 'desc': '#伊朗民众[话题]# 聚集街头挥舞国旗庆祝美军驻卡塔尔军事基地遭袭 #伊朗外长[话题]# ：尚未与以色列达成\n\t\n#停火协定[话题]# #以伊冲突[话题]# #热点[话题]# #远离战争愿世界和平[话题]# #热点新闻[话题]# #国际新闻[话题]#\n@小红书视频号 @视频薯 @热点薯\n\t\n更多资讯请关注@锦观新闻', 'video_url': 'http://sns-video-qc.xhscdn.com/stream/79/110/259/01e85a07e97d454a01037003979faf02cd_259.mp4?sign=fa9a445f8e04816ac521ae5ccba85a6c&t=69a77d90', 'time': 1750730730000, 'last_update_time': 1750730730000, 'user_id': '622c52ec000000002102b031', 'nickname': '锦观新闻', 'avatar': 'https://sns-avatar-qc.xhscdn.com/avatar/1040g2jo30mqjsnmh4i005ohcabm8dc1hminkga0', 'liked_count': '38', 'collected_count': '3', 'comment_count': '', 'share_count': '2', 'ip_location': '', 'image_list': 'http://sns-webpic-qc.xhscdn.com/202602282032/b9da0cca3798e6901f28825cb7509ffc/1040g2sg31j3j99k41ef05ohcabm8dc1hujn2ljg!nd_dft_wlteh_webp_3', 'tag_list': '伊朗民众,伊朗外长,停火协定,以伊冲突,热点,远离战争愿世界和平,热点新闻,国际新闻', 'last_modify_ts': 1772281941042, 'note_url': 'https://www.xiaohongshu.com/explore/685a07ea000000002400a2f2?xsec_token=AB8a4KMvvcFJKBrwkSBlf4mRYnaIbG3TSGI3antFGkv9M=&xsec_source=pc_search', 'source_keyword': '伊朗打击美国军事基地', 'topic_id': 'user_api', 'crawling_task_id': 'ut_xhs_2fecadcf_1772281425', 'xsec_token': 'AB8a4KMvvcFJKBrwkSBlf4mRYnaIbG3TSGI3antFGkv9M='}
20:32:21 | INFO    | [store.bilibili.update_up_info] bilibili user_id:3546962903174111
20:32:21 | INFO    | [XiaoHongShuCrawler.get_notice_media] Crawling image mode is not enabled
20:32:21 | INFO    | [XiaoHongShuCrawler.search] Note details: [{'user': {'nickname': '爱济南', 'avatar': 'https://sns-avatar-qc.xhscdn.com/avatar/1040g2jo31cohrcejgm5g5ol0f2coce6c0pd90ig', 'xsec_token': 'ABZQPq-lGKSWVrV_D6btnXlxeXNG-cVUYbuaFZAzpr_qE=', 'user_id': '62a0789900000000210238cc'}, 'interact_info': {'share_count': '47', 'followed': False, 'relation': 'none', 'liked': False, 'liked_count': '4566', 'collected': False, 'collected_count': '146', 'comment_count': '322'}, 'image_list': [{'height': 1920, 'info_list': [{'image_scene': 'WB_PRV', 'url': 'http://sns-webpic-qc.xhscdn.com/202602282031/324c89f4456c3ec51d429f7156d4418e/spectrum/1040g0k031j1nn74ugm0g5ol0f2coce6cfpn8ir0!nd_prv_wlteh_webp_3'}, {'image_scene': 'WB_DFT', 'url': 'http://sns-webpic-qc.xhscdn.com/202602282031/24701084477b0063e5ff4dce8b9df1f3/spectrum/1040g0k031j1nn74ugm0g5ol0f2coce6cfpn8ir0!nd_dft_wlteh_webp_3'}], 'live_photo': False, 'file_id': '', 'width': 1080, 'url': 'http://sns-webpic-qc.xhscdn.com/202602282031/24701084477b0063e5ff4dce8b9df1f3/spectrum/1040g0k031j1nn74ugm0g5ol0f2coce6cfpn8ir0!nd_dft_wlteh_webp_3', 'trace_id': '', 'url_pre': 'http://sns-webpic-qc.xhscdn.com/202602282031/324c89f4456c3ec51d429f7156d4418e/spectrum/1040g0k031j1nn74ugm0g5ol0f2coce6cfpn8ir0!nd_prv_wlteh_webp_3', 'url_default': 'http://sns-webpic-qc.xhscdn.com/202602282031/24701084477b0063e5ff4dce8b9df1f3/spectrum/1040g0k031j1nn74ugm0g5ol0f2coce6cfpn8ir0!nd_dft_wlteh_webp_3', 'stream': {}}], 'video': {'media': {'video_id': 137456668173471599, 'video': {'biz_name': 110, 'biz_id': '281571856329479012', 'duration': 7, 'md5': 'd4475be777713cfafe8448f7dfa55d63', 'hdr_type': 0, 'drm_type': 0, 'stream_types': [259, 114, 130]}, 'stream': {'h266': [], 'av1': [], 'h264': [{'audio_duration': 6501, 'backup_urls': ['http://sns-bak-v6.xhscdn.com/stream/79/110/259/01e8581c867d0f6f0103700397982f95f2_259.mp4'], 'size': 1122118, 'width': 720, 'avg_bitrate': 1380643, 'video_duration': 6500, 'rotate': 0, 'stream_type': 259, 'hdr_type': 0, 'vmaf': -1, 'audio_channels': 2, 'video_codec': 'h264', 'video_bitrate': 1307459, 'audio_bitrate': 65372, 'volume': 0, 'fps': 30, 'height': 1280, 'default_stream': 0, 'audio_codec': 'aac', 'stream_desc': 'WM_X264_MP4_web', 'ssim': 0, 'psnr': 0, 'quality_type': 'HD', 'format': 'mp4', 'master_url': 'http://sns-video-qc.xhscdn.com/stream/79/110/259/01e8581c867d0f6f0103700397982f95f2_259.mp4?sign=2966f6a3db793efff2133e3d4e80fbc2&t=69a77d4e', 'duration': 6502, 'weight': 62}], 'h265': [{'avg_bitrate': 812113, 'video_bitrate': 672934, 'backup_urls': ['http://sns-bak-v6.xhscdn.com/stream/79/110/114/01e8581c867d0f6f4f03700197982fd0f1_114.mp4'], 'vmaf': -1, 'height': 1280, 'duration': 6502, 'video_codec': 'hevc', 'video_duration': 6500, 'audio_duration': 6501, 'audio_bitrate': 130743, 'master_url': 'http://sns-video-qc.xhscdn.com/stream/79/110/114/01e8581c867d0f6f4f03700197982fd0f1_114.mp4?sign=d39b97ff6e62f3b4784837663aaa5035&t=69a77d4e', 'weight': 62, 'default_stream': 0, 'size': 660045, 'fps': 30, 'volume': 0, 'audio_channels': 2, 'stream_type': 114, 'stream_desc': 'X265_MP4_WEB_114', 'psnr': 39.198001861572266, 'ssim': 0, 'width': 720, 'hdr_type': 0, 'quality_type': 'HD', 'format': 'mp4', 'audio_codec': 'aac', 'rotate': 0}, {'fps': 30, 'audio_duration': 6501, 'default_stream': 0, 'video_codec': 'hevc', 'backup_urls': ['http://sns-bak-v6.xhscdn.com/stream/1/110/130/01e8581c867d0f6f010370019798789594_130.mp4'], 'hdr_type': 0, 'ssim': 0, 'stream_type': 130, 'avg_bitrate': 861593, 'video_duration': 6500, 'stream_desc': 'X265_MP4_WEB_130', 'duration': 6502, 'size': 700260, 'rotate': 0, 'master_url': 'http://sns-video-qc.xhscdn.com/stream/1/110/130/01e8581c867d0f6f010370019798789594_130.mp4?sign=49cce5fd84a36a0017062770a21ca88d&t=69a77d4e', 'weight': 70, 'height': 1920, 'volume': 0, 'audio_codec': 'aac', 'audio_bitrate': 65511, 'vmaf': -1, 'psnr': 37.900001525878906, 'quality_type': 'HD', 'format': 'mp4', 'video_bitrate': 785620, 'audio_channels': 2, 'width': 1080}]}}, 'image': {'thumbnail_fileid': '110/0/01e8581c867d0f6f00100000000197982f8df6_0.webp'}, 'capa': {'duration': 6}}, 'at_user_list': [], 'last_update_time': 1750604939000, 'note_id': '68581c8b0000000011001364', 'title': '', 'desc': '伊朗电视台展示美军基地分布图：我们将终结它，美国在西亚已无立足之地', 'tag_list': [], 'time': 1750604939000, 'share_info': {'un_share': False}, 'type': 'video', 'xsec_token': 'ABdLj3CrWLYSNQiQPsuY8kNxbmOfmsAdtR9MHbdB2fYKI=', 'xsec_source': None}, {'note_id': '685d13c50000000017037137', 'type': 'video', 'title': '', 'interact_info': {'comment_count': '519', 'share_count': '1171', 'followed': False, 'relation': 'none', 'liked': False, 'liked_count': '3282', 'collected': False, 'collected_count': '353'}, 'video': {'capa': {'duration': 17}, 'media': {'video_id': 137462126550164554, 'video': {'hdr_type': 0, 'drm_type': 0, 'stream_types': [259, 114, 130], 'biz_name': 110, 'biz_id': '281577316207784247', 'duration': 18, 'md5': '4f190337b4de04a42c566926e3fd533a'}, 'stream': {'av1': [], 'h264': [{'size': 1268196, 'volume': 0, 'audio_codec': 'aac', 'backup_urls': ['http://sns-bak-v6.xhscdn.com/stream/1/110/259/01e85d136717a44a0103700397ab957074_259.mp4'], 'hdr_type': 0, 'height': 1280, 'avg_bitrate': 576419, 'video_bitrate': 502565, 'video_duration': 17600, 'psnr': 0, 'format': 'mp4', 'audio_duration': 17600, 'vmaf': -1, 'quality_type': 'HD', 'stream_desc': 'WM_X264_MP4_web', 'default_stream': 0, 'width': 720, 'master_url': 'http://sns-video-qc.xhscdn.com/stream/1/110/259/01e85d136717a44a0103700397ab957074_259.mp4?sign=4bfc179d0a2eebca4e682e9d4e5069e5&t=69a77d53', 'ssim': 0, 'weight': 62, 'duration': 17601, 'fps': 60, 'video_codec': 'h264', 'audio_bitrate': 64506, 'audio_channels': 2, 'stream_type': 259, 'rotate': 0}], 'h265': [{'avg_bitrate': 597498, 'video_duration': 17600, 'format': 'mp4', 'height': 1280, 'volume': 0, 'hdr_type': 0, 'rotate': 0, 'quality_type': 'HD', 'ssim': 0, 'audio_bitrate': 129012, 'video_bitrate': 459026, 'audio_codec': 'aac', 'width': 720, 'weight': 62, 'audio_channels': 2, 'master_url': 'http://sns-video-qc.xhscdn.com/stream/1/110/114/01e85d136717a44a0103700197ab95be78_114.mp4?sign=788aa8e977bc77fdcae0785c67ba6e23&t=69a77d53', 'vmaf': -1, 'audio_duration': 17600, 'default_stream': 0, 'size': 1314571, 'fps': 60, 'video_codec': 'hevc', 'stream_type': 114, 'psnr': 43.012001037597656, 'stream_desc': 'X265_MP4_WEB_114', 'duration': 17601, 'backup_urls': ['http://sns-bak-v6.xhscdn.com/stream/1/110/114/01e85d136717a44a0103700197ab95be78_114.mp4']}, {'audio_channels': 2, 'backup_urls': ['http://sns-bak-v6.xhscdn.com/stream/1/110/130/01e85d136717a44a0103700197aba42f6d_130.mp4'], 'hdr_type': 0, 'vmaf': -1, 'audio_duration': 17600, 'width': 1080, 'video_codec': 'hevc', 'psnr': 40.81700134277344, 'ssim': 0, 'stream_type': 130, 'default_stream': 0, 'duration': 17601, 'format': 'mp4', 'video_duration': 17600, 'audio_bitrate': 128627, 'rotate': 0, 'master_url': 'http://sns-video-qc.xhscdn.com/stream/1/110/130/01e85d136717a44a0103700197aba42f6d_130.mp4?sign=69bbe444dfe87c399e49125d4f03dc7d&t=69a77d53', 'weight': 70, 'quality_type': 'HD', 'size': 1175423, 'volume': 0, 'video_bitrate': 391742, 'audio_codec': 'aac', 'height': 1920, 'avg_bitrate': 534252, 'fps': 60, 'stream_desc': 'X265_MP4_WEB_130'}], 'h266': []}}, 'image': {'thumbnail_fileid': '110/0/01e85d136717a44a00100000000197ab9552c3_0.webp'}}, 'time': 1750930373000, 'last_update_time': 1750930373000, 'desc': '特朗普：伊朗经我批准才空袭了卡塔尔美军基地，他们还问1点钟行不行 \ufeff#伊朗[话题]#\ufeff \ufeff#特朗普[话题]#\ufeff \ufeff#美国[话题]#\ufeff \ufeff#卡塔尔美军基地[话题]#\ufeff \ufeff#美国军事基地[话题]#\ufeff \ufeff#军事[话题]#\ufeff', 'user': {'avatar': 'https://sns-avatar-qc.xhscdn.com/avatar/6729be1735c5790001477e19.jpg', 'xsec_token': 'ABiWunyZNJFsyZvUfRXDfQm3Ep67qTEJLKQMU3R8lRYQ0=', 'user_id': '5dd0e98300000000010015bb', 'nickname': '观察者网'}, 'image_list': [{'file_id': '', 'height': 2022, 'width': 1516, 'url': 'http://sns-webpic-qc.xhscdn.com/202602282031/f4cf213b17f488e96ca200d0c12aed35/spectrum/1040g34o31j6it0mdia005negt61g85drhggg68g!nd_dft_wlteh_webp_3', 'trace_id': '', 'info_list': [{'image_scene': 'WB_PRV', 'url': 'http://sns-webpic-qc.xhscdn.com/202602282031/5295d8c5a67c08390b04bd1cc3ee550f/spectrum/1040g34o31j6it0mdia005negt61g85drhggg68g!nd_prv_wlteh_webp_3'}, {'image_scene': 'WB_DFT', 'url': 'http://sns-webpic-qc.xhscdn.com/202602282031/f4cf213b17f488e96ca200d0c12aed35/spectrum/1040g34o31j6it0mdia005negt61g85drhggg68g!nd_dft_wlteh_webp_3'}], 'url_pre': 'http://sns-webpic-qc.xhscdn.com/202602282031/5295d8c5a67c08390b04bd1cc3ee550f/spectrum/1040g34o31j6it0mdia005negt61g85drhggg68g!nd_prv_wlteh_webp_3', 'url_default': 'http://sns-webpic-qc.xhscdn.com/202602282031/f4cf213b17f488e96ca200d0c12aed35/spectrum/1040g34o31j6it0mdia005negt61g85drhggg68g!nd_dft_wlteh_webp_3', 'stream': {}, 'live_photo': False}], 'tag_list': [{'name': '伊朗', 'type': 'topic', 'id': '54c51dcab4c4d60cc34164dc'}, {'id': '5d579599000000000103d9ff', 'name': '特朗普', 'type': 'topic'}, {'id': '53e5d410b4c4d63afeb3bc54', 'name': '美国', 'type': 'topic'}, {'id': '6859898b00000000130215f9', 'name': '卡塔尔美军基地', 'type': 'topic'}, {'id': '63391d57000000000101ef21', 'name': '美国军事基地', 'type': 'topic'}, {'id': '59882a23e39faf521263afe9', 'name': '军事', 'type': 'topic'}], 'at_user_list': [], 'share_info': {'un_share': False}, 'xsec_token': 'ABVHCSBLLp-B11MFutDhhmkCehiBYDyq4eifk5nhOb0eo=', 'xsec_source': None}, {'note_id': '685996a1000000001502382d', 'title': '真是好魔幻的一个晚上啊', 'desc': '梳理了一下今天凌晨的时间线：\n\t\n🔺0点44分（图一）：当地时间6月23日夜间，北京时间6月24日凌晨，伊朗向位于卡塔尔的美军基地发射多枚导弹。该基地位于多哈西南约35公里，是美国在海湾地区现代化程度最高的军事基地，也是美军驻海外最大的军事基地之一，超过1万名美军士兵部署于此。\n\t\n🔺1点02分（图二）：美国总统特朗普目前与国防部长、参谋长联席会议成员在白宫战情室会面。\n\t\n🔺1点12分（图三）：同样驻扎有美军的巴林全国多地拉响防空警报。巴林内政部呼吁民众保持冷静，立刻前往避难场所就近躲避。\n\t\n🔺1点16分（图四）：北京时间6月24日凌晨，伊拉克的美军基地也遭导弹袭击。美国正在追踪伊朗向美国在卡塔尔和伊拉克的军事设施发射的多枚导弹。\n\t\n🔺1点23分（图五）：伊朗最高国家安全委员会秘书处发声明称，此次导弹数量与美方袭击伊朗核设施时所使用的炸弹数量相同，被打击的美军基地远离卡塔尔的居民区和城市基础设施。此次行动不会对伊朗的友好国家卡塔尔构成任何威胁，伊朗仍致力于维护与卡塔尔之间长期友好的关系。\n\t\n🔺4点08分（图六）：特朗普称，伊朗发射了14枚导弹，其中13枚被击落，1枚朝着不具威胁性的方向飞去。他希望仇恨不会再继续存在，要感谢伊朗提前通知美国，这使得没有人员伤亡成为可能。\n\t\n🔺6点21分（图七）：特朗普说以色列和伊朗已就“全面彻底停火”达成一致。\n\t\n有点看不懂这剧情走向了……\n\t\n#伊朗[话题]# #美国[话题]# #卡塔尔[话题]# #伊拉克[话题]# #国际新闻[话题]# #特朗普[话题]# #见证历史[话题]# #世界和平[话题]# #热点[话题]# #媒体[话题]# @热点薯 @小红书创作助手', 'user': {'user_id': '5653038fe00dd8613fc61e1c', 'nickname': '席二仙', 'avatar': 'https://sns-avatar-qc.xhscdn.com/avatar/1040g2jo31ksl9u46325042tkj81ou7gs60lr3to', 'xsec_token': 'ABnBk9Fs-yW-0puc3kxfCPTHD87bxnF6A9HEXmQdMsnr4='}, 'interact_info': {'followed': False, 'relation': 'none', 'liked': False, 'liked_count': '1674', 'collected': False, 'collected_count': '177', 'comment_count': '104', 'share_count': '802'}, 'image_list': [{'height': 1648, 'width': 1236, 'url': 'http://sns-webpic-qc.xhscdn.com/202602282031/3a7d613ecadeb76c91a986f330d9ca22/notes_pre_post/1040g3k831j35ho56hek042tkj81ou7gsal4l2fg!nd_dft_wlteh_webp_3', 'info_list': [{'image_scene': 'WB_PRV', 'url': 'http://sns-webpic-qc.xhscdn.com/202602282031/04eac8b08fe42188a7245f912274d496/notes_pre_post/1040g3k831j35ho56hek042tkj81ou7gsal4l2fg!nd_prv_wlteh_webp_3'}, {'image_scene': 'WB_DFT', 'url': 'http://sns-webpic-qc.xhscdn.com/202602282031/3a7d613ecadeb76c91a986f330d9ca22/notes_pre_post/1040g3k831j35ho56hek042tkj81ou7gsal4l2fg!nd_dft_wlteh_webp_3'}], 'stream': {}, 'file_id': '', 'trace_id': '', 'url_pre': 'http://sns-webpic-qc.xhscdn.com/202602282031/04eac8b08fe42188a7245f912274d496/notes_pre_post/1040g3k831j35ho56hek042tkj81ou7gsal4l2fg!nd_prv_wlteh_webp_3', 'url_default': 'http://sns-webpic-qc.xhscdn.com/202602282031/3a7d613ecadeb76c91a986f330d9ca22/notes_pre_post/1040g3k831j35ho56hek042tkj81ou7gsal4l2fg!nd_dft_wlteh_webp_3', 'live_photo': False}, {'url_pre': 'http://sns-webpic-qc.xhscdn.com/202602282031/26800f1fd02a1947ca7a9886cba232f3/notes_pre_post/1040g3k831j35ho891c5g42tkj81ou7gssljib70!nd_prv_wlteh_webp_3', 'stream': {}, 'live_photo': False, 'file_id': '', 'height': 1648, 'info_list': [{'image_scene': 'WB_PRV', 'url': 'http://sns-webpic-qc.xhscdn.com/202602282031/26800f1fd02a1947ca7a9886cba232f3/notes_pre_post/1040g3k831j35ho891c5g42tkj81ou7gssljib70!nd_prv_wlteh_webp_3'}, {'image_scene': 'WB_DFT', 'url': 'http://sns-webpic-qc.xhscdn.com/202602282031/26a3b6c481052a5dcda1d0f12bd25906/notes_pre_post/1040g3k831j35ho891c5g42tkj81ou7gssljib70!nd_dft_wlteh_webp_3'}], 'url_default': 'http://sns-webpic-qc.xhscdn.com/202602282031/26a3b6c481052a5dcda1d0f12bd25906/notes_pre_post/1040g3k831j35ho891c5g42tkj81ou7gssljib70!nd_dft_wlteh_webp_3', 'width': 1236, 'url': 'http://sns-webpic-qc.xhscdn.com/202602282031/26a3b6c481052a5dcda1d0f12bd25906/notes_pre_post/1040g3k831j35ho891c5g42tkj81ou7gssljib70!nd_dft_wlteh_webp_3', 'trace_id': ''}, {'url_default': 'http://sns-webpic-qc.xhscdn.com/202602282031/b60653608aeb213936bf4b7b97857de1/notes_pre_post/1040g3k831j35ho88hccg42tkj81ou7gsr270kvg!nd_dft_wlteh_webp_3', 'stream': {}, 'live_photo': False, 'trace_id': '', 'info_list': [{'image_scene': 'WB_PRV', 'url': 'http://sns-webpic-qc.xhscdn.com/202602282031/947f2f0e89b462b28b73984a0a47fd8f/notes_pre_post/1040g3k831j35ho88hccg42tkj81ou7gsr270kvg!nd_prv_wlteh_webp_3'}, {'image_scene': 'WB_DFT', 'url': 'http://sns-webpic-qc.xhscdn.com/202602282031/b60653608aeb213936bf4b7b97857de1/notes_pre_post/1040g3k831j35ho88hccg42tkj81ou7gsr270kvg!nd_dft_wlteh_webp_3'}], 'url_pre': 'http://sns-webpic-qc.xhscdn.com/202602282031/947f2f0e89b462b28b73984a0a47fd8f/notes_pre_post/1040g3k831j35ho88hccg42tkj81ou7gsr270kvg!nd_prv_wlteh_webp_3', 'url': 'http://sns-webpic-qc.xhscdn.com/202602282031/b60653608aeb213936bf4b7b97857de1/notes_pre_post/1040g3k831j35ho88hccg42tkj81ou7gsr270kvg!nd_dft_wlteh_webp_3', 'file_id': '', 'height': 1648, 'width': 1236}, {'url': 'http://sns-webpic-qc.xhscdn.com/202602282031/67122cd23bd600719e67ca96a4f60c5f/notes_pre_post/1040g3k831j35ho891c6g42tkj81ou7gs4lnbe0o!nd_dft_wlteh_webp_3', 'trace_id': '', 'url_default': 'http://sns-webpic-qc.xhscdn.com/202602282031/67122cd23bd600719e67ca96a4f60c5f/notes_pre_post/1040g3k831j35ho891c6g42tkj81ou7gs4lnbe0o!nd_dft_wlteh_webp_3', 'live_photo': False, 'file_id': '', 'height': 1648, 'width': 1236, 'info_list': [{'image_scene': 'WB_PRV', 'url': 'http://sns-webpic-qc.xhscdn.com/202602282031/23b5d11c7bdfbf64593b13d827ebd405/notes_pre_post/1040g3k831j35ho891c6g42tkj81ou7gs4lnbe0o!nd_prv_wlteh_webp_3'}, {'image_scene': 'WB_DFT', 'url': 'http://sns-webpic-qc.xhscdn.com/202602282031/67122cd23bd600719e67ca96a4f60c5f/notes_pre_post/1040g3k831j35ho891c6g42tkj81ou7gs4lnbe0o!nd_dft_wlteh_webp_3'}], 'url_pre': 'http://sns-webpic-qc.xhscdn.com/202602282031/23b5d11c7bdfbf64593b13d827ebd405/notes_pre_post/1040g3k831j35ho891c6g42tkj81ou7gs4lnbe0o!nd_prv_wlteh_webp_3', 'stream': {}}, {'height': 1648, 'info_list': [{'url': 'http://sns-webpic-qc.xhscdn.com/202602282031/bb4a06dcb29133dd3784201cade9ecda/notes_pre_post/1040g3k031j35ho73ha6g42tkj81ou7gsr3866v0!nd_prv_wlteh_webp_3', 'image_scene': 'WB_PRV'}, {'image_scene': 'WB_DFT', 'url': 'http://sns-webpic-qc.xhscdn.com/202602282031/f0a744783074c181897b737f5cf8db45/notes_pre_post/1040g3k031j35ho73ha6g42tkj81ou7gsr3866v0!nd_dft_wlteh_webp_3'}], 'url_pre': 'http://sns-webpic-qc.xhscdn.com/202602282031/bb4a06dcb29133dd3784201cade9ecda/notes_pre_post/1040g3k031j35ho73ha6g42tkj81ou7gsr3866v0!nd_prv_wlteh_webp_3', 'url_default': 'http://sns-webpic-qc.xhscdn.com/202602282031/f0a744783074c181897b737f5cf8db45/notes_pre_post/1040g3k031j35ho73ha6g42tkj81ou7gsr3866v0!nd_dft_wlteh_webp_3', 'stream': {}, 'live_photo': False, 'file_id': '', 'url': 'http://sns-webpic-qc.xhscdn.com/202602282031/f0a744783074c181897b737f5cf8db45/notes_pre_post/1040g3k031j35ho73ha6g42tkj81ou7gsr3866v0!nd_dft_wlteh_webp_3', 'trace_id': '', 'width': 1236}, {'live_photo': False, 'height': 1648, 'width': 1236, 'trace_id': '', 'url_pre': 'http://sns-webpic-qc.xhscdn.com/202602282031/e373c8e2760659444f90d4de44362ebe/1040g2sg31j3dib02hgkg42tkj81ou7gsb85ib18!nd_prv_wlteh_webp_3', 'url_default': 'http://sns-webpic-qc.xhscdn.com/202602282031/a6209115fb9ddfbc13a9f69ca9a71f46/1040g2sg31j3dib02hgkg42tkj81ou7gsb85ib18!nd_dft_wlteh_webp_3', 'stream': {}, 'file_id': '', 'url': 'http://sns-webpic-qc.xhscdn.com/202602282031/a6209115fb9ddfbc13a9f69ca9a71f46/1040g2sg31j3dib02hgkg42tkj81ou7gsb85ib18!nd_dft_wlteh_webp_3', 'info_list': [{'image_scene': 'WB_PRV', 'url': 'http://sns-webpic-qc.xhscdn.com/202602282031/e373c8e2760659444f90d4de44362ebe/1040g2sg31j3dib02hgkg42tkj81ou7gsb85ib18!nd_prv_wlteh_webp_3'}, {'image_scene': 'WB_DFT', 'url': 'http://sns-webpic-qc.xhscdn.com/202602282031/a6209115fb9ddfbc13a9f69ca9a71f46/1040g2sg31j3dib02hgkg42tkj81ou7gsb85ib18!nd_dft_wlteh_webp_3'}]}, {'file_id': '', 'height': 1648, 'trace_id': '', 'info_list': [{'image_scene': 'WB_PRV', 'url': 'http://sns-webpic-qc.xhscdn.com/202602282031/20e46afd99535dff0ead7915299fbcdf/1040g2sg31j3dib02hgk042tkj81ou7gsnh74vjo!nd_prv_wlteh_webp_3'}, {'image_scene': 'WB_DFT', 'url': 'http://sns-webpic-qc.xhscdn.com/202602282031/647c2c47586ab7280b80208afad8258e/1040g2sg31j3dib02hgk042tkj81ou7gsnh74vjo!nd_dft_wlteh_webp_3'}], 'url_default': 'http://sns-webpic-qc.xhscdn.com/202602282031/647c2c47586ab7280b80208afad8258e/1040g2sg31j3dib02hgk042tkj81ou7gsnh74vjo!nd_dft_wlteh_webp_3', 'stream': {}, 'live_photo': False, 'width': 1236, 'url': 'http://sns-webpic-qc.xhscdn.com/202602282031/647c2c47586ab7280b80208afad8258e/1040g2sg31j3dib02hgk042tkj81ou7gsnh74vjo!nd_dft_wlteh_webp_3', 'url_pre': 'http://sns-webpic-qc.xhscdn.com/202602282031/20e46afd99535dff0ead7915299fbcdf/1040g2sg31j3dib02hgk042tkj81ou7gsnh74vjo!nd_prv_wlteh_webp_3'}], 'time': 1750701729000, 'last_update_time': 1750730314000, 'share_info': {'un_share': False}, 'type': 'normal', 'tag_list': [{'id': '54c51dcab4c4d60cc34164dc', 'name': '伊朗', 'type': 'topic'}, {'id': '53e5d410b4c4d63afeb3bc54', 'name': '美国', 'type': 'topic'}, {'id': '5c135ca55237920001e698cc', 'name': '卡塔尔', 'type': 'topic'}, {'id': '5cb5deb7000000000e0277fd', 'name': '伊拉克', 'type': 'topic'}, {'type': 'topic', 'id': '5f1f803d00000000010026fb', 'name': '国际新闻'}, {'id': '5d579599000000000103d9ff', 'name': '特朗普', 'type': 'topic'}, {'id': '5e73190f000000000100b6d9', 'name': '见证历史', 'type': 'topic'}, {'id': '5c397761000000000f00978f', 'name': '世界和平', 'type': 'topic'}, {'id': '5c46829d000000000e009c0a', 'name': '热点', 'type': 'topic'}, {'id': '5c0b2e87ec3281000125920a', 'name': '媒体', 'type': 'topic'}], 'at_user_list': [{'user_id': '622f299f00000000100098c8', 'nickname': '热点薯', 'xsec_token': 'AB_M4BWzIYRVzvC9IpeUadajspwA2k7pn9EoCiW8xtmRI='}, {'user_id': '5b84b6c3d24e10000169b0b1', 'nickname': '小红书创作助手', 'xsec_token': 'ABfBQa-hUGcEKcBYkGZozOLLj2FPdCrlA9rYZUgAOQbEw='}], 'xsec_token': 'ABw2q2h-R17LbcR1_-p0JgtIPvI1Mb_4yAzhRapayoIwI=', 'xsec_source': None}, {'share_info': {'un_share': False}, 'type': 'video', 'title': '', 'desc': '伊朗放话：中东地区所有美国公民和美军基地都是合法打击目标。', 'at_user_list': [], 'last_update_time': 1750638645000, 'tag_list': [], 'time': 1750638645000, 'note_id': '6858a035000000001c033152', 'user': {'user_id': '603527da0000000001003559', 'nickname': 'Yi航', 'avatar': 'https://sns-avatar-qc.xhscdn.com/avatar/1040g2jo31fg5fq3o6e005o1l4vd08dappijfch0', 'xsec_token': 'ABodDXoHwTJwNo1j6yOXTMpcmLIDn40LSn6gn0Jym14Ds='}, 'interact_info': {'comment_count': '122', 'share_count': '111', 'followed': False, 'relation': 'none', 'liked': False, 'liked_count': '1536', 'collected': False, 'collected_count': '167'}, 'image_list': [{'width': 1080, 'url': 'http://sns-webpic-qc.xhscdn.com/202602282031/c807957d9acbec68f860fd4e628aadb9/1040g00831j27pel8h4005o1l4vd08dap755fj98!nd_dft_wlteh_webp_3', 'trace_id': '', 'url_pre': 'http://sns-webpic-qc.xhscdn.com/202602282031/2fe5f03d1329121766c51a3be17bd4b2/1040g00831j27pel8h4005o1l4vd08dap755fj98!nd_prv_wlteh_webp_3', 'url_default': 'http://sns-webpic-qc.xhscdn.com/202602282031/c807957d9acbec68f860fd4e628aadb9/1040g00831j27pel8h4005o1l4vd08dap755fj98!nd_dft_wlteh_webp_3', 'stream': {}, 'file_id': '', 'height': 1440, 'info_list': [{'image_scene': 'WB_PRV', 'url': 'http://sns-webpic-qc.xhscdn.com/202602282031/2fe5f03d1329121766c51a3be17bd4b2/1040g00831j27pel8h4005o1l4vd08dap755fj98!nd_prv_wlteh_webp_3'}, {'url': 'http://sns-webpic-qc.xhscdn.com/202602282031/c807957d9acbec68f860fd4e628aadb9/1040g00831j27pel8h4005o1l4vd08dap755fj98!nd_dft_wlteh_webp_3', 'image_scene': 'WB_DFT'}], 'live_photo': False}], 'video': {'media': {'video_id': 137457233733472970, 'video': {'biz_id': '281572421825409362', 'duration': 18, 'md5': 'd99a36038a37844e35235a8b66fb4df3', 'hdr_type': 0, 'drm_type': 0, 'stream_types': [259, 114, 130], 'biz_name': 110}, 'stream': {'av1': [], 'h264': [{'duration': 17577, 'vmaf': -1, 'psnr': 0, 'quality_type': 'HD', 'format': 'mp4', 'video_codec': 'h264', 'backup_urls': ['http://sns-bak-v6.xhscdn.com/stream/79/110/259/01e858a0347dd2ca01037003979a31ed49_259.mp4'], 'default_stream': 0, 'volume': 0, 'video_bitrate': 1033990, 'audio_duration': 17576, 'audio_channels': 2, 'stream_type': 259, 'height': 960, 'fps': 30, 'rotate': 0, 'ssim': 0, 'audio_codec': 'aac', 'hdr_type': 0, 'stream_desc': 'WM_X264_MP4_web', 'audio_bitrate': 64428, 'master_url': 'http://sns-video-qc.xhscdn.com/stream/79/110/259/01e858a0347dd2ca01037003979a31ed49_259.mp4?sign=596aa9fadbfa171e03902160c8a2b39d&t=69a77d5b', 'width': 720, 'size': 2422954, 'avg_bitrate': 1102783, 'video_duration': 17533, 'weight': 62}], 'h265': [{'stream_type': 114, 'height': 960, 'avg_bitrate': 585005, 'video_bitrate': 449965, 'psnr': 42.04100036621094, 'stream_desc': 'X265_MP4_WEB_114', 'size': 1285331, 'video_codec': 'hevc', 'backup_urls': ['http://sns-bak-v6.xhscdn.com/stream/79/110/114/01e858a0347dd2ca4f037001979a3225fe_114.mp4'], 'hdr_type': 0, 'rotate': 0, 'volume': 0, 'audio_codec': 'aac', 'ssim': 0, 'audio_bitrate': 128856, 'default_stream': 0, 'weight': 62, 'quality_type': 'HD', 'fps': 30, 'audio_channels': 2, 'master_url': 'http://sns-video-qc.xhscdn.com/stream/79/110/114/01e858a0347dd2ca4f037001979a3225fe_114.mp4?sign=e3e4a90c179a836ccebb20863e184fc9&t=69a77d5b', 'format': 'mp4', 'width': 720, 'video_duration': 17533, 'audio_duration': 17576, 'duration': 17577, 'vmaf': -1}, {'height': 1440, 'master_url': 'http://sns-video-qc.xhscdn.com/stream/1/110/130/01e858a0347dd2ca01037001979a3fadbb_130.mp4?sign=cdaf97bbd5e0c72262c232dbf8101db6&t=69a77d5b', 'quality_type': 'HD', 'psnr': 44.4630012512207, 'duration': 17577, 'video_codec': 'hevc', 'rotate': 0, 'audio_bitrate': 64268, 'format': 'mp4', 'width': 1080, 'video_duration': 17533, 'hdr_type': 0, 'stream_type': 130, 'avg_bitrate': 940065, 'audio_codec': 'aac', 'default_stream': 0, 'size': 2065442, 'video_bitrate': 868564, 'volume': 0, 'backup_urls': ['http://sns-bak-v6.xhscdn.com/stream/1/110/130/01e858a0347dd2ca01037001979a3fadbb_130.mp4'], 'audio_duration': 17576, 'ssim': 0, 'weight': 70, 'fps': 30, 'audio_channels': 2, 'vmaf': -1, 'stream_desc': 'X265_MP4_WEB_130'}], 'h266': []}}, 'image': {'first_frame_fileid': '110/0/01e858a0347dd2ca001000000001979a31d5ed_0.jpg', 'thumbnail_fileid': '110/0/01e858a0347dd2ca001000000001979a31dfbd_0.webp'}, 'capa': {'duration': 17}}, 'xsec_token': 'ABdLj3CrWLYSNQiQPsuY8kNyJFAKhKxrIwSidbH--l8Cg=', 'xsec_source': None}, {'desc': '\ufeff#中东局势[话题]#\ufeff \ufeff#美伊冲突[话题]#\ufeff \ufeff#军事迷[话题]#\ufeff \ufeff#大国博弈[话题]#\ufeff \ufeff#小红书4k视频浪潮计划[话题]#\ufeff \ufeff#军事观察[话题]#\ufeff', 'user': {'user_id': '6184b5b50000000002019670', 'nickname': '视界酱', 'avatar': 'https://sns-avatar-qc.xhscdn.com/avatar/1040g2jo31gsf2cnlji005oc4mmqgj5jggsvqu9o', 'xsec_token': 'ABaTMnWIGaoctQE8DePRYwqvOoMwWGZgCbk2466jk79r8='}, 'tag_list': [{'id': '643bea57000000002e01f5b0', 'name': '中东局势', 'type': 'topic'}, {'id': '656868ee0000000020005caa', 'name': '美伊冲突', 'type': 'topic'}, {'id': '612d912f000000000101e6a6', 'name': '军事迷', 'type': 'topic'}, {'id': '60b20684000000000101cff5', 'name': '大国博弈', 'type': 'topic'}, {'id': '67ecd6fd000000000401c9b6', 'name': '小红书4k视频浪潮计划', 'type': 'topic'}, {'id': '614c061e000000000100ba3d', 'name': '军事观察', 'type': 'topic'}], 'time': 1750714739000, 'share_info': {'un_share': False}, 'note_id': '6859c9730000000023005d48', 'title': '伊朗导弹突袭美军基地！这场博弈谁输不起？', 'image_list': [{'live_photo': False, 'width': 1263, 'url': 'http://sns-webpic-qc.xhscdn.com/202602282031/88f3df54b21d9840c032c0d85d255d40/spectrum/1040g34o31j3c20du0o0g5oc4mmqgj5jgabbetsg!nd_dft_wlteh_webp_3', 'trace_id': '', 'info_list': [{'image_scene': 'WB_PRV', 'url': 'http://sns-webpic-qc.xhscdn.com/202602282031/e7e9874126daa7bd4b7e0a25d459834e/spectrum/1040g34o31j3c20du0o0g5oc4mmqgj5jgabbetsg!nd_prv_wlteh_webp_3'}, {'image_scene': 'WB_DFT', 'url': 'http://sns-webpic-qc.xhscdn.com/202602282031/88f3df54b21d9840c032c0d85d255d40/spectrum/1040g34o31j3c20du0o0g5oc4mmqgj5jgabbetsg!nd_dft_wlteh_webp_3'}], 'url_pre': 'http://sns-webpic-qc.xhscdn.com/202602282031/e7e9874126daa7bd4b7e0a25d459834e/spectrum/1040g34o31j3c20du0o0g5oc4mmqgj5jgabbetsg!nd_prv_wlteh_webp_3', 'url_default': 'http://sns-webpic-qc.xhscdn.com/202602282031/88f3df54b21d9840c032c0d85d255d40/spectrum/1040g34o31j3c20du0o0g5oc4mmqgj5jgabbetsg!nd_dft_wlteh_webp_3', 'stream': {}, 'file_id': '', 'height': 1685}], 'video': {'image': {'thumbnail_fileid': '110/0/01e859c9736640c4001000000001979ebb6ee7_0.webp'}, 'capa': {'duration': 185}, 'media': {'video_id': 137458510394179780, 'video': {'biz_name': 110, 'biz_id': '281573698472533320', 'duration': 186, 'md5': '8b3840a4831921f2a4f208c7414d4838', 'hdr_type': 0, 'drm_type': 0, 'stream_types': [259, 114, 130]}, 'stream': {'av1': [], 'h264': [{'stream_desc': 'WM_X264_MP4_web', 'video_duration': 185833, 'audio_bitrate': 64047, 'audio_channels': 2, 'stream_type': 259, 'width': 1280, 'height': 720, 'hdr_type': 0, 'volume': 0, 'video_bitrate': 461030, 'audio_codec': 'aac', 'audio_duration': 185852, 'vmaf': -1, 'fps': 30, 'psnr': 0, 'ssim': 0, 'video_codec': 'h264', 'rotate': 0, 'backup_urls': ['http://sns-bak-v6.xhscdn.com/stream/79/110/259/01e859c9736640c401037003979ebb8e3f_259.mp4'], 'avg_bitrate': 531635, 'master_url': 'http://sns-video-qc.xhscdn.com/stream/79/110/259/01e859c9736640c401037003979ebb8e3f_259.mp4?sign=2b16c914b69e117fe71f61fb53a50497&t=69a77d5f', 'weight': 62, 'quality_type': 'HD', 'default_stream': 0, 'format': 'mp4', 'duration': 185853, 'size': 12350746}], 'h265': [{'stream_desc': 'X265_MP4_WEB_114', 'weight': 62, 'quality_type': 'HD', 'format': 'mp4', 'duration': 185853, 'fps': 30, 'video_duration': 185833, 'audio_duration': 185852, 'psnr': 44.38600158691406, 'height': 720, 'size': 10822544, 'avg_bitrate': 465853, 'video_bitrate': 331141, 'rotate': 0, 'hdr_type': 0, 'vmaf': -1, 'backup_urls': ['http://sns-bak-v6.xhscdn.com/stream/79/110/114/01e859c9736640c44f037001979ebd0788_114.mp4'], 'stream_type': 114, 'audio_codec': 'aac', 'ssim': 0, 'default_stream': 0, 'volume': 0, 'video_codec': 'hevc', 'audio_bitrate': 128095, 'master_url': 'http://sns-video-qc.xhscdn.com/stream/79/110/114/01e859c9736640c44f037001979ebd0788_114.mp4?sign=651e7797bcaa81f5243917680caebd52&t=69a77d5f', 'width': 1280, 'audio_channels': 2}, {'stream_type': 130, 'height': 1080, 'video_codec': 'hevc', 'fps': 30, 'audio_duration': 185852, 'weight': 70, 'audio_channels': 2, 'stream_desc': 'X265_MP4_WEB_130', 'duration': 185853, 'size': 9173704, 'volume': 0, 'default_stream': 0, 'avg_bitrate': 394879, 'video_bitrate': 322100, 'audio_codec': 'aac', 'audio_bitrate': 64049, 'backup_urls': ['http://sns-bak-v6.xhscdn.com/stream/1/110/130/01e859c9736640c401037001979ede59b4_130.mp4'], 'quality_type': 'HD', 'rotate': 0, 'video_duration': 185833, 'format': 'mp4', 'width': 1920, 'master_url': 'http://sns-video-qc.xhscdn.com/stream/1/110/130/01e859c9736640c401037001979ede59b4_130.mp4?sign=d5a2e284c1517ddc0ec1e38a1097ac49&t=69a77d5f', 'vmaf': -1, 'hdr_type': 0, 'psnr': 43.926998138427734, 'ssim': 0}], 'h266': []}}}, 'at_user_list': [], 'last_update_time': 1750714740000, 'type': 'video', 'interact_info': {'liked_count': '1379', 'collected': False, 'collected_count': '194', 'comment_count': '34', 'share_count': '68', 'followed': False, 'relation': 'none', 'liked': False}, 'xsec_token': 'ABw2q2h-R17LbcR1_-p0JgtNjYfsygI9xT7rdX-Uk3SPw=', 'xsec_source': None}, {'time': 1750699635000, 'desc': 'U don’t have to side with Iran, but my god for the love of god do not side with America. This is a justified and legal attack against valid military targets. I do not support war but I support empire less. #leftist[话题]# #iran[话题]# #usa[话题]# #news[话题]#', 'user': {'nickname': 'Willz.talks', 'avatar': 'https://sns-avatar-qc.xhscdn.com/avatar/1040g2jo31cjn8v480c005ps5471i3nq5i9ju84o', 'xsec_token': 'AB_X2c5Mz8YRI9-07-R3PXdZ5W6fKWc6Xfc8dvu6BLIhk=', 'user_id': '678521c3000000000801df45'}, 'interact_info': {'share_count': '16', 'followed': False, 'relation': 'none', 'liked': False, 'liked_count': '1103', 'collected': False, 'collected_count': '203', 'comment_count': '114'}, 'image_list': [{'url_pre': 'http://sns-webpic-qc.xhscdn.com/202602282031/09b29ee38d4efdfbb84a9019240d1a8f/1040g00831j34s1hcgs005ps5471i3nq5395cgc0!nd_prv_wlteh_webp_3', 'stream': {}, 'height': 1920, 'trace_id': '', 'url': 'http://sns-webpic-qc.xhscdn.com/202602282031/4dde8149c3e0c9cb05ade956fceaa1b2/1040g00831j34s1hcgs005ps5471i3nq5395cgc0!nd_dft_wlteh_webp_3', 'info_list': [{'image_scene': 'WB_PRV', 'url': 'http://sns-webpic-qc.xhscdn.com/202602282031/09b29ee38d4efdfbb84a9019240d1a8f/1040g00831j34s1hcgs005ps5471i3nq5395cgc0!nd_prv_wlteh_webp_3'}, {'image_scene': 'WB_DFT', 'url': 'http://sns-webpic-qc.xhscdn.com/202602282031/4dde8149c3e0c9cb05ade956fceaa1b2/1040g00831j34s1hcgs005ps5471i3nq5395cgc0!nd_dft_wlteh_webp_3'}], 'url_default': 'http://sns-webpic-qc.xhscdn.com/202602282031/4dde8149c3e0c9cb05ade956fceaa1b2/1040g00831j34s1hcgs005ps5471i3nq5395cgc0!nd_dft_wlteh_webp_3', 'live_photo': False, 'file_id': '', 'width': 1080}], 'tag_list': [{'name': 'leftist', 'type': 'topic', 'id': '62b9378e000000000100306b'}, {'id': '60d999f30000000001007431', 'name': 'iran', 'type': 'topic'}, {'id': '5d06e336000000000e02b7f9', 'name': 'usa', 'type': 'topic'}, {'id': '5c1c9f2d00000000080215a0', 'name': 'news', 'type': 'topic'}], 'last_update_time': 1750699636000, 'share_info': {'un_share': False}, 'note_id': '68598e73000000000d026735', 'type': 'video', 'title': 'Iran strikes back', 'video': {'media': {'video': {'duration': 81, 'md5': '7f6b376d43221ac159d3a7de9a07ba77', 'hdr_type': 0, 'drm_type': 0, 'stream_types': [259, 114, 130], 'biz_name': 110, 'biz_id': '281573445063829301'}, 'stream': {'h264': [{'video_codec': 'h264', 'stream_desc': 'WM_X264_MP4_web', 'audio_channels': 2, 'backup_urls': ['http://sns-bak-v6.xhscdn.com/stream/1/110/259/01e8598e721724e301037003979dd59e09_259.mp4'], 'quality_type': 'HD', 'audio_codec': 'aac', 'video_bitrate': 1158249, 'rotate': 0, 'master_url': 'http://sns-video-qc.xhscdn.com/stream/1/110/259/01e8598e721724e301037003979dd59e09_259.mp4?sign=6065d2202cac0d40527f8cd727817082&t=69a77d62', 'stream_type': 259, 'size': 12315377, 'volume': 0, 'audio_duration': 80130, 'default_stream': 0, 'avg_bitrate': 1228972, 'fps': 30, 'video_duration': 80166, 'hdr_type': 0, 'height': 1280, 'vmaf': -1, 'psnr': 0, 'weight': 62, 'width': 720, 'audio_bitrate': 64093, 'format': 'mp4', 'duration': 80167, 'ssim': 0}], 'h265': [{'duration': 80167, 'fps': 30, 'master_url': 'http://sns-video-qc.xhscdn.com/stream/1/110/114/01e8598e721724e301037001979dd5c6da_114.mp4?sign=43234c1c3a4c62bc3d98c352fce33673&t=69a77d62', 'vmaf': -1, 'ssim': 0, 'video_codec': 'hevc', 'audio_codec': 'aac', 'quality_type': 'HD', 'size': 11743170, 'video_bitrate': 1037011, 'weight': 62, 'stream_type': 114, 'audio_channels': 2, 'volume': 0, 'audio_duration': 80130, 'stream_desc': 'X265_MP4_WEB_114', 'format': 'mp4', 'width': 720, 'rotate': 0, 'psnr': 42.13199996948242, 'height': 1280, 'video_duration': 80166, 'default_stream': 0, 'avg_bitrate': 1171870, 'audio_bitrate': 128187, 'backup_urls': ['http://sns-bak-v6.xhscdn.com/stream/1/110/114/01e8598e721724e301037001979dd5c6da_114.mp4'], 'hdr_type': 0}, {'stream_type': 130, 'stream_desc': 'X265_MP4_WEB_130', 'rotate': 0, 'quality_type': 'HD', 'backup_urls': ['http://sns-bak-v6.xhscdn.com/stream/1/110/130/01e8598e721724e301037001979e3252c2_130.mp4'], 'width': 1080, 'height': 1920, 'avg_bitrate': 654653, 'video_duration': 80166, 'audio_bitrate': 64100, 'default_stream': 0, 'audio_channels': 2, 'psnr': 40.4630012512207, 'duration': 80167, 'size': 6560198, 'audio_duration': 80130, 'volume': 0, 'video_codec': 'hevc', 'audio_codec': 'aac', 'format': 'mp4', 'fps': 30, 'video_bitrate': 581740, 'vmaf': -1, 'ssim': 0, 'weight': 70, 'master_url': 'http://sns-video-qc.xhscdn.com/stream/1/110/130/01e8598e721724e301037001979e3252c2_130.mp4?sign=42370b37d546469eb252e3328ddbf214&t=69a77d62', 'hdr_type': 0}], 'h266': [], 'av1': []}, 'video_id': 137458256969147619}, 'image': {'thumbnail_fileid': '110/0/01e8598e721724e3001000000001979dd4996a_0.webp'}, 'capa': {'duration': 80}}, 'at_user_list': [], 'xsec_token': 'ABw2q2h-R17LbcR1_-p0JgtEkeg00DYHS36aUF74adk_k=', 'xsec_source': None}, {'video': {'media': {'stream': {'av1': [], 'h264': [{'ssim': 0, 'stream_desc': 'WM_X264_MP4_web', 'duration': 61649, 'video_bitrate': 954530, 'backup_urls': ['http://sns-bak-v6.xhscdn.com/stream/79/110/259/01e85a3d8d6677fa0103700397a0810c72_259.mp4'], 'fps': 30, 'height': 1280, 'hdr_type': 0, 'vmaf': -1, 'psnr': 0, 'width': 720, 'size': 7902285, 'rotate': 0, 'avg_bitrate': 1025455, 'video_duration': 61587, 'audio_channels': 2, 'stream_type': 259, 'format': 'mp4', 'audio_bitrate': 64196, 'video_codec': 'h264', 'audio_codec': 'aac', 'master_url': 'http://sns-video-qc.xhscdn.com/stream/79/110/259/01e85a3d8d6677fa0103700397a0810c72_259.mp4?sign=533b78030b5b5bc63e4d80135744a5d5&t=69a77d66', 'default_stream': 0, 'volume': 0, 'audio_duration': 61648, 'weight': 62, 'quality_type': 'HD'}], 'h265': [{'ssim': 0, 'volume': 0, 'audio_codec': 'aac', 'vmaf': -1, 'audio_channels': 2, 'rotate': 0, 'hdr_type': 0, 'backup_urls': ['http://sns-bak-v6.xhscdn.com/stream/79/110/114/01e85a3d8d6677fa4f03700197a081a2fe_114.mp4'], 'avg_bitrate': 878460, 'audio_bitrate': 128338, 'weight': 62, 'stream_desc': 'X265_MP4_WEB_114', 'height': 1280, 'video_bitrate': 743116, 'quality_type': 'HD', 'default_stream': 0, 'size': 6769524, 'fps': 30, 'video_codec': 'hevc', 'psnr': 38.9119987487793, 'format': 'mp4', 'duration': 61649, 'video_duration': 61587, 'audio_duration': 61648, 'master_url': 'http://sns-video-qc.xhscdn.com/stream/79/110/114/01e85a3d8d6677fa4f03700197a081a2fe_114.mp4?sign=c774d9a0a7865d828eed1475d4c8cad3&t=69a77d66', 'stream_type': 114, 'width': 720}, {'audio_codec': 'aac', 'audio_bitrate': 64255, 'quality_type': 'HD', 'video_duration': 61587, 'vmaf': -1, 'weight': 70, 'size': 9017943, 'stream_type': 130, 'height': 1920, 'fps': 30, 'video_bitrate': 1098137, 'rotate': 0, 'master_url': 'http://sns-video-qc.xhscdn.com/stream/1/110/130/01e85a3d8d6677fa0103700197a0940a6f_130.mp4?sign=93de3f08b9a8a0c5279e585751b81578&t=69a77d66', 'stream_desc': 'X265_MP4_WEB_130', 'default_stream': 0, 'video_codec': 'hevc', 'audio_duration': 61648, 'psnr': 39.8390007019043, 'duration': 61649, 'audio_channels': 2, 'ssim': 0, 'format': 'mp4', 'width': 1080, 'volume': 0, 'avg_bitrate': 1170230, 'backup_urls': ['http://sns-bak-v6.xhscdn.com/stream/1/110/130/01e85a3d8d6677fa0103700197a0940a6f_130.mp4'], 'hdr_type': 0}], 'h266': []}, 'video_id': 137459009046607866, 'video': {'md5': 'cb73f7272fec1510283a3da3befabe88', 'hdr_type': 0, 'drm_type': 0, 'stream_types': [259, 114, 130], 'biz_name': 110, 'biz_id': '281574197271202187', 'duration': 62}}, 'image': {'first_frame_fileid': '110/0/01e85a3d8d6677fa00100000000197a0809b2a_0.jpg', 'thumbnail_fileid': '110/0/01e85a3d8d6677fa00100000000197a080c54d_0.webp'}, 'capa': {'duration': 61}}, 'tag_list': [{'id': '54c51dcab4c4d60cc34164dc', 'name': '伊朗', 'type': 'topic'}, {'id': '53e5d410b4c4d63afeb3bc54', 'name': '美国', 'type': 'topic'}, {'type': 'topic', 'id': '5bf04e6951875e00012e3dc2', 'name': '以色列'}, {'id': '685a19c0000000001800fa53', 'name': '伊朗和以色列宣布正式停火', 'type': 'topic'}], 'at_user_list': [], 'share_info': {'un_share': False}, 'type': 'video', 'desc': '谁说伊朗不敢打老美？这次伊朗大打出手！导弹袭击美军基地！#伊朗[话题]# #美国[话题]# #以色列[话题]# #伊朗和以色列宣布正式停火[话题]#', 'user': {'user_id': '5e63790d00000000010097d6', 'nickname': '波斯爱丽', 'avatar': 'https://sns-avatar-qc.xhscdn.com/avatar/1040g2jo314s5lihrgu605nj3f46g95umpcc4tqo', 'xsec_token': 'ABleHORyJWXl5usUGUvKU7DG2CIy3YAOaEpdWIjdvWJe8='}, 'interact_info': {'collected': False, 'collected_count': '55', 'comment_count': '513', 'share_count': '22', 'followed': False, 'relation': 'none', 'liked': False, 'liked_count': '860'}, 'image_list': [{'height': 1440, 'width': 1080, 'url': 'http://sns-webpic-qc.xhscdn.com/202602282031/a6e816f479af13d8ff3e8ec33867f9a1/1040g00831j3q8d6jgu005nj3f46g95umlmfkb3o!nd_dft_wlteh_webp_3', 'trace_id': '', 'url_pre': 'http://sns-webpic-qc.xhscdn.com/202602282031/bafa64fef6221d9c6eb9cd08ca026b1b/1040g00831j3q8d6jgu005nj3f46g95umlmfkb3o!nd_prv_wlteh_webp_3', 'stream': {}, 'live_photo': False, 'file_id': '', 'info_list': [{'image_scene': 'WB_PRV', 'url': 'http://sns-webpic-qc.xhscdn.com/202602282031/bafa64fef6221d9c6eb9cd08ca026b1b/1040g00831j3q8d6jgu005nj3f46g95umlmfkb3o!nd_prv_wlteh_webp_3'}, {'image_scene': 'WB_DFT', 'url': 'http://sns-webpic-qc.xhscdn.com/202602282031/a6e816f479af13d8ff3e8ec33867f9a1/1040g00831j3q8d6jgu005nj3f46g95umlmfkb3o!nd_dft_wlteh_webp_3'}], 'url_default': 'http://sns-webpic-qc.xhscdn.com/202602282031/a6e816f479af13d8ff3e8ec33867f9a1/1040g00831j3q8d6jgu005nj3f46g95umlmfkb3o!nd_dft_wlteh_webp_3'}], 'time': 1750744470000, 'last_update_time': 1750744471000, 'note_id': '685a3d96000000001100098b', 'title': '', 'xsec_token': 'AB8a4KMvvcFJKBrwkSBlf4mYE2vfsnWEoblaUTMd80xYI=', 'xsec_source': None}, {'tag_list': [{'id': '59882a23e39faf521263afe9', 'name': '军事', 'type': 'topic'}, {'id': '62c0d2ec000000000100bdd1', 'name': '军情', 'type': 'topic'}, {'id': '5ec5f4e900000000010039bf', 'name': '现代战争', 'type': 'topic'}, {'id': '65be562000000000190066c3', 'name': '美军空袭伊朗', 'type': 'topic'}, {'type': 'topic', 'id': '658e47f8000000003f02de6e', 'name': '伊朗报复行动'}, {'name': '伊以冲突', 'type': 'topic', 'id': '661029eb000000000201b796'}], 'last_update_time': 1750719881000, 'note_id': '6859dd88000000001502292a', 'type': 'video', 'title': '', 'desc': '伊朗袭击美军基地 一枚导弹成功突防(内容来源央视新闻)#军事[话题]# #军情[话题]##现代战争[话题]# #美军空袭伊朗[话题]# #伊朗报复行动[话题]# #伊以冲突[话题]#', 'user': {'avatar': 'https://sns-avatar-qc.xhscdn.com/avatar/1040g2jo31o5pgg7pl8605o3vsjm08psvfmajhko', 'xsec_token': 'AB_zcFtkfPiq6B0RmX4QHUXfwW__JVI19qnK_t4D_Olqg=', 'user_id': '607fe4ec000000000100679f', 'nickname': '徐营_谢旗营哥'}, 'image_list': [{'url_default': 'http://sns-webpic-qc.xhscdn.com/202602282031/21b4373833388cbc3bb817143fc1f8bd/1040g2sg31j3e6puuhc7g5o3vsjm08psvu3o7o8g!nd_dft_wlteh_webp_3', 'file_id': '', 'width': 1920, 'trace_id': '', 'info_list': [{'image_scene': 'WB_PRV', 'url': 'http://sns-webpic-qc.xhscdn.com/202602282031/095af0dd343cfdb6b03238264961df53/1040g2sg31j3e6puuhc7g5o3vsjm08psvu3o7o8g!nd_prv_wlteh_webp_3'}, {'url': 'http://sns-webpic-qc.xhscdn.com/202602282031/21b4373833388cbc3bb817143fc1f8bd/1040g2sg31j3e6puuhc7g5o3vsjm08psvu3o7o8g!nd_dft_wlteh_webp_3', 'image_scene': 'WB_DFT'}], 'live_photo': False, 'height': 2560, 'url': 'http://sns-webpic-qc.xhscdn.com/202602282031/21b4373833388cbc3bb817143fc1f8bd/1040g2sg31j3e6puuhc7g5o3vsjm08psvu3o7o8g!nd_dft_wlteh_webp_3', 'url_pre': 'http://sns-webpic-qc.xhscdn.com/202602282031/095af0dd343cfdb6b03238264961df53/1040g2sg31j3e6puuhc7g5o3vsjm08psvu3o7o8g!nd_prv_wlteh_webp_3', 'stream': {}}], 'share_info': {'un_share': False}, 'interact_info': {'comment_count': '110', 'share_count': '34', 'followed': False, 'relation': 'none', 'liked': False, 'liked_count': '761', 'collected': False, 'collected_count': '49'}, 'video': {'media': {'video_id': 137458588106247976, 'video': {'drm_type': 0, 'stream_types': [259, 114, 130], 'biz_name': 110, 'biz_id': '281573784720648490', 'duration': 11, 'md5': '1598a5a48c5738fa73a291a439c0aea7', 'hdr_type': 0}, 'stream': {'av1': [], 'h264': [{'default_stream': 0, 'format': 'mp4', 'size': 778518, 'weight': 62, 'stream_desc': 'WM_X264_MP4_web', 'avg_bitrate': 606617, 'video_codec': 'h264', 'video_bitrate': 534292, 'audio_channels': 2, 'hdr_type': 0, 'ssim': 0, 'fps': 30, 'audio_bitrate': 64997, 'audio_duration': 10216, 'rotate': 0, 'width': 720, 'volume': 0, 'backup_urls': ['http://sns-bak-v6.xhscdn.com/stream/79/110/259/01e859db8b664f2801037003979f09776d_259.mp4'], 'audio_codec': 'aac', 'master_url': 'http://sns-video-qc.xhscdn.com/stream/79/110/259/01e859db8b664f2801037003979f09776d_259.mp4?sign=608b1a7e404c7663daf5e81a4c4bc37f&t=69a77d68', 'psnr': 0, 'height': 1280, 'duration': 10267, 'vmaf': -1, 'stream_type': 259, 'video_duration': 10266, 'quality_type': 'HD'}], 'h265': [{'stream_desc': 'X265_MP4_WEB_114', 'master_url': 'http://sns-video-qc.xhscdn.com/stream/79/110/114/01e859db8b664f284f037001979f09a9f3_114.mp4?sign=7a31610b9b74ed94b82ae5d39c24afe1&t=69a77d68', 'video_codec': 'hevc', 'hdr_type': 0, 'width': 720, 'volume': 0, 'weight': 62, 'quality_type': 'HD', 'video_bitrate': 286552, 'backup_urls': ['http://sns-bak-v6.xhscdn.com/stream/79/110/114/01e859db8b664f284f037001979f09a9f3_114.mp4'], 'duration': 10267, 'size': 543526, 'avg_bitrate': 423513, 'fps': 30, 'audio_bitrate': 129745, 'audio_channels': 2, 'format': 'mp4', 'default_stream': 0, 'audio_duration': 10216, 'ssim': 0, 'video_duration': 10266, 'vmaf': -1, 'audio_codec': 'aac', 'rotate': 0, 'psnr': 44.180999755859375, 'stream_type': 114, 'height': 1280}, {'default_stream': 0, 'height': 1920, 'rotate': 0, 'weight': 70, 'stream_desc': 'X265_MP4_WEB_130', 'video_duration': 10266, 'audio_bitrate': 129084, 'quality_type': 'HD', 'format': 'mp4', 'size': 692398, 'fps': 30, 'audio_duration': 10216, 'backup_urls': ['http://sns-bak-v6.xhscdn.com/stream/1/110/130/01e859db8b664f2801037001979f15851e_130.mp4'], 'vmaf': -1, 'duration': 10267, 'audio_codec': 'aac', 'hdr_type': 0, 'volume': 0, 'master_url': 'http://sns-video-qc.xhscdn.com/stream/1/110/130/01e859db8b664f2801037001979f15851e_130.mp4?sign=42d1f449b1210155b792b599923af06a&t=69a77d68', 'psnr': 43.86600112915039, 'width': 1080, 'video_bitrate': 401149, 'audio_channels': 2, 'ssim': 0, 'stream_type': 130, 'avg_bitrate': 539513, 'video_codec': 'hevc'}], 'h266': []}}, 'image': {'first_frame_fileid': '110/0/01e859db8b664f28001000000001979f09640a_0.jpg', 'thumbnail_fileid': '110/0/01e859db8b664f28001000000001979f096d58_0.webp'}, 'capa': {'duration': 10}}, 'at_user_list': [], 'time': 1750719881000, 'xsec_token': 'ABw2q2h-R17LbcR1_-p0JgtCY5na6kOfyFzChlb0x55P0=', 'xsec_source': None}, {'tag_list': [{'id': '65f29c70000000000201a6c5', 'name': '听风的蚕', 'type': 'topic'}, {'type': 'topic', 'id': '59882a23e39faf521263afe9', 'name': '军事'}, {'id': '661029eb000000000201b796', 'name': '伊以冲突', 'type': 'topic'}], 'at_user_list': [], 'share_info': {'un_share': False}, 'note_id': '685776f00000000012031d6f', 'title': '美国突然动手，伊朗做出回应！', 'interact_info': {'relation': 'none', 'liked': False, 'liked_count': '571', 'collected': False, 'collected_count': '87', 'comment_count': '61', 'share_count': '108', 'followed': False}, 'image_list': [{'stream': {}, 'url': 'http://sns-webpic-qc.xhscdn.com/202602282031/bb1e196cb7b6df6492bb0b36a4c4c694/spectrum/1040g0k031j13e7tagm004aq6mgmvr2o513d3ljo!nd_dft_wlteh_webp_3', 'url_default': 'http://sns-webpic-qc.xhscdn.com/202602282031/bb1e196cb7b6df6492bb0b36a4c4c694/spectrum/1040g0k031j13e7tagm004aq6mgmvr2o513d3ljo!nd_dft_wlteh_webp_3', 'width': 1587, 'trace_id': '', 'info_list': [{'image_scene': 'WB_PRV', 'url': 'http://sns-webpic-qc.xhscdn.com/202602282031/bcbec067cceab3e0ff477f7fa023fa5f/spectrum/1040g0k031j13e7tagm004aq6mgmvr2o513d3ljo!nd_prv_wlteh_webp_3'}, {'image_scene': 'WB_DFT', 'url': 'http://sns-webpic-qc.xhscdn.com/202602282031/bb1e196cb7b6df6492bb0b36a4c4c694/spectrum/1040g0k031j13e7tagm004aq6mgmvr2o513d3ljo!nd_dft_wlteh_webp_3'}], 'url_pre': 'http://sns-webpic-qc.xhscdn.com/202602282031/bcbec067cceab3e0ff477f7fa023fa5f/spectrum/1040g0k031j13e7tagm004aq6mgmvr2o513d3ljo!nd_prv_wlteh_webp_3', 'live_photo': False, 'file_id': '', 'height': 2245}, {'url_pre': 'http://sns-webpic-qc.xhscdn.com/202602282031/8f6e5f7765bbb87acc44060fa6b52241/spectrum/1040g34o31j13f7mlgm104aq6mgmvr2o5um6o9g0!nd_prv_wlteh_webp_3', 'live_photo': False, 'height': 2245, 'url': 'http://sns-webpic-qc.xhscdn.com/202602282031/645c6df168014df7cd69a22ee3531a34/spectrum/1040g34o31j13f7mlgm104aq6mgmvr2o5um6o9g0!nd_dft_wlteh_webp_3', 'info_list': [{'image_scene': 'WB_PRV', 'url': 'http://sns-webpic-qc.xhscdn.com/202602282031/8f6e5f7765bbb87acc44060fa6b52241/spectrum/1040g34o31j13f7mlgm104aq6mgmvr2o5um6o9g0!nd_prv_wlteh_webp_3'}, {'image_scene': 'WB_DFT', 'url': 'http://sns-webpic-qc.xhscdn.com/202602282031/645c6df168014df7cd69a22ee3531a34/spectrum/1040g34o31j13f7mlgm104aq6mgmvr2o5um6o9g0!nd_dft_wlteh_webp_3'}], 'url_default': 'http://sns-webpic-qc.xhscdn.com/202602282031/645c6df168014df7cd69a22ee3531a34/spectrum/1040g34o31j13f7mlgm104aq6mgmvr2o5um6o9g0!nd_dft_wlteh_webp_3', 'stream': {}, 'file_id': '', 'width': 1587, 'trace_id': ''}, {'stream': {}, 'live_photo': False, 'info_list': [{'image_scene': 'WB_PRV', 'url': 'http://sns-webpic-qc.xhscdn.com/202602282031/6b3bbf33c86fb6293eb928139ef24e38/spectrum/1040g34o31j13fbnu1i104aq6mgmvr2o5lgjdar0!nd_prv_wlteh_webp_3'}, {'image_scene': 'WB_DFT', 'url': 'http://sns-webpic-qc.xhscdn.com/202602282031/29c580c1aab8c87094debdba7b6b50f9/spectrum/1040g34o31j13fbnu1i104aq6mgmvr2o5lgjdar0!nd_dft_wlteh_webp_3'}], 'url_default': 'http://sns-webpic-qc.xhscdn.com/202602282031/29c580c1aab8c87094debdba7b6b50f9/spectrum/1040g34o31j13fbnu1i104aq6mgmvr2o5lgjdar0!nd_dft_wlteh_webp_3', 'width': 1587, 'url': 'http://sns-webpic-qc.xhscdn.com/202602282031/29c580c1aab8c87094debdba7b6b50f9/spectrum/1040g34o31j13fbnu1i104aq6mgmvr2o5lgjdar0!nd_dft_wlteh_webp_3', 'trace_id': '', 'url_pre': 'http://sns-webpic-qc.xhscdn.com/202602282031/6b3bbf33c86fb6293eb928139ef24e38/spectrum/1040g34o31j13fbnu1i104aq6mgmvr2o5lgjdar0!nd_prv_wlteh_webp_3', 'file_id': '', 'height': 2245}, {'url': 'http://sns-webpic-qc.xhscdn.com/202602282031/184fda12936fcb736eb9899797246f81/spectrum/1040g34o31j13ffasgs104aq6mgmvr2o5g500jng!nd_dft_wlteh_webp_3', 'info_list': [{'image_scene': 'WB_PRV', 'url': 'http://sns-webpic-qc.xhscdn.com/202602282031/b7d61d8d2439487635a8d9e1eda016dc/spectrum/1040g34o31j13ffasgs104aq6mgmvr2o5g500jng!nd_prv_wlteh_webp_3'}, {'image_scene': 'WB_DFT', 'url': 'http://sns-webpic-qc.xhscdn.com/202602282031/184fda12936fcb736eb9899797246f81/spectrum/1040g34o31j13ffasgs104aq6mgmvr2o5g500jng!nd_dft_wlteh_webp_3'}], 'stream': {}, 'file_id': '', 'width': 1587, 'trace_id': '', 'url_pre': 'http://sns-webpic-qc.xhscdn.com/202602282031/b7d61d8d2439487635a8d9e1eda016dc/spectrum/1040g34o31j13ffasgs104aq6mgmvr2o5g500jng!nd_prv_wlteh_webp_3', 'url_default': 'http://sns-webpic-qc.xhscdn.com/202602282031/184fda12936fcb736eb9899797246f81/spectrum/1040g34o31j13ffasgs104aq6mgmvr2o5g500jng!nd_dft_wlteh_webp_3', 'live_photo': False, 'height': 2245}, {'live_photo': False, 'file_id': '', 'width': 1587, 'url': 'http://sns-webpic-qc.xhscdn.com/202602282031/5cbe9e72ed6e62a876c64201eedb57ff/spectrum/1040g34o31j13fipg0s104aq6mgmvr2o5r5bn9a0!nd_dft_wlteh_webp_3', 'url_default': 'http://sns-webpic-qc.xhscdn.com/202602282031/5cbe9e72ed6e62a876c64201eedb57ff/spectrum/1040g34o31j13fipg0s104aq6mgmvr2o5r5bn9a0!nd_dft_wlteh_webp_3', 'stream': {}, 'height': 2245, 'trace_id': '', 'info_list': [{'image_scene': 'WB_PRV', 'url': 'http://sns-webpic-qc.xhscdn.com/202602282031/36bd9c9c8c76366f79604aad9bde3b7a/spectrum/1040g34o31j13fipg0s104aq6mgmvr2o5r5bn9a0!nd_prv_wlteh_webp_3'}, {'image_scene': 'WB_DFT', 'url': 'http://sns-webpic-qc.xhscdn.com/202602282031/5cbe9e72ed6e62a876c64201eedb57ff/spectrum/1040g34o31j13fipg0s104aq6mgmvr2o5r5bn9a0!nd_dft_wlteh_webp_3'}], 'url_pre': 'http://sns-webpic-qc.xhscdn.com/202602282031/36bd9c9c8c76366f79604aad9bde3b7a/spectrum/1040g34o31j13fipg0s104aq6mgmvr2o5r5bn9a0!nd_prv_wlteh_webp_3'}], 'time': 1750562544000, 'last_update_time': 1750562545000, 'type': 'normal', 'desc': '美国突然动手，伊朗做出回应！\ufeff#听风的蚕[话题]#\ufeff \ufeff#军事[话题]#\ufeff \ufeff#伊以冲突[话题]#\ufeff', 'user': {'xsec_token': 'ABmhFQD0iF7wXJVWhUdanftoZbeTwArRJui9edaI99vks=', 'user_id': '5b8e2dfdaaea5b0001c38b05', 'nickname': '听风的蚕', 'avatar': 'https://sns-avatar-qc.xhscdn.com/avatar/664af0a3523735166645b87e.jpg'}, 'xsec_token': 'ABaHWJCa0Z-VeNyBn6xWFWiSHAcsFQ1HqFJ7IZ3jyfRG4=', 'xsec_source': None}, {'user': {'user_id': '6666d90c0000000007005e3e', 'nickname': '种花知兴衰', 'avatar': 'https://sns-avatar-qc.xhscdn.com/avatar/1040g2jo31gmt0gc1jc6g5pj6r461onhu9sfbtr0', 'xsec_token': 'ABqaGFRVECPqCD4IuphACEjyHHnvvpTgaF0ytV-HELApI='}, 'image_list': [{'trace_id': '', 'file_id': '', 'height': 1919, 'info_list': [{'image_scene': 'WB_PRV', 'url': 'http://sns-webpic-qc.xhscdn.com/202602282031/8170915b6bb3491f4fafd73473a12d4c/1040g2sg31j3k3gtr0mh05pj6r461onhufp7deao!nd_prv_wgth_webp_3'}, {'image_scene': 'WB_DFT', 'url': 'http://sns-webpic-qc.xhscdn.com/202602282031/f956ceef61fdfb302e22465e169d592f/1040g2sg31j3k3gtr0mh05pj6r461onhufp7deao!nd_dft_wgth_webp_3'}], 'url_pre': 'http://sns-webpic-qc.xhscdn.com/202602282031/8170915b6bb3491f4fafd73473a12d4c/1040g2sg31j3k3gtr0mh05pj6r461onhufp7deao!nd_prv_wgth_webp_3', 'url_default': 'http://sns-webpic-qc.xhscdn.com/202602282031/f956ceef61fdfb302e22465e169d592f/1040g2sg31j3k3gtr0mh05pj6r461onhufp7deao!nd_dft_wgth_webp_3', 'stream': {}, 'live_photo': False, 'width': 2560, 'url': 'http://sns-webpic-qc.xhscdn.com/202602282031/f956ceef61fdfb302e22465e169d592f/1040g2sg31j3k3gtr0mh05pj6r461onhufp7deao!nd_dft_wgth_webp_3'}], 'video': {'media': {'video_id': 137458792940829332, 'video': {'duration': 218, 'md5': '939e2a0f16586befb03bc56e5a4cb1a9', 'hdr_type': 0, 'drm_type': 0, 'stream_types': [259, 114, 130], 'biz_name': 110, 'biz_id': '281573981298112373'}, 'stream': {'h264': [{'width': 1280, 'video_codec': 'h264', 'video_duration': 217166, 'audio_codec': 'aac', 'rotate': 0, 'psnr': 0, 'audio_duration': 217220, 'master_url': 'http://sns-video-qc.xhscdn.com/stream/79/110/259/01e85a0b3c7dfa9401037003979fbcfade_259.mp4?sign=2f1248e7d27cb8073daeeeeaabec2b3c&t=69a77d70', 'vmaf': -1, 'ssim': 0, 'stream_desc': 'WM_X264_MP4_web', 'default_stream': 0, 'duration': 217222, 'weight': 62, 'fps': 20, 'audio_bitrate': 64054, 'audio_channels': 2, 'hdr_type': 0, 'stream_type': 259, 'backup_urls': ['http://sns-bak-v6.xhscdn.com/stream/79/110/259/01e85a0b3c7dfa9401037003979fbcfade_259.mp4'], 'video_bitrate': 1009913, 'format': 'mp4', 'height': 720, 'size': 29306822, 'volume': 0, 'avg_bitrate': 1079331, 'quality_type': 'HD'}], 'h265': [{'backup_urls': ['http://sns-bak-v6.xhscdn.com/stream/79/110/114/01e85a0b3c7dfa944f037001979fbee38f_114.mp4'], 'width': 1280, 'height': 720, 'volume': 0, 'weight': 62, 'quality_type': 'HD', 'stream_type': 114, 'video_codec': 'hevc', 'audio_duration': 217220, 'vmaf': -1, 'ssim': 0, 'default_stream': 0, 'size': 25123458, 'fps': 20, 'hdr_type': 0, 'psnr': 41.849998474121094, 'avg_bitrate': 925263, 'audio_codec': 'aac', 'audio_channels': 2, 'video_bitrate': 791754, 'video_duration': 217166, 'audio_bitrate': 128077, 'rotate': 0, 'format': 'mp4', 'duration': 217222, 'master_url': 'http://sns-video-qc.xhscdn.com/stream/79/110/114/01e85a0b3c7dfa944f037001979fbee38f_114.mp4?sign=f8a766e598fa39f1391b9b432a9613b5&t=69a77d70', 'stream_desc': 'X265_MP4_WEB_114'}, {'audio_bitrate': 62613, 'audio_channels': 2, 'backup_urls': ['http://sns-bak-v6.xhscdn.com/stream/1/110/130/01e85a0b3c7dfa9401037001979fecb819_130.mp4'], 'format': 'mp4', 'volume': 0, 'ssim': 0, 'rotate': 0, 'hdr_type': 0, 'psnr': 40.827999114990234, 'vmaf': -1, 'default_stream': 0, 'fps': 20, 'video_codec': 'hevc', 'avg_bitrate': 788465, 'audio_duration': 217200, 'width': 1920, 'weight': 70, 'stream_desc': 'X265_MP4_WEB_130', 'size': 21406828, 'quality_type': 'HD', 'video_duration': 217166, 'stream_type': 130, 'duration': 217200, 'video_bitrate': 718374, 'height': 1080, 'audio_codec': 'aac', 'master_url': 'http://sns-video-qc.xhscdn.com/stream/1/110/130/01e85a0b3c7dfa9401037001979fecb819_130.mp4?sign=b8c72ec4092ed023e92cda27ade6b4ba&t=69a77d70'}], 'h266': [], 'av1': []}}, 'image': {'first_frame_fileid': '110/0/01e85a0b3c7dfa94001000000001979fbc2b84_0.jpg', 'thumbnail_fileid': '110/0/01e85a0b3c7dfa94001000000001979fbc3f30_0.webp'}, 'capa': {'duration': 217}}, 'at_user_list': [], 'note_id': '685a0b4d0000000011003775', 'type': 'video', 'title': '说打就打！美军基地遭袭，伊朗放开手脚', 'desc': '以色列服软率先接受停火#国际[话题]# #军事[话题]# #伊以冲突[话题]#', 'last_update_time': 1750731598000, 'interact_info': {'collected_count': '26', 'comment_count': '1', 'share_count': '17', 'followed': False, 'relation': 'none', 'liked': False, 'liked_count': '221', 'collected': False}, 'tag_list': [{'id': '5c5825a5000000000e03f5e0', 'name': '国际', 'type': 'topic'}, {'type': 'topic', 'id': '59882a23e39faf521263afe9', 'name': '军事'}, {'id': '661029eb000000000201b796', 'name': '伊以冲突', 'type': 'topic'}], 'time': 1750731597000, 'share_info': {'un_share': False}, 'xsec_token': 'AB8a4KMvvcFJKBrwkSBlf4ma3QTkVozXBPhxxvCfMA0bw=', 'xsec_source': None}, {'last_update_time': 1770362119000, 'ip_location': '安徽', 'note_id': '69859506000000001a0219a6', 'user': {'avatar': 'https://sns-avatar-qc.xhscdn.com/avatar/1040g2jo315799f39hc6g5ossbi5pi1shduq6fl0', 'xsec_token': 'AB__stj4TtuECS8pJEPGZNPc0wHhVcD3w2AZNnncONmuI=', 'user_id': '639c5c8b0000000026010791', 'nickname': '地图大数据'}, 'at_user_list': [], 'tag_list': [{'name': '地图', 'type': 'topic', 'id': '5ccf2b62000000000d01654f'}, {'id': '5bf04e6951875e00012e3dc2', 'name': '以色列', 'type': 'topic'}, {'name': '伊朗', 'type': 'topic', 'id': '54c51dcab4c4d60cc34164dc'}, {'id': '643bea57000000002e01f5b0', 'name': '中东局势', 'type': 'topic'}], 'type': 'video', 'desc': '伊朗军方：我们能够轻易进入美军基地，以总理称以色列若遭伊朗攻击将对其“重击”#地图[话题]# #以色列[话题]# #伊朗[话题]# #中东局势[话题]#', 'video': {'media': {'video_id': 137788138603382320, 'video': {'biz_id': '281903326791604646', 'duration': 16, 'md5': '1bea7e63f6d3e317be7d72ecf282f307', 'hdr_type': 0, 'drm_type': 0, 'stream_types': [259, 114, 115], 'biz_name': 110}, 'stream': {'h266': [], 'av1': [], 'h264': [{'stream_type': 259, 'audio_codec': 'aac', 'audio_channels': 2, 'quality_type': 'HD', 'width': 720, 'weight': 62, 'video_codec': 'h264', 'ssim': 0, 'stream_desc': 'WM_X264_MP4_web', 'fps': 60, 'audio_duration': 15464, 'format': 'mp4', 'video_bitrate': 803877, 'height': 1280, 'audio_bitrate': 64590, 'rotate': 0, 'hdr_type': 0, 'vmaf': -1, 'volume': 0, 'avg_bitrate': 876997, 'psnr': 0, 'default_stream': 0, 'duration': 15465, 'size': 1695345, 'video_duration': 15450, 'master_url': 'http://sns-video-qc.xhscdn.com/stream/1/110/259/01e98594ffb78630010370039c31ce5299_259.mp4?sign=1b58fec60e638b9cb78a890b9bed8fa4&t=69a77d73', 'backup_urls': ['http://sns-bak-v6.xhscdn.com/stream/1/110/259/01e98594ffb78630010370039c31ce5299_259.mp4']}], 'h265': [{'video_codec': 'hevc', 'video_duration': 15450, 'backup_urls': ['http://sns-bak-v6.xhscdn.com/stream/1/110/114/01e98594ffb78630010370019c31ceb043_114.mp4'], 'vmaf': -1, 'avg_bitrate': 728349, 'audio_channels': 2, 'quality_type': 'HD', 'default_stream': 0, 'format': 'mp4', 'width': 720, 'volume': 0, 'audio_codec': 'aac', 'duration': 15465, 'fps': 60, 'video_bitrate': 590193, 'stream_desc': 'X265_MP4_WEB_114', 'audio_duration': 15464, 'ssim': 0, 'stream_type': 114, 'audio_bitrate': 129152, 'rotate': 0, 'psnr': 41.00699996948242, 'height': 1280, 'size': 1407991, 'master_url': 'http://sns-video-qc.xhscdn.com/stream/1/110/114/01e98594ffb78630010370019c31ceb043_114.mp4?sign=06a8535c64b63b3f86c06c8834b7c5d0&t=69a77d73', 'hdr_type': 0, 'weight': 62}, {'video_duration': 15450, 'master_url': 'http://sns-video-qc.xhscdn.com/stream/1/110/115/01e98594ffb78630010370019c31cfa4cd_115.mp4?sign=67bd62968fb9f62b72eebebea10a4f7f&t=69a77d73', 'format': 'mp4', 'width': 1080, 'psnr': 40.51100158691406, 'vmaf': -1, 'ssim': 0, 'avg_bitrate': 905433, 'rotate': 0, 'weight': 70, 'volume': 0, 'fps': 60, 'video_codec': 'hevc', 'audio_duration': 15464, 'quality_type': 'HD', 'audio_bitrate': 129152, 'stream_type': 115, 'stream_desc': 'X265_MP4_WEB_115', 'video_bitrate': 767449, 'size': 1750316, 'audio_codec': 'aac', 'backup_urls': ['http://sns-bak-v6.xhscdn.com/stream/1/110/115/01e98594ffb78630010370019c31cfa4cd_115.mp4'], 'hdr_type': 0, 'default_stream': 0, 'audio_channels': 2, 'height': 1920, 'duration': 15465}]}}, 'image': {'thumbnail_fileid': 'frame/110/0/01e98594ffb786300010000000019c31ce437a_0.webp'}, 'capa': {'duration': 15}}, 'share_info': {'un_share': False}, 'interact_info': {'liked': False, 'liked_count': '136', 'collected': False, 'collected_count': '22', 'comment_count': '33', 'share_count': '5', 'followed': False, 'relation': 'none'}, 'image_list': [{'file_id': '', 'trace_id': '', 'info_list': [{'image_scene': 'WB_PRV', 'url': 'http://sns-webpic-qc.xhscdn.com/202602282031/2ae0f265e4ccdfb1b1a4ab55c91bda6b/1040g2sg31s84lpldm2e05ossbi5pi1shaottnog!nd_prv_wlteh_webp_3'}, {'url': 'http://sns-webpic-qc.xhscdn.com/202602282031/f68f98dc3d4c44021c58469fc5f20d38/1040g2sg31s84lpldm2e05ossbi5pi1shaottnog!nd_dft_wlteh_webp_3', 'image_scene': 'WB_DFT'}], 'url_pre': 'http://sns-webpic-qc.xhscdn.com/202602282031/2ae0f265e4ccdfb1b1a4ab55c91bda6b/1040g2sg31s84lpldm2e05ossbi5pi1shaottnog!nd_prv_wlteh_webp_3', 'live_photo': False, 'height': 1920, 'width': 1080, 'url': 'http://sns-webpic-qc.xhscdn.com/202602282031/f68f98dc3d4c44021c58469fc5f20d38/1040g2sg31s84lpldm2e05ossbi5pi1shaottnog!nd_dft_wlteh_webp_3', 'url_default': 'http://sns-webpic-qc.xhscdn.com/202602282031/f68f98dc3d4c44021c58469fc5f20d38/1040g2sg31s84lpldm2e05ossbi5pi1shaottnog!nd_dft_wlteh_webp_3', 'stream': {}}], 'time': 1770362119000, 'title': '伊朗军方：我们能够轻易进入美军基地，以总理', 'xsec_token': 'ABW99TDO76mTO7Uj9gSNqFAmXiMLcYhrkREfQKF5XwhTk=', 'xsec_source': None}, {'desc': '伊朗报复导弹刚落地美军基地\n特朗普宣布：以色利、伊朗12小时后全面停战！\n伊朗外长：尚未与以方达成停火协议', 'user': {'user_id': '6697cd400000000003032c48', 'nickname': '重庆晨报', 'avatar': 'https://sns-avatar-qc.xhscdn.com/avatar/6788af8059d26cd13a28762a.jpg', 'xsec_token': 'AB9U9IhLqopWTNyi3sqJRoMBUuDORsWx8PvRU4de1tNKs='}, 'video': {'media': {'video_id': 137458844530757904, 'video': {'duration': 27, 'md5': 'c0252b488f186cc2644e75c3a763323f', 'hdr_type': 0, 'drm_type': 0, 'stream_types': [259, 114, 130], 'biz_name': 110, 'biz_id': '281574032825502226'}, 'stream': {'av1': [], 'h264': [{'size': 2198218, 'video_duration': 26833, 'rotate': 0, 'hdr_type': 0, 'psnr': 0, 'weight': 62, 'default_stream': 0, 'width': 720, 'audio_codec': 'aac', 'audio_bitrate': 64332, 'audio_channels': 2, 'ssim': 0, 'format': 'mp4', 'volume': 0, 'backup_urls': ['http://sns-bak-v6.xhscdn.com/stream/79/110/259/01e85a173f7dd11001037003979feb4e59_259.mp4'], 'height': 1280, 'audio_duration': 26842, 'stream_type': 259, 'video_codec': 'h264', 'quality_type': 'HD', 'avg_bitrate': 655133, 'duration': 26843, 'video_bitrate': 584136, 'vmaf': -1, 'stream_desc': 'WM_X264_MP4_web', 'fps': 30, 'master_url': 'http://sns-video-qc.xhscdn.com/stream/79/110/259/01e85a173f7dd11001037003979feb4e59_259.mp4?sign=ae35a0dcc30eec745d075b444ef710c2&t=69a77d75'}], 'h265': [{'size': 1561714, 'audio_bitrate': 128664, 'quality_type': 'HD', 'height': 1280, 'volume': 0, 'audio_channels': 2, 'backup_urls': ['http://sns-bak-v6.xhscdn.com/stream/79/110/114/01e85a173f7dd1104f037001979feb62df_114.mp4'], 'hdr_type': 0, 'stream_desc': 'X265_MP4_WEB_114', 'format': 'mp4', 'video_duration': 26833, 'master_url': 'http://sns-video-qc.xhscdn.com/stream/79/110/114/01e85a173f7dd1104f037001979feb62df_114.mp4?sign=bd07d4010d35ecd760d2c57a038fc4bd&t=69a77d75', 'vmaf': -1, 'weight': 62, 'default_stream': 0, 'fps': 30, 'video_codec': 'hevc', 'audio_codec': 'aac', 'psnr': 42.5359992980957, 'ssim': 0, 'stream_type': 114, 'width': 720, 'duration': 26843, 'rotate': 0, 'avg_bitrate': 465436, 'video_bitrate': 329820, 'audio_duration': 26842}, {'audio_channels': 2, 'weight': 70, 'default_stream': 0, 'audio_duration': 26841, 'backup_urls': ['http://sns-bak-v6.xhscdn.com/stream/1/110/130/01e85a173f7dd11001037001979ffa749f_130.mp4'], 'audio_codec': 'aac', 'master_url': 'http://sns-video-qc.xhscdn.com/stream/1/110/130/01e85a173f7dd11001037001979ffa749f_130.mp4?sign=96614491c9d6a111f58ad522af8bffdf&t=69a77d75', 'avg_bitrate': 420369, 'video_codec': 'hevc', 'video_duration': 26833, 'hdr_type': 0, 'quality_type': 'HD', 'height': 1920, 'duration': 26842, 'audio_bitrate': 64260, 'rotate': 0, 'video_bitrate': 347051, 'ssim': 0, 'stream_type': 130, 'format': 'mp4', 'size': 1410446, 'vmaf': -1, 'stream_desc': 'X265_MP4_WEB_130', 'width': 1080, 'volume': 0, 'fps': 30, 'psnr': 41.44599914550781}], 'h266': []}}, 'image': {'thumbnail_fileid': '110/0/01e85a173f7dd110001000000001979feb1388_0.webp', 'first_frame_fileid': '110/0/01e85a173f7dd110001000000001979feb08d4_0.jpg'}, 'capa': {'duration': 26}}, 'tag_list': [], 'at_user_list': [], 'note_id': '685a174c000000002201ca12', 'type': 'video', 'title': '', 'share_info': {'un_share': False}, 'last_update_time': 1750734669000, 'interact_info': {'collected_count': '8', 'comment_count': '6', 'share_count': '2', 'followed': False, 'relation': 'none', 'liked': False, 'liked_count': '99', 'collected': False}, 'image_list': [{'height': 2560, 'url': 'http://sns-webpic-qc.xhscdn.com/202602282031/5ec0156b056cc94092d8e4f1bce6ce15/1040g00831j3lif48ha4g5pknpl00ub28os22i58!nd_dft_wlteh_webp_3', 'url_default': 'http://sns-webpic-qc.xhscdn.com/202602282031/5ec0156b056cc94092d8e4f1bce6ce15/1040g00831j3lif48ha4g5pknpl00ub28os22i58!nd_dft_wlteh_webp_3', 'stream': {}, 'live_photo': False, 'file_id': '', 'trace_id': '', 'info_list': [{'image_scene': 'WB_PRV', 'url': 'http://sns-webpic-qc.xhscdn.com/202602282031/2709b354c51daed965bc2a738f738164/1040g00831j3lif48ha4g5pknpl00ub28os22i58!nd_prv_wlteh_webp_3'}, {'image_scene': 'WB_DFT', 'url': 'http://sns-webpic-qc.xhscdn.com/202602282031/5ec0156b056cc94092d8e4f1bce6ce15/1040g00831j3lif48ha4g5pknpl00ub28os22i58!nd_dft_wlteh_webp_3'}], 'url_pre': 'http://sns-webpic-qc.xhscdn.com/202602282031/2709b354c51daed965bc2a738f738164/1040g00831j3lif48ha4g5pknpl00ub28os22i58!nd_prv_wlteh_webp_3', 'width': 1920}], 'time': 1750734668000, 'xsec_token': 'AB8a4KMvvcFJKBrwkSBlf4mVFrSVvkplUiBbCLwVTiF3w=', 'xsec_source': None}, {'note_id': '6967a0ad000000001a030839', 'title': '', 'user': {'user_id': '66610564000000000b033db8', 'nickname': '剑锋至上', 'avatar': 'https://sns-avatar-qc.xhscdn.com/avatar/1040g2jo31b272hmqnc6g5pj10li2ufdolg6ab5g', 'xsec_token': 'ABvkPUC6PbZgxSqYihqwNYjhWfw4Dw21zCLNr0I7mayNE='}, 'image_list': [{'info_list': [{'image_scene': 'WB_PRV', 'url': 'http://sns-webpic-qc.xhscdn.com/202602282031/d5e77aa85da780d9778f388f888f925f/notes_pre_post/1040g3k831raolh7dnu705pj10li2ufdo6r614d8!nd_prv_wgth_webp_3'}, {'image_scene': 'WB_DFT', 'url': 'http://sns-webpic-qc.xhscdn.com/202602282031/76c66839663e72ee5a42d3d7d971495e/notes_pre_post/1040g3k831raolh7dnu705pj10li2ufdo6r614d8!nd_dft_wgth_webp_3'}], 'url_default': 'http://sns-webpic-qc.xhscdn.com/202602282031/76c66839663e72ee5a42d3d7d971495e/notes_pre_post/1040g3k831raolh7dnu705pj10li2ufdo6r614d8!nd_dft_wgth_webp_3', 'live_photo': False, 'file_id': '', 'height': 260, 'trace_id': '', 'stream': {}, 'width': 780, 'url': 'http://sns-webpic-qc.xhscdn.com/202602282031/76c66839663e72ee5a42d3d7d971495e/notes_pre_post/1040g3k831raolh7dnu705pj10li2ufdo6r614d8!nd_dft_wgth_webp_3', 'url_pre': 'http://sns-webpic-qc.xhscdn.com/202602282031/d5e77aa85da780d9778f388f888f925f/notes_pre_post/1040g3k831raolh7dnu705pj10li2ufdo6r614d8!nd_prv_wgth_webp_3'}], 'time': 1768399021000, 'share_info': {'un_share': False}, 'type': 'normal', 'desc': '伊朗说美国如果攻击自己，将打击美军在沙特和阿联酋的军事基地\n打这些基地有什么用？人都撤光了\n要我说就是把以色列往死里打，以色列受不了了，自然会让美国停手，这比什么都好使。', 'interact_info': {'collected_count': '5', 'comment_count': '142', 'share_count': '26', 'followed': False, 'relation': 'none', 'liked': False, 'liked_count': '83', 'collected': False}, 'tag_list': [], 'at_user_list': [], 'last_update_time': 1768399021000, 'xsec_token': 'AB1f_wt_32NI4bkCShsB09uxQn459bcD02lGpV1bt7ZVk=', 'xsec_source': None}, {'time': 1750748598000, 'note_id': '685a4db60000000022030a42', 'type': 'video', 'title': '不到48小时，特朗普迎噩耗，美军基地被炸，', 'interact_info': {'relation': 'none', 'liked': False, 'liked_count': '72', 'collected': False, 'collected_count': '20', 'comment_count': '', 'share_count': '2', 'followed': False}, 'image_list': [{'file_id': '', 'width': 1080, 'url': 'http://sns-webpic-qc.xhscdn.com/202602282031/73ba9fb723da2c2422d8229104da42cb/spectrum/1040g34o31j3s0icggs0g5nsdf4ig8ubdsvo6n1o!nd_dft_wlteh_webp_3', 'live_photo': False, 'height': 1920, 'trace_id': '', 'info_list': [{'image_scene': 'WB_PRV', 'url': 'http://sns-webpic-qc.xhscdn.com/202602282031/b443393abd88e846771a79ee6bb5cc51/spectrum/1040g34o31j3s0icggs0g5nsdf4ig8ubdsvo6n1o!nd_prv_wlteh_webp_3'}, {'image_scene': 'WB_DFT', 'url': 'http://sns-webpic-qc.xhscdn.com/202602282031/73ba9fb723da2c2422d8229104da42cb/spectrum/1040g34o31j3s0icggs0g5nsdf4ig8ubdsvo6n1o!nd_dft_wlteh_webp_3'}], 'url_pre': 'http://sns-webpic-qc.xhscdn.com/202602282031/b443393abd88e846771a79ee6bb5cc51/spectrum/1040g34o31j3s0icggs0g5nsdf4ig8ubdsvo6n1o!nd_prv_wlteh_webp_3', 'url_default': 'http://sns-webpic-qc.xhscdn.com/202602282031/73ba9fb723da2c2422d8229104da42cb/spectrum/1040g34o31j3s0icggs0g5nsdf4ig8ubdsvo6n1o!nd_dft_wlteh_webp_3', 'stream': {}}], 'video': {'media': {'video_id': 137459073398848194, 'video': {'stream_types': [259, 114, 115], 'biz_name': 110, 'biz_id': '281574266532203074', 'duration': 382, 'md5': '7ce66010cbd000a5762854de447d0e2b', 'hdr_type': 0, 'drm_type': 0}, 'stream': {'h266': [], 'av1': [], 'h264': [{'stream_desc': 'WM_X264_MP4_web', 'width': 720, 'audio_codec': 'aac', 'psnr': 0, 'fps': 60, 'audio_channels': 2, 'size': 18466319, 'avg_bitrate': 387632, 'ssim': 0, 'stream_type': 259, 'default_stream': 0, 'video_codec': 'h264', 'video_bitrate': 314878, 'audio_bitrate': 64021, 'backup_urls': ['http://sns-bak-v6.xhscdn.com/stream/1/110/259/01e85a4c8917bac20103700397a0c3246b_259.mp4'], 'weight': 62, 'format': 'mp4', 'duration': 381110, 'volume': 0, 'rotate': 0, 'quality_type': 'HD', 'height': 1280, 'video_duration': 381100, 'audio_duration': 381109, 'master_url': 'http://sns-video-qc.xhscdn.com/stream/1/110/259/01e85a4c8917bac20103700397a0c3246b_259.mp4?sign=4139e2751230a1f4ba33d7d4084dbfc4&t=69a77d7c', 'hdr_type': 0, 'vmaf': -1}], 'h265': [{'audio_channels': 2, 'master_url': 'http://sns-video-qc.xhscdn.com/stream/1/110/114/01e85a4c8917bac20103700197a0d88f00_114.mp4?sign=5424ee35f1ed74a1001e574d8a1df7ac&t=69a77d7c', 'hdr_type': 0, 'stream_type': 114, 'duration': 381110, 'avg_bitrate': 497209, 'video_bitrate': 360431, 'default_stream': 0, 'quality_type': 'HD', 'volume': 0, 'psnr': 42.17300033569336, 'stream_desc': 'X265_MP4_WEB_114', 'format': 'mp4', 'video_duration': 381100, 'audio_codec': 'aac', 'ssim': 0, 'weight': 62, 'size': 23686427, 'rotate': 0, 'vmaf': -1, 'fps': 60, 'video_codec': 'hevc', 'audio_bitrate': 128038, 'audio_duration': 381109, 'backup_urls': ['http://sns-bak-v6.xhscdn.com/stream/1/110/114/01e85a4c8917bac20103700197a0d88f00_114.mp4'], 'width': 720, 'height': 1280}, {'stream_desc': 'X265_MP4_WEB_115', 'video_duration': 381100, 'hdr_type': 0, 'psnr': 42.72700119018555, 'width': 1080, 'duration': 381110, 'audio_codec': 'aac', 'volume': 0, 'fps': 60, 'audio_channels': 2, 'quality_type': 'HD', 'rotate': 0, 'vmaf': -1, 'weight': 70, 'stream_type': 115, 'video_codec': 'hevc', 'audio_bitrate': 128038, 'format': 'mp4', 'height': 1920, 'audio_duration': 381109, 'master_url': 'http://sns-video-qc.xhscdn.com/stream/1/110/115/01e85a4c8917bac20103700197a0cf5caf_115.mp4?sign=8576abf8639b6c165e99ca065fcfc6ca&t=69a77d7c', 'backup_urls': ['http://sns-bak-v6.xhscdn.com/stream/1/110/115/01e85a4c8917bac20103700197a0cf5caf_115.mp4'], 'ssim': 0, 'default_stream': 0, 'size': 32205373, 'avg_bitrate': 676033, 'video_bitrate': 539259}]}}, 'image': {'thumbnail_fileid': '110/0/01e85a4c8917bac200100000000197a0c16fa3_0.webp'}, 'capa': {'duration': 381}}, 'tag_list': [{'type': 'topic', 'id': '5f1f803d00000000010026fb', 'name': '国际新闻'}, {'name': '国际局势', 'type': 'topic', 'id': '5d44dffd00000000180250c5'}], 'desc': '\ufeff#国际新闻[话题]#\ufeff\ufeff#国际局势[话题]#\ufeff', 'user': {'user_id': '5f8d7925000000000100796d', 'nickname': '【中国尚维】Sean 徐强', 'avatar': 'https://sns-avatar-qc.xhscdn.com/avatar/5f8d7925000000000100796d.jpg', 'xsec_token': 'ABtNLlRA1rTMB9mZNN5D4tupWj7nnKZKzFgc9GtQy6KE0='}, 'at_user_list': [], 'last_update_time': 1750748598000, 'share_info': {'un_share': False}, 'xsec_token': 'AB8a4KMvvcFJKBrwkSBlf4mXMVPUmJYibAGB8PryVKFzs=', 'xsec_source': None}, {'title': '2月23日到27日美股看伊朗消息', 'user': {'user_id': '6789f9c3000000000d0094a5', 'nickname': '人闲图雅', 'avatar': 'https://sns-avatar-qc.xhscdn.com/avatar/1040g2jo31s6bpcb1m86g5ps9v71j9555s4s95pg', 'xsec_token': 'ABbWCP2MlzDVdFSbB2rpe46l_frs4_TNU6Zs7mvKl3q0I='}, 'image_list': [{'url_pre': 'http://sns-webpic-qc.xhscdn.com/202602282031/25161584f96ce68e9a24c662eb444bf0/spectrum/1040g34o31sr2ifhdl80g5ps9v71j9555jv49p4o!nd_prv_wgth_webp_3', 'url_default': 'http://sns-webpic-qc.xhscdn.com/202602282031/c4f0605a836a74f3cc0e7d0f18c6078a/spectrum/1040g34o31sr2ifhdl80g5ps9v71j9555jv49p4o!nd_dft_wgth_webp_3', 'height': 438, 'width': 724, 'url': 'http://sns-webpic-qc.xhscdn.com/202602282031/c4f0605a836a74f3cc0e7d0f18c6078a/spectrum/1040g34o31sr2ifhdl80g5ps9v71j9555jv49p4o!nd_dft_wgth_webp_3', 'info_list': [{'image_scene': 'WB_PRV', 'url': 'http://sns-webpic-qc.xhscdn.com/202602282031/25161584f96ce68e9a24c662eb444bf0/spectrum/1040g34o31sr2ifhdl80g5ps9v71j9555jv49p4o!nd_prv_wgth_webp_3'}, {'image_scene': 'WB_DFT', 'url': 'http://sns-webpic-qc.xhscdn.com/202602282031/c4f0605a836a74f3cc0e7d0f18c6078a/spectrum/1040g34o31sr2ifhdl80g5ps9v71j9555jv49p4o!nd_dft_wgth_webp_3'}], 'file_id': '', 'trace_id': '', 'stream': {}, 'live_photo': False}], 'time': 1771634572000, 'note_id': '6998ff8c000000000c0361e5', 'type': 'normal', 'tag_list': [], 'at_user_list': [], 'last_update_time': 1771641310000, 'ip_location': '美国', 'share_info': {'un_share': False}, 'desc': '如果周日晚上没开始轰炸伊朗，下周跟这周市场感受差不多，涨跌都比较吃力。下周一小涨，周二小幅震荡收平，周三有较大跌幅。周四周五可涨可跌，具体走法得看周一的涨幅和周三的跌幅的相对强度来判断，现在不清楚。\n\t\n综合网上主流媒体和自媒体的报道，美国这个周末很可能开始轰炸伊朗，我猜应该等到冬奥会闭幕之后吧，就是美国时间周日傍晚，美西时间下午5-6点。轰炸后的市场表现大概会与去年6月21日用六枚钻地弹和巡航导弹轰炸伊朗核设施相似，上次周日期货开盘后跌55点，很快涨上来，周一开始连涨，VIX下降，出现一个为期五周的牛市。这次的不同之处是美国不会在轰炸后立即宣布停火，而是会持续轰炸几周。伊朗会立即用弹道导弹和无人机反击美国在中东的军事基地，也可能会攻击以色列，同时宣布封锁霍尔木兹海峡，那么这次冲突对世界经济的影响会比上次大得多，因此市场也会有下调的风险。综合考虑，如果美国周末开始轰炸伊朗，下周美股连涨收在7050至7100之间。\n\t\n我现在是空仓，本来打算留Put组合过周末，收益会非常好，还是算了。如果没打伊朗，下周二收盘时买Put，拿一到三个交易日。如果打了伊朗，周一追涨买Call，看情况拿四或五个交易日。买的同时卖相应的组合。\n\t\n这次美国对伊朗提出的条件很苛刻，伊朗方面不可能接受，双方都知道战争不可避免，都在积极备战。一旦开打美国和以色列占绝对优势，炸弹和导弹齐上，基本上可以零伤亡的代价摧毁伊朗的核计划，保以色列二十年的安全。伊朗会用弹道导弹和无人机攻击美军飞机起飞的基地，也会攻击以色列大城市，不过攻击强度大概赶不上去年六月的十二日战争。\n\t\n伊朗有一个可能真正打疼美国的手段，就是弹道导弹打航母。我记得在某大国公开弹道导弹打移动目标的能力后不久，伊朗很快也公开了火箭弹打移动目标的能力。这么多年下来，伊朗的技术肯定提高很多吧，弹道导弹末端具备一定的机动能力，能搜索并锁定目标，应该能马马虎虎做到。航母的F/A-18EF伊朗雷达是可以看到的，根据出动规律，航程和方向，能判断出航母大概部署的范围，伊朗可以预先派出大量无人机去海上做战术侦查，利用航母收飞机的机会，用弹道导弹灌顶攻击。只要一颗导弹命中，美国的世界军事霸权就坍塌了一半，就是赢了战术，输了战略。如果真有这样的事，大概会在开打两周之后发生，之后美股会有一个大跳水，因此不能无条件做多。', 'interact_info': {'followed': False, 'relation': 'none', 'liked': False, 'liked_count': '57', 'collected': False, 'collected_count': '24', 'comment_count': '33', 'share_count': '17'}, 'xsec_token': 'ABYUX1V7wgatkSAR8U6nwqMjBo5Eli8AyHKMoZJAaveoo=', 'xsec_source': None}, {'time': 1768125950000, 'last_update_time': 1768125951000, 'share_info': {'un_share': False}, 'type': 'video', 'title': '伊朗警告美国若遭攻击必还击', 'desc': '伊朗警告美国，若遭攻击将把以色列与中东美军基地作为合法还击目标#伊朗[话题]##美军[话题]##中东[话题]##以色列[话题]##美军基地[话题]##地图[话题]#', 'video': {'media': {'video_id': 137750620183283754, 'video': {'duration': 18, 'md5': '60019dac3caa4d387e47b4fabcb1df02', 'hdr_type': 0, 'drm_type': 0, 'stream_types': [259, 114], 'biz_name': 110, 'biz_id': '281865810114029809'}, 'stream': {'h265': [{'stream_desc': 'X265_MP4_WEB_114', 'audio_bitrate': 128873, 'size': 1576513, 'rotate': 0, 'format': 'mp4', 'width': 678, 'audio_channels': 2, 'psnr': 38.23699951171875, 'audio_codec': 'aac', 'master_url': 'http://sns-video-qc.xhscdn.com/stream/79/110/114/01e963758f9d482a4f0370019bac8530bc_114.mp4?sign=79b710eeddf1d07934d5b8bac2673ebb&t=69a77d82', 'backup_urls': ['http://sns-bak-v6.xhscdn.com/stream/79/110/114/01e963758f9d482a4f0370019bac8530bc_114.mp4'], 'vmaf': -1, 'quality_type': 'HD', 'stream_type': 114, 'duration': 17291, 'video_codec': 'hevc', 'volume': 0, 'avg_bitrate': 729402, 'video_duration': 17290, 'ssim': 0, 'default_stream': 0, 'audio_duration': 17252, 'hdr_type': 0, 'weight': 62, 'height': 1206, 'fps': 30, 'video_bitrate': 592441}], 'h266': [], 'av1': [], 'h264': [{'audio_duration': 17252, 'backup_urls': ['http://sns-bak-v6.xhscdn.com/stream/79/110/259/01e963758f9d482a010370039bac8504c3_259.mp4'], 'quality_type': 'HD', 'format': 'mp4', 'volume': 0, 'weight': 62, 'stream_type': 259, 'avg_bitrate': 825574, 'video_codec': 'h264', 'video_bitrate': 752795, 'rotate': 0, 'stream_desc': 'WM_X264_MP4_web', 'default_stream': 0, 'master_url': 'http://sns-video-qc.xhscdn.com/stream/79/110/259/01e963758f9d482a010370039bac8504c3_259.mp4?sign=ea4a9b4dfcfaec7a136dba996ebdd0cf&t=69a77d82', 'hdr_type': 0, 'vmaf': -1, 'ssim': 0, 'psnr': 0, 'height': 1206, 'size': 1784376, 'fps': 31, 'video_duration': 17290, 'audio_bitrate': 64606, 'audio_channels': 2, 'audio_codec': 'aac', 'width': 678, 'duration': 17291}]}}, 'image': {'thumbnail_fileid': 'frame/110/0/01e963758f9d482a0010000000019bac84f5a4_0.webp'}, 'capa': {'duration': 17}}, 'at_user_list': [], 'note_id': '696375fe000000000b00a8f1', 'user': {'nickname': '三军动画', 'avatar': 'https://sns-avatar-qc.xhscdn.com/avatar/5df2fe2eaa9c4a0001901a99.jpg', 'xsec_token': 'ABxVYbx0ShRvDn2xCk3W1UYqrL687fyvdmJtcLDrv04V8=', 'user_id': '5df2fd680000000001001a18'}, 'interact_info': {'comment_count': '', 'share_count': '1', 'followed': False, 'relation': 'none', 'liked': False, 'liked_count': '55', 'collected': False, 'collected_count': '14'}, 'image_list': [{'url_default': 'http://sns-webpic-qc.xhscdn.com/202602282032/bd22bd29033688e8bc2b413a9d2ea186/1040g2sg31r6qb15770r05nfivlk086goc1jf7rg!nd_dft_wlteh_webp_3', 'file_id': '', 'width': 680, 'url': 'http://sns-webpic-qc.xhscdn.com/202602282032/bd22bd29033688e8bc2b413a9d2ea186/1040g2sg31r6qb15770r05nfivlk086goc1jf7rg!nd_dft_wlteh_webp_3', 'trace_id': '', 'info_list': [{'image_scene': 'WB_PRV', 'url': 'http://sns-webpic-qc.xhscdn.com/202602282032/96d4118f62682388d79c59f46159bc7f/1040g2sg31r6qb15770r05nfivlk086goc1jf7rg!nd_prv_wlteh_webp_3'}, {'image_scene': 'WB_DFT', 'url': 'http://sns-webpic-qc.xhscdn.com/202602282032/bd22bd29033688e8bc2b413a9d2ea186/1040g2sg31r6qb15770r05nfivlk086goc1jf7rg!nd_dft_wlteh_webp_3'}], 'height': 1208, 'url_pre': 'http://sns-webpic-qc.xhscdn.com/202602282032/96d4118f62682388d79c59f46159bc7f/1040g2sg31r6qb15770r05nfivlk086goc1jf7rg!nd_prv_wlteh_webp_3', 'stream': {}, 'live_photo': False}], 'tag_list': [{'id': '54c51dcab4c4d60cc34164dc', 'name': '伊朗', 'type': 'topic'}, {'id': '5c3d3d13000000000e0046fb', 'name': '美军', 'type': 'topic'}, {'id': '5c3881a7000000000f03bdef', 'name': '中东', 'type': 'topic'}, {'id': '5bf04e6951875e00012e3dc2', 'name': '以色列', 'type': 'topic'}, {'id': '5f09adfe0000000001006d6d', 'name': '美军基地', 'type': 'topic'}, {'name': '地图', 'type': 'topic', 'id': '5ccf2b62000000000d01654f'}], 'xsec_token': 'AB2yfrv7r6jyk0f84IbNDfD8kUm8pcXt89VE8-PTkXq6c=', 'xsec_source': None}, {'tag_list': [{'id': '685d32850000000018010b95', 'name': '特朗普批准伊朗导弹袭击美军基地', 'type': 'topic'}, {'name': '伊朗导弹袭击卡塔尔美军基地', 'type': 'topic', 'id': '685993ae00000000180079f6'}, {'type': 'topic', 'id': '54c51dcab4c4d60cc34164dc', 'name': '伊朗'}], 'at_user_list': [], 'last_update_time': 1750938270000, 'type': 'normal', 'title': '特朗普：我批准了伊朗导弹袭击美军基地', 'desc': '据英国《卫报》等外媒25日报道，6月25日在荷兰海牙出席北约峰会期间，美国总统特朗普声称，在他宣布伊朗与以色列停火的第二天，伊朗在向美军位于卡塔尔的基地发动导弹袭击前，曾提前向美方发出警告，并经过他本人批准。为此，他称赞伊朗“非常好”。\n“他们非常好，他们警告了我们，”特朗普25日在出席北约峰会期间举行的记者会上说道，“在袭击卡塔尔基地的14枚高端导弹中，正如你们所知，全部14枚导弹都被我们的装备击落了，真了不起。”\n按照特朗普的说法，在对美军基地发动袭击前，伊朗官员与美方敲定了打击计划，甚至让美方确定具体的时间。\n“他们说，‘我们要向他们开火，1点钟可以吗？’我说没问题。基地里的所有人都撤离了，除了炮手外，其他人都没有受伤。”他强调，美方提前疏散了基地人员避免了人员伤亡，伊朗发射的导弹全部都被拦截。\n另外，在谈及以色列和伊朗持续12天的冲突时，特朗普坚称：“我们认为一切都结束了。我认为他们不会再互相攻击了。”\n据新华社此前报道，伊朗外交部发言人巴加埃24日在社交媒体发文说，伊朗打击美国位于卡塔尔的乌代德空军基地是行使自卫权的正当行为，与友好邻国卡塔尔无关。乌代德空军基地是美国在中东地区最大的军事基地。伊朗最高国家安全委员会秘书处23日发表声明说，为回应美国对伊朗核设施的侵略行径，伊朗当天对乌代德空军基地进行了导弹打击。\n来源：环球时报热点\n\ufeff#特朗普批准伊朗导弹袭击美军基地[话题]#\ufeff \ufeff#伊朗导弹袭击卡塔尔美军基地[话题]#\ufeff \ufeff#伊朗[话题]#\ufeff', 'interact_info': {'comment_count': '2', 'share_count': '10', 'followed': False, 'relation': 'none', 'liked': False, 'liked_count': '50', 'collected': False, 'collected_count': '3'}, 'share_info': {'un_share': False}, 'note_id': '685d329d000000001100145c', 'user': {'user_id': '64b898310000000014037b21', 'nickname': '潇湘晨报', 'avatar': 'https://sns-avatar-qc.xhscdn.com/avatar/1040g2jo31qobul3rgm005p5oj0ol6up1tu11gg8', 'xsec_token': 'ABxEaIFF4B8qPx-ElWMClRoR8e44Zo8jLilHoZNDhcwqc='}, 'image_list': [{'file_id': '', 'width': 1440, 'trace_id': '', 'info_list': [{'image_scene': 'WB_PRV', 'url': 'http://sns-webpic-qc.xhscdn.com/202602282032/8b66ac3b1be85c3178615cc374bb3655/spectrum/1040g34o31j6mkhcs2e105p5oj0ol6up1u55qbho!nd_prv_wlteh_webp_3'}, {'image_scene': 'WB_DFT', 'url': 'http://sns-webpic-qc.xhscdn.com/202602282032/5c3fd8b95636a18efd3c19f9049e3121/spectrum/1040g34o31j6mkhcs2e105p5oj0ol6up1u55qbho!nd_dft_wlteh_webp_3'}], 'url_pre': 'http://sns-webpic-qc.xhscdn.com/202602282032/8b66ac3b1be85c3178615cc374bb3655/spectrum/1040g34o31j6mkhcs2e105p5oj0ol6up1u55qbho!nd_prv_wlteh_webp_3', 'url_default': 'http://sns-webpic-qc.xhscdn.com/202602282032/5c3fd8b95636a18efd3c19f9049e3121/spectrum/1040g34o31j6mkhcs2e105p5oj0ol6up1u55qbho!nd_dft_wlteh_webp_3', 'stream': {}, 'height': 1920, 'url': 'http://sns-webpic-qc.xhscdn.com/202602282032/5c3fd8b95636a18efd3c19f9049e3121/spectrum/1040g34o31j6mkhcs2e105p5oj0ol6up1u55qbho!nd_dft_wlteh_webp_3', 'live_photo': False}], 'time': 1750938269000, 'xsec_token': 'ABVHCSBLLp-B11MFutDhhmkH5XRduTqlkiBB5V3bNkKj0=', 'xsec_source': None}, {'image_list': [{'file_id': '', 'width': 1080, 'info_list': [{'image_scene': 'WB_PRV', 'url': 'http://sns-webpic-qc.xhscdn.com/202602282032/e1377091f72c97fbb5d0a067165a0bf1/1040g00831j4atu4the005n44gqsk0csjijad3u8!nd_prv_wlteh_webp_3'}, {'image_scene': 'WB_DFT', 'url': 'http://sns-webpic-qc.xhscdn.com/202602282032/7fb4d0c51d5d9fb63af9c7fa6b0004c2/1040g00831j4atu4the005n44gqsk0csjijad3u8!nd_dft_wlteh_webp_3'}], 'url_default': 'http://sns-webpic-qc.xhscdn.com/202602282032/7fb4d0c51d5d9fb63af9c7fa6b0004c2/1040g00831j4atu4the005n44gqsk0csjijad3u8!nd_dft_wlteh_webp_3', 'stream': {}, 'live_photo': False, 'height': 1920, 'url': 'http://sns-webpic-qc.xhscdn.com/202602282032/7fb4d0c51d5d9fb63af9c7fa6b0004c2/1040g00831j4atu4the005n44gqsk0csjijad3u8!nd_dft_wlteh_webp_3', 'trace_id': '', 'url_pre': 'http://sns-webpic-qc.xhscdn.com/202602282032/e1377091f72c97fbb5d0a067165a0bf1/1040g00831j4atu4the005n44gqsk0csjijad3u8!nd_prv_wlteh_webp_3'}], 'at_user_list': [], 'share_info': {'un_share': False}, 'note_id': '685ac63b0000000022032147', 'type': 'video', 'desc': '伊朗直接袭击了美军基地，袭击前提前告知美国。这是什么操作？#伊朗[话题]# #以色列[话题]# #军事[话题]# #全球局势[话题]#', 'user': {'user_id': '5c8486b90000000010003393', 'nickname': 'Gavin', 'avatar': 'https://sns-avatar-qc.xhscdn.com/avatar/411309441983cdc4ce073ff8da73b5b6.jpg', 'xsec_token': 'ABzDMIRLEbLjQSk9MwGQggCVrNJ2nt8guBHcU1LFe0hL8='}, 'interact_info': {'relation': 'none', 'liked': False, 'liked_count': '47', 'collected': False, 'collected_count': '12', 'comment_count': '', 'share_count': '2', 'followed': False}, 'title': '全球战局', 'video': {'media': {'video_id': 137459596059412008, 'video': {'biz_id': '281574784159654215', 'duration': 209, 'md5': 'a165b8d0c5aab1d5a4eecb01390b1cd1', 'hdr_type': 0, 'drm_type': 0, 'stream_types': [259, 114, 130], 'biz_name': 110}, 'stream': {'av1': [], 'h264': [{'duration': 208320, 'size': 7355805, 'fps': 30, 'video_duration': 208300, 'width': 720, 'ssim': 0, 'audio_bitrate': 64042, 'hdr_type': 0, 'video_bitrate': 212098, 'audio_duration': 208320, 'psnr': 0, 'default_stream': 0, 'rotate': 0, 'stream_desc': 'WM_X264_MP4_web', 'master_url': 'http://sns-video-qc.xhscdn.com/stream/1/110/259/01e85ac63a1706280103700397a296e4cc_259.mp4?sign=a2bed45083719594e5f9aae3cd55621f&t=69a77d8a', 'backup_urls': ['http://sns-bak-v6.xhscdn.com/stream/1/110/259/01e85ac63a1706280103700397a296e4cc_259.mp4'], 'avg_bitrate': 282480, 'stream_type': 259, 'format': 'mp4', 'vmaf': -1, 'audio_codec': 'aac', 'weight': 62, 'quality_type': 'HD', 'height': 1280, 'volume': 0, 'video_codec': 'h264', 'audio_channels': 2}], 'h265': [{'video_codec': 'hevc', 'video_duration': 208300, 'ssim': 0, 'stream_type': 114, 'volume': 0, 'fps': 30, 'audio_codec': 'aac', 'vmaf': -1, 'psnr': 46.81800079345703, 'width': 720, 'audio_bitrate': 128065, 'backup_urls': ['http://sns-bak-v6.xhscdn.com/stream/1/110/114/01e85ac63a1706280103700197a299ac0c_114.mp4'], 'stream_desc': 'X265_MP4_WEB_114', 'format': 'mp4', 'hdr_type': 0, 'audio_duration': 208320, 'rotate': 0, 'master_url': 'http://sns-video-qc.xhscdn.com/stream/1/110/114/01e85ac63a1706280103700197a299ac0c_114.mp4?sign=add36cc6be15a9076b7903f8cb9c21ca&t=69a77d8a', 'audio_channels': 2, 'default_stream': 0, 'avg_bitrate': 338360, 'video_bitrate': 203865, 'height': 1280, 'size': 8810918, 'duration': 208320, 'weight': 62, 'quality_type': 'HD'}, {'audio_codec': 'aac', 'rotate': 0, 'volume': 0, 'avg_bitrate': 402163, 'video_duration': 208300, 'stream_desc': 'X265_MP4_WEB_130', 'weight': 70, 'vmaf': -1, 'video_bitrate': 265410, 'ssim': 0, 'video_codec': 'hevc', 'audio_duration': 208320, 'hdr_type': 0, 'format': 'mp4', 'master_url': 'http://sns-video-qc.xhscdn.com/stream/1/110/130/01e85ac63a1706280103700197a46c0d51_130.mp4?sign=99fd687da6e5d28b71432647594f24ea&t=69a77d8a', 'quality_type': 'HD', 'size': 10472333, 'fps': 30, 'stream_type': 130, 'duration': 208320, 'psnr': 46.2130012512207, 'audio_channels': 2, 'backup_urls': ['http://sns-bak-v6.xhscdn.com/stream/1/110/130/01e85ac63a1706280103700197a46c0d51_130.mp4'], 'audio_bitrate': 128034, 'default_stream': 0, 'width': 1080, 'height': 1920}], 'h266': []}}, 'image': {'thumbnail_fileid': '110/0/01e85ac63a17062800100000000197a29697dc_0.webp'}, 'capa': {'duration': 208}}, 'tag_list': [{'name': '伊朗', 'type': 'topic', 'id': '54c51dcab4c4d60cc34164dc'}, {'type': 'topic', 'id': '5bf04e6951875e00012e3dc2', 'name': '以色列'}, {'type': 'topic', 'id': '59882a23e39faf521263afe9', 'name': '军事'}, {'id': '61aebca30000000001000f6d', 'name': '全球局势', 'type': 'topic'}], 'time': 1750779451000, 'last_update_time': 1750779451000, 'xsec_token': 'AB8a4KMvvcFJKBrwkSBlf4mS6UDIBqh1FYcbTzBgADklc=', 'xsec_source': None}, {'user': {'user_id': '63301151000000002303b082', 'nickname': '新华网', 'avatar': 'https://sns-avatar-qc.xhscdn.com/avatar/68391049ffe18a0001091646.jpg', 'xsec_token': 'ABNjaIk4yvXkc_5wwVyJZuI_sUqmjXQ_Xk-BYAt-2iRAA='}, 'image_list': [{'width': 7200, 'info_list': [{'image_scene': 'WB_PRV', 'url': 'http://sns-webpic-qc.xhscdn.com/202602282032/0ea77ed00744ebe5a9457c81ce509cd4/spectrum/1040g34o31r6n51s5n0005opg258ovc425i99fdo!nd_prv_wgth_webp_3'}, {'image_scene': 'WB_DFT', 'url': 'http://sns-webpic-qc.xhscdn.com/202602282032/909586134dc77f17196c92328779e756/spectrum/1040g34o31r6n51s5n0005opg258ovc425i99fdo!nd_dft_wgth_webp_3'}], 'url_default': 'http://sns-webpic-qc.xhscdn.com/202602282032/909586134dc77f17196c92328779e756/spectrum/1040g34o31r6n51s5n0005opg258ovc425i99fdo!nd_dft_wgth_webp_3', 'stream': {}, 'live_photo': False, 'file_id': '', 'height': 4800, 'url': 'http://sns-webpic-qc.xhscdn.com/202602282032/909586134dc77f17196c92328779e756/spectrum/1040g34o31r6n51s5n0005opg258ovc425i99fdo!nd_dft_wgth_webp_3', 'trace_id': '', 'url_pre': 'http://sns-webpic-qc.xhscdn.com/202602282032/0ea77ed00744ebe5a9457c81ce509cd4/spectrum/1040g34o31r6n51s5n0005opg258ovc425i99fdo!nd_prv_wgth_webp_3'}], 'tag_list': [], 'time': 1768119371000, 'last_update_time': 1768119371000, 'note_id': '69635c4b000000001a02f1d1', 'title': '伊朗警告美以：若遭攻击必将还击', 'interact_info': {'followed': False, 'relation': 'none', 'liked': False, 'liked_count': '42', 'collected': False, 'collected_count': '2', 'comment_count': '', 'share_count': '5'}, 'at_user_list': [], 'share_info': {'un_share': False}, 'type': 'normal', 'desc': '新华社开罗1月11日电\u3000据外媒报道，伊朗议长卡利巴夫11日说，如果美国对伊朗发动打击，伊朗将把以色列以及美国在中东地区的军事基地视为“合法目标”予以还击。\n\t\n据伊朗塔斯尼姆通讯社报道，伊朗议会当天审议关于集会组织的紧急方案。卡利巴夫在议会讲话中说：“在此非常敏感的时刻，伊朗必须准确而细致地识破敌人的阴谋。”\n\t\n卡利巴夫说，伊朗目前在经济、认知、军事和打击恐怖主义4条战线上同时与以色列和美国进行作战。其中，经济战以及认知和心理战早在多年前就已开始并持续至今，近年来变得更为复杂激烈。\n\t\n美国《纽约时报》10日援引匿名美国官员的话报道称，美国总统特朗普近日已听取关于军事打击伊朗方案的汇报。特朗普尚未做出最终决定，但他正在认真考虑授权美军发动军事打击。', 'xsec_token': 'AB2yfrv7r6jyk0f84IbNDfD026YSyI_0indQU6Peb-9Yo=', 'xsec_source': None}, {'interact_info': {'liked_count': '38', 'collected': False, 'collected_count': '3', 'comment_count': '', 'share_count': '2', 'followed': False, 'relation': 'none', 'liked': False}, 'video': {'media': {'video_id': 137458778663372106, 'video': {'biz_id': '281573966757274354', 'duration': 9, 'md5': '30697f3e11f86729f451f8e5fc7cff72', 'hdr_type': 0, 'drm_type': 0, 'stream_types': [259, 114, 130, 108], 'biz_name': 110}, 'stream': {'h264': [{'psnr': 0, 'video_bitrate': 1113963, 'backup_urls': ['http://sns-bak-v6.xhscdn.com/stream/79/110/259/01e85a07e97d454a01037003979faf02cd_259.mp4'], 'stream_desc': 'WM_X264_MP4_web', 'fps': 30, 'audio_duration': 8451, 'width': 720, 'size': 1251367, 'vmaf': -1, 'quality_type': 'HD', 'rotate': 0, 'hdr_type': 0, 'stream_type': 259, 'height': 1280, 'audio_codec': 'aac', 'audio_bitrate': 65067, 'audio_channels': 2, 'ssim': 0, 'format': 'mp4', 'volume': 0, 'master_url': 'http://sns-video-qc.xhscdn.com/stream/79/110/259/01e85a07e97d454a01037003979faf02cd_259.mp4?sign=fa9a445f8e04816ac521ae5ccba85a6c&t=69a77d90', 'default_stream': 0, 'duration': 8453, 'avg_bitrate': 1184305, 'video_codec': 'h264', 'video_duration': 8433, 'weight': 62}], 'h265': [{'quality_type': 'HD', 'stream_desc': 'X265_MP4_WEB_114', 'width': 720, 'fps': 30, 'volume': 0, 'backup_urls': ['http://sns-bak-v6.xhscdn.com/stream/79/110/114/01e85a07e97d454a4f037001979faf517e_114.mp4'], 'vmaf': -1, 'default_stream': 0, 'format': 'mp4', 'duration': 8453, 'audio_channels': 2, 'hdr_type': 0, 'stream_type': 114, 'height': 1280, 'avg_bitrate': 735296, 'video_codec': 'hevc', 'video_duration': 8433, 'audio_bitrate': 130110, 'audio_codec': 'aac', 'rotate': 0, 'psnr': 41.11199951171875, 'size': 776933, 'audio_duration': 8451, 'weight': 62, 'video_bitrate': 598428, 'master_url': 'http://sns-video-qc.xhscdn.com/stream/79/110/114/01e85a07e97d454a4f037001979faf517e_114.mp4?sign=658bf95f1657fdcb537ef9e4dd659be0&t=69a77d90', 'ssim': 0}, {'weight': 70, 'audio_duration': 8451, 'psnr': 42.94599914550781, 'ssim': 0, 'video_bitrate': 890012, 'backup_urls': ['http://sns-bak-v6.xhscdn.com/stream/1/110/130/01e85a07e97d454a01037001979fba6f89_130.mp4'], 'vmaf': -1, 'width': 1080, 'video_codec': 'hevc', 'rotate': 0, 'master_url': 'http://sns-video-qc.xhscdn.com/stream/1/110/130/01e85a07e97d454a01037001979fba6f89_130.mp4?sign=5ae06e9048360f6861a2c6c6dc0aadfc&t=69a77d90', 'duration': 8452, 'size': 1017925, 'avg_bitrate': 963487, 'fps': 30, 'audio_bitrate': 65204, 'stream_desc': 'X265_MP4_WEB_130', 'default_stream': 0, 'format': 'mp4', 'quality_type': 'HD', 'audio_channels': 2, 'height': 1920, 'volume': 0, 'video_duration': 8433, 'stream_type': 130, 'audio_codec': 'aac', 'hdr_type': 0}, {'avg_bitrate': 1839929, 'ssim': 0, 'default_stream': 0, 'width': 1440, 'size': 1949635, 'hdr_type': 0, 'video_bitrate': 1712338, 'audio_bitrate': 128329, 'audio_duration': 8476, 'audio_channels': 2, 'stream_type': 108, 'duration': 8477, 'audio_codec': 'aac', 'rotate': 0, 'stream_desc': 'X265_MP4_WEB_108', 'master_url': 'http://sns-video-qc.xhscdn.com/stream/1/110/108/01e85a07e97d454a01037001979fb453ca_108.mp4?sign=e30e3bbfca696d317095e2caff430232&t=69a77d90', 'psnr': 45.2239990234375, 'height': 2560, 'video_duration': 8433, 'weight': 70, 'quality_type': 'HD', 'format': 'mp4', 'volume': 0, 'video_codec': 'hevc', 'backup_urls': ['http://sns-bak-v6.xhscdn.com/stream/1/110/108/01e85a07e97d454a01037001979fb453ca_108.mp4'], 'vmaf': -1, 'fps': 30}], 'h266': [], 'av1': []}}, 'image': {'first_frame_fileid': '110/0/01e85a07e97d454a001000000001979faef1c2_0.jpg', 'thumbnail_fileid': '110/0/01e85a07e97d454a001000000001979faef5e0_0.webp'}, 'capa': {'duration': 8}}, 'time': 1750730730000, 'share_info': {'un_share': False}, 'type': 'video', 'title': '伊朗民众聚集街头挥舞国旗庆祝美基地遭袭', 'desc': '#伊朗民众[话题]# 聚集街头挥舞国旗庆祝美军驻卡塔尔军事基地遭袭 #伊朗外长[话题]# ：尚未与以色列达成\n\t\n#停火协定[话题]# #以伊冲突[话题]# #热点[话题]# #远离战争愿世界和平[话题]# #热点新闻[话题]# #国际新闻[话题]#\n@小红书视频号 @视频薯 @热点薯\n\t\n更多资讯请关注@锦观新闻', 'user': {'user_id': '622c52ec000000002102b031', 'nickname': '锦观新闻', 'avatar': 'https://sns-avatar-qc.xhscdn.com/avatar/1040g2jo30mqjsnmh4i005ohcabm8dc1hminkga0', 'xsec_token': 'ABHZhG7P_o-RFmrjoNRBb5YRpNdntd70ZqxG9lTKxOG8I='}, 'last_update_time': 1750730730000, 'note_id': '685a07ea000000002400a2f2', 'image_list': [{'file_id': '', 'height': 1440, 'trace_id': '', 'width': 1080, 'url': 'http://sns-webpic-qc.xhscdn.com/202602282032/b9da0cca3798e6901f28825cb7509ffc/1040g2sg31j3j99k41ef05ohcabm8dc1hujn2ljg!nd_dft_wlteh_webp_3', 'info_list': [{'image_scene': 'WB_PRV', 'url': 'http://sns-webpic-qc.xhscdn.com/202602282032/59d9d39204aa52edd13b87e486b9d394/1040g2sg31j3j99k41ef05ohcabm8dc1hujn2ljg!nd_prv_wlteh_webp_3'}, {'image_scene': 'WB_DFT', 'url': 'http://sns-webpic-qc.xhscdn.com/202602282032/b9da0cca3798e6901f28825cb7509ffc/1040g2sg31j3j99k41ef05ohcabm8dc1hujn2ljg!nd_dft_wlteh_webp_3'}], 'url_pre': 'http://sns-webpic-qc.xhscdn.com/202602282032/59d9d39204aa52edd13b87e486b9d394/1040g2sg31j3j99k41ef05ohcabm8dc1hujn2ljg!nd_prv_wlteh_webp_3', 'url_default': 'http://sns-webpic-qc.xhscdn.com/202602282032/b9da0cca3798e6901f28825cb7509ffc/1040g2sg31j3j99k41ef05ohcabm8dc1hujn2ljg!nd_dft_wlteh_webp_3', 'stream': {}, 'live_photo': False}], 'tag_list': [{'name': '伊朗民众', 'type': 'topic', 'id': '685a07ba000000001303d457'}, {'name': '伊朗外长', 'type': 'topic', 'id': '652fb4f20000000001012d9e'}, {'id': '6746cc670000000020002afb', 'name': '停火协定', 'type': 'topic'}, {'id': '661b461c000000001b03cf23', 'name': '以伊冲突', 'type': 'topic'}, {'type': 'topic', 'id': '5c46829d000000000e009c0a', 'name': '热点'}, {'id': '65e2e8ac0000000002018c8d', 'name': '远离战争愿世界和平', 'type': 'topic'}, {'id': '5d536510000000000f027277', 'name': '热点新闻', 'type': 'topic'}, {'name': '国际新闻', 'type': 'topic', 'id': '5f1f803d00000000010026fb'}], 'at_user_list': [{'user_id': '5f585bb600000000010080b0', 'nickname': '小红书视频号', 'xsec_token': 'ABhhLgNCwcvNik6vWukxfdcTP1LVJMZU6543o7nsHe7Rw='}, {'xsec_token': 'AB05p0_fu2trkqprfJOwa9VIx17vuTtTLb1f0VUsApMsI=', 'user_id': '6357c096000000001802aa80', 'nickname': '视频薯'}, {'user_id': '622f299f00000000100098c8', 'nickname': '热点薯', 'xsec_token': 'AB_M4BWzIYRVzvC9IpeUadajspwA2k7pn9EoCiW8xtmRI='}, {'nickname': '锦观新闻', 'xsec_token': 'ABHZhG7P_o-RFmrjoNRBb5YRpNdntd70ZqxG9lTKxOG8I=', 'user_id': '622c52ec000000002102b031'}], 'xsec_token': 'AB8a4KMvvcFJKBrwkSBlf4mRYnaIbG3TSGI3antFGkv9M=', 'xsec_source': None}]
20:32:21 | INFO    | [XiaoHongShuCrawler.batch_get_note_comments] Begin batch get note comments, note list: ['68581c8b0000000011001364', '685d13c50000000017037137', '685996a1000000001502382d', '6858a035000000001c033152', '6859c9730000000023005d48', '68598e73000000000d026735', '685a3d96000000001100098b', '6859dd88000000001502292a', '685776f00000000012031d6f', '685a0b4d0000000011003775', '69859506000000001a0219a6', '685a174c000000002201ca12', '6967a0ad000000001a030839', '685a4db60000000022030a42', '6998ff8c000000000c0361e5', '696375fe000000000b00a8f1', '685d329d000000001100145c', '685ac63b0000000022032147', '69635c4b000000001a02f1d1', '685a07ea000000002400a2f2']
20:32:21 | INFO    | [XiaoHongShuCrawler.get_comments] Begin get note id comments 68581c8b0000000011001364
20:32:21 | INFO    | [BilibiliCrawler.get_bilibili_video] Crawling image mode is not enabled
20:32:21 | INFO    | [store.bilibili.update_bilibili_video] bilibili video id:116147274061041, title:重磅：美国东部周六凌晨02:40分，川普发布攻打伊朗的声明！
20:32:21 | INFO    | [store.bilibili.update_up_info] bilibili user_id:282219858
20:32:21 | INFO    | [BilibiliCrawler.get_bilibili_video] Crawling image mode is not enabled
20:32:21 | INFO    | [store.bilibili.update_bilibili_video] bilibili video id:116147743823648, title:伊朗重拳反击！美中东多处军事基地遭打击，以300余处拉响警报
20:32:21 | INFO    | [store.bilibili.update_up_info] bilibili user_id:3546886745098478
20:32:21 | INFO    | [BilibiliCrawler.get_bilibili_video] Crawling image mode is not enabled
20:32:21 | INFO    | [store.bilibili.update_bilibili_video] bilibili video id:116147240375771, title:下午两点四十，川普发布打击伊朗的声明！美军正在对伊朗展开大规模军事行动！
20:32:21 | INFO    | [store.xhs.update_xhs_note_comment] xhs note comment:{'comment_id': '68588f57000000000c016210', 'create_time': 1750634327000, 'ip_location': '海南', 'note_id': '68581c8b0000000011001364', 'content': '团结起来对付老美，世界就和平了', 'user_id': '5d818345000000000100903d', 'nickname': '余生有你', 'avatar': 'https://sns-avatar-qc.xhscdn.com/avatar/1040g2jo31ec6ghaa0u6g5nc1gd2g941tl5t0cto?imageView2/2/w/120/format/jpg', 'sub_comment_count': '27', 'pictures': '', 'parent_comment_id': 0, 'last_modify_ts': 1772281941509, 'like_count': '322'}
20:32:21 | INFO    | [store.bilibili.update_up_info] bilibili user_id:394382773
20:32:21 | INFO    | [BilibiliCrawler.get_bilibili_video] Crawling image mode is not enabled
20:32:21 | INFO    | [store.bilibili.update_bilibili_video] bilibili video id:116147609472831, title:据伊朗梅尔通讯社报道，最新画面显示了美国和以色列空袭伊朗首都德黑兰伊军总部地堡后的景象，显然一枚钻地炸弹在地下深处爆炸，据称已击毙伊朗国防部长和伊朗陆军总司令
20:32:21 | INFO    | [store.xhs.update_xhs_note_comment] xhs note comment:{'comment_id': '6858336e0000000020023ee3', 'create_time': 1750610798000, 'ip_location': '广东', 'note_id': '68581c8b0000000011001364', 'content': '真打不会公布，公布就是为了扯皮[笑哭了R]', 'user_id': '62cb0ebd000000000e00dd9f', 'nickname': '小红薯62CB1CC3', 'avatar': 'https://sns-avatar-qc.xhscdn.com/avatar/d784fc20c996f3d2f39d034c404f234e.jpg?imageView2/2/w/120/format/jpg', 'sub_comment_count': '2', 'pictures': '', 'parent_comment_id': 0, 'last_modify_ts': 1772281941592, 'like_count': '41'}
20:32:21 | INFO    | [store.bilibili.update_up_info] bilibili user_id:3546697068185921
20:32:21 | INFO    | [store.xhs.update_xhs_note_comment] xhs note comment:{'comment_id': '6858dd2a000000000c026845', 'create_time': 1750654250000, 'ip_location': '辽宁', 'note_id': '68581c8b0000000011001364', 'content': '中东大国就应该硬气点。有点大哥样子', 'user_id': '64f405b7000000000500020a', 'nickname': '哄哄', 'avatar': 'https://sns-avatar-qc.xhscdn.com/avatar/645b7efe1fc3de4c930effac.jpg?imageView2/2/w/120/format/jpg', 'sub_comment_count': '5', 'pictures': '', 'parent_comment_id': 0, 'last_modify_ts': 1772281941691, 'like_count': '22'}
20:32:21 | INFO    | [BilibiliCrawler.get_bilibili_video] Crawling image mode is not enabled
20:32:21 | INFO    | [store.bilibili.update_bilibili_video] bilibili video id:116147743621294, title:2月28日 伊朗导弹和无人机打击以色列 伊朗打击美国在中东的军事基地
20:32:21 | INFO    | [store.xhs.update_xhs_note_comment] xhs note comment:{'comment_id': '68585bd00000000006004df7', 'create_time': 1750621137000, 'ip_location': '广东', 'note_id': '68581c8b0000000011001364', 'content': '伊朗很慫的,過兩天就屁顛屁顛的和談了[笑哭R][笑哭R][笑哭R]', 'user_id': '6603f88d000000000600deda', 'nickname': '樂', 'avatar': 'https://sns-avatar-qc.xhscdn.com/avatar/1040g2jo31l4p83dvj6605pg3v26hhnmqruef38o?imageView2/2/w/120/format/jpg', 'sub_comment_count': '2', 'pictures': '', 'parent_comment_id': 0, 'last_modify_ts': 1772281941777, 'like_count': '11'}
20:32:21 | INFO    | [store.bilibili.update_up_info] bilibili user_id:395941539
20:32:21 | INFO    | [store.xhs.update_xhs_note_comment] xhs note comment:{'comment_id': '68594a72000000000401f918', 'create_time': 1750682227000, 'ip_location': '江苏', 'note_id': '68581c8b0000000011001364', 'content': '中国应该援助五千枚导弹', 'user_id': '6457873c000000000f007c5d', 'nickname': '贾、先森', 'avatar': 'https://sns-avatar-qc.xhscdn.com/avatar/1040g2jo31b1b9o2v725g5p2ngsu3ov2thj9kif0?imageView2/2/w/120/format/jpg', 'sub_comment_count': '5', 'pictures': '', 'parent_comment_id': 0, 'last_modify_ts': 1772281941869, 'like_count': '2'}
20:32:21 | INFO    | [BilibiliCrawler.get_bilibili_video] Crawling image mode is not enabled
20:32:21 | INFO    | [store.bilibili.update_bilibili_video] bilibili video id:116148146276402, title:2026年2月28日，美国与伊朗进行导弹互射，其中一枚导弹击中了美国军事基地
20:32:21 | INFO    | [store.xhs.update_xhs_note_comment] xhs note comment:{'comment_id': '685834ca000000000401cfac', 'create_time': 1750611146000, 'ip_location': '山东', 'note_id': '68581c8b0000000011001364', 'content': '美国的债利息要到期了，打伊朗封锁波斯湾，石油会涨价到很高，美国国内已经提前大量开采石油了，也延缓资本流出美国。但是美国时间选的不对，最佳时间在5月左右，几个星期解决。川不懂战争战略学，时间选错了，如果不能在7月前解决，美国债务和伊朗会拖死美国。这也是大家都希望把美熬死在中东。', 'user_id': '67648aaf00000000180174a4', 'nickname': '富城说', 'avatar': 'https://sns-avatar-qc.xhscdn.com/avatar/1040g2jo31rceg68q0a5g5pr4hanm2t54skefh98?imageView2/2/w/120/format/jpg', 'sub_comment_count': '0', 'pictures': '', 'parent_comment_id': 0, 'last_modify_ts': 1772281941961, 'like_count': '13'}
20:32:21 | INFO    | [store.bilibili.update_up_info] bilibili user_id:3546656540724042
20:32:22 | INFO    | [store.xhs.update_xhs_note_comment] xhs note comment:{'comment_id': '6858e7190000000004017e6e', 'create_time': 1750656794000, 'ip_location': '广东', 'note_id': '68581c8b0000000011001364', 'content': '直接开干，不提前说，会不会更好？', 'user_id': '5ec897870000000001006be8', 'nickname': '丫丫', 'avatar': 'https://sns-avatar-qc.xhscdn.com/avatar/0dd6f7e91ce0bea602fbc47515b7c72f.jpg?imageView2/2/w/120/format/jpg', 'sub_comment_count': '2', 'pictures': '', 'parent_comment_id': 0, 'last_modify_ts': 1772281942041, 'like_count': '4'}
20:32:22 | INFO    | [BilibiliCrawler.get_bilibili_video] Crawling image mode is not enabled
20:32:22 | INFO    | [store.bilibili.update_bilibili_video] bilibili video id:116147995282649, title:美以袭击瞄准伊朗最高领袖和总统的官邸 已确认的目标还包括：伊朗议会、国家最高委员会、情报部、伊朗原子能机构 试图推翻伊朗政权
20:32:22 | INFO    | [store.xhs.update_xhs_note_comment] xhs note comment:{'comment_id': '6858bd520000000006007e5a', 'create_time': 1750646098000, 'ip_location': '江苏', 'note_id': '68581c8b0000000011001364', 'content': '这也太强了吧，岂不要翻天[大笑R]', 'user_id': '5b9336e6687e03000181e659', 'nickname': '三百万伊始', 'avatar': 'https://sns-avatar-qc.xhscdn.com/avatar/53ba1722242c3e9344db7b0fc2e1005f.jpg?imageView2/2/w/120/format/jpg', 'sub_comment_count': '1', 'pictures': '', 'parent_comment_id': 0, 'last_modify_ts': 1772281942110, 'like_count': '6'}
20:32:22 | INFO    | [store.bilibili.update_up_info] bilibili user_id:1911346146
20:32:22 | INFO    | [store.xhs.update_xhs_note_comment] xhs note comment:{'comment_id': '6859e5ad000000002000d0c1', 'create_time': 1750721966000, 'ip_location': '广东', 'note_id': '68581c8b0000000011001364', 'content': '都已经告诉他了我要打你，其实就是虚张声势', 'user_id': '6539364f000000000d0046f0', 'nickname': '好运常在', 'avatar': 'https://sns-avatar-qc.xhscdn.com/avatar/645b7f83b46568f580649586.jpg?imageView2/2/w/120/format/jpg', 'sub_comment_count': '2', 'pictures': '', 'parent_comment_id': 0, 'last_modify_ts': 1772281942179, 'like_count': '3'}
20:32:22 | INFO    | [BilibiliCrawler.get_bilibili_video] Crawling image mode is not enabled
20:32:22 | INFO    | [store.bilibili.update_bilibili_video] bilibili video id:116147676579988, title:美以军事行动袭击伊朗；伊朗反击以色列，打击美国在中东的军事基地（20260228 特别军事直播）
20:32:22 | INFO    | [store.xhs.update_xhs_note_comment] xhs note comment:{'comment_id': '6858cc9c0000000020032058', 'create_time': 1750650012000, 'ip_location': '江苏', 'note_id': '68581c8b0000000011001364', 'content': '不要说直接动手，要学漂亮国的不要脸，说2周的结果直接就偷袭了！！！', 'user_id': '601f90aa000000000100a77d', 'nickname': '我的小星星', 'avatar': 'https://sns-avatar-qc.xhscdn.com/avatar/1040g2jo31hbdgce83od05o0vi2l099rtvdjslm8?imageView2/2/w/120/format/jpg', 'sub_comment_count': '0', 'pictures': '', 'parent_comment_id': 0, 'last_modify_ts': 1772281942259, 'like_count': '8'}
20:32:22 | INFO    | [store.bilibili.update_up_info] bilibili user_id:10330740
20:32:22 | INFO    | [BilibiliCrawler.get_bilibili_video] Crawling image mode is not enabled
20:32:22 | INFO    | [store.bilibili.update_bilibili_video] bilibili video id:116147441698919, title:2026/02/28 特朗普向伊朗宣战：誓言“全歼”伊朗海军，导弹基地将被夷为平地！
20:32:22 | INFO    | [store.bilibili.update_up_info] bilibili user_id:12433520
20:32:22 | INFO    | [BilibiliCrawler.get_bilibili_video] Crawling image mode is not enabled
20:32:22 | INFO    | [store.bilibili.update_bilibili_video] bilibili video id:116147961729131, title:伊朗革命卫队宣布启动为“真实承诺4”的跨境打击行动！核心攻击目标包括位于巴林的美国海军第五舰队总部，以及美军在卡塔尔和阿联酋境内的多处军事基地！还有以色列
20:32:22 | INFO    | [store.bilibili.update_up_info] bilibili user_id:3546574592412583
20:32:22 | INFO    | [BilibiliCrawler.get_bilibili_video] Crawling image mode is not enabled
20:32:22 | INFO    | [store.bilibili.update_bilibili_video] bilibili video id:116147794084904, title:2.28打伊朗新消息汇总！最后一段是“伊朗导弹打也门的美国军事基地实景”！
20:32:22 | INFO    | [store.bilibili.update_up_info] bilibili user_id:3546973686729130
20:32:22 | INFO    | [BilibiliCrawler.get_bilibili_video] Crawling image mode is not enabled
20:32:24 | INFO    | [XiaoHongShuCrawler.get_comments_all_sub_comments] Crawling sub_comment mode is not enabled
20:32:24 | INFO    | [store.xhs.update_xhs_note_comment] xhs note comment:{'comment_id': '685a9eee000000000401e7d2', 'create_time': 1750769391000, 'ip_location': '云南', 'note_id': '68581c8b0000000011001364', 'content': '努力！干[刀R][刀R][刀R][刀R]', 'user_id': '5f5dc6a60000000001003fae', 'nickname': '老李头', 'avatar': 'https://sns-avatar-qc.xhscdn.com/avatar/166ad12ae9a7f6fbb4bbbf88d417895f.jpg?imageView2/2/w/120/format/jpg', 'sub_comment_count': '0', 'pictures': '', 'parent_comment_id': 0, 'last_modify_ts': 1772281944796, 'like_count': '1'}
20:32:24 | INFO    | [store.xhs.update_xhs_note_comment] xhs note comment:{'comment_id': '685a8c470000000004016b12', 'create_time': 1750764616000, 'ip_location': '浙江', 'note_id': '68581c8b0000000011001364', 'content': '早该这样干了', 'user_id': '637240a1000000001f014992', 'nickname': '小红薯6373619C', 'avatar': 'https://sns-avatar-qc.xhscdn.com/avatar/2b4cefbb01e0a0824f5c173dde7f98b2.jpg?imageView2/2/w/120/format/jpg', 'sub_comment_count': '0', 'pictures': '', 'parent_comment_id': 0, 'last_modify_ts': 1772281944874, 'like_count': '1'}
20:32:24 | INFO    | [store.xhs.update_xhs_note_comment] xhs note comment:{'comment_id': '685a13f60000000004016d55', 'create_time': 1750733815000, 'ip_location': '海南', 'note_id': '68581c8b0000000011001364', 'content': '唯有团结才能对抗，中东国家还不觉醒吗？你们正在一步一步被美国瓦解，每个都跑不掉', 'user_id': '628c5cb80000000021021fee', 'nickname': 'AW.20251214', 'avatar': 'https://sns-avatar-qc.xhscdn.com/avatar/1040g2jo31os09qkh1q105okcbis8c7vesv553s8?imageView2/2/w/120/format/jpg', 'sub_comment_count': '0', 'pictures': '', 'parent_comment_id': 0, 'last_modify_ts': 1772281944968, 'like_count': '3'}
20:32:25 | INFO    | [store.xhs.update_xhs_note_comment] xhs note comment:{'comment_id': '6859ff2500000000130358a3', 'create_time': 1750728486000, 'ip_location': '广东', 'note_id': '68581c8b0000000011001364', 'content': '伊朗[点赞R][点赞R][点赞R]，是该教训一下老美了', 'user_id': '6459fc90000000001002b1f9', 'nickname': 'Lisha  Qin', 'avatar': 'https://sns-avatar-qc.xhscdn.com/avatar/d784fc20c996f3d2f39d034c404f234e.jpg?imageView2/2/w/120/format/jpg', 'sub_comment_count': '0', 'pictures': '', 'parent_comment_id': 0, 'last_modify_ts': 1772281945060, 'like_count': '4'}
20:32:25 | INFO    | [store.xhs.update_xhs_note_comment] xhs note comment:{'comment_id': '6859fc2f000000002002cb34', 'create_time': 1750727728000, 'ip_location': '山西', 'note_id': '68581c8b0000000011001364', 'content': '五盒🥚，大显神威的时候到了', 'user_id': '64a0e745000000000a02259c', 'nickname': '小红薯64A1EC11', 'avatar': 'https://sns-avatar-qc.xhscdn.com/avatar/645b6b2504c28aa15eab1dac.jpg?imageView2/2/w/120/format/jpg', 'sub_comment_count': '0', 'pictures': '', 'parent_comment_id': 0, 'last_modify_ts': 1772281945140, 'like_count': '0'}
20:32:25 | INFO    | [store.xhs.update_xhs_note_comment] xhs note comment:{'comment_id': '6859f68f000000000c0278d0', 'create_time': 1750726288000, 'ip_location': '河南', 'note_id': '68581c8b0000000011001364', 'content': '打下来换个100年的安定也不错，要不总被骚扰，挺膈应人。', 'user_id': '57733e135e87e74316a4b79a', 'nickname': '素颜', 'avatar': 'https://sns-avatar-qc.xhscdn.com/avatar/1040g2jo315d43fs62o5g48h2epv17dsqs1ddmco?imageView2/2/w/120/format/jpg', 'sub_comment_count': '0', 'pictures': '', 'parent_comment_id': 0, 'last_modify_ts': 1772281945215, 'like_count': '3'}
20:32:25 | INFO    | [store.xhs.update_xhs_note_comment] xhs note comment:{'comment_id': '6859dbaf0000000013035791', 'create_time': 1750719408000, 'ip_location': '重庆', 'note_id': '68581c8b0000000011001364', 'content': '勇敢的人都是做了再说，而不是说了不做。', 'user_id': '60a1d0b20000000001004649', 'nickname': '妲己爱吃菠菜', 'avatar': 'https://sns-avatar-qc.xhscdn.com/avatar/1040g2jo31dsk1v65126g5o51q2p08hi9se7hhh0?imageView2/2/w/120/format/jpg', 'sub_comment_count': '0', 'pictures': '', 'parent_comment_id': 0, 'last_modify_ts': 1772281945301, 'like_count': '2'}
20:32:25 | INFO    | [store.xhs.update_xhs_note_comment] xhs note comment:{'comment_id': '6859daa70000000020020a05', 'create_time': 1750719143000, 'ip_location': '广西', 'note_id': '68581c8b0000000011001364', 'content': '爱好和平的老美基地不少', 'user_id': '6741b9d5000000001c018922', 'nickname': '宇文牧心', 'avatar': 'https://sns-avatar-qc.xhscdn.com/avatar/1040g2jo31f7egfti6o605pq1n7an32924o1t96g?imageView2/2/w/120/format/jpg', 'sub_comment_count': '1', 'pictures': '', 'parent_comment_id': 0, 'last_modify_ts': 1772281945360, 'like_count': '0'}
20:32:25 | INFO    | [store.xhs.update_xhs_note_comment] xhs note comment:{'comment_id': '6859d78d0000000006004b7b', 'create_time': 1750718350000, 'ip_location': '四川', 'note_id': '68581c8b0000000011001364', 'content': '现在中东的联合起来打击所有中东的美军军事基地', 'user_id': '616c174c000000001f03bc70', 'nickname': '浩 哥', 'avatar': 'https://sns-avatar-qc.xhscdn.com/avatar/616c174c000000001f03bc70.jpg?imageView2/2/w/120/format/jpg', 'sub_comment_count': '0', 'pictures': '', 'parent_comment_id': 0, 'last_modify_ts': 1772281945481, 'like_count': '2'}
20:32:25 | INFO    | [store.xhs.update_xhs_note_comment] xhs note comment:{'comment_id': '6859cbbf000000000400d761', 'create_time': 1750715327000, 'ip_location': '山东', 'note_id': '68581c8b0000000011001364', 'content': '关闭老美的GPS就不怕它了，随便打', 'user_id': '62da37690000000015018682', 'nickname': '从头再来', 'avatar': 'https://sns-avatar-qc.xhscdn.com/avatar/411309441983cdc4ce073ff8da73b5b6.jpg?imageView2/2/w/120/format/jpg', 'sub_comment_count': '0', 'pictures': '', 'parent_comment_id': 0, 'last_modify_ts': 1772281945570, 'like_count': '1'}
20:32:26 | INFO    | [BilibiliCrawler.search_by_keywords] Sleeping for 2 seconds after page 1
20:32:26 | INFO    | [BilibiliCrawler.batch_get_video_comments] video ids:[116147760468032, 116147307550968, 116147139649224, 116147743623423, 116147156555594, 116147525521943, 116147542431196, 116147726848327, 116147542294738, 116147274061041, 116147743823648, 116147240375771, 116147609472831, 116147743621294, 116148146276402, 116147995282649, 116147676579988, 116147441698919, 116147961729131, 116147794084904]
20:32:26 | INFO    | [BilibiliCrawler.get_comments] begin get video_id: 116147760468032 comments ...
20:32:27 | INFO    | [XiaoHongShuCrawler.get_comments_all_sub_comments] Crawling sub_comment mode is not enabled
20:32:28 | INFO    | [BilibiliCrawler.get_comments] Sleeping for 2 seconds after fetching comments for video 116147760468032
20:32:28 | INFO    | [store.bilibili.update_bilibili_video_comment] Bilibili video comment: 291618990513, content: 快进到两周后
伊朗宣布自己已经实现了报复赢麻了
以色列宣布伊朗不敢打过来赢麻了
美国宣布自己自己制止了以伊战争赢麻了[doge]
20:32:28 | INFO    | [store.bilibili.update_bilibili_video_comment] Bilibili video comment: 291618142161, content: 美军废材啊。。快上地面部队，上地面部队必赢。。快去[吃瓜][吃瓜][吃瓜]。。。别让我看不起你老美
20:32:28 | INFO    | [store.bilibili.update_bilibili_video_comment] Bilibili video comment: 291617664465, content: 川普不但沒結束俄烏戰爭，反而在世界各地引戰 😅
20:32:29 | INFO    | [XiaoHongShuCrawler.get_comments] Sleeping for 2 seconds after fetching comments for note 68581c8b0000000011001364
20:32:29 | INFO    | [XiaoHongShuCrawler.get_comments] Begin get note id comments 685d13c50000000017037137
20:32:30 | INFO    | [store.xhs.update_xhs_note_comment] xhs note comment:{'comment_id': '685d287e000000001100df87', 'create_time': 1750935679000, 'ip_location': '广东', 'note_id': '685d13c50000000017037137', 'content': '有历史以来全世界最和平的战争，互利互惠互生互爱，和平永久', 'user_id': '6109c89e000000000101d24e', 'nickname': '小湘厨', 'avatar': 'https://sns-avatar-qc.xhscdn.com/avatar/c94b2589011be6d87bfbbbf21db9e2a0.jpg?imageView2/2/w/120/format/jpg', 'sub_comment_count': '5', 'pictures': '', 'parent_comment_id': 0, 'last_modify_ts': 1772281950110, 'like_count': '380'}
20:32:30 | INFO    | [store.xhs.update_xhs_note_comment] xhs note comment:{'comment_id': '685d35b5000000001102fba8', 'create_time': 1750939061000, 'ip_location': '广东', 'note_id': '685d13c50000000017037137', 'content': '这是新推出的美国脱口秀节目吗[doge]', 'user_id': '5fa572120000000001008c9e', 'nickname': '二二', 'avatar': 'https://sns-avatar-qc.xhscdn.com/avatar/1040g2jo311gclpg9me005nt5e890934udc3jcd0?imageView2/2/w/120/format/jpg', 'sub_comment_count': '5', 'pictures': '', 'parent_comment_id': 0, 'last_modify_ts': 1772281950193, 'like_count': '149'}
20:32:30 | INFO    | [store.xhs.update_xhs_note_comment] xhs note comment:{'comment_id': '685d2a2c000000000400f092', 'create_time': 1750936108000, 'ip_location': '湖北', 'note_id': '685d13c50000000017037137', 'content': '和印度真的是一对卧龙凤雏啊', 'user_id': '5c6c0bc800000000100120ef', 'nickname': '朱芳', 'avatar': 'https://sns-avatar-qc.xhscdn.com/avatar/1040g2jo30oncgc5tj4605n3c1f44287ftlb7ekg?imageView2/2/w/120/format/jpg', 'sub_comment_count': '0', 'pictures': '', 'parent_comment_id': 0, 'last_modify_ts': 1772281950245, 'like_count': '106'}
20:32:30 | INFO    | [store.xhs.update_xhs_note_comment] xhs note comment:{'comment_id': '685d16f50000000020012884', 'create_time': 1750931189000, 'ip_location': '江苏', 'note_id': '685d13c50000000017037137', 'content': '老小子还在这搅浑水呢[doge]', 'user_id': '5b175c08db2e60670fc7ff90', 'nickname': 'Cheney🎶', 'avatar': 'https://sns-avatar-qc.xhscdn.com/avatar/1040g2jo31m0mm1vflm004a5vvee0hvsghe6p3g8?imageView2/2/w/120/format/jpg', 'sub_comment_count': '0', 'pictures': '', 'parent_comment_id': 0, 'last_modify_ts': 1772281950302, 'like_count': '90'}
20:32:30 | INFO    | [store.xhs.update_xhs_note_comment] xhs note comment:{'comment_id': '685d5e9c000000000401c44a', 'create_time': 1750949533000, 'ip_location': '湖北', 'note_id': '685d13c50000000017037137', 'content': '我都怀疑特朗普家族这段时间在炒石油期货了。', 'user_id': '651d952c00000000240153a4', 'nickname': '小哥', 'avatar': 'https://sns-avatar-qc.xhscdn.com/avatar/1040g2jo30roa6e912m6g5p8tikm92kt4drbc318?imageView2/2/w/120/format/jpg', 'sub_comment_count': '5', 'pictures': '', 'parent_comment_id': 0, 'last_modify_ts': 1772281950371, 'like_count': '37'}
20:32:30 | INFO    | [store.xhs.update_xhs_note_comment] xhs note comment:{'comment_id': '685dd780000000002000c52c', 'create_time': 1750980480000, 'ip_location': '上海', 'note_id': '685d13c50000000017037137', 'content': '可拿奥斯卡，胜在不装', 'user_id': '654f71f500000000020360d7', 'nickname': '杨Sir百唠汇', 'avatar': 'https://sns-avatar-qc.xhscdn.com/avatar/1040g2jo313f2kq7t066g5pafe7qgmo6nem7lvmo?imageView2/2/w/120/format/jpg', 'sub_comment_count': '0', 'pictures': '', 'parent_comment_id': 0, 'last_modify_ts': 1772281950445, 'like_count': '48'}
20:32:30 | INFO    | [store.xhs.update_xhs_note_comment] xhs note comment:{'comment_id': '685dd877000000002000dd9b', 'create_time': 1750980728000, 'ip_location': '广东', 'note_id': '685d13c50000000017037137', 'content': '没有美军，没有飞机装备，打的是一个空壳基地吧', 'user_id': '62963c250000000021021a79', 'nickname': '叶子勇敢', 'avatar': 'https://sns-avatar-qc.xhscdn.com/avatar/62963c250000000021021a79.jpg?imageView2/2/w/120/format/jpg', 'sub_comment_count': '2', 'pictures': '', 'parent_comment_id': 0, 'last_modify_ts': 1772281950502, 'like_count': '39'}
20:32:30 | INFO    | [store.xhs.update_xhs_note_comment] xhs note comment:{'comment_id': '685d5e4b000000000f03e1b4', 'create_time': 1750949451000, 'ip_location': '南非', 'note_id': '685d13c50000000017037137', 'content': 'You actually said Its fine to fire at your own base, are you some special kind of........??? I ran out of an English word to describe you, but there is a very good Chinese version with a B in it, can you figured it out??', 'user_id': '6559abb4000000000802c825', 'nickname': 'jack', 'avatar': 'https://sns-avatar-qc.xhscdn.com/avatar/1040g2jo31hi4aikv346g5papleq25i15u54poo0?imageView2/2/w/120/format/jpg', 'sub_comment_count': '3', 'pictures': '', 'parent_comment_id': 0, 'last_modify_ts': 1772281950577, 'like_count': '33'}
20:32:30 | INFO    | [store.xhs.update_xhs_note_comment] xhs note comment:{'comment_id': '685dcc5c000000000401999e', 'create_time': 1750977629000, 'ip_location': '马来西亚', 'note_id': '685d13c50000000017037137', 'content': '他的话毋须测谎器只需看看听者的眼睛听了会不会变大，嘴巴捂不住发出哈哈哈哈哈。', 'user_id': '61e6ba63000000001000a3b7', 'nickname': 'edmund', 'avatar': 'https://sns-avatar-qc.xhscdn.com/avatar/651d041911557fc364f4c818.jpg?imageView2/2/w/120/format/jpg', 'sub_comment_count': '2', 'pictures': '', 'parent_comment_id': 0, 'last_modify_ts': 1772281950644, 'like_count': '19'}
20:32:30 | INFO    | [store.xhs.update_xhs_note_comment] xhs note comment:{'comment_id': '685d78a900000000200101cc', 'create_time': 1750956202000, 'ip_location': '山东', 'note_id': '685d13c50000000017037137', 'content': '战争竟然有剧本', 'user_id': '6853645d000000001b020b1c', 'nickname': '热点薯片', 'avatar': 'https://sns-avatar-qc.xhscdn.com/avatar/1040g2jo31pi3k64n42605q2jchems2osq8qigtg?imageView2/2/w/120/format/jpg', 'sub_comment_count': '0', 'pictures': '', 'parent_comment_id': 0, 'last_modify_ts': 1772281950703, 'like_count': '15'}
20:32:30 | INFO    | [BilibiliCrawler.get_comments] begin get video_id: 116147307550968 comments ...
20:32:32 | INFO    | [XiaoHongShuCrawler.get_comments_all_sub_comments] Crawling sub_comment mode is not enabled
20:32:33 | INFO    | [store.xhs.update_xhs_note_comment] xhs note comment:{'comment_id': '68751b300000000009017c4b', 'create_time': 1752505137000, 'ip_location': '美国', 'note_id': '685d13c50000000017037137', 'content': '[微笑R]', 'user_id': '6872ebaf000000001b022504', 'nickname': 'Sunny', 'avatar': 'https://sns-avatar-qc.xhscdn.com/avatar/1040g2jo31js06r6qj4005q3itenms9845k9tkjg?imageView2/2/w/120/format/jpg', 'sub_comment_count': '0', 'pictures': '', 'parent_comment_id': 0, 'last_modify_ts': 1772281953094, 'like_count': '1'}
20:32:33 | INFO    | [store.xhs.update_xhs_note_comment] xhs note comment:{'comment_id': '68751b24000000000201bd7f', 'create_time': 1752505125000, 'ip_location': '美国', 'note_id': '685d13c50000000017037137', 'content': '[微笑R]', 'user_id': '6872ebaf000000001b022504', 'nickname': 'Sunny', 'avatar': 'https://sns-avatar-qc.xhscdn.com/avatar/1040g2jo31js06r6qj4005q3itenms9845k9tkjg?imageView2/2/w/120/format/jpg', 'sub_comment_count': '0', 'pictures': '', 'parent_comment_id': 0, 'last_modify_ts': 1772281953172, 'like_count': '0'}
20:32:33 | INFO    | [store.xhs.update_xhs_note_comment] xhs note comment:{'comment_id': '6870418d0000000004015eaf', 'create_time': 1752187278000, 'ip_location': '贵州', 'note_id': '685d13c50000000017037137', 'content': '川普扯卵蛋，讲国际笑话而已。', 'user_id': '5e2a2d220000000001001288', 'nickname': '老戴', 'avatar': 'https://sns-avatar-qc.xhscdn.com/avatar/5e2a2d220000000001001288.jpg?imageView2/2/w/120/format/jpg', 'sub_comment_count': '0', 'pictures': '', 'parent_comment_id': 0, 'last_modify_ts': 1772281953230, 'like_count': '0'}
20:32:33 | INFO    | [store.xhs.update_xhs_note_comment] xhs note comment:{'comment_id': '68610c450000000004014bb5', 'create_time': 1751190597000, 'ip_location': '新疆', 'note_id': '685d13c50000000017037137', 'content': '我觉得说的是实话', 'user_id': '61ea343b000000002102653d', 'nickname': '宝哥', 'avatar': 'https://sns-avatar-qc.xhscdn.com/avatar/1040g2jo31k462l4f2u605ofa6gtocp9te4suve0?imageView2/2/w/120/format/jpg', 'sub_comment_count': '0', 'pictures': '', 'parent_comment_id': 0, 'last_modify_ts': 1772281953365, 'like_count': '0'}
20:32:33 | INFO    | [store.xhs.update_xhs_note_comment] xhs note comment:{'comment_id': '68610143000000000c014dde', 'create_time': 1751187779000, 'ip_location': '广东', 'note_id': '685d13c50000000017037137', 'content': '老特：我爱说老实话[doge]', 'user_id': '5ce763b30000000005000ed7', 'nickname': '番茄炒蛋', 'avatar': 'https://sns-avatar-qc.xhscdn.com/avatar/1040g2jo31f4hq0nd6a605n77ceph83mnh14i830?imageView2/2/w/120/format/jpg', 'sub_comment_count': '0', 'pictures': '', 'parent_comment_id': 0, 'last_modify_ts': 1772281953430, 'like_count': '0'}
20:32:33 | INFO    | [store.xhs.update_xhs_note_comment] xhs note comment:{'comment_id': '6860b76c000000000401d79f', 'create_time': 1751168877000, 'ip_location': '广东', 'note_id': '685d13c50000000017037137', 'content': '你居然敢批准，这不是叛国么[偷笑R]', 'user_id': '62eba490000000001f00677e', 'nickname': '黑择明', 'avatar': 'https://sns-avatar-qc.xhscdn.com/avatar/1040g2jo31sljmnralm005onbki87opru2rofen0?imageView2/2/w/120/format/jpg', 'sub_comment_count': '0', 'pictures': '', 'parent_comment_id': 0, 'last_modify_ts': 1772281953499, 'like_count': '0'}
20:32:33 | INFO    | [store.xhs.update_xhs_note_comment] xhs note comment:{'comment_id': '68609fde000000000401aff6', 'create_time': 1751162847000, 'ip_location': '山东', 'note_id': '685d13c50000000017037137', 'content': '[笑哭R][笑哭R][笑哭R]', 'user_id': '5e4e9f570000000001006c16', 'nickname': '刘琳', 'avatar': 'https://sns-avatar-qc.xhscdn.com/avatar/5e4e9f570000000001006c16.jpg?imageView2/2/w/120/format/jpg', 'sub_comment_count': '0', 'pictures': '', 'parent_comment_id': 0, 'last_modify_ts': 1772281953573, 'like_count': '0'}
20:32:33 | INFO    | [store.xhs.update_xhs_note_comment] xhs note comment:{'comment_id': '68609c84000000000c016592', 'create_time': 1751161988000, 'ip_location': '湖北', 'note_id': '685d13c50000000017037137', 'content': '炮手: 我他妈不是自己人吗？', 'user_id': '638d3dfd00000000230243bc', 'nickname': '🍟(双板滑雪版)', 'avatar': 'https://sns-avatar-qc.xhscdn.com/avatar/1040g2jo31sffba2f5s105osd7nuosgtsk2jmj5g?imageView2/2/w/120/format/jpg', 'sub_comment_count': '0', 'pictures': '', 'parent_comment_id': 0, 'last_modify_ts': 1772281953642, 'like_count': '0'}
20:32:33 | INFO    | [store.xhs.update_xhs_note_comment] xhs note comment:{'comment_id': '686085d80000000004018f23', 'create_time': 1751156185000, 'ip_location': '美国', 'note_id': '685d13c50000000017037137', 'content': 'if his lips 💋 are moving, he is lying .', 'user_id': '678d24f6000000000a03e468', 'nickname': 'Kyle Neely', 'avatar': 'https://sns-avatar-qc.xhscdn.com/avatar/645b7f257b3e7e60e53504de.jpg?imageView2/2/w/120/format/jpg', 'sub_comment_count': '0', 'pictures': '', 'parent_comment_id': 0, 'last_modify_ts': 1772281953705, 'like_count': '0'}
20:32:33 | INFO    | [store.xhs.update_xhs_note_comment] xhs note comment:{'comment_id': '68607d920000000013037be4', 'create_time': 1751154067000, 'ip_location': '福建', 'note_id': '685d13c50000000017037137', 'content': '江湖不是打打杀杀,而是人情世故！国家之间也是，前提是你要有让对方忌惮的能力[笑哭R][笑哭R]', 'user_id': '62ca291e000000000303ed4e', 'nickname': '? ? ?', 'avatar': 'https://sns-avatar-qc.xhscdn.com/avatar/1040g2jo31l1domo42a005oma54f0vraevptltjo?imageView2/2/w/120/format/jpg', 'sub_comment_count': '0', 'pictures': '', 'parent_comment_id': 0, 'last_modify_ts': 1772281953774, 'like_count': '1'}
20:32:34 | INFO    | [BilibiliCrawler.get_comments] Sleeping for 2 seconds after fetching comments for video 116147307550968
20:32:34 | INFO    | [store.bilibili.update_bilibili_video_comment] Bilibili video comment: 293910523888, content: 讲的太他妈好了
冲啊，maga！！！
20:32:34 | INFO    | [store.bilibili.update_bilibili_video_comment] Bilibili video comment: 293925759568, content: usa！usa！usa！
20:32:34 | INFO    | [store.bilibili.update_bilibili_video_comment] Bilibili video comment: 291607622305, content: god bless America
20:32:35 | INFO    | [XiaoHongShuCrawler.get_comments_all_sub_comments] Crawling sub_comment mode is not enabled
20:32:36 | INFO    | [BilibiliCrawler.get_comments] begin get video_id: 116147139649224 comments ...
20:32:37 | INFO    | [XiaoHongShuCrawler.get_comments] Sleeping for 2 seconds after fetching comments for note 685d13c50000000017037137
20:32:37 | INFO    | [XiaoHongShuCrawler.get_comments] Begin get note id comments 685996a1000000001502382d
20:32:38 | INFO    | [store.xhs.update_xhs_note_comment] xhs note comment:{'comment_id': '6859a6de0000000020027457', 'create_time': 1750705886000, 'ip_location': '日本', 'note_id': '685996a1000000001502382d', 'content': '美国在炸完伊朗后就把人员重要装备从这些离伊朗基地撤离了，目的就是给伊朗炸的，好让伊朗对国内有个交代。这样特朗普赢了，伊朗也赢了[doge]', 'user_id': '62b33cde000000001b02bee8', 'nickname': 'ᅠᅠᅠ', 'avatar': 'https://sns-avatar-qc.xhscdn.com/avatar/1040g2jo31oundkqb1g005olj7jf6tfn8dek0598?imageView2/2/w/120/format/jpg', 'sub_comment_count': '10', 'pictures': '', 'parent_comment_id': 0, 'last_modify_ts': 1772281958184, 'like_count': '504'}
20:32:38 | INFO    | [store.xhs.update_xhs_note_comment] xhs note comment:{'comment_id': '6859ebc600000000040189ef', 'create_time': 1750723527000, 'ip_location': '四川', 'note_id': '685996a1000000001502382d', 'content': '提前通知一下就可以炸美军基地，老美不会生气还会感谢你[笑哭R]', 'user_id': '5711fc351c07df6c847e39bf', 'nickname': '去温暖的地方', 'avatar': 'https://sns-avatar-qc.xhscdn.com/avatar/62c6c6110a3d8cf2a57d3ea8.jpg?imageView2/2/w/120/format/jpg', 'sub_comment_count': '2', 'pictures': '', 'parent_comment_id': 0, 'last_modify_ts': 1772281958290, 'like_count': '62'}
20:32:38 | INFO    | [store.xhs.update_xhs_note_comment] xhs note comment:{'comment_id': '685a5f7c000000002002fdb6', 'create_time': 1750753148000, 'ip_location': '河南', 'note_id': '685996a1000000001502382d', 'content': '做空后挑起战争、抄底后结束战争，冷战时的美国总统怎么没有想到这么天才的捞钱方法？', 'user_id': '65bb9237000000000d01f069', 'nickname': '小红薯65BCCBB8', 'avatar': 'https://sns-avatar-qc.xhscdn.com/avatar/645b7f257b3e7e60e53504de.jpg?imageView2/2/w/120/format/jpg', 'sub_comment_count': '1', 'pictures': '', 'parent_comment_id': 0, 'last_modify_ts': 1772281958375, 'like_count': '22'}
20:32:38 | INFO    | [store.xhs.update_xhs_note_comment] xhs note comment:{'comment_id': '6859eb8a000000000c02689b', 'create_time': 1750723467000, 'ip_location': '浙江', 'note_id': '685996a1000000001502382d', 'content': '发射的是人情世故弹，又称和平导弹', 'user_id': '617381d60000000002024c2e', 'nickname': '格鲁嘣嘣', 'avatar': 'https://sns-avatar-qc.xhscdn.com/avatar/1040g2jo31qfbkmqg0a705objg7b0kj1eukqagq8?imageView2/2/w/120/format/jpg', 'sub_comment_count': '1', 'pictures': '', 'parent_comment_id': 0, 'last_modify_ts': 1772281958433, 'like_count': '80'}
20:32:38 | INFO    | [store.xhs.update_xhs_note_comment] xhs note comment:{'comment_id': '6859f09f000000001102f856', 'create_time': 1750724768000, 'ip_location': '山东', 'note_id': '685996a1000000001502382d', 'content': '从拦截画面看，伊朗发射的就是无人机或者远程火箭弹，顶多就是几枚很老旧的近程弹道导弹，生怕美军拦不住', 'user_id': '644246b10000000010029733', 'nickname': '排骨米饭', 'avatar': 'https://sns-avatar-qc.xhscdn.com/avatar/529594cd91bbf4c43608131bf9134bdc.jpg?imageView2/2/w/120/format/jpg', 'sub_comment_count': '1', 'pictures': '', 'parent_comment_id': 0, 'last_modify_ts': 1772281958497, 'like_count': '3'}
20:32:38 | INFO    | [store.xhs.update_xhs_note_comment] xhs note comment:{'comment_id': '685a0e27000000000400e597', 'create_time': 1750732328000, 'ip_location': '广东', 'note_id': '685996a1000000001502382d', 'content': '为什么要轰卡塔尔', 'user_id': '59b357a2db2e607512e8b3c4', 'nickname': '钟美腻超美腻', 'avatar': 'https://sns-avatar-qc.xhscdn.com/avatar/1040g2jo30qio2r96020049pg6sbq5cu4ffva17o?imageView2/2/w/120/format/jpg', 'sub_comment_count': '1', 'pictures': '', 'parent_comment_id': 0, 'last_modify_ts': 1772281958547, 'like_count': '1'}
20:32:38 | INFO    | [store.xhs.update_xhs_note_comment] xhs note comment:{'comment_id': '6859aa3500000000130364cf', 'create_time': 1750706741000, 'ip_location': '赞比亚', 'note_id': '685996a1000000001502382d', 'content': '都被拦截了 洗洗睡吧', 'user_id': '5e3e44150000000001009da5', 'nickname': '游击队队长', 'avatar': 'https://sns-avatar-qc.xhscdn.com/avatar/1040g2jo319rs6daimm6g5nhu8gag97d56nak5u0?imageView2/2/w/120/format/jpg', 'sub_comment_count': '1', 'pictures': '', 'parent_comment_id': 0, 'last_modify_ts': 1772281958658, 'like_count': '6'}
20:32:38 | INFO    | [store.xhs.update_xhs_note_comment] xhs note comment:{'comment_id': '685aa1c6000000000c014488', 'create_time': 1750770119000, 'ip_location': '湖北', 'note_id': '685996a1000000001502382d', 'content': '不是停火了？？？', 'user_id': '6023dd9700000000010055f8', 'nickname': '一二三四五', 'avatar': 'https://sns-avatar-qc.xhscdn.com/avatar/1040g2jo31ei0nbf60m6g5o13rmbg8lfoqijlqio?imageView2/2/w/120/format/jpg', 'sub_comment_count': '0', 'pictures': '', 'parent_comment_id': 0, 'last_modify_ts': 1772281958721, 'like_count': '1'}
20:32:38 | INFO    | [store.xhs.update_xhs_note_comment] xhs note comment:{'comment_id': '685aadb8000000002002d3d0', 'create_time': 1750773177000, 'ip_location': '安徽', 'note_id': '685996a1000000001502382d', 'content': '要不把四海他们接回来先', 'user_id': '61e7d032000000001000bdc5', 'nickname': 'momo', 'avatar': 'https://sns-avatar-qc.xhscdn.com/avatar/1040g2jo31govs1igji605of7q0p41fe59c9u928?imageView2/2/w/120/format/jpg', 'sub_comment_count': '0', 'pictures': '', 'parent_comment_id': 0, 'last_modify_ts': 1772281958772, 'like_count': '5'}
20:32:38 | INFO    | [store.xhs.update_xhs_note_comment] xhs note comment:{'comment_id': '685aada4000000000400fa43', 'create_time': 1750773156000, 'ip_location': '广东', 'note_id': '685996a1000000001502382d', 'content': '提前告知，再咋，这花钱买的内宣？', 'user_id': '5e245fe40000000001006e77', 'nickname': 'linlinlinlin', 'avatar': 'https://sns-avatar-qc.xhscdn.com/avatar/61fd58bb3f23dc00016f77d4.jpg?imageView2/2/w/120/format/jpg', 'sub_comment_count': '0', 'pictures': '', 'parent_comment_id': 0, 'last_modify_ts': 1772281958835, 'like_count': '3'}
20:32:39 | INFO    | [BilibiliCrawler.get_comments] Sleeping for 2 seconds after fetching comments for video 116147139649224
20:32:39 | INFO    | [store.bilibili.update_bilibili_video_comment] Bilibili video comment: 291612032161, content: 打打也好，神棍拥核了还得了，还有很美国压制着，不然人人拥核了。
20:32:40 | INFO    | [store.bilibili.update_bilibili_video_comment] Bilibili video comment: 291611422465, content: 美国为什么不尊重伊朗人民的选择?
20:32:40 | INFO    | [store.bilibili.update_bilibili_video_comment] Bilibili video comment: 291605022737, content: [doge]我家在那边的亲戚已经连夜跑回来了，据说他们那边公司里面所有国人都跑完了
20:32:40 | INFO    | [XiaoHongShuCrawler.get_comments_all_sub_comments] Crawling sub_comment mode is not enabled
20:32:41 | INFO    | [store.xhs.update_xhs_note_comment] xhs note comment:{'comment_id': '685a45020000000020021ce8', 'create_time': 1750746370000, 'ip_location': '四川', 'note_id': '685996a1000000001502382d', 'content': '听取赢声一片', 'user_id': '5d2b5059000000001600c748', 'nickname': '事多显心', 'avatar': 'https://sns-avatar-qc.xhscdn.com/avatar/1040g2jo31n60vt6imm6g5n9ba1clhhq80g3dt2o?imageView2/2/w/120/format/jpg', 'sub_comment_count': '0', 'pictures': '', 'parent_comment_id': 0, 'last_modify_ts': 1772281961207, 'like_count': '5'}
20:32:41 | INFO    | [store.xhs.update_xhs_note_comment] xhs note comment:{'comment_id': '685a682e000000002000e094', 'create_time': 1750755375000, 'ip_location': '广东', 'note_id': '685996a1000000001502382d', 'content': '現在戰爭都能成為表演家的作秀場了   苦的只有老百姓', 'user_id': '54e5bee72e1d935fe28532ca', 'nickname': '莎拉酱', 'avatar': 'https://sns-avatar-qc.xhscdn.com/avatar/1040g2jo31ioorkpghg5g401eldveecmacti619o?imageView2/2/w/120/format/jpg', 'sub_comment_count': '0', 'pictures': '', 'parent_comment_id': 0, 'last_modify_ts': 1772281961265, 'like_count': '31'}
20:32:41 | INFO    | [store.xhs.update_xhs_note_comment] xhs note comment:{'comment_id': '685a310d000000000401b294', 'create_time': 1750741261000, 'ip_location': '青海', 'note_id': '685996a1000000001502382d', 'content': '大家账都平了？', 'user_id': '605088e0000000000100a4f0', 'nickname': 'OSnowO', 'avatar': 'https://sns-avatar-qc.xhscdn.com/avatar/1040g2jo30utfaq0nli005o2gh3g0997gdot27jo?imageView2/2/w/120/format/jpg', 'sub_comment_count': '0', 'pictures': '', 'parent_comment_id': 0, 'last_modify_ts': 1772281961322, 'like_count': '5'}
20:32:41 | INFO    | [store.xhs.update_xhs_note_comment] xhs note comment:{'comment_id': '685a7465000000000c014574', 'create_time': 1750758502000, 'ip_location': '吉林', 'note_id': '685996a1000000001502382d', 'content': '王多鱼说:我还是喜欢你之前桀骜不驯的样子，你恢复一下', 'user_id': '5814689a6a6a6921c1366dc5', 'nickname': '酷宝妈妈', 'avatar': 'https://sns-avatar-qc.xhscdn.com/avatar/5bba25aeb055d50001f9b9ad.jpg?imageView2/2/w/120/format/jpg', 'sub_comment_count': '1', 'pictures': '', 'parent_comment_id': 0, 'last_modify_ts': 1772281961407, 'like_count': '4'}
20:32:41 | INFO    | [store.xhs.update_xhs_note_comment] xhs note comment:{'comment_id': '685a2889000000000400cdcb', 'create_time': 1750739082000, 'ip_location': '广东', 'note_id': '685996a1000000001502382d', 'content': '全都赢麻了。', 'user_id': '5bb318b21602500001bc18bf', 'nickname': '国际道德伦理委员会荣誉会员0211号', 'avatar': 'https://sns-avatar-qc.xhscdn.com/avatar/1040g2jo310m9aask6i004b8s8ncb465vc10uk4o?imageView2/2/w/120/format/jpg', 'sub_comment_count': '0', 'pictures': '', 'parent_comment_id': 0, 'last_modify_ts': 1772281961459, 'like_count': '5'}
20:32:41 | INFO    | [store.xhs.update_xhs_note_comment] xhs note comment:{'comment_id': '685a9a2d0000000004015702', 'create_time': 1750768174000, 'ip_location': '广东', 'note_id': '685996a1000000001502382d', 'content': '乱成一锅粥', 'user_id': '62ef2836000000001f007093', 'nickname': 'momo（暴躁牛马版）', 'avatar': 'https://sns-avatar-qc.xhscdn.com/avatar/1040g2jo31ksdgu6aio6g5onf50r7os4jfs94h1o?imageView2/2/w/120/format/jpg', 'sub_comment_count': '0', 'pictures': '', 'parent_comment_id': 0, 'last_modify_ts': 1772281961527, 'like_count': '4'}
20:32:41 | INFO    | [store.xhs.update_xhs_note_comment] xhs note comment:{'comment_id': '685a4836000000000c0249c2', 'create_time': 1750747190000, 'ip_location': '广东', 'note_id': '685996a1000000001502382d', 'content': '所以停火是特朗普自己说的？？', 'user_id': '55ae4b2ca75c954c665efda9', 'nickname': 'sophie', 'avatar': 'https://sns-avatar-qc.xhscdn.com/avatar/63e0510f816f8b42466ab5b6.jpg?imageView2/2/w/120/format/jpg', 'sub_comment_count': '0', 'pictures': '', 'parent_comment_id': 0, 'last_modify_ts': 1772281961586, 'like_count': '5'}
20:32:41 | INFO    | [store.xhs.update_xhs_note_comment] xhs note comment:{'comment_id': '685a2ff0000000000c025846', 'create_time': 1750740976000, 'ip_location': '山东', 'note_id': '685996a1000000001502382d', 'content': '伊朗搞出个“大三角战略”，可以中俄不鸟他[偷笑R]', 'user_id': '651aaf7d000000002402e137', 'nickname': '小河马', 'avatar': 'https://sns-avatar-qc.xhscdn.com/avatar/1040g2jo31nlm9v3rg66g5p8qltup5o9nl5vm4eg?imageView2/2/w/120/format/jpg', 'sub_comment_count': '0', 'pictures': '', 'parent_comment_id': 0, 'last_modify_ts': 1772281961659, 'like_count': '5'}
20:32:41 | INFO    | [store.xhs.update_xhs_note_comment] xhs note comment:{'comment_id': '685a2ab4000000000c015ff9', 'create_time': 1750739636000, 'ip_location': '天津', 'note_id': '685996a1000000001502382d', 'content': '一边喊着停战，另一边炸着基地[doge]呦西', 'user_id': '5a903779e8ac2b49e918beb1', 'nickname': '声殳香', 'avatar': 'https://sns-avatar-qc.xhscdn.com/avatar/5a9037d8d1d3b96838c5e024.jpg?imageView2/2/w/120/format/jpg', 'sub_comment_count': '0', 'pictures': '', 'parent_comment_id': 0, 'last_modify_ts': 1772281961718, 'like_count': '0'}
20:32:41 | INFO    | [store.xhs.update_xhs_note_comment] xhs note comment:{'comment_id': '685ac1e0000000000c026ba5', 'create_time': 1750778336000, 'ip_location': '重庆', 'note_id': '685996a1000000001502382d', 'content': '……[石化R]玩呢……', 'user_id': '57f88b45a9b2ed39aef408f1', 'nickname': '嬷嬷momo', 'avatar': 'https://sns-avatar-qc.xhscdn.com/avatar/1040g2jo31qgnj3j27u6g48odbr5ka27hd923gn0?imageView2/2/w/120/format/jpg', 'sub_comment_count': '0', 'pictures': '', 'parent_comment_id': 0, 'last_modify_ts': 1772281961785, 'like_count': '0'}
20:32:42 | INFO    | [BilibiliCrawler.get_comments] begin get video_id: 116147743623423 comments ...
20:32:43 | INFO    | [XiaoHongShuCrawler.get_comments_all_sub_comments] Crawling sub_comment mode is not enabled
20:32:45 | INFO    | [XiaoHongShuCrawler.get_comments] Sleeping for 2 seconds after fetching comments for note 685996a1000000001502382d
20:32:45 | INFO    | [XiaoHongShuCrawler.get_comments] Begin get note id comments 6858a035000000001c033152
20:32:46 | INFO    | [store.xhs.update_xhs_note_comment] xhs note comment:{'comment_id': '6859907d000000000c0276c1', 'create_time': 1750700158000, 'ip_location': '伊朗', 'note_id': '6858a035000000001c033152', 'content': 'Iran is standing on the right side of history', 'user_id': '679377db000000000a03db1e', 'nickname': '燕子', 'avatar': 'https://sns-avatar-qc.xhscdn.com/avatar/1040g2jo31j2gf7am1e5g5psjevdinmou8gfrrig?imageView2/2/w/120/format/jpg', 'sub_comment_count': '6', 'pictures': '', 'parent_comment_id': 0, 'last_modify_ts': 1772281966204, 'like_count': '62'}
20:32:46 | INFO    | [store.xhs.update_xhs_note_comment] xhs note comment:{'comment_id': '68596286000000000602cb8a', 'create_time': 1750688391000, 'ip_location': '河北', 'note_id': '6858a035000000001c033152', 'content': '小蚁这跟伊朗打着还不忘炸加沙平民  照着加沙的样子打小蚁', 'user_id': '6038becb000000000101fc38', 'nickname': '骑着二八跑', 'avatar': 'https://sns-avatar-qc.xhscdn.com/avatar/1040g2jo312vug6tqk26g5o1onr5gbv1oe8om8l0?imageView2/2/w/120/format/jpg', 'sub_comment_count': '1', 'pictures': '', 'parent_comment_id': 0, 'last_modify_ts': 1772281966263, 'like_count': '35'}
20:32:46 | INFO    | [store.xhs.update_xhs_note_comment] xhs note comment:{'comment_id': '68593467000000000f03d689', 'create_time': 1750676584000, 'ip_location': '山东', 'note_id': '6858a035000000001c033152', 'content': '反侵略永远是正义之战，符合联合国国际法，全世界正义的国家和人民都会支持你们，与你们同在。', 'user_id': '62a0765c000000001b024273', 'nickname': '小红薯62A0E450', 'avatar': 'https://sns-avatar-qc.xhscdn.com/avatar/be4e54a984a21be925a215a08fb36c8b.jpg?imageView2/2/w/120/format/jpg', 'sub_comment_count': '0', 'pictures': '', 'parent_comment_id': 0, 'last_modify_ts': 1772281966321, 'like_count': '26'}
20:32:46 | INFO    | [BilibiliCrawler.get_comments] Sleeping for 2 seconds after fetching comments for video 116147743623423
20:32:46 | INFO    | [store.xhs.update_xhs_note_comment] xhs note comment:{'comment_id': '68593f52000000000c025a82', 'create_time': 1750679378000, 'ip_location': '江苏', 'note_id': '6858a035000000001c033152', 'content': '′自己反击永远是正义的', 'user_id': '64fa15710000000006031556', 'nickname': '虫子', 'avatar': 'https://sns-avatar-qc.xhscdn.com/avatar/1040g2jo31etcsl31mi6g5p7q2lohm5am79c4qjo?imageView2/2/w/120/format/jpg', 'sub_comment_count': '1', 'pictures': '', 'parent_comment_id': 0, 'last_modify_ts': 1772281966470, 'like_count': '19'}
20:32:46 | INFO    | [store.xhs.update_xhs_note_comment] xhs note comment:{'comment_id': '6859e763000000000c026c81', 'create_time': 1750722403000, 'ip_location': '西藏', 'note_id': '6858a035000000001c033152', 'content': '炸，炸，炸 让他们感受一下，加沙人民的痛苦', 'user_id': '5cf4ebd50000000017019cd5', 'nickname': 'Mr  F', 'avatar': 'https://sns-avatar-qc.xhscdn.com/avatar/1040g2jo31n16tcdilm6g5n7ktfalr76l4mskr38?imageView2/2/w/120/format/jpg', 'sub_comment_count': '0', 'pictures': '', 'parent_comment_id': 0, 'last_modify_ts': 1772281966525, 'like_count': '21'}
20:32:46 | INFO    | [store.xhs.update_xhs_note_comment] xhs note comment:{'comment_id': '68626739000000001102c979', 'create_time': 1751279417000, 'ip_location': '北京', 'note_id': '6858a035000000001c033152', 'content': '如果是真的，那就太好了，早该这样了！', 'user_id': '600a9c9f000000000100298b', 'nickname': '佳慧', 'avatar': 'https://sns-avatar-qc.xhscdn.com/avatar/1040g2jo31sglnibi5k605o0ajifg8acb8bh1rho?imageView2/2/w/120/format/jpg', 'sub_comment_count': '2', 'pictures': '', 'parent_comment_id': 0, 'last_modify_ts': 1772281966601, 'like_count': '13'}
20:32:46 | INFO    | [store.bilibili.update_bilibili_video_comment] Bilibili video comment: 293917996288, content: 伊朗这次有进步（指反击很快）
但不多（指力度不够）
20:32:46 | INFO    | [store.xhs.update_xhs_note_comment] xhs note comment:{'comment_id': '685969a3000000000401c648', 'create_time': 1750690211000, 'ip_location': '广西', 'note_id': '6858a035000000001c033152', 'content': '女法官闫芳：他打你，为什么要还手？', 'user_id': '6077cfc2000000000101edb2', 'nickname': 'asdfghjkl', 'avatar': 'https://sns-avatar-qc.xhscdn.com/avatar/640f0b5eb97449cd4498e610.jpg?imageView2/2/w/120/format/jpg', 'sub_comment_count': '2', 'pictures': '', 'parent_comment_id': 0, 'last_modify_ts': 1772281966670, 'like_count': '10'}
20:32:46 | INFO    | [store.bilibili.update_bilibili_video_comment] Bilibili video comment: 293918301376, content: 美军传染性脑震荡，战后分批自杀身亡
20:32:46 | INFO    | [store.xhs.update_xhs_note_comment] xhs note comment:{'comment_id': '685960ea000000002000d7b9', 'create_time': 1750687979000, 'ip_location': '北京', 'note_id': '6858a035000000001c033152', 'content': '伊朗加油！💪💪💪💪', 'user_id': '5cbe75a6000000001103ee70', 'nickname': '小酒儿驾到', 'avatar': 'https://sns-avatar-qc.xhscdn.com/avatar/seller_68ff91902c8221000108d5ab?imageView2/2/w/120/format/jpg', 'sub_comment_count': '0', 'pictures': '', 'parent_comment_id': 0, 'last_modify_ts': 1772281966733, 'like_count': '14'}
20:32:46 | INFO    | [store.bilibili.update_bilibili_video_comment] Bilibili video comment: 293932206976, content: 美國還來真的呀？？？怎麼不軍演演演戲就好了？[doge][doge][doge]
20:32:46 | INFO    | [store.xhs.update_xhs_note_comment] xhs note comment:{'comment_id': '6859cfa200000000040177fe', 'create_time': 1750716322000, 'ip_location': '上海', 'note_id': '6858a035000000001c033152', 'content': '天天用假新闻和假视频麻痹自己[doge]', 'user_id': '65e941340000000005008a66', 'nickname': '凑合着用！', 'avatar': 'https://sns-avatar-qc.xhscdn.com/avatar/645b7e371fc3de4c930eff9d.jpg?imageView2/2/w/120/format/jpg', 'sub_comment_count': '0', 'pictures': '', 'parent_comment_id': 0, 'last_modify_ts': 1772281966796, 'like_count': '5'}
20:32:46 | INFO    | [store.xhs.update_xhs_note_comment] xhs note comment:{'comment_id': '685972ab000000001100d1cf', 'create_time': 1750692524000, 'ip_location': '陕西', 'note_id': '6858a035000000001c033152', 'content': '正义之战，师出有名。', 'user_id': '65ccc90a000000000d024ee9', 'nickname': '笑猫', 'avatar': 'https://sns-avatar-qc.xhscdn.com/avatar/1040g2jo31dv32lioh26g5pecp453cjn90dhknho?imageView2/2/w/120/format/jpg', 'sub_comment_count': '0', 'pictures': '', 'parent_comment_id': 0, 'last_modify_ts': 1772281966888, 'like_count': '12'}
20:32:48 | INFO    | [BilibiliCrawler.get_comments] begin get video_id: 116147156555594 comments ...
20:32:48 | INFO    | [XiaoHongShuCrawler.get_comments_all_sub_comments] Crawling sub_comment mode is not enabled
20:32:49 | INFO    | [store.xhs.update_xhs_note_comment] xhs note comment:{'comment_id': '687f441a000000001901e4f8', 'create_time': 1753170971000, 'ip_location': '山东', 'note_id': '6858a035000000001c033152', 'content': '@姚葫芦烙画', 'user_id': '5e37685e0000000001002bbf', 'nickname': '姚葫芦烙画', 'avatar': 'https://sns-avatar-qc.xhscdn.com/avatar/1040g2jo31bmq77r5gu005nhnd1f08atvm08ecio?imageView2/2/w/120/format/jpg', 'sub_comment_count': '0', 'pictures': '', 'parent_comment_id': 0, 'last_modify_ts': 1772281969290, 'like_count': '0'}
20:32:49 | INFO    | [store.xhs.update_xhs_note_comment] xhs note comment:{'comment_id': '687c679500000000020044f2', 'create_time': 1752983445000, 'ip_location': '山东', 'note_id': '6858a035000000001c033152', 'content': '伊朗🇮🇷[点赞R]', 'user_id': '678c53bb000000000a03c158', 'nickname': 'xuwei', 'avatar': 'https://sns-avatar-qc.xhscdn.com/avatar/1040g2jo31dbgmulu106g5pscaetingaobfr0810?imageView2/2/w/120/format/jpg', 'sub_comment_count': '0', 'pictures': '', 'parent_comment_id': 0, 'last_modify_ts': 1772281969351, 'like_count': '0'}
20:32:49 | INFO    | [store.xhs.update_xhs_note_comment] xhs note comment:{'comment_id': '6876293f00000000150036aa', 'create_time': 1752574279000, 'ip_location': '安徽', 'note_id': '6858a035000000001c033152', 'content': '这个是合法反击因为老美已经炸了人家的核设施[萌萌哒R][大笑R][色色R][生气R][哭惹R][斜眼R]@象棋杨哥 @亿琳快乐生活 @星河科普 @机器人Ai', 'user_id': '63e36f2800000000260137b9', 'nickname': '张建', 'avatar': 'https://sns-avatar-qc.xhscdn.com/avatar/63e36f2800000000260137b9.jpg?imageView2/2/w/120/format/jpg', 'sub_comment_count': '0', 'pictures': 'http://sns-webpic-qc.xhscdn.com/202602282032/e65cb013d6aa6a88fbf1a8af0f8e873f/comment/1040g2h031jv2ov5iio605ov3dsk9idtporegavo!nd_whlt34_webp_wm_1', 'parent_comment_id': 0, 'last_modify_ts': 1772281969403, 'like_count': '2'}
20:32:49 | INFO    | [store.xhs.update_xhs_note_comment] xhs note comment:{'comment_id': '686f30a5000000000401ecaf', 'create_time': 1752117413000, 'ip_location': '浙江', 'note_id': '6858a035000000001c033152', 'content': '发的是什么时候的视频？', 'user_id': '62150306000000001000c6b1', 'nickname': '追梦人', 'avatar': 'https://sns-avatar-qc.xhscdn.com/avatar/639d3771275dd478eabaa095.jpg?imageView2/2/w/120/format/jpg', 'sub_comment_count': '0', 'pictures': '', 'parent_comment_id': 0, 'last_modify_ts': 1772281969614, 'like_count': '0'}
20:32:49 | INFO    | [store.xhs.update_xhs_note_comment] xhs note comment:{'comment_id': '686f19db000000000401402f', 'create_time': 1752111580000, 'ip_location': '加拿大', 'note_id': '6858a035000000001c033152', 'content': '春天开花🌼…… 打得太好了😁…… 认牙还牙 正常生活方式', 'user_id': '678dc849000000000e01c160', 'nickname': '小红薯678ED5BE', 'avatar': 'https://sns-avatar-qc.xhscdn.com/avatar/1040g2jo31d3ph6pt0s005psdp14jjgb01vtlgs0?imageView2/2/w/120/format/jpg', 'sub_comment_count': '0', 'pictures': '', 'parent_comment_id': 0, 'last_modify_ts': 1772281969706, 'like_count': '2'}
20:32:49 | INFO    | [store.xhs.update_xhs_note_comment] xhs note comment:{'comment_id': '686e87bb000000000c027192', 'create_time': 1752074173000, 'ip_location': '瑞士', 'note_id': '6858a035000000001c033152', 'content': '', 'user_id': '66491d560000000007005eeb', 'nickname': 'Kay', 'avatar': 'https://sns-avatar-qc.xhscdn.com/avatar/1040g2jo31qd0s7440a605pi93lb1onnb6979ee8?imageView2/2/w/120/format/jpg', 'sub_comment_count': '0', 'pictures': 'http://sns-webpic-qc.xhscdn.com/202602282032/d1775436236dc0d597e9c0c4c742d593/comment/1040g2h031jnka1m3iu6g5pi93lb1onnbqq6jdig!nd_whgt34_webp_wm_1', 'parent_comment_id': 0, 'last_modify_ts': 1772281969786, 'like_count': '0'}
20:32:49 | INFO    | [store.xhs.update_xhs_note_comment] xhs note comment:{'comment_id': '686c75f0000000001100c54e', 'create_time': 1751938545000, 'ip_location': '山东', 'note_id': '6858a035000000001c033152', 'content': '不是。', 'user_id': '61027efe0000000001001bc3', 'nickname': '小杨杨子', 'avatar': 'https://sns-avatar-qc.xhscdn.com/avatar/1040g2jo31s9nbbthlc605o82frv086u33l8asfo?imageView2/2/w/120/format/jpg', 'sub_comment_count': '0', 'pictures': '', 'parent_comment_id': 0, 'last_modify_ts': 1772281969861, 'like_count': '0'}
20:32:49 | INFO    | [store.xhs.update_xhs_note_comment] xhs note comment:{'comment_id': '686b70240000000020025e94', 'create_time': 1751871524000, 'ip_location': '澳大利亚', 'note_id': '6858a035000000001c033152', 'content': "This is what they've been asking for since 1948", 'user_id': '679de7ab000000000d008e6f', 'nickname': '小红薯679EF5AB', 'avatar': 'https://sns-avatar-qc.xhscdn.com/avatar/645b6abf2e368555521befcc.jpg?imageView2/2/w/120/format/jpg', 'sub_comment_count': '0', 'pictures': '', 'parent_comment_id': 0, 'last_modify_ts': 1772281969931, 'like_count': '0'}
20:32:49 | INFO    | [store.xhs.update_xhs_note_comment] xhs note comment:{'comment_id': '686b2439000000000401fad8', 'create_time': 1751852090000, 'ip_location': '江西', 'note_id': '6858a035000000001c033152', 'content': '要和平，不要战争', 'user_id': '60f2172b0000000001005c15', 'nickname': '小红薯69727B57', 'avatar': 'https://sns-avatar-qc.xhscdn.com/avatar/1040g2jo31rk0pisgim6g5o7i2slg8n0lrutvk60?imageView2/2/w/120/format/jpg', 'sub_comment_count': '1', 'pictures': '', 'parent_comment_id': 0, 'last_modify_ts': 1772281969994, 'like_count': '0'}
20:32:50 | INFO    | [store.xhs.update_xhs_note_comment] xhs note comment:{'comment_id': '6869bff0000000000c014bb3', 'create_time': 1751760881000, 'ip_location': '日本', 'note_id': '6858a035000000001c033152', 'content': '牛逼', 'user_id': '6600d79e000000000600f72f', 'nickname': 'Short Dongman', 'avatar': 'https://sns-avatar-qc.xhscdn.com/avatar/1040g2jo315s0hgpiio6g5pg0quf1htpfcq4hc6o?imageView2/2/w/120/format/jpg', 'sub_comment_count': '0', 'pictures': '', 'parent_comment_id': 0, 'last_modify_ts': 1772281970063, 'like_count': '2'}
20:32:51 | INFO    | [BilibiliCrawler.get_comments] Sleeping for 2 seconds after fetching comments for video 116147156555594
20:32:52 | INFO    | [XiaoHongShuCrawler.get_comments_all_sub_comments] Crawling sub_comment mode is not enabled
20:32:52 | INFO    | [store.bilibili.update_bilibili_video_comment] Bilibili video comment: 293898890032, content: 战争爆发的几个特点：
大规模军事调动
外交部发布撤侨信息
航运路线中断或更改
出现俄罗斯将领维亚切斯拉夫·巴兰尼科夫，安东·尤丁采夫，尼基塔·布亚诺夫等人的阵亡消息
20:32:52 | INFO    | [store.bilibili.update_bilibili_video_comment] Bilibili video comment: 291599701889, content: 我还记得特朗普宣称，他是美国历史上，唯一一个没有发动战争的总统，不知道这算不算战争[微笑]
20:32:52 | INFO    | [store.bilibili.update_bilibili_video_comment] Bilibili video comment: 291599900593, content: 果然选在周末打，万税爷就是奔着K线去的[笑哭]
20:32:54 | INFO    | [XiaoHongShuCrawler.get_comments] Sleeping for 2 seconds after fetching comments for note 6858a035000000001c033152
20:32:54 | INFO    | [XiaoHongShuCrawler.get_comments] Begin get note id comments 6859c9730000000023005d48
20:32:54 | INFO    | [BilibiliCrawler.get_comments] begin get video_id: 116147525521943 comments ...
20:32:54 | INFO    | [store.xhs.update_xhs_note_comment] xhs note comment:{'comment_id': '6859ffdc000000000c027f36', 'create_time': 1750728668000, 'ip_location': '广东', 'note_id': '6859c9730000000023005d48', 'content': '伊朗的自卫反击战，正义！合法！合理！美国偷袭伊朗，是搬起石头砸自己的脚！', 'user_id': '62b9c604000000001b02bbfe', 'nickname': '马境若水的汉字图腾', 'avatar': 'https://sns-avatar-qc.xhscdn.com/avatar/1040g2jo31pcqbmah2g005olpoo26tevuchva4kg?imageView2/2/w/120/format/jpg', 'sub_comment_count': '2', 'pictures': '', 'parent_comment_id': 0, 'last_modify_ts': 1772281974514, 'like_count': '21'}
20:32:54 | INFO    | [store.xhs.update_xhs_note_comment] xhs note comment:{'comment_id': '685a09250000000020031436', 'create_time': 1750731046000, 'ip_location': '北京', 'note_id': '6859c9730000000023005d48', 'content': '伊朗[偷笑R]后面有高人指点', 'user_id': '628a492d000000002102a6e0', 'nickname': '小红薯628B7272', 'avatar': 'https://sns-avatar-qc.xhscdn.com/avatar/ae351b5abc78ae2e8d79998354db8440.jpg?imageView2/2/w/120/format/jpg', 'sub_comment_count': '1', 'pictures': '', 'parent_comment_id': 0, 'last_modify_ts': 1772281974585, 'like_count': '8'}
20:32:54 | INFO    | [store.xhs.update_xhs_note_comment] xhs note comment:{'comment_id': '6859e34c000000000602ec09', 'create_time': 1750721356000, 'ip_location': '山东', 'note_id': '6859c9730000000023005d48', 'content': '特朗普：我也闪了，基地没人[笑哭R]', 'user_id': '5f2a3207000000000100276c', 'nickname': '潍坊玖艺设计', 'avatar': 'https://sns-avatar-qc.xhscdn.com/avatar/1040g2jo30vusfpjj64505npa683g89rcsfvdjtg?imageView2/2/w/120/format/jpg', 'sub_comment_count': '1', 'pictures': '', 'parent_comment_id': 0, 'last_modify_ts': 1772281974642, 'like_count': '7'}
20:32:54 | INFO    | [store.xhs.update_xhs_note_comment] xhs note comment:{'comment_id': '6859f933000000000c027da4', 'create_time': 1750726964000, 'ip_location': '湖北', 'note_id': '6859c9730000000023005d48', 'content': '打之前就通知啦美国，美国把人都驱散啦，所以就只打啦一块空地', 'user_id': '5a69c205e8ac2b277f422fae', 'nickname': '雪！！！', 'avatar': 'https://sns-avatar-qc.xhscdn.com/avatar/1040g2jo3119qlt326e6g4a12tb10abteetipg68?imageView2/2/w/120/format/jpg', 'sub_comment_count': '0', 'pictures': '', 'parent_comment_id': 0, 'last_modify_ts': 1772281974705, 'like_count': '6'}
20:32:54 | INFO    | [store.xhs.update_xhs_note_comment] xhs note comment:{'comment_id': '6859f48300000000200242cb', 'create_time': 1750725764000, 'ip_location': '湖南', 'note_id': '6859c9730000000023005d48', 'content': '应该打，人不犯我我不犯人！人若犯我，我必犯人！有来有往，礼所应当！打疼了，坐下来谈，才不会吃亏！', 'user_id': '63456a6e0000000018028151', 'nickname': '鼎富', 'avatar': 'https://sns-avatar-qc.xhscdn.com/avatar/63456a6e0000000018028151.jpg?imageView2/2/w/120/format/jpg', 'sub_comment_count': '0', 'pictures': '', 'parent_comment_id': 0, 'last_modify_ts': 1772281974762, 'like_count': '6'}
20:32:54 | INFO    | [store.xhs.update_xhs_note_comment] xhs note comment:{'comment_id': '685a11630000000013036f47', 'create_time': 1750733156000, 'ip_location': '江苏', 'note_id': '6859c9730000000023005d48', 'content': '伊朗亲西方总统是内鬼', 'user_id': '646b2ec10000000010025baf', 'nickname': '亚丁神山', 'avatar': 'https://sns-avatar-qc.xhscdn.com/avatar/1040g2jo31p3f1ht828605p3b5r0k4mtfluq4c78?imageView2/2/w/120/format/jpg', 'sub_comment_count': '0', 'pictures': '', 'parent_comment_id': 0, 'last_modify_ts': 1772281974814, 'like_count': '5'}
20:32:54 | INFO    | [store.xhs.update_xhs_note_comment] xhs note comment:{'comment_id': '6859f2090000000020010288', 'create_time': 1750725129000, 'ip_location': '黑龙江', 'note_id': '6859c9730000000023005d48', 'content': '打就对了，先发制人！！！', 'user_id': '602bc7d9000000000101ecf7', 'nickname': '金明', 'avatar': 'https://sns-avatar-qc.xhscdn.com/avatar/411309441983cdc4ce073ff8da73b5b6.jpg?imageView2/2/w/120/format/jpg', 'sub_comment_count': '0', 'pictures': '', 'parent_comment_id': 0, 'last_modify_ts': 1772281974881, 'like_count': '5'}
20:32:54 | INFO    | [store.xhs.update_xhs_note_comment] xhs note comment:{'comment_id': '6859f9270000000004014ca3', 'create_time': 1750726952000, 'ip_location': '辽宁', 'note_id': '6859c9730000000023005d48', 'content': '我们汽油可涨价了[笑哭R]', 'user_id': '5ff8a4050000000001005ded', 'nickname': 'Hello,  World', 'avatar': 'https://sns-avatar-qc.xhscdn.com/avatar/1040g2jo31qjcl7u2ng605nvokg2g8nfd1oskm50?imageView2/2/w/120/format/jpg', 'sub_comment_count': '1', 'pictures': '', 'parent_comment_id': 0, 'last_modify_ts': 1772281974939, 'like_count': '2'}
20:32:54 | INFO    | [store.xhs.update_xhs_note_comment] xhs note comment:{'comment_id': '685a00b8000000000401bcbe', 'create_time': 1750728888000, 'ip_location': '四川', 'note_id': '6859c9730000000023005d48', 'content': '打的好，打的好', 'user_id': '5feef3e30000000001006c14', 'nickname': '人心难测', 'avatar': 'https://sns-avatar-qc.xhscdn.com/avatar/1040g2jo31o4lqoe8g66g5nveufhg8r0ksonfgeg?imageView2/2/w/120/format/jpg', 'sub_comment_count': '0', 'pictures': '', 'parent_comment_id': 0, 'last_modify_ts': 1772281974981, 'like_count': '4'}
20:32:55 | INFO    | [store.xhs.update_xhs_note_comment] xhs note comment:{'comment_id': '685a19f2000000001102fe1a', 'create_time': 1750735346000, 'ip_location': '辽宁', 'note_id': '6859c9730000000023005d48', 'content': '走一步看一步，玩呐[偷笑R]', 'user_id': '643e0438000000000e01c663', 'nickname': '尚武', 'avatar': 'https://sns-avatar-qc.xhscdn.com/avatar/1040g2jo31if2tb1eg26g5p1u0gs3jhj3aijp88o?imageView2/2/w/120/format/jpg', 'sub_comment_count': '0', 'pictures': '', 'parent_comment_id': 0, 'last_modify_ts': 1772281975054, 'like_count': '3'}
20:32:56 | INFO    | [BilibiliCrawler.get_comments] Sleeping for 2 seconds after fetching comments for video 116147525521943
20:32:56 | INFO    | [store.bilibili.update_bilibili_video_comment] Bilibili video comment: 293909070688, content: 👊🏻🇮🇷🔥
👊🏻🇺🇸🔥
👊🏻🇮🇱🔥
20:32:56 | INFO    | [store.bilibili.update_bilibili_video_comment] Bilibili video comment: 291612687393, content: 我翻出去看了一眼电报，感觉伊朗这次有点硬啊兄弟们，伊朗打的不光是巴林这个基地，还同时打了沙特，科威特，阿联酋，卡塔尔的美军基地，等于把美军在中东的基地都干了一遍，巴林这个基地打的是美军的服务中心，这下美军肯定是得下场了，伊朗已经开爆了
20:32:56 | INFO    | [store.bilibili.update_bilibili_video_comment] Bilibili video comment: 293909269168, content: 以色列的铁穹拉了坨大的，想不到美国的爱国者拉了坨更加大的[笑哭] 这俩个反导系统 啥也拦不住[笑哭]
20:32:57 | INFO    | [XiaoHongShuCrawler.get_comments_all_sub_comments] Crawling sub_comment mode is not enabled
20:32:57 | INFO    | [store.xhs.update_xhs_note_comment] xhs note comment:{'comment_id': '6864b8900000000006004f5e', 'create_time': 1751431312000, 'ip_location': '河南', 'note_id': '6859c9730000000023005d48', 'content': '[扶额R]', 'user_id': '65c9686e000000000b03bb4c', 'nickname': '小红薯65CA8224', 'avatar': 'https://sns-avatar-qc.xhscdn.com/avatar/645b806f731e07eb8ca3d845.jpg?imageView2/2/w/120/format/jpg', 'sub_comment_count': '0', 'pictures': '', 'parent_comment_id': 0, 'last_modify_ts': 1772281977473, 'like_count': '0'}
20:32:57 | INFO    | [store.xhs.update_xhs_note_comment] xhs note comment:{'comment_id': '685a3fb10000000020025eb3', 'create_time': 1750745010000, 'ip_location': '湖北', 'note_id': '6859c9730000000023005d48', 'content': '估计没有弹头', 'user_id': '6787a28e000000000801cc27', 'nickname': '小红薯6787CAE1', 'avatar': 'https://sns-avatar-qc.xhscdn.com/avatar/645b806f731e07eb8ca3d845.jpg?imageView2/2/w/120/format/jpg', 'sub_comment_count': '0', 'pictures': '', 'parent_comment_id': 0, 'last_modify_ts': 1772281977548, 'like_count': '0'}
20:32:57 | INFO    | [store.xhs.update_xhs_note_comment] xhs note comment:{'comment_id': '685a38880000000011018fd2', 'create_time': 1750743177000, 'ip_location': '广东', 'note_id': '6859c9730000000023005d48', 'content': '自嗨', 'user_id': '60536a87000000000100156b', 'nickname': '麦田圈', 'avatar': 'https://sns-avatar-qc.xhscdn.com/avatar/60536ad12af91c15b9cea404.jpg?imageView2/2/w/120/format/jpg', 'sub_comment_count': '0', 'pictures': '', 'parent_comment_id': 0, 'last_modify_ts': 1772281977623, 'like_count': '1'}
20:32:57 | INFO    | [store.xhs.update_xhs_note_comment] xhs note comment:{'comment_id': '685a2a9d000000002002fa6c', 'create_time': 1750739613000, 'ip_location': '江苏', 'note_id': '6859c9730000000023005d48', 'content': '停战了吗', 'user_id': '631db10f000000002303b992', 'nickname': '爱新觉罗 迪生', 'avatar': 'https://sns-avatar-qc.xhscdn.com/avatar/1040g2jo31kn9dbqe32005ootm47ovecia358mno?imageView2/2/w/120/format/jpg', 'sub_comment_count': '0', 'pictures': '', 'parent_comment_id': 0, 'last_modify_ts': 1772281977681, 'like_count': '1'}
20:32:57 | INFO    | [store.xhs.update_xhs_note_comment] xhs note comment:{'comment_id': '685a0b8d0000000013035ba8', 'create_time': 1750731662000, 'ip_location': '湖南', 'note_id': '6859c9730000000023005d48', 'content': '搞到美国本土', 'user_id': '626df5f400000000210282d2', 'nickname': '一片云', 'avatar': 'https://sns-avatar-qc.xhscdn.com/avatar/0dd6f7e91ce0bea602fbc47515b7c72f.jpg?imageView2/2/w/120/format/jpg', 'sub_comment_count': '0', 'pictures': '', 'parent_comment_id': 0, 'last_modify_ts': 1772281977727, 'like_count': '0'}
20:32:57 | INFO    | [store.xhs.update_xhs_note_comment] xhs note comment:{'comment_id': '685a01c0000000000602de96', 'create_time': 1750729152000, 'ip_location': '江苏', 'note_id': '6859c9730000000023005d48', 'content': '@', 'user_id': '681b16ba000000000d00a251', 'nickname': '小红薯681B2AE9', 'avatar': 'https://sns-avatar-qc.xhscdn.com/avatar/645b7f8f2a34639eb26eb1cd.jpg?imageView2/2/w/120/format/jpg', 'sub_comment_count': '0', 'pictures': '', 'parent_comment_id': 0, 'last_modify_ts': 1772281977785, 'like_count': '1'}
20:32:57 | INFO    | [store.xhs.update_xhs_note_comment] xhs note comment:{'comment_id': '6859f646000000002000fef8', 'create_time': 1750726216000, 'ip_location': '山东', 'note_id': '6859c9730000000023005d48', 'content': '[doge]', 'user_id': '623203650000000010009bb7', 'nickname': '小红薯623277B1', 'avatar': 'https://sns-avatar-qc.xhscdn.com/avatar/53ba1722242c3e9344db7b0fc2e1005f.jpg?imageView2/2/w/120/format/jpg', 'sub_comment_count': '0', 'pictures': 'http://sns-webpic-qc.xhscdn.com/202602282032/a7d4f1625d49552f200225da0c8f5080/comment/1040g2h031j3hhs0tha6g5ohi0dik16tn0kvr43o!nd_whlt34_webp_wm_1', 'parent_comment_id': 0, 'last_modify_ts': 1772281977857, 'like_count': '1'}
20:32:57 | INFO    | [store.xhs.update_xhs_note_comment] xhs note comment:{'comment_id': '6859f151000000002001266f', 'create_time': 1750724946000, 'ip_location': '广东', 'note_id': '6859c9730000000023005d48', 'content': '基地都无人吧[偷笑R]', 'user_id': '5e626fb9000000000100580e', 'nickname': '夏至', 'avatar': 'https://sns-avatar-qc.xhscdn.com/avatar/5e62f37eb2172100011d66bf.jpg?imageView2/2/w/120/format/jpg', 'sub_comment_count': '0', 'pictures': '', 'parent_comment_id': 0, 'last_modify_ts': 1772281977904, 'like_count': '3'}
20:32:57 | INFO    | [store.xhs.update_xhs_note_comment] xhs note comment:{'comment_id': '6859f00300000000200324a8', 'create_time': 1750724611000, 'ip_location': '浙江', 'note_id': '6859c9730000000023005d48', 'content': '假的吧', 'user_id': '654b81c30000000006004581', 'nickname': '九和先生', 'avatar': 'https://sns-avatar-qc.xhscdn.com/avatar/1040g2jo319mqsiopne6g5pabg71hghc1bcohfv8?imageView2/2/w/120/format/jpg', 'sub_comment_count': '0', 'pictures': '', 'parent_comment_id': 0, 'last_modify_ts': 1772281977974, 'like_count': '0'}
20:32:58 | INFO    | [store.xhs.update_xhs_note_comment] xhs note comment:{'comment_id': '6859ee6f000000000401cdc1', 'create_time': 1750724207000, 'ip_location': '广东', 'note_id': '6859c9730000000023005d48', 'content': '给美国台阶下，我都被打了，鱿鱼自己来吧。', 'user_id': '600d5ca70000000001003b69', 'nickname': 'SUN', 'avatar': 'https://sns-avatar-qc.xhscdn.com/avatar/600d5ca70000000001003b69.jpg?imageView2/2/w/120/format/jpg', 'sub_comment_count': '0', 'pictures': '', 'parent_comment_id': 0, 'last_modify_ts': 1772281978025, 'like_count': '0'}
20:32:58 | INFO    | [BilibiliCrawler.get_comments] begin get video_id: 116147542431196 comments ...
20:33:00 | INFO    | [XiaoHongShuCrawler.get_comments_all_sub_comments] Crawling sub_comment mode is not enabled
20:33:02 | INFO    | [XiaoHongShuCrawler.get_comments] Sleeping for 2 seconds after fetching comments for note 6859c9730000000023005d48
20:33:02 | INFO    | [XiaoHongShuCrawler.get_comments] Begin get note id comments 68598e73000000000d026735
20:33:02 | INFO    | [store.xhs.update_xhs_note_comment] xhs note comment:{'comment_id': '6859d15a000000000602d3c7', 'create_time': 1750716763000, 'ip_location': '广西', 'note_id': '68598e73000000000d026735', 'content': '美国年轻人别被卷入战争', 'user_id': '6785e4ba000000000801e878', 'nickname': '本想装个大的', 'avatar': 'https://sns-avatar-qc.xhscdn.com/avatar/1040g2jo31covgh1q0c6g5ps5sit23q3o0fk7a7g?imageView2/2/w/120/format/jpg', 'sub_comment_count': '6', 'pictures': '', 'parent_comment_id': 0, 'last_modify_ts': 1772281982454, 'like_count': '53'}
20:33:02 | INFO    | [store.xhs.update_xhs_note_comment] xhs note comment:{'comment_id': '6859930d000000000f03f13d', 'create_time': 1750700814000, 'ip_location': '海南', 'note_id': '68598e73000000000d026735', 'content': '你还是担心一下中国周边的美军士兵吧，他们想要回家可是隔着宽广的太平洋。以现在中国的军事实力，一旦中美之间发生冲突，他们很难活着离开。中国每天无人机的产量(不是大疆或者伊朗那种玩具飞机)，足可以让每个美国大兵头上分配10架以上。在中东打了十几年的治安战，实际上美军根本想象不出工业大国间战争的残酷性。与当年的朝鲜战争相反，这一次希望美军有钢铁般的意志。', 'user_id': '6134f303000000001f035230', 'nickname': '张三疯', 'avatar': 'https://sns-avatar-qc.xhscdn.com/avatar/6134f303000000001f035230.jpg?imageView2/2/w/120/format/jpg', 'sub_comment_count': '5', 'pictures': '', 'parent_comment_id': 0, 'last_modify_ts': 1772281982512, 'like_count': '20'}
20:33:02 | INFO    | [store.xhs.update_xhs_note_comment] xhs note comment:{'comment_id': '685998480000000004015687', 'create_time': 1750702153000, 'ip_location': '美国', 'note_id': '68598e73000000000d026735', 'content': "I literally don't care if people elect to stay in the army after this farce then that is there choice. I will honer there decisions and move on if they die they chose it", 'user_id': '6785280f000000000801aca4', 'nickname': 'Druidoftruth', 'avatar': 'https://sns-avatar-qc.xhscdn.com/avatar/645b7e371fc3de4c930eff9d.jpg?imageView2/2/w/120/format/jpg', 'sub_comment_count': '5', 'pictures': '', 'parent_comment_id': 0, 'last_modify_ts': 1772281982575, 'like_count': '12'}
20:33:02 | INFO    | [store.xhs.update_xhs_note_comment] xhs note comment:{'comment_id': '69a2a6d90000000003010fd5', 'create_time': 1772267225000, 'ip_location': '美国', 'note_id': '68598e73000000000d026735', 'content': 'Around the surrounded by American air bases', 'user_id': '684184c7000000001b01b8b7', 'nickname': '小红薯684260B6', 'avatar': 'https://sns-avatar-qc.xhscdn.com/avatar/645b7c0d1d74d41345e61461.jpg?imageView2/2/w/120/format/jpg', 'sub_comment_count': '0', 'pictures': '', 'parent_comment_id': 0, 'last_modify_ts': 1772281982654, 'like_count': '0'}
20:33:02 | INFO    | [store.xhs.update_xhs_note_comment] xhs note comment:{'comment_id': '6859917a000000000c014fc0', 'create_time': 1750700411000, 'ip_location': '美国', 'note_id': '68598e73000000000d026735', 'content': 'They are saying "Iran has attacked America!" 🤦🏽\u200d♀️Like you said, they struck "territory" already evacuated. FAFO', 'user_id': '679741fa000000000a03c0c1', 'nickname': 'AngelHeart', 'avatar': 'https://sns-avatar-qc.xhscdn.com/avatar/1040g2jo31f4sri4n664g5psn87t2ng61crdtd08?imageView2/2/w/120/format/jpg', 'sub_comment_count': '2', 'pictures': '', 'parent_comment_id': 0, 'last_modify_ts': 1772281982723, 'like_count': '36'}
20:33:02 | INFO    | [store.xhs.update_xhs_note_comment] xhs note comment:{'comment_id': '6859e0380000000020026194', 'create_time': 1750720568000, 'ip_location': '广东', 'note_id': '68598e73000000000d026735', 'content': 'Are you seriously trying to reason with MAGA?', 'user_id': '678b9471000000000e011c9d', 'nickname': '凉快男人先生 (Mr. Nice Guy)', 'avatar': 'https://sns-avatar-qc.xhscdn.com/avatar/1040g2jo31dn1qvsm0s5g5psbihoji74t80vb9f0?imageView2/2/w/120/format/jpg', 'sub_comment_count': '3', 'pictures': '', 'parent_comment_id': 0, 'last_modify_ts': 1772281982792, 'like_count': '9'}
20:33:02 | INFO    | [store.xhs.update_xhs_note_comment] xhs note comment:{'comment_id': '6859b8c8000000001102ef7f', 'create_time': 1750710473000, 'ip_location': '美国', 'note_id': '68598e73000000000d026735', 'content': 'As an American and former infantryman, I stand with Iran.', 'user_id': '678472c6000000000801b23e', 'nickname': '小红薯 Comrade Coconut', 'avatar': 'https://sns-avatar-qc.xhscdn.com/avatar/1040g2jo31cj211o3gk005ps4eb323chuts17fb8?imageView2/2/w/120/format/jpg', 'sub_comment_count': '1', 'pictures': '', 'parent_comment_id': 0, 'last_modify_ts': 1772281982866, 'like_count': '12'}
20:33:02 | INFO    | [store.xhs.update_xhs_note_comment] xhs note comment:{'comment_id': '6859c8b70000000020032609', 'create_time': 1750714552000, 'ip_location': '美国', 'note_id': '68598e73000000000d026735', 'content': 'Are you an American?', 'user_id': '678afe1e000000000a03fe53', 'nickname': '费竹君（房产代理）', 'avatar': 'https://sns-avatar-qc.xhscdn.com/avatar/1040g2jo31dctvu0f0u005psavof2nvijvhrgm2o?imageView2/2/w/120/format/jpg', 'sub_comment_count': '1', 'pictures': '', 'parent_comment_id': 0, 'last_modify_ts': 1772281982941, 'like_count': '0'}
20:33:02 | INFO    | [store.xhs.update_xhs_note_comment] xhs note comment:{'comment_id': '69a2a6eb0000000018023d41', 'create_time': 1772267243000, 'ip_location': '美国', 'note_id': '68598e73000000000d026735', 'content': "We should really truly be worried for our country. Why are we finding somebody else's belligerent war?", 'user_id': '684184c7000000001b01b8b7', 'nickname': '小红薯684260B6', 'avatar': 'https://sns-avatar-qc.xhscdn.com/avatar/645b7c0d1d74d41345e61461.jpg?imageView2/2/w/120/format/jpg', 'sub_comment_count': '0', 'pictures': '', 'parent_comment_id': 0, 'last_modify_ts': 1772281982998, 'like_count': '0'}
20:33:03 | INFO    | [store.xhs.update_xhs_note_comment] xhs note comment:{'comment_id': '685a13e1000000000400df65', 'create_time': 1750733794000, 'ip_location': '内蒙古', 'note_id': '68598e73000000000d026735', 'content': '合法？什么法？美国的法吗？', 'user_id': '6787810600000000080190b7', 'nickname': '老杜[咖啡]', 'avatar': 'https://sns-avatar-qc.xhscdn.com/avatar/1040g2jo31pleptgrkk605ps7g432345nlrnucbo?imageView2/2/w/120/format/jpg', 'sub_comment_count': '1', 'pictures': '', 'parent_comment_id': 0, 'last_modify_ts': 1772281983067, 'like_count': '1'}
20:33:03 | INFO    | [BilibiliCrawler.get_comments] Sleeping for 2 seconds after fetching comments for video 116147542431196
20:33:03 | INFO    | [store.bilibili.update_bilibili_video_comment] Bilibili video comment: 291611059505, content: 又来了[笑哭]
20:33:03 | INFO    | [store.bilibili.update_bilibili_video_comment] Bilibili video comment: 293928283504, content: 君视民如土芥，则民视君如寇雠。
20:33:03 | INFO    | [store.bilibili.update_bilibili_video_comment] Bilibili video comment: 293919449520, content: 伊朗人真挺麻的，神权，王权，军队。。。层层包裹了
20:33:05 | INFO    | [XiaoHongShuCrawler.get_comments_all_sub_comments] Crawling sub_comment mode is not enabled
20:33:05 | INFO    | [store.xhs.update_xhs_note_comment] xhs note comment:{'comment_id': '6880683d000000001100c414', 'create_time': 1753245758000, 'ip_location': '美国', 'note_id': '68598e73000000000d026735', 'content': 'Last I checked America had over 800 bases around the world.', 'user_id': '678fce24000000000d00b42c', 'nickname': 'Heef', 'avatar': 'https://sns-avatar-qc.xhscdn.com/avatar/1040g2jo31k37qr9ej6005psfpoi39d1cg5jtk1g?imageView2/2/w/120/format/jpg', 'sub_comment_count': '0', 'pictures': '', 'parent_comment_id': 0, 'last_modify_ts': 1772281985527, 'like_count': '0'}
20:33:05 | INFO    | [store.xhs.update_xhs_note_comment] xhs note comment:{'comment_id': '685cbf5c0000000013034b00', 'create_time': 1750908765000, 'ip_location': '美国', 'note_id': '68598e73000000000d026735', 'content': 'At least the war is fought with missiles not troops.', 'user_id': '6785793c000000000803dc08', 'nickname': 'Sunshine Whiting 阳光', 'avatar': 'https://sns-avatar-qc.xhscdn.com/avatar/1040g2jo31cqvvnio12605ps5f4u27n08umbii9g?imageView2/2/w/120/format/jpg', 'sub_comment_count': '0', 'pictures': '', 'parent_comment_id': 0, 'last_modify_ts': 1772281985584, 'like_count': '0'}
20:33:05 | INFO    | [BilibiliCrawler.get_comments] begin get video_id: 116147726848327 comments ...
20:33:05 | INFO    | [store.xhs.update_xhs_note_comment] xhs note comment:{'comment_id': '6859e7bc000000000602d3de', 'create_time': 1750722492000, 'ip_location': '美国', 'note_id': '68598e73000000000d026735', 'content': 'even if you have family, your dumbass family volunteered for that.', 'user_id': '6785e51e000000000801e3d6', 'nickname': 'ArcRaven', 'avatar': 'https://sns-avatar-qc.xhscdn.com/avatar/1040g2jo31cmksbipgu505ps5skf23oum020o4v8?imageView2/2/w/120/format/jpg', 'sub_comment_count': '0', 'pictures': '', 'parent_comment_id': 0, 'last_modify_ts': 1772281985674, 'like_count': '0'}
20:33:05 | INFO    | [store.xhs.update_xhs_note_comment] xhs note comment:{'comment_id': '685a7bce0000000006007af7', 'create_time': 1750760399000, 'ip_location': '英国', 'note_id': '68598e73000000000d026735', 'content': 'Why are Americans occupying Qatar???', 'user_id': '66201fcb00000000030331d4', 'nickname': 'Sanhedrin', 'avatar': 'https://sns-avatar-qc.xhscdn.com/avatar/645b6a2cad8bfdf0d350826b.jpg?imageView2/2/w/120/format/jpg', 'sub_comment_count': '0', 'pictures': '', 'parent_comment_id': 0, 'last_modify_ts': 1772281985722, 'like_count': '2'}
20:33:05 | INFO    | [store.xhs.update_xhs_note_comment] xhs note comment:{'comment_id': '689da9d40000000030008cff', 'create_time': 1755163092000, 'ip_location': '美国', 'note_id': '68598e73000000000d026735', 'content': 'Lmk when they head towards Jordan 😬 But Iran is the only one standing up to Isntreal.', 'user_id': '678592f3000000000801c8af', 'nickname': 'Beavette', 'avatar': 'https://sns-avatar-qc.xhscdn.com/avatar/1040g2jo31jk03hqbjq005ps5ibpi3i5fq60qpf0?imageView2/2/w/120/format/jpg', 'sub_comment_count': '0', 'pictures': '', 'parent_comment_id': 0, 'last_modify_ts': 1772281985790, 'like_count': '0'}
20:33:05 | INFO    | [store.xhs.update_xhs_note_comment] xhs note comment:{'comment_id': '685b71620000000006006fa3', 'create_time': 1750823266000, 'ip_location': '美国', 'note_id': '68598e73000000000d026735', 'content': 'i care very much . i want them to bomb more bases !', 'user_id': '678575c20000000006011471', 'nickname': 'sahi', 'avatar': 'https://sns-avatar-qc.xhscdn.com/avatar/1040g2jo31flv6e6g0c6g5ps5en11i53hj1dqus0?imageView2/2/w/120/format/jpg', 'sub_comment_count': '0', 'pictures': '', 'parent_comment_id': 0, 'last_modify_ts': 1772281985882, 'like_count': '1'}
20:33:05 | INFO    | [store.xhs.update_xhs_note_comment] xhs note comment:{'comment_id': '685a04c6000000001100f270', 'create_time': 1750729927000, 'ip_location': '美国', 'note_id': '68598e73000000000d026735', 'content': "Americans aren't for war [哭惹R] we are tired of war", 'user_id': '67847511000000000801f8fe', 'nickname': 'Pineapplepenapplepen', 'avatar': 'https://sns-avatar-qc.xhscdn.com/avatar/1040g2jo31rn2gg3h28005ps4ek8i3u7uuuobok0?imageView2/2/w/120/format/jpg', 'sub_comment_count': '0', 'pictures': '', 'parent_comment_id': 0, 'last_modify_ts': 1772281985934, 'like_count': '8'}
20:33:06 | INFO    | [store.xhs.update_xhs_note_comment] xhs note comment:{'comment_id': '6860af820000000011018922', 'create_time': 1751166851000, 'ip_location': '美国', 'note_id': '68598e73000000000d026735', 'content': 'FDT!', 'user_id': '6787058d000000000801c01c', 'nickname': 'Tarsa Dennis', 'avatar': 'https://sns-avatar-qc.xhscdn.com/avatar/645b7f8f2a34639eb26eb1cd.jpg?imageView2/2/w/120/format/jpg', 'sub_comment_count': '0', 'pictures': '', 'parent_comment_id': 0, 'last_modify_ts': 1772281986001, 'like_count': '1'}
20:33:06 | INFO    | [store.xhs.update_xhs_note_comment] xhs note comment:{'comment_id': '6859f1f80000000020032474', 'create_time': 1750725113000, 'ip_location': '新加坡', 'note_id': '68598e73000000000d026735', 'content': 'Iran MUST FINISH the job!', 'user_id': '643a9dfb000000000d01b149', 'nickname': '小红薯643AEDE3', 'avatar': 'https://sns-avatar-qc.xhscdn.com/avatar/be4e54a984a21be925a215a08fb36c8b.jpg?imageView2/2/w/120/format/jpg', 'sub_comment_count': '0', 'pictures': '', 'parent_comment_id': 0, 'last_modify_ts': 1772281986066, 'like_count': '1'}
20:33:06 | INFO    | [store.xhs.update_xhs_note_comment] xhs note comment:{'comment_id': '6868321b00000000200218b7', 'create_time': 1751659035000, 'ip_location': '英国', 'note_id': '68598e73000000000d026735', 'content': 'US has 750 - 800 basis in over 80 countries - chatgpt', 'user_id': '59902a2a5e87e736c8b898d1', 'nickname': 'Lord Spy', 'avatar': 'https://sns-avatar-qc.xhscdn.com/avatar/1040g2jo31d1pqu2tgu6049nu2bl2l66hbih6bcg?imageView2/2/w/120/format/jpg', 'sub_comment_count': '0', 'pictures': '', 'parent_comment_id': 0, 'last_modify_ts': 1772281986111, 'like_count': '1'}
20:33:08 | INFO    | [XiaoHongShuCrawler.get_comments_all_sub_comments] Crawling sub_comment mode is not enabled
20:33:08 | INFO    | [BilibiliCrawler.get_comments] Sleeping for 2 seconds after fetching comments for video 116147726848327
20:33:08 | INFO    | [store.bilibili.update_bilibili_video_comment] Bilibili video comment: 293928429920, content: 这些炸飞的是树木吗，为什么有这么多的碎裂物
20:33:08 | INFO    | [store.bilibili.update_bilibili_video_comment] Bilibili video comment: 291623737009, content: 以色列袭击了伊朗的学校，5个孩子，又一笔血债
20:33:08 | INFO    | [store.bilibili.update_bilibili_video_comment] Bilibili video comment: 291630258417, content: 其实，伊朗也可以发布美第五舰队司令死亡消息，不管有没有，先让美以自证清白吧[doge]
20:33:10 | INFO    | [XiaoHongShuCrawler.get_comments] Sleeping for 2 seconds after fetching comments for note 68598e73000000000d026735
20:33:10 | INFO    | [XiaoHongShuCrawler.get_comments] Begin get note id comments 685a3d96000000001100098b
20:33:10 | INFO    | [BilibiliCrawler.get_comments] begin get video_id: 116147542294738 comments ...
20:33:10 | INFO    | [store.xhs.update_xhs_note_comment] xhs note comment:{'comment_id': '685b57160000000004017947', 'create_time': 1750816534000, 'ip_location': '广东', 'note_id': '685a3d96000000001100098b', 'content': '伊朗表演反美，反击。', 'user_id': '6422bfb800000000120102ed', 'nickname': '小红薯64243764', 'avatar': 'https://sns-avatar-qc.xhscdn.com/avatar/411309441983cdc4ce073ff8da73b5b6.jpg?imageView2/2/w/120/format/jpg', 'sub_comment_count': '2', 'pictures': '', 'parent_comment_id': 0, 'last_modify_ts': 1772281990649, 'like_count': '15'}
20:33:10 | INFO    | [store.xhs.update_xhs_note_comment] xhs note comment:{'comment_id': '685b58680000000004014c5f', 'create_time': 1750816873000, 'ip_location': '新疆', 'note_id': '685a3d96000000001100098b', 'content': '吹吹吹风机啊，你们就剩👄了', 'user_id': '5a065075b1da14458f071646', 'nickname': '之道', 'avatar': 'https://sns-avatar-qc.xhscdn.com/avatar/5a065075b1da14458f071646.jpg?imageView2/2/w/120/format/jpg', 'sub_comment_count': '0', 'pictures': '', 'parent_comment_id': 0, 'last_modify_ts': 1772281990718, 'like_count': '16'}
20:33:10 | INFO    | [store.xhs.update_xhs_note_comment] xhs note comment:{'comment_id': '685b42e8000000000c014da9', 'create_time': 1750811368000, 'ip_location': '上海', 'note_id': '685a3d96000000001100098b', 'content': '笑死了，伊朗从外交部到小博主，就只剩一张嘴了', 'user_id': '6674578e0000000003032d0b', 'nickname': '1／137', 'avatar': 'https://sns-avatar-qc.xhscdn.com/avatar/645b7c0d1d74d41345e61461.jpg?imageView2/2/w/120/format/jpg', 'sub_comment_count': '1', 'pictures': '', 'parent_comment_id': 0, 'last_modify_ts': 1772281990788, 'like_count': '11'}
20:33:10 | INFO    | [store.xhs.update_xhs_note_comment] xhs note comment:{'comment_id': '685b494e000000002000fca9', 'create_time': 1750813007000, 'ip_location': '海南', 'note_id': '685a3d96000000001100098b', 'content': '是，打击前先通知下美方，象征性的比划下，屁毛没伤到人家。这面子不就有了嘛', 'user_id': '6155ba04000000000201b128', 'nickname': 'MA DONG', 'avatar': 'https://sns-avatar-qc.xhscdn.com/avatar/6155ba04000000000201b128.jpg?imageView2/2/w/120/format/jpg', 'sub_comment_count': '0', 'pictures': '', 'parent_comment_id': 0, 'last_modify_ts': 1772281990834, 'like_count': '11'}
20:33:10 | INFO    | [store.xhs.update_xhs_note_comment] xhs note comment:{'comment_id': '685b56be000000001100ea5e', 'create_time': 1750816446000, 'ip_location': '山东', 'note_id': '685a3d96000000001100098b', 'content': '这叫打呀！这叫放烟花玩[大笑R]慢慢玩，迟早把自己玩进去', 'user_id': '61ee0aa00000000010004ec7', 'nickname': '烟台雅痞', 'avatar': 'https://sns-avatar-qc.xhscdn.com/avatar/1040g2jo31iqts50ggs6g5ofe1ag40jm7en5tv40?imageView2/2/w/120/format/jpg', 'sub_comment_count': '0', 'pictures': '', 'parent_comment_id': 0, 'last_modify_ts': 1772281990897, 'like_count': '7'}
20:33:10 | INFO    | [store.xhs.update_xhs_note_comment] xhs note comment:{'comment_id': '6875ce34000000000401b9a9', 'create_time': 1752550965000, 'ip_location': '河北', 'note_id': '685a3d96000000001100098b', 'content': '在这个世界上，只有我们敢打老美', 'user_id': '5e9bc739000000000100aca3', 'nickname': '翻斗花园胡图图', 'avatar': 'https://sns-avatar-qc.xhscdn.com/avatar/6544aa09bd7c6d07fc09ca42.jpg?imageView2/2/w/120/format/jpg', 'sub_comment_count': '0', 'pictures': '', 'parent_comment_id': 0, 'last_modify_ts': 1772281990947, 'like_count': '1'}
20:33:11 | INFO    | [store.xhs.update_xhs_note_comment] xhs note comment:{'comment_id': '686bbb9c0000000006007efe', 'create_time': 1751890844000, 'ip_location': '北京', 'note_id': '685a3d96000000001100098b', 'content': '神棍门一天不会说八道都难受', 'user_id': '6684ef86000000000d0265bf', 'nickname': '无糖马卡龙', 'avatar': 'https://sns-avatar-qc.xhscdn.com/avatar/1040g2jo31as7umanmo605pk4tu33cpdvjjedfp0?imageView2/2/w/120/format/jpg', 'sub_comment_count': '0', 'pictures': '', 'parent_comment_id': 0, 'last_modify_ts': 1772281991006, 'like_count': '0'}
20:33:11 | INFO    | [store.xhs.update_xhs_note_comment] xhs note comment:{'comment_id': '686b28b4000000000400fab8', 'create_time': 1751853237000, 'ip_location': '马来西亚', 'note_id': '685a3d96000000001100098b', 'content': 'Good job. Stay true and strong our dear Iranian friends', 'user_id': '68507ce6000000001e03cf22', 'nickname': '小红薯685185E3', 'avatar': 'https://sns-avatar-qc.xhscdn.com/avatar/645b802c0f5b598e07f39dc7.jpg?imageView2/2/w/120/format/jpg', 'sub_comment_count': '0', 'pictures': '', 'parent_comment_id': 0, 'last_modify_ts': 1772281991073, 'like_count': '0'}
20:33:11 | INFO    | [store.xhs.update_xhs_note_comment] xhs note comment:{'comment_id': '6867de53000000000400ea2b', 'create_time': 1751637587000, 'ip_location': '陕西', 'note_id': '685a3d96000000001100098b', 'content': '打的好', 'user_id': '65140ae1000000002402e8d6', 'nickname': '柠汐\\梦屿', 'avatar': 'https://sns-avatar-qc.xhscdn.com/avatar/1040g2jo31sh80799lk6g5p8k1bgp5q6m8r92os0?imageView2/2/w/120/format/jpg', 'sub_comment_count': '0', 'pictures': '', 'parent_comment_id': 0, 'last_modify_ts': 1772281991119, 'like_count': '0'}
20:33:11 | INFO    | [store.xhs.update_xhs_note_comment] xhs note comment:{'comment_id': '68662179000000000400df4d', 'create_time': 1751523705000, 'ip_location': '浙江', 'note_id': '685a3d96000000001100098b', 'content': '科威特首都啥时候搬到多哈去了，卡塔尔同意了吗[偷笑R]哈哈哈😁', 'user_id': '5f53b1920000000001006984', 'nickname': '犇苗', 'avatar': 'https://sns-avatar-qc.xhscdn.com/avatar/5f53b1920000000001006984.jpg?imageView2/2/w/120/format/jpg', 'sub_comment_count': '0', 'pictures': '', 'parent_comment_id': 0, 'last_modify_ts': 1772281991171, 'like_count': '0'}
20:33:13 | INFO    | [XiaoHongShuCrawler.get_comments_all_sub_comments] Crawling sub_comment mode is not enabled
20:33:13 | INFO    | [store.xhs.update_xhs_note_comment] xhs note comment:{'comment_id': '6865c13f000000000602e8ec', 'create_time': 1751499072000, 'ip_location': '浙江', 'note_id': '685a3d96000000001100098b', 'content': '[喝奶茶R]', 'user_id': '64ff124d000000000500127e', 'nickname': '小红薯65006E28', 'avatar': 'https://sns-avatar-qc.xhscdn.com/avatar/645b7e90e29f7d0acadad8aa.jpg?imageView2/2/w/120/format/jpg', 'sub_comment_count': '0', 'pictures': '', 'parent_comment_id': 0, 'last_modify_ts': 1772281993556, 'like_count': '0'}
20:33:13 | INFO    | [store.xhs.update_xhs_note_comment] xhs note comment:{'comment_id': '686507db0000000011018042', 'create_time': 1751451612000, 'ip_location': '河北', 'note_id': '685a3d96000000001100098b', 'content': '等挨揍就行了，不知道自己是干什么吃的', 'user_id': '678b9cd3000000000e010405', 'nickname': '随遇而安', 'avatar': 'https://sns-avatar-qc.xhscdn.com/avatar/645b6a2cad8bfdf0d350826b.jpg?imageView2/2/w/120/format/jpg', 'sub_comment_count': '0', 'pictures': '', 'parent_comment_id': 0, 'last_modify_ts': 1772281993608, 'like_count': '0'}
20:33:13 | INFO    | [store.xhs.update_xhs_note_comment] xhs note comment:{'comment_id': '6864de4e000000000602ff8c', 'create_time': 1751440975000, 'ip_location': '广东', 'note_id': '685a3d96000000001100098b', 'content': '通知了再打', 'user_id': '6787cf0c000000000803fb54', 'nickname': '小红薯6788A56A', 'avatar': 'https://sns-avatar-qc.xhscdn.com/avatar/645b807d338379fac18930a8.jpg?imageView2/2/w/120/format/jpg', 'sub_comment_count': '0', 'pictures': '', 'parent_comment_id': 0, 'last_modify_ts': 1772281993693, 'like_count': '0'}
20:33:13 | INFO    | [store.xhs.update_xhs_note_comment] xhs note comment:{'comment_id': '6863f07b0000000004017016', 'create_time': 1751380091000, 'ip_location': '山东', 'note_id': '685a3d96000000001100098b', 'content': '无论怎样，伊拉克和老美都不会放过伊朗，所以伊朗不能再扭扭捏捏，反反复复的还对老美抱有幻想啦，只有迎头反击，让它们感到痛', 'user_id': '64de271e000000000200fb00', 'nickname': '肖岩', 'avatar': 'https://sns-avatar-qc.xhscdn.com/avatar/645b7e371fc3de4c930eff9d.jpg?imageView2/2/w/120/format/jpg', 'sub_comment_count': '0', 'pictures': '', 'parent_comment_id': 0, 'last_modify_ts': 1772281993740, 'like_count': '0'}
20:33:13 | INFO    | [store.xhs.update_xhs_note_comment] xhs note comment:{'comment_id': '686357ff00000000130367e9', 'create_time': 1751341055000, 'ip_location': '四川', 'note_id': '685a3d96000000001100098b', 'content': '就是，只是提前告诉了美国，然后表示了一下', 'user_id': '5e45f78d0000000001008dec', 'nickname': '昕勇', 'avatar': 'https://sns-avatar-qc.xhscdn.com/avatar/5e45f78d0000000001008dec.jpg?imageView2/2/w/120/format/jpg', 'sub_comment_count': '0', 'pictures': '', 'parent_comment_id': 0, 'last_modify_ts': 1772281993797, 'like_count': '0'}
20:33:13 | INFO    | [store.xhs.update_xhs_note_comment] xhs note comment:{'comment_id': '68626857000000000c026646', 'create_time': 1751279703000, 'ip_location': '广西', 'note_id': '685a3d96000000001100098b', 'content': '看到了，发射6枚，全被拦截了，而且发射前还提前通知了美国😎', 'user_id': '682eb259000000000d009bf5', 'nickname': '韦小宝', 'avatar': 'https://sns-avatar-qc.xhscdn.com/avatar/1040g2jo31ht7shqc3i6g5q1em9cj96vl3sossv0?imageView2/2/w/120/format/jpg', 'sub_comment_count': '0', 'pictures': '', 'parent_comment_id': 0, 'last_modify_ts': 1772281993877, 'like_count': '0'}
20:33:13 | INFO    | [store.xhs.update_xhs_note_comment] xhs note comment:{'comment_id': '686211bb0000000020031c56', 'create_time': 1751257531000, 'ip_location': '山东', 'note_id': '685a3d96000000001100098b', 'content': '全宇宙战狼都一样', 'user_id': '5b5fb3fc11be1024259e876c', 'nickname': '恐龙先生', 'avatar': 'https://sns-avatar-qc.xhscdn.com/avatar/1040g2jo31bfjv9ek0m004a7mr9pvp1rcfpmse80?imageView2/2/w/120/format/jpg', 'sub_comment_count': '0', 'pictures': '', 'parent_comment_id': 0, 'last_modify_ts': 1772281993935, 'like_count': '0'}
20:33:14 | INFO    | [store.xhs.update_xhs_note_comment] xhs note comment:{'comment_id': '68620e6b000000000c014241', 'create_time': 1751256683000, 'ip_location': '上海', 'note_id': '685a3d96000000001100098b', 'content': '漂亮，先打电话问你们准备好了吗？老美回答准备好了，你来吧，伊朗来句那我来啦，Shu shu shu', 'user_id': '630877a6000000001200f994', 'nickname': '阿平', 'avatar': 'https://sns-avatar-qc.xhscdn.com/avatar/1040g2jo31crjoioegucg5oo8euj4huck1firgmo?imageView2/2/w/120/format/jpg', 'sub_comment_count': '0', 'pictures': '', 'parent_comment_id': 0, 'last_modify_ts': 1772281994003, 'like_count': '0'}
20:33:14 | INFO    | [store.xhs.update_xhs_note_comment] xhs note comment:{'comment_id': '6861fae2000000000401a897', 'create_time': 1751251682000, 'ip_location': '湖南', 'note_id': '685a3d96000000001100098b', 'content': '姑娘得学一个中国成语“放虎归山”！……你品你细品[大笑R]', 'user_id': '678b464c000000000e0117da', 'nickname': '独图枝叶', 'avatar': 'https://sns-avatar-qc.xhscdn.com/avatar/1040g2jo31cpnl03f0k6g5psb8p63i5uqlecs0mg?imageView2/2/w/120/format/jpg', 'sub_comment_count': '0', 'pictures': '', 'parent_comment_id': 0, 'last_modify_ts': 1772281994084, 'like_count': '0'}
20:33:14 | INFO    | [store.xhs.update_xhs_note_comment] xhs note comment:{'comment_id': '6861deed000000000c0155ea', 'create_time': 1751244526000, 'ip_location': '重庆', 'note_id': '685a3d96000000001100098b', 'content': '这次伊朗很优秀了，把内塔尼亚胡都打哭了 [害羞R]', 'user_id': '678e0fe6000000000e01c24d', 'nickname': '钢子', 'avatar': 'https://sns-avatar-qc.xhscdn.com/avatar/645b800677c97ef1a2abc7e0.jpg?imageView2/2/w/120/format/jpg', 'sub_comment_count': '0', 'pictures': '', 'parent_comment_id': 0, 'last_modify_ts': 1772281994140, 'like_count': '0'}
20:33:14 | INFO    | [BilibiliCrawler.get_comments] Sleeping for 2 seconds after fetching comments for video 116147542294738
20:33:16 | INFO    | [XiaoHongShuCrawler.get_comments_all_sub_comments] Crawling sub_comment mode is not enabled
20:33:16 | INFO    | [BilibiliCrawler.get_comments] begin get video_id: 116147274061041 comments ...
20:33:18 | INFO    | [XiaoHongShuCrawler.get_comments] Sleeping for 2 seconds after fetching comments for note 685a3d96000000001100098b
20:33:18 | INFO    | [XiaoHongShuCrawler.get_comments] Begin get note id comments 6859dd88000000001502292a
20:33:18 | INFO    | [store.xhs.update_xhs_note_comment] xhs note comment:{'comment_id': '6859df6e000000001100e0b0', 'create_time': 1750720366000, 'ip_location': '浙江', 'note_id': '6859dd88000000001502292a', 'content': '就哪怕拦截了，费用也昂贵', 'user_id': '5e82c6880000000001006570', 'nickname': '霜叶红了', 'avatar': 'https://sns-avatar-qc.xhscdn.com/avatar/1040g2jo315bc62qmgq6g5nk2oq408pbgadglgh0?imageView2/2/w/120/format/jpg', 'sub_comment_count': '1', 'pictures': '', 'parent_comment_id': 0, 'last_modify_ts': 1772281998555, 'like_count': '13'}
20:33:18 | INFO    | [store.xhs.update_xhs_note_comment] xhs note comment:{'comment_id': '685a06be000000001100dcac', 'create_time': 1750730430000, 'ip_location': '四川', 'note_id': '6859dd88000000001502292a', 'content': '川普商人本性造成的，打仗怕花钱怕影响经济，22号就该一鼓作气把伊朗炸回到石器时代，哪有后面这些破事', 'user_id': '66b067c5000000001d0326ba', 'nickname': '落叶知秋', 'avatar': 'https://sns-avatar-qc.xhscdn.com/avatar/1040g2jo31mq562m352005plgcv2ne9lqdcjbqi8?imageView2/2/w/120/format/jpg', 'sub_comment_count': '5', 'pictures': '', 'parent_comment_id': 0, 'last_modify_ts': 1772281998612, 'like_count': '2'}
20:33:18 | INFO    | [store.xhs.update_xhs_note_comment] xhs note comment:{'comment_id': '6859e6d40000000011018c06', 'create_time': 1750722261000, 'ip_location': '安徽', 'note_id': '6859dd88000000001502292a', 'content': '中间只有一枚高超音速的，故意的', 'user_id': '5db2390000000000010081bd', 'nickname': '小红薯5DB358AD', 'avatar': 'https://sns-avatar-qc.xhscdn.com/avatar/2b4cefbb01e0a0824f5c173dde7f98b2.jpg?imageView2/2/w/120/format/jpg', 'sub_comment_count': '2', 'pictures': '', 'parent_comment_id': 0, 'last_modify_ts': 1772281998687, 'like_count': '7'}
20:33:18 | INFO    | [store.xhs.update_xhs_note_comment] xhs note comment:{'comment_id': '685a08a700000000060053da', 'create_time': 1750730919000, 'ip_location': '四川', 'note_id': '6859dd88000000001502292a', 'content': '特没普不是说伊接受全面停火了么', 'user_id': '606d6f9f00000000010079ed', 'nickname': '鹿鸣', 'avatar': 'https://sns-avatar-qc.xhscdn.com/avatar/63be29394134c1402489d8ed.jpg?imageView2/2/w/120/format/jpg', 'sub_comment_count': '2', 'pictures': '', 'parent_comment_id': 0, 'last_modify_ts': 1772281998737, 'like_count': '6'}
20:33:18 | INFO    | [store.xhs.update_xhs_note_comment] xhs note comment:{'comment_id': '685a63a4000000000602d369', 'create_time': 1750754213000, 'ip_location': '广东', 'note_id': '6859dd88000000001502292a', 'content': '不懂就问，被拦截的导弹在空中爆炸，产生的碎片会掉落造成损伤吗？', 'user_id': '5fc1b97b0000000001000666', 'nickname': 'Littlebikegzy', 'avatar': 'https://sns-avatar-qc.xhscdn.com/avatar/62681001a44d03288c8a3ff6.jpg?imageView2/2/w/120/format/jpg', 'sub_comment_count': '2', 'pictures': '', 'parent_comment_id': 0, 'last_modify_ts': 1772281998801, 'like_count': '3'}
20:33:18 | INFO    | [store.xhs.update_xhs_note_comment] xhs note comment:{'comment_id': '685a4070000000000401649b', 'create_time': 1750745201000, 'ip_location': '河北', 'note_id': '6859dd88000000001502292a', 'content': '发射之前通知了美方，特朗普表示感谢', 'user_id': '62b47444000000001b0285f3', 'nickname': '优雅情怀', 'avatar': 'https://sns-avatar-qc.xhscdn.com/avatar/62b47444000000001b0285f3.jpg?imageView2/2/w/120/format/jpg', 'sub_comment_count': '0', 'pictures': '', 'parent_comment_id': 0, 'last_modify_ts': 1772281998876, 'like_count': '4'}
20:33:18 | INFO    | [store.xhs.update_xhs_note_comment] xhs note comment:{'comment_id': '685a3472000000000f03d0e7', 'create_time': 1750742131000, 'ip_location': '浙江', 'note_id': '6859dd88000000001502292a', 'content': '发过去一颗廉价的拦截的2颗贵的，那不是很赚？', 'user_id': '5fa34ce500000000010083d9', 'nickname': '小红薯5FA4440E', 'avatar': 'https://sns-avatar-qc.xhscdn.com/avatar/2b4cefbb01e0a0824f5c173dde7f98b2.jpg?imageView2/2/w/120/format/jpg', 'sub_comment_count': '1', 'pictures': '', 'parent_comment_id': 0, 'last_modify_ts': 1772281998944, 'like_count': '1'}
20:33:19 | INFO    | [store.xhs.update_xhs_note_comment] xhs note comment:{'comment_id': '685a2d08000000001102fddd', 'create_time': 1750740232000, 'ip_location': '广东', 'note_id': '6859dd88000000001502292a', 'content': '部分网友看到了比死爹还难受，应该全中', 'user_id': '60979cd00000000001000595', 'nickname': 'Bighappy', 'avatar': 'https://sns-avatar-qc.xhscdn.com/avatar/60979cd00000000001000595.jpg?imageView2/2/w/120/format/jpg', 'sub_comment_count': '1', 'pictures': '', 'parent_comment_id': 0, 'last_modify_ts': 1772281999008, 'like_count': '1'}
20:33:19 | INFO    | [store.xhs.update_xhs_note_comment] xhs note comment:{'comment_id': '685a162b000000002002f883', 'create_time': 1750734380000, 'ip_location': '天津', 'note_id': '6859dd88000000001502292a', 'content': '打仗就是打仗，说打仗是演戏的是电视剧看多了。', 'user_id': '6570639d00000000200303c9', 'nickname': '猕猴桃干', 'avatar': 'https://sns-avatar-qc.xhscdn.com/avatar/1040g2jo31f7bfg4i6i605pbgceeo60u9rketlo8?imageView2/2/w/120/format/jpg', 'sub_comment_count': '1', 'pictures': '', 'parent_comment_id': 0, 'last_modify_ts': 1772281999076, 'like_count': '1'}
20:33:19 | INFO    | [store.xhs.update_xhs_note_comment] xhs note comment:{'comment_id': '6859f9220000000020011f0f', 'create_time': 1750726946000, 'ip_location': '广东', 'note_id': '6859dd88000000001502292a', 'content': '特朗普:感谢伊朗袭击美基地前通知美国', 'user_id': '5d0780ba000000001601c24f', 'nickname': '广州打工人', 'avatar': 'https://sns-avatar-qc.xhscdn.com/avatar/1040g2jo315mullst1e6g5n87g2t5jgifntb9eto?imageView2/2/w/120/format/jpg', 'sub_comment_count': '1', 'pictures': '', 'parent_comment_id': 0, 'last_modify_ts': 1772281999145, 'like_count': '0'}
20:33:19 | INFO    | [BilibiliCrawler.get_comments] Sleeping for 2 seconds after fetching comments for video 116147274061041
20:33:19 | INFO    | [store.bilibili.update_bilibili_video_comment] Bilibili video comment: 293918232736, content: 礼貌的鼓掌鼓掌再鼓掌
20:33:19 | INFO    | [store.bilibili.update_bilibili_video_comment] Bilibili video comment: 293906399632, content: 八十岁了连觉都不能睡，辛苦了老川。
20:33:19 | INFO    | [store.bilibili.update_bilibili_video_comment] Bilibili video comment: 293918443232, content: 连我都觉得讲的很好，特别是对于一个80岁的高龄老人，可以拿奖了
20:33:21 | INFO    | [XiaoHongShuCrawler.get_comments_all_sub_comments] Crawling sub_comment mode is not enabled
20:33:21 | INFO    | [store.xhs.update_xhs_note_comment] xhs note comment:{'comment_id': '685e2a24000000000f03d5dc', 'create_time': 1751001637000, 'ip_location': '广东', 'note_id': '6859dd88000000001502292a', 'content': "kids of gaza are coming back form heaven as shotting stars, for last glim of the land of suffering，and for the love they can't never embrace.", 'user_id': '61475a6a0000000002019f21', 'nickname': '阿雨', 'avatar': 'https://sns-avatar-qc.xhscdn.com/avatar/1040g2jo31rhdje7bmu405oa7b9l0j7p1bq2d34g?imageView2/2/w/120/format/jpg', 'sub_comment_count': '0', 'pictures': '', 'parent_comment_id': 0, 'last_modify_ts': 1772282001520, 'like_count': '0'}
20:33:21 | INFO    | [store.xhs.update_xhs_note_comment] xhs note comment:{'comment_id': '685abe7e000000000400f279', 'create_time': 1750777470000, 'ip_location': '北京', 'note_id': '6859dd88000000001502292a', 'content': '那一枚没什么没拦截成功呢？因为那一枚飞歪了[捂脸R]', 'user_id': '661b9ca3000000000700792c', 'nickname': '明', 'avatar': 'https://sns-avatar-qc.xhscdn.com/avatar/645b807d338379fac18930a8.jpg?imageView2/2/w/120/format/jpg', 'sub_comment_count': '0', 'pictures': '', 'parent_comment_id': 0, 'last_modify_ts': 1772282001591, 'like_count': '0'}
20:33:21 | INFO    | [store.xhs.update_xhs_note_comment] xhs note comment:{'comment_id': '685a9ef0000000002000fea1', 'create_time': 1750769393000, 'ip_location': '广东', 'note_id': '6859dd88000000001502292a', 'content': '搞什么飞机！[笑哭R]', 'user_id': '6787965b000000000803febf', 'nickname': '荔枝香', 'avatar': 'https://sns-avatar-qc.xhscdn.com/avatar/1040g2jo31cncsaen0m5g5ps7ipdi7vlv455l1h0?imageView2/2/w/120/format/jpg', 'sub_comment_count': '0', 'pictures': '', 'parent_comment_id': 0, 'last_modify_ts': 1772282001649, 'like_count': '0'}
20:33:21 | INFO    | [store.xhs.update_xhs_note_comment] xhs note comment:{'comment_id': '685a8e0f000000002002db43', 'create_time': 1750765071000, 'ip_location': '陕西', 'note_id': '6859dd88000000001502292a', 'content': '卡塔尔不能袖手旁观吗？', 'user_id': '67879ec4000000000803e6a0', 'nickname': '强哥', 'avatar': 'https://sns-avatar-qc.xhscdn.com/avatar/645b7f257b3e7e60e53504de.jpg?imageView2/2/w/120/format/jpg', 'sub_comment_count': '0', 'pictures': '', 'parent_comment_id': 0, 'last_modify_ts': 1772282001706, 'like_count': '1'}
20:33:21 | INFO    | [store.xhs.update_xhs_note_comment] xhs note comment:{'comment_id': '685a5c39000000002000f95f', 'create_time': 1750752313000, 'ip_location': '澳大利亚', 'note_id': '6859dd88000000001502292a', 'content': '导弹这么贵，防空导弹也贵。以前10防9空，现在百防一空', 'user_id': '602b5ebf000000000101f839', 'nickname': 'Danny', 'avatar': 'https://sns-avatar-qc.xhscdn.com/avatar/1040g2jo31ddpvb1jgk6g5o1bbqvgbu1p0chpd3g?imageView2/2/w/120/format/jpg', 'sub_comment_count': '0', 'pictures': '', 'parent_comment_id': 0, 'last_modify_ts': 1772282001753, 'like_count': '2'}
20:33:21 | INFO    | [store.xhs.update_xhs_note_comment] xhs note comment:{'comment_id': '685a52d000000000200316ed', 'create_time': 1750749904000, 'ip_location': '山东', 'note_id': '6859dd88000000001502292a', 'content': '伊朗二哥', 'user_id': '678a80f4000000000d00bfc6', 'nickname': '小红薯678ACD7F', 'avatar': 'https://sns-avatar-qc.xhscdn.com/avatar/645b6985573b2ad2b5243b1d.jpg?imageView2/2/w/120/format/jpg', 'sub_comment_count': '0', 'pictures': '', 'parent_comment_id': 0, 'last_modify_ts': 1772282001821, 'like_count': '0'}
20:33:21 | INFO    | [BilibiliCrawler.get_comments] begin get video_id: 116147743823648 comments ...
20:33:21 | INFO    | [store.xhs.update_xhs_note_comment] xhs note comment:{'comment_id': '685a48d9000000001102d0c0', 'create_time': 1750747354000, 'ip_location': '河北', 'note_id': '6859dd88000000001502292a', 'content': '这个是高超音速的吗？', 'user_id': '56d00cb4aed7583145bfea15', 'nickname': '待会吃', 'avatar': 'https://sns-avatar-qc.xhscdn.com/avatar/0dd6f7e91ce0bea602fbc47515b7c72f.jpg?imageView2/2/w/120/format/jpg', 'sub_comment_count': '0', 'pictures': '', 'parent_comment_id': 0, 'last_modify_ts': 1772282001878, 'like_count': '0'}
20:33:21 | INFO    | [store.xhs.update_xhs_note_comment] xhs note comment:{'comment_id': '685a47e30000000013037131', 'create_time': 1750747108000, 'ip_location': '陕西', 'note_id': '6859dd88000000001502292a', 'content': '[石化R]真是演戏演全套[doge]', 'user_id': '66b22d48000000001d02084d', 'nickname': '西安万象城潮宏基副店蕾蕾', 'avatar': 'https://sns-avatar-qc.xhscdn.com/avatar/1040g2jo31mpeu81d4u005pli5l47c22db2ui3b0?imageView2/2/w/120/format/jpg', 'sub_comment_count': '0', 'pictures': '', 'parent_comment_id': 0, 'last_modify_ts': 1772282001929, 'like_count': '1'}
20:33:21 | INFO    | [store.xhs.update_xhs_note_comment] xhs note comment:{'comment_id': '685a3188000000000602f7b9', 'create_time': 1750741384000, 'ip_location': '浙江', 'note_id': '6859dd88000000001502292a', 'content': '帮卡塔尔举行了一场几千万美金的烟花秀？[doge]', 'user_id': '644476f70000000010029878', 'nickname': '遥望大青山【明远机床设备】', 'avatar': 'https://sns-avatar-qc.xhscdn.com/avatar/1040g2jo31cq89alu0k6g5p24errk563op4f6kq8?imageView2/2/w/120/format/jpg', 'sub_comment_count': '0', 'pictures': '', 'parent_comment_id': 0, 'last_modify_ts': 1772282001986, 'like_count': '2'}
20:33:22 | INFO    | [store.xhs.update_xhs_note_comment] xhs note comment:{'comment_id': '685a2b53000000002002e7bf', 'create_time': 1750739796000, 'ip_location': '广东', 'note_id': '6859dd88000000001502292a', 'content': '一个导弹能不能投几百个小炸弹', 'user_id': '62915858000000001501ee82', 'nickname': '破壳日', 'avatar': 'https://sns-avatar-qc.xhscdn.com/avatar/1040g2jo31fjl634f066g5okhb1c5brk24qn5s0o?imageView2/2/w/120/format/jpg', 'sub_comment_count': '0', 'pictures': '', 'parent_comment_id': 0, 'last_modify_ts': 1772282002067, 'like_count': '0'}
20:33:24 | INFO    | [XiaoHongShuCrawler.get_comments_all_sub_comments] Crawling sub_comment mode is not enabled
20:33:25 | INFO    | [BilibiliCrawler.get_comments] Sleeping for 2 seconds after fetching comments for video 116147743823648
20:33:25 | INFO    | [store.bilibili.update_bilibili_video_comment] Bilibili video comment: 291630912145, content: 咱们躺着都能赢，又赢了[吃瓜]
20:33:25 | INFO    | [store.bilibili.update_bilibili_video_comment] Bilibili video comment: 293926932064, content: 我有办法，只要我买黄金，立马就停战了[吃瓜]
20:33:25 | INFO    | [store.bilibili.update_bilibili_video_comment] Bilibili video comment: 293923896144, content: 支持伊朗
20:33:26 | INFO    | [XiaoHongShuCrawler.get_comments] Sleeping for 2 seconds after fetching comments for note 6859dd88000000001502292a
20:33:26 | INFO    | [XiaoHongShuCrawler.get_comments] Begin get note id comments 685776f00000000012031d6f
20:33:26 | INFO    | [store.xhs.update_xhs_note_comment] xhs note comment:{'comment_id': '6857cab2000000000400db09', 'create_time': 1750583987000, 'ip_location': '河北', 'note_id': '685776f00000000012031d6f', 'content': '现在去阿联酋玩还安全吗..', 'user_id': '5f364211000000000101c58b', 'nickname': '坚强笨女人', 'avatar': 'https://sns-avatar-qc.xhscdn.com/avatar/1040g2jo31qndnhmeg0005npm888gbhcbck22lvo?imageView2/2/w/120/format/jpg', 'sub_comment_count': '7', 'pictures': '', 'parent_comment_id': 0, 'last_modify_ts': 1772282006463, 'like_count': '1'}
20:33:26 | INFO    | [store.xhs.update_xhs_note_comment] xhs note comment:{'comment_id': '6857aa4e000000001100eb4c', 'create_time': 1750575694000, 'ip_location': '江苏', 'note_id': '685776f00000000012031d6f', 'content': '我想知道暑假埃及还能不能去[笑哭R] 这战争来的是猝不及防', 'user_id': '5ca10f0900000000170201cd', 'nickname': '默', 'avatar': 'https://sns-avatar-qc.xhscdn.com/avatar/2b4cefbb01e0a0824f5c173dde7f98b2.jpg?imageView2/2/w/120/format/jpg', 'sub_comment_count': '6', 'pictures': '', 'parent_comment_id': 0, 'last_modify_ts': 1772282006510, 'like_count': '6'}
20:33:26 | INFO    | [store.xhs.update_xhs_note_comment] xhs note comment:{'comment_id': '6857edf800000000200307ad', 'create_time': 1750593016000, 'ip_location': '广东', 'note_id': '685776f00000000012031d6f', 'content': '暑假沙特还能去吗', 'user_id': '58290d1082ec390a78e0dbde', 'nickname': '苏_小小小小', 'avatar': 'https://sns-avatar-qc.xhscdn.com/avatar/5e3406069dd8700001e89353.jpg?imageView2/2/w/120/format/jpg', 'sub_comment_count': '2', 'pictures': '', 'parent_comment_id': 0, 'last_modify_ts': 1772282006613, 'like_count': '0'}
20:33:26 | INFO    | [store.xhs.update_xhs_note_comment] xhs note comment:{'comment_id': '685788c60000000006006ddd', 'create_time': 1750567111000, 'ip_location': '辽宁', 'note_id': '685776f00000000012031d6f', 'content': '哎，大A周一要买单了', 'user_id': '5e951e580000000001009a56', 'nickname': '鱼儿', 'avatar': 'https://sns-avatar-qc.xhscdn.com/avatar/1040g2jo31cmaraokgc605nkl3pc096imddvigig?imageView2/2/w/120/format/jpg', 'sub_comment_count': '2', 'pictures': '', 'parent_comment_id': 0, 'last_modify_ts': 1772282006676, 'like_count': '8'}
20:33:26 | INFO    | [store.xhs.update_xhs_note_comment] xhs note comment:{'comment_id': '68577dd3000000000c0156cb', 'create_time': 1750564307000, 'ip_location': '马来西亚', 'note_id': '685776f00000000012031d6f', 'content': '当美国说你有核武器的时候，你最好有！', 'user_id': '63dbe7240000000026005c4f', 'nickname': 'Archie003', 'avatar': 'https://sns-avatar-qc.xhscdn.com/avatar/63dbe7240000000026005c4f.jpg?imageView2/2/w/120/format/jpg', 'sub_comment_count': '3', 'pictures': '', 'parent_comment_id': 0, 'last_modify_ts': 1772282006745, 'like_count': '62'}
20:33:26 | INFO    | [store.xhs.update_xhs_note_comment] xhs note comment:{'comment_id': '6857ac33000000000400db64', 'create_time': 1750576180000, 'ip_location': '陕西', 'note_id': '685776f00000000012031d6f', 'content': '漯河人还是厉害[偷笑R]', 'user_id': '5d4a48e50000000010026e1d', 'nickname': '仙音黄岛主', 'avatar': 'https://sns-avatar-qc.xhscdn.com/avatar/61a8f075605980033212ee3b.jpg?imageView2/2/w/120/format/jpg', 'sub_comment_count': '1', 'pictures': '', 'parent_comment_id': 0, 'last_modify_ts': 1772282006803, 'like_count': '5'}
20:33:26 | INFO    | [store.xhs.update_xhs_note_comment] xhs note comment:{'comment_id': '68582a1b000000001102f30a', 'create_time': 1750608412000, 'ip_location': '广东', 'note_id': '685776f00000000012031d6f', 'content': '关于事态的发展，关键是俄罗斯会不会出手帮伊朗', 'user_id': '5a6e62dde8ac2b7aba8c83f7', 'nickname': '米高东尼', 'avatar': 'https://sns-avatar-qc.xhscdn.com/avatar/5a6e6353b46c5d392554dc78.jpg?imageView2/2/w/120/format/jpg', 'sub_comment_count': '2', 'pictures': '', 'parent_comment_id': 0, 'last_modify_ts': 1772282006877, 'like_count': '0'}
20:33:26 | INFO    | [store.xhs.update_xhs_note_comment] xhs note comment:{'comment_id': '68578bcc000000000f03c228', 'create_time': 1750567885000, 'ip_location': '浙江', 'note_id': '685776f00000000012031d6f', 'content': '其实伊朗已经下线，下一个是埃及在下一个是沙特', 'user_id': '60ce0862000000000101d003', 'nickname': '小红薯60CE3758', 'avatar': 'https://sns-avatar-qc.xhscdn.com/avatar/1040g2jo31jbpl2k0ii5g5o6e11h0bk03t3hft1g?imageView2/2/w/120/format/jpg', 'sub_comment_count': '1', 'pictures': '', 'parent_comment_id': 0, 'last_modify_ts': 1772282006934, 'like_count': '14'}
20:33:27 | INFO    | [store.xhs.update_xhs_note_comment] xhs note comment:{'comment_id': '68578a41000000001100fd44', 'create_time': 1750567490000, 'ip_location': '北京', 'note_id': '685776f00000000012031d6f', 'content': '昨天刚说了美国要下场，蚕哥有点子水平', 'user_id': '5e436fc1000000000100135b', 'nickname': '南边有个小洋洋', 'avatar': 'https://sns-avatar-qc.xhscdn.com/avatar/5e436fc1000000000100135b.jpg?imageView2/2/w/120/format/jpg', 'sub_comment_count': '0', 'pictures': '', 'parent_comment_id': 0, 'last_modify_ts': 1772282007001, 'like_count': '9'}
20:33:27 | INFO    | [store.xhs.update_xhs_note_comment] xhs note comment:{'comment_id': '68582346000000002002d75f', 'create_time': 1750606662000, 'ip_location': '河南', 'note_id': '685776f00000000012031d6f', 'content': '看着白底黑字，脑子里自动用蝉的声音念了[失望R]', 'user_id': '593a538382ec3944fe150fda', 'nickname': '瑶星青玉葱', 'avatar': 'https://sns-avatar-qc.xhscdn.com/avatar/5de5b20626e26600010aedd2.jpg?imageView2/2/w/120/format/jpg', 'sub_comment_count': '0', 'pictures': '', 'parent_comment_id': 0, 'last_modify_ts': 1772282007053, 'like_count': '1'}
20:33:27 | INFO    | [BilibiliCrawler.get_comments] begin get video_id: 116147240375771 comments ...
20:33:29 | INFO    | [XiaoHongShuCrawler.get_comments_all_sub_comments] Crawling sub_comment mode is not enabled
20:33:29 | INFO    | [store.xhs.update_xhs_note_comment] xhs note comment:{'comment_id': '685960c5000000001303665e', 'create_time': 1750687942000, 'ip_location': '山东', 'note_id': '685776f00000000012031d6f', 'content': '没有制空权，完全被动挨打', 'user_id': '60fcce9600000000010063a0', 'nickname': '坚固柔情', 'avatar': 'https://sns-avatar-qc.xhscdn.com/avatar/63a9b429c89b1f686e5576d1.jpg?imageView2/2/w/120/format/jpg', 'sub_comment_count': '0', 'pictures': '', 'parent_comment_id': 0, 'last_modify_ts': 1772282009445, 'like_count': '0'}
20:33:29 | INFO    | [store.xhs.update_xhs_note_comment] xhs note comment:{'comment_id': '6857b683000000002002d130', 'create_time': 1750578820000, 'ip_location': '山东', 'note_id': '685776f00000000012031d6f', 'content': '后面会怎么样？', 'user_id': '5b26881111be1046f679d785', 'nickname': '受着', 'avatar': 'https://sns-avatar-qc.xhscdn.com/avatar/1040g2jo319mg28j9na6g4a6big413ls5ru65v58?imageView2/2/w/120/format/jpg', 'sub_comment_count': '0', 'pictures': '', 'parent_comment_id': 0, 'last_modify_ts': 1772282009518, 'like_count': '0'}
20:33:29 | INFO    | [store.xhs.update_xhs_note_comment] xhs note comment:{'comment_id': '68578bc90000000020022d06', 'create_time': 1750567881000, 'ip_location': '四川', 'note_id': '685776f00000000012031d6f', 'content': '西太就是东大说了算了[偷笑R]', 'user_id': '636a115e000000001f018ac8', 'nickname': '小5哥', 'avatar': 'https://sns-avatar-qc.xhscdn.com/avatar/1040g2jo30st8mns1ju5g5ora25f7r2m8h37o2pg?imageView2/2/w/120/format/jpg', 'sub_comment_count': '0', 'pictures': '', 'parent_comment_id': 0, 'last_modify_ts': 1772282009598, 'like_count': '2'}
20:33:29 | INFO    | [store.xhs.update_xhs_note_comment] xhs note comment:{'comment_id': '685786fd000000000401ffe3', 'create_time': 1750566653000, 'ip_location': '山东', 'note_id': '685776f00000000012031d6f', 'content': '无图无真相', 'user_id': '5d270b74000000001101838e', 'nickname': 'Alex', 'avatar': 'https://sns-avatar-qc.xhscdn.com/avatar/1040g2jo31s479td85s705n971dq4b0se4530su8?imageView2/2/w/120/format/jpg', 'sub_comment_count': '0', 'pictures': '', 'parent_comment_id': 0, 'last_modify_ts': 1772282009673, 'like_count': '3'}
20:33:29 | INFO    | [store.xhs.update_xhs_note_comment] xhs note comment:{'comment_id': '68579155000000001102c8fe', 'create_time': 1750569301000, 'ip_location': '山东', 'note_id': '685776f00000000012031d6f', 'content': '海峡真的会封吗？那时候我就要疯了[笑哭R]', 'user_id': '5bb3582ddc30da0001ed6c9b', 'nickname': '糖球球小酮学', 'avatar': 'https://sns-avatar-qc.xhscdn.com/avatar/1040g2jo31e46iksm10004b93gic2qr4rog82r88?imageView2/2/w/120/format/jpg', 'sub_comment_count': '0', 'pictures': '', 'parent_comment_id': 0, 'last_modify_ts': 1772282009726, 'like_count': '7'}
20:33:29 | INFO    | [store.xhs.update_xhs_note_comment] xhs note comment:{'comment_id': '6858c695000000000400fb7b', 'create_time': 1750648469000, 'ip_location': '北京', 'note_id': '685776f00000000012031d6f', 'content': '南海和俄乌战争是不是可以同时动手了', 'user_id': '5ab1c43511be1029f948f5a3', 'nickname': '富肌Molly', 'avatar': 'https://sns-avatar-qc.xhscdn.com/avatar/5ab1c43511be1029f948f5a3.jpg?imageView2/2/w/120/format/jpg', 'sub_comment_count': '0', 'pictures': '', 'parent_comment_id': 0, 'last_modify_ts': 1772282009794, 'like_count': '2'}
20:33:29 | INFO    | [store.xhs.update_xhs_note_comment] xhs note comment:{'comment_id': '6857853b00000000200211c7', 'create_time': 1750566204000, 'ip_location': '天津', 'note_id': '685776f00000000012031d6f', 'content': '打婴酱的爸爸就完事了', 'user_id': '61ccdba90000000010007c46', 'nickname': 'x17', 'avatar': 'https://sns-avatar-qc.xhscdn.com/avatar/61ccdba90000000010007c46.jpg?imageView2/2/w/120/format/jpg', 'sub_comment_count': '0', 'pictures': '', 'parent_comment_id': 0, 'last_modify_ts': 1772282009845, 'like_count': '3'}
20:33:29 | INFO    | [store.xhs.update_xhs_note_comment] xhs note comment:{'comment_id': '6857869f000000002002f3bf', 'create_time': 1750566560000, 'ip_location': '天津', 'note_id': '685776f00000000012031d6f', 'content': 'B2 干的干净利落[点赞R]', 'user_id': '643d24d7000000001400dd56', 'nickname': '小红薯643E4DA6', 'avatar': 'https://sns-avatar-qc.xhscdn.com/avatar/166ad12ae9a7f6fbb4bbbf88d417895f.jpg?imageView2/2/w/120/format/jpg', 'sub_comment_count': '0', 'pictures': '', 'parent_comment_id': 0, 'last_modify_ts': 1772282009909, 'like_count': '0'}
20:33:29 | INFO    | [store.xhs.update_xhs_note_comment] xhs note comment:{'comment_id': '6857c13500000000130379de', 'create_time': 1750581558000, 'ip_location': '上海', 'note_id': '685776f00000000012031d6f', 'content': '如果伊朗拥有核弹，中东地区会怎样？', 'user_id': '64a4a0ce000000001001c574', 'nickname': '小红薯64A57218', 'avatar': 'https://sns-avatar-qc.xhscdn.com/avatar/645b7ea002c16c941e0bcb05.jpg?imageView2/2/w/120/format/jpg', 'sub_comment_count': '0', 'pictures': '', 'parent_comment_id': 0, 'last_modify_ts': 1772282009976, 'like_count': '2'}
20:33:30 | INFO    | [store.xhs.update_xhs_note_comment] xhs note comment:{'comment_id': '6857917800000000200330df', 'create_time': 1750569337000, 'ip_location': '江苏', 'note_id': '685776f00000000012031d6f', 'content': '老蚕太牛了，神预测', 'user_id': '603b82680000000001009742', 'nickname': '秋秋', 'avatar': 'https://sns-avatar-qc.xhscdn.com/avatar/1040g2jo31pj1lu7b4ak05o1rg9k095q28op1cio?imageView2/2/w/120/format/jpg', 'sub_comment_count': '1', 'pictures': '', 'parent_comment_id': 0, 'last_modify_ts': 1772282010047, 'like_count': '5'}
20:33:32 | INFO    | [BilibiliCrawler.get_comments] Sleeping for 2 seconds after fetching comments for video 116147240375771
20:33:32 | INFO    | [XiaoHongShuCrawler.get_comments_all_sub_comments] Crawling sub_comment mode is not enabled
20:33:32 | INFO    | [store.bilibili.update_bilibili_video_comment] Bilibili video comment: 293903533232, content: 支持老特，核武器不能落入这种人手里。
20:33:32 | INFO    | [store.bilibili.update_bilibili_video_comment] Bilibili video comment: 293901477360, content: 80多岁的人讲话这么利索，身体真好
20:33:32 | INFO    | [store.bilibili.update_bilibili_video_comment] Bilibili video comment: 291627380449, content: 伊朗其实是亡于国内矛盾
20:33:34 | INFO    | [XiaoHongShuCrawler.get_comments] Sleeping for 2 seconds after fetching comments for note 685776f00000000012031d6f
20:33:34 | INFO    | [XiaoHongShuCrawler.get_comments] Begin get note id comments 685a0b4d0000000011003775
20:33:34 | INFO    | [store.xhs.update_xhs_note_comment] xhs note comment:{'comment_id': '685a170b000000000f03c033', 'create_time': 1750734604000, 'ip_location': '湖南', 'note_id': '685a0b4d0000000011003775', 'content': '听别人的，就要知道后果？', 'user_id': '5e71fff0000000000100414a', 'nickname': '娟娟', 'avatar': 'https://sns-avatar-qc.xhscdn.com/avatar/62708e7a85c0db5f26bd0839.jpg?imageView2/2/w/120/format/jpg', 'sub_comment_count': '0', 'pictures': '', 'parent_comment_id': 0, 'last_modify_ts': 1772282014463, 'like_count': '0'}
20:33:34 | INFO    | [BilibiliCrawler.get_comments] begin get video_id: 116147609472831 comments ...
20:33:36 | INFO    | [XiaoHongShuCrawler.get_comments_all_sub_comments] Crawling sub_comment mode is not enabled
20:33:38 | INFO    | [XiaoHongShuCrawler.get_comments] Sleeping for 2 seconds after fetching comments for note 685a0b4d0000000011003775
20:33:38 | INFO    | [XiaoHongShuCrawler.get_comments] Begin get note id comments 69859506000000001a0219a6
20:33:38 | INFO    | [BilibiliCrawler.get_comments] Sleeping for 2 seconds after fetching comments for video 116147609472831
20:33:38 | INFO    | [store.bilibili.update_bilibili_video_comment] Bilibili video comment: 291617625633, content: 去年的视频，可以看视频上面有个2025，显示的具体时间是2025年7月4号[吃瓜]
20:33:38 | INFO    | [store.xhs.update_xhs_note_comment] xhs note comment:{'comment_id': '6985e0dc0000000014031812', 'create_time': 1770381533000, 'ip_location': '上海', 'note_id': '69859506000000001a0219a6', 'content': '没啥用，还是好好自卫吧', 'user_id': '5fd3a22500000000010073d1', 'nickname': '在上海的老司机', 'avatar': 'https://sns-avatar-qc.xhscdn.com/avatar/1040g2jo31mqhpnsl6g5g5nujk8ig8suhnbmq340?imageView2/2/w/120/format/jpg', 'sub_comment_count': '1', 'pictures': '', 'parent_comment_id': 0, 'last_modify_ts': 1772282018893, 'like_count': '2'}
20:33:38 | INFO    | [store.bilibili.update_bilibili_video_comment] Bilibili video comment: 291613917041, content: 這是以前的視頻
20:33:38 | INFO    | [store.xhs.update_xhs_note_comment] xhs note comment:{'comment_id': '69859bd5000000000b0346dd', 'create_time': 1770363861000, 'ip_location': '上海', 'note_id': '69859506000000001a0219a6', 'content': '上啊伊朗', 'user_id': '62a93b4b000000001b0274a4', 'nickname': '小居不懂车', 'avatar': 'https://sns-avatar-qc.xhscdn.com/avatar/1040g2jo31frqjt7206005ol97d5mst54gofcj4g?imageView2/2/w/120/format/jpg', 'sub_comment_count': '2', 'pictures': '', 'parent_comment_id': 0, 'last_modify_ts': 1772282018958, 'like_count': '2'}
20:33:38 | INFO    | [store.bilibili.update_bilibili_video_comment] Bilibili video comment: 291619424561, content: tmd2025的视频也发出来，都不验证一下
20:33:39 | INFO    | [store.xhs.update_xhs_note_comment] xhs note comment:{'comment_id': '6985a0bb000000000503015f', 'create_time': 1770365116000, 'ip_location': '湖北', 'note_id': '69859506000000001a0219a6', 'content': '旗都升好几年啦，赶紧打啊', 'user_id': '6679b641000000000700718e', 'nickname': '柳随风', 'avatar': 'https://sns-avatar-qc.xhscdn.com/avatar/1040g2jo31coc0qna12505pjpmp0hoscekkc4vcg?imageView2/2/w/120/format/jpg', 'sub_comment_count': '0', 'pictures': '', 'parent_comment_id': 0, 'last_modify_ts': 1772282019009, 'like_count': '6'}
20:33:39 | INFO    | [store.xhs.update_xhs_note_comment] xhs note comment:{'comment_id': '6985b1c9000000000f02f4f0', 'create_time': 1770369482000, 'ip_location': '美国', 'note_id': '69859506000000001a0219a6', 'content': '伊朗不是你们担心的事', 'user_id': '5dadc23c000000000100acd6', 'nickname': '鋆瑶岳', 'avatar': 'https://sns-avatar-qc.xhscdn.com/avatar/1040g2jo31il40akpge005nddo8u09b6mlfnkea8?imageView2/2/w/120/format/jpg', 'sub_comment_count': '2', 'pictures': '', 'parent_comment_id': 0, 'last_modify_ts': 1772282019085, 'like_count': '6'}
20:33:39 | INFO    | [store.xhs.update_xhs_note_comment] xhs note comment:{'comment_id': '6986614a000000000f00c4f8', 'create_time': 1770414410000, 'ip_location': '加拿大', 'note_id': '69859506000000001a0219a6', 'content': '唉，好好保卫自己吧[笑哭R]', 'user_id': '6200a217000000001000e04b', 'nickname': 'Lester 室内装修 橱柜', 'avatar': 'https://sns-avatar-qc.xhscdn.com/avatar/6200a217000000001000e04b.jpg?imageView2/2/w/120/format/jpg', 'sub_comment_count': '2', 'pictures': '', 'parent_comment_id': 0, 'last_modify_ts': 1772282019141, 'like_count': '3'}
20:33:39 | INFO    | [store.xhs.update_xhs_note_comment] xhs note comment:{'comment_id': '6985985e000000000d011dea', 'create_time': 1770362975000, 'ip_location': '辽宁', 'note_id': '69859506000000001a0219a6', 'content': '航母都找到。更别说基地了', 'user_id': '5da81ac50000000001001cd3', 'nickname': 'Brian', 'avatar': 'https://sns-avatar-qc.xhscdn.com/avatar/1040g2jo31mcgc21ql8805nd83b2g876jqvffu6o?imageView2/2/w/120/format/jpg', 'sub_comment_count': '0', 'pictures': '', 'parent_comment_id': 0, 'last_modify_ts': 1772282019211, 'like_count': '4'}
20:33:39 | INFO    | [store.xhs.update_xhs_note_comment] xhs note comment:{'comment_id': '6985996f000000000601d006', 'create_time': 1770363248000, 'ip_location': '江苏', 'note_id': '69859506000000001a0219a6', 'content': '实践出真知！是骡是马出来溜溜！别老打嘴炮[doge]', 'user_id': '5d3158f6000000001103700b', 'nickname': '绵羊没烦恼', 'avatar': 'https://sns-avatar-qc.xhscdn.com/avatar/651abda574ac897383321a24.jpg?imageView2/2/w/120/format/jpg', 'sub_comment_count': '0', 'pictures': '', 'parent_comment_id': 0, 'last_modify_ts': 1772282019273, 'like_count': '5'}
20:33:39 | INFO    | [store.xhs.update_xhs_note_comment] xhs note comment:{'comment_id': '69a2d27b000000000400073d', 'create_time': 1772278395000, 'ip_location': '广西', 'note_id': '69859506000000001a0219a6', 'content': '波斯吵架没输过[派对R]打架没赢过[害羞R]', 'user_id': '6515019c0000000023027b5f', 'nickname': '小红薯6515CC5A', 'avatar': 'https://sns-avatar-qc.xhscdn.com/avatar/645b6985573b2ad2b5243b1d.jpg?imageView2/2/w/120/format/jpg', 'sub_comment_count': '0', 'pictures': '', 'parent_comment_id': 0, 'last_modify_ts': 1772282019348, 'like_count': '0'}
20:33:39 | INFO    | [store.xhs.update_xhs_note_comment] xhs note comment:{'comment_id': '6985b1be000000000f024132', 'create_time': 1770369471000, 'ip_location': '美国', 'note_id': '69859506000000001a0219a6', 'content': '不要担心伊朗，担心你们自己 担心国内吧', 'user_id': '5dadc23c000000000100acd6', 'nickname': '鋆瑶岳', 'avatar': 'https://sns-avatar-qc.xhscdn.com/avatar/1040g2jo31il40akpge005nddo8u09b6mlfnkea8?imageView2/2/w/120/format/jpg', 'sub_comment_count': '1', 'pictures': '', 'parent_comment_id': 0, 'last_modify_ts': 1772282019462, 'like_count': '11'}
20:33:39 | INFO    | [store.xhs.update_xhs_note_comment] xhs note comment:{'comment_id': '698698b7000000001500d17c', 'create_time': 1770428599000, 'ip_location': '山东', 'note_id': '69859506000000001a0219a6', 'content': '哈哈哈哈[笑哭R]最大的笑话就是伊朗威胁美国[笑哭R]', 'user_id': '55e3c0c4f5a2633c5c8ed42a', 'nickname': '普天之下，你我皆为吗喽', 'avatar': 'https://sns-avatar-qc.xhscdn.com/avatar/1040g2jo31j50drnu3060414t410c9l1a4okuc4o?imageView2/2/w/120/format/jpg', 'sub_comment_count': '0', 'pictures': '', 'parent_comment_id': 0, 'last_modify_ts': 1772282019548, 'like_count': '1'}
20:33:41 | INFO    | [BilibiliCrawler.get_comments] begin get video_id: 116147743621294 comments ...
20:33:41 | INFO    | [XiaoHongShuCrawler.get_comments_all_sub_comments] Crawling sub_comment mode is not enabled
20:33:42 | INFO    | [store.xhs.update_xhs_note_comment] xhs note comment:{'comment_id': '698595ad000000000f01d2e3', 'create_time': 1770362286000, 'ip_location': '北京', 'note_id': '69859506000000001a0219a6', 'content': '试试', 'user_id': '6091487500000000010066f9', 'nickname': '小红薯609251E3', 'avatar': 'https://sns-avatar-qc.xhscdn.com/avatar/1040g2jo30qhhda3mg4005o4h91qg8pnp7jho308?imageView2/2/w/120/format/jpg', 'sub_comment_count': '0', 'pictures': '', 'parent_comment_id': 0, 'last_modify_ts': 1772282022019, 'like_count': '2'}
20:33:42 | INFO    | [store.xhs.update_xhs_note_comment] xhs note comment:{'comment_id': '69869d3a000000000603237b', 'create_time': 1770429754000, 'ip_location': '上海', 'note_id': '69859506000000001a0219a6', 'content': '强弩之末，又不敢登陆。', 'user_id': '6314a7310000000012001d8f', 'nickname': '冰糖雪梨薄荷茶', 'avatar': 'https://sns-avatar-qc.xhscdn.com/avatar/6314a7310000000012001d8f.jpg?imageView2/2/w/120/format/jpg', 'sub_comment_count': '0', 'pictures': '', 'parent_comment_id': 0, 'last_modify_ts': 1772282022070, 'like_count': '0'}
20:33:42 | INFO    | [store.xhs.update_xhs_note_comment] xhs note comment:{'comment_id': '69859d0e000000001101b905', 'create_time': 1770364175000, 'ip_location': '上海', 'note_id': '69859506000000001a0219a6', 'content': '不打掉基地留着给自己膈应啊', 'user_id': '670df09f000000001d031912', 'nickname': '小红薯670E08BA', 'avatar': 'https://sns-avatar-qc.xhscdn.com/avatar/645b7e371fc3de4c930eff9d.jpg?imageView2/2/w/120/format/jpg', 'sub_comment_count': '0', 'pictures': '', 'parent_comment_id': 0, 'last_modify_ts': 1772282022139, 'like_count': '2'}
20:33:42 | INFO    | [store.xhs.update_xhs_note_comment] xhs note comment:{'comment_id': '6985d974000000000f01feaf', 'create_time': 1770379637000, 'ip_location': '广东', 'note_id': '69859506000000001a0219a6', 'content': '走夜路吹口哨[微笑R][微笑R]', 'user_id': '61ded82c000000001000d92c', 'nickname': '森燚', 'avatar': 'https://sns-avatar-qc.xhscdn.com/avatar/be4e54a984a21be925a215a08fb36c8b.jpg?imageView2/2/w/120/format/jpg', 'sub_comment_count': '0', 'pictures': '', 'parent_comment_id': 0, 'last_modify_ts': 1772282022196, 'like_count': '1'}
20:33:42 | INFO    | [store.xhs.update_xhs_note_comment] xhs note comment:{'comment_id': '6986b621000000000f00fdc3', 'create_time': 1770436130000, 'ip_location': '新疆', 'note_id': '69859506000000001a0219a6', 'content': '恭喜伊朗人民', 'user_id': '6842ea84000000001d0091f6', 'nickname': 'wty', 'avatar': 'https://sns-avatar-qc.xhscdn.com/avatar/645b800677c97ef1a2abc7e0.jpg?imageView2/2/w/120/format/jpg', 'sub_comment_count': '0', 'pictures': '', 'parent_comment_id': 0, 'last_modify_ts': 1772282022265, 'like_count': '0'}
20:33:42 | INFO    | [store.xhs.update_xhs_note_comment] xhs note comment:{'comment_id': '698690e80000000015012b8f', 'create_time': 1770426600000, 'ip_location': '上海', 'note_id': '69859506000000001a0219a6', 'content': '临死前总是说最硬的话', 'user_id': '59f035cb4eacab3fccf31d48', 'nickname': 'momo', 'avatar': 'https://sns-avatar-qc.xhscdn.com/avatar/1040g2jo30v7uk0m1lg0049usncqsm7a8etcqpqg?imageView2/2/w/120/format/jpg', 'sub_comment_count': '0', 'pictures': '', 'parent_comment_id': 0, 'last_modify_ts': 1772282022345, 'like_count': '1'}
20:33:42 | INFO    | [store.xhs.update_xhs_note_comment] xhs note comment:{'comment_id': '698819de000000000f029e5c', 'create_time': 1770527199000, 'ip_location': '四川', 'note_id': '69859506000000001a0219a6', 'content': '伊朗： 战无不胜！[点赞R]', 'user_id': '64355fee000000000d01a4df', 'nickname': '大象🐘BOB', 'avatar': 'https://sns-avatar-qc.xhscdn.com/avatar/1040g2jo30uk42ggs5e0g5p1lbvn3b96vk1lboi0?imageView2/2/w/120/format/jpg', 'sub_comment_count': '0', 'pictures': '', 'parent_comment_id': 0, 'last_modify_ts': 1772282022454, 'like_count': '0'}
20:33:42 | INFO    | [store.xhs.update_xhs_note_comment] xhs note comment:{'comment_id': '6986110f000000000800ccdb', 'create_time': 1770393872000, 'ip_location': '江苏', 'note_id': '69859506000000001a0219a6', 'content': '民主党和共和党要打起来了[doge]', 'user_id': '6144e1390000000002019f0e', 'nickname': 'l i n', 'avatar': 'https://sns-avatar-qc.xhscdn.com/avatar/1040g2jo31rrgiic92g2g5oa4s4sgj7oecj186ko?imageView2/2/w/120/format/jpg', 'sub_comment_count': '0', 'pictures': '', 'parent_comment_id': 0, 'last_modify_ts': 1772282022590, 'like_count': '0'}
20:33:42 | INFO    | [store.xhs.update_xhs_note_comment] xhs note comment:{'comment_id': '69859af40000000011018194', 'create_time': 1770363636000, 'ip_location': '贵州', 'note_id': '69859506000000001a0219a6', 'content': '朗朗别老是口嗨呀，拿点真的东西出来', 'user_id': '5b41df7011be104a1dd6cb20', 'nickname': '悠悠', 'avatar': 'https://sns-avatar-qc.xhscdn.com/avatar/411309441983cdc4ce073ff8da73b5b6.jpg?imageView2/2/w/120/format/jpg', 'sub_comment_count': '0', 'pictures': '', 'parent_comment_id': 0, 'last_modify_ts': 1772282022653, 'like_count': '2'}
20:33:42 | INFO    | [store.xhs.update_xhs_note_comment] xhs note comment:{'comment_id': '6986c910000000001d00a70e', 'create_time': 1770440976000, 'ip_location': '陕西', 'note_id': '69859506000000001a0219a6', 'content': '别吹了，人都和美国谈判认怂去了，口号喊的震天响，身体诚实的和什么似的', 'user_id': '5e1941d2000000000100333f', 'nickname': '马尔蒂尼', 'avatar': 'https://sns-avatar-qc.xhscdn.com/avatar/604e71154c2a260aa60da1d5.jpg?imageView2/2/w/120/format/jpg', 'sub_comment_count': '0', 'pictures': '', 'parent_comment_id': 0, 'last_modify_ts': 1772282022712, 'like_count': '1'}
20:33:44 | INFO    | [XiaoHongShuCrawler.get_comments_all_sub_comments] Crawling sub_comment mode is not enabled
20:33:45 | INFO    | [BilibiliCrawler.get_comments] Sleeping for 2 seconds after fetching comments for video 116147743621294
20:33:46 | INFO    | [XiaoHongShuCrawler.get_comments] Sleeping for 2 seconds after fetching comments for note 69859506000000001a0219a6
20:33:46 | INFO    | [XiaoHongShuCrawler.get_comments] Begin get note id comments 685a174c000000002201ca12
20:33:47 | INFO    | [store.xhs.update_xhs_note_comment] xhs note comment:{'comment_id': '685a2ad6000000000f03e695', 'create_time': 1750739671000, 'ip_location': '四川', 'note_id': '685a174c000000002201ca12', 'content': '特特的喜剧', 'user_id': '648090200000000012037f73', 'nickname': '碧海云天', 'avatar': 'https://sns-avatar-qc.xhscdn.com/avatar/c94b2589011be6d87bfbbbf21db9e2a0.jpg?imageView2/2/w/120/format/jpg', 'sub_comment_count': '0', 'pictures': '', 'parent_comment_id': 0, 'last_modify_ts': 1772282027166, 'like_count': '2'}
20:33:47 | INFO    | [store.xhs.update_xhs_note_comment] xhs note comment:{'comment_id': '685aace4000000001101a0c6', 'create_time': 1750772964000, 'ip_location': '广东', 'note_id': '685a174c000000002201ca12', 'content': 'China want to help Israel. USA want to destroy Israel.', 'user_id': '61475a6a0000000002019f21', 'nickname': '阿雨', 'avatar': 'https://sns-avatar-qc.xhscdn.com/avatar/1040g2jo31rhdje7bmu405oa7b9l0j7p1bq2d34g?imageView2/2/w/120/format/jpg', 'sub_comment_count': '0', 'pictures': '', 'parent_comment_id': 0, 'last_modify_ts': 1772282027221, 'like_count': '0'}
20:33:47 | INFO    | [store.xhs.update_xhs_note_comment] xhs note comment:{'comment_id': '685a4b250000000020020c02', 'create_time': 1750747941000, 'ip_location': '广东', 'note_id': '685a174c000000002201ca12', 'content': '长这么大了，还像小孩那样。骗谁了哈哈哈', 'user_id': '5ac1e65a4eacab469d2e14fe', 'nickname': 'RyanLee', 'avatar': 'https://sns-avatar-qc.xhscdn.com/avatar/1040g2jo30voiq44d66004a47jjj5k57uak37cbg?imageView2/2/w/120/format/jpg', 'sub_comment_count': '0', 'pictures': '', 'parent_comment_id': 0, 'last_modify_ts': 1772282027272, 'like_count': '0'}
20:33:47 | INFO    | [store.xhs.update_xhs_note_comment] xhs note comment:{'comment_id': '685a4596000000002000ef8d', 'create_time': 1750746519000, 'ip_location': '广东', 'note_id': '685a174c000000002201ca12', 'content': '小特骑虎难下了，打不是不打又不是。今次看你怎收科。', 'user_id': '5fe7158c000000000101ed18', 'nickname': '扶摇太后，强汉兴华', 'avatar': 'https://sns-avatar-qc.xhscdn.com/avatar/62947baad52fcd9e69919563.jpg?imageView2/2/w/120/format/jpg', 'sub_comment_count': '0', 'pictures': '', 'parent_comment_id': 0, 'last_modify_ts': 1772282027400, 'like_count': '0'}
20:33:47 | INFO    | [store.xhs.update_xhs_note_comment] xhs note comment:{'comment_id': '685a36ed0000000020012982', 'create_time': 1750742765000, 'ip_location': '四川', 'note_id': '685a174c000000002201ca12', 'content': '伊朗内部出问题了吧。外长还在俄罗斯的嘛，还要来中国的嘛。这中俄都还没表态就完了？外长估计还不晓得吧？被偷家了？', 'user_id': '63627cd5000000001f01e0c4', 'nickname': 'YG', 'avatar': 'https://sns-avatar-qc.xhscdn.com/avatar/63627cd5000000001f01e0c4.jpg?imageView2/2/w/120/format/jpg', 'sub_comment_count': '0', 'pictures': '', 'parent_comment_id': 0, 'last_modify_ts': 1772282027462, 'like_count': '0'}
20:33:47 | INFO    | [store.xhs.update_xhs_note_comment] xhs note comment:{'comment_id': '685a3a7b000000000600575e', 'create_time': 1750743675000, 'ip_location': '天津', 'note_id': '685a174c000000002201ca12', 'content': '川建国又开始撒谎了，开始胡说八道喽。[大笑R][大笑R][大笑R]', 'user_id': '65c1c9e50000000011014989', 'nickname': '缘佳', 'avatar': 'https://sns-avatar-qc.xhscdn.com/avatar/1040g2jo31nhnot5cks0g5pe1p7ikaic9bf8adoo?imageView2/2/w/120/format/jpg', 'sub_comment_count': '0', 'pictures': '', 'parent_comment_id': 0, 'last_modify_ts': 1772282027508, 'like_count': '1'}
20:33:48 | INFO    | [BilibiliCrawler.get_comments] begin get video_id: 116148146276402 comments ...
20:33:49 | INFO    | [XiaoHongShuCrawler.get_comments_all_sub_comments] Crawling sub_comment mode is not enabled
20:33:51 | INFO    | [BilibiliCrawler.get_comments] Sleeping for 2 seconds after fetching comments for video 116148146276402
20:33:51 | INFO    | [XiaoHongShuCrawler.get_comments] Sleeping for 2 seconds after fetching comments for note 685a174c000000002201ca12
20:33:51 | INFO    | [XiaoHongShuCrawler.get_comments] Begin get note id comments 6967a0ad000000001a030839
20:33:51 | INFO    | [store.xhs.update_xhs_note_comment] xhs note comment:{'comment_id': '6969a09f000000000400145c', 'create_time': 1768530079000, 'ip_location': '福建', 'note_id': '6967a0ad000000001a030839', 'content': '说得好像打得过以色列一样[暗中观察R]', 'user_id': '67566740000000001d02f8ba', 'nickname': '不怕下雨林先生', 'avatar': 'https://sns-avatar-qc.xhscdn.com/avatar/1040g2jo31h7bkfdb4o6g5pqmct07du5q7cc4pjo?imageView2/2/w/120/format/jpg', 'sub_comment_count': '3', 'pictures': '', 'parent_comment_id': 0, 'last_modify_ts': 1772282031927, 'like_count': '37'}
20:33:51 | INFO    | [store.xhs.update_xhs_note_comment] xhs note comment:{'comment_id': '696893ff000000001803a6f5', 'create_time': 1768461311000, 'ip_location': '上海', 'note_id': '6967a0ad000000001a030839', 'content': '我不信他敢炸迪拜和多哈', 'user_id': '6459cedd000000002901628e', 'nickname': '广岛都是熟人', 'avatar': 'https://sns-avatar-qc.xhscdn.com/avatar/1040g2jo31rrcp6vq32005p2ppreqaoke9v1r9p0?imageView2/2/w/120/format/jpg', 'sub_comment_count': '10', 'pictures': '', 'parent_comment_id': 0, 'last_modify_ts': 1772282031984, 'like_count': '6'}
20:33:52 | INFO    | [store.xhs.update_xhs_note_comment] xhs note comment:{'comment_id': '69689b4c0000000006009b30', 'create_time': 1768463180000, 'ip_location': '江苏', 'note_id': '6967a0ad000000001a030839', 'content': '还想去伊朗旅游呢，希望别把遗址打没了', 'user_id': '62f483d6000000001e01f7d0', 'nickname': 'momo', 'avatar': 'https://sns-avatar-qc.xhscdn.com/avatar/1000g2jo2jb45ja2j40605onkgfb7jtugfdqv90g?imageView2/2/w/120/format/jpg', 'sub_comment_count': '9', 'pictures': '', 'parent_comment_id': 0, 'last_modify_ts': 1772282032047, 'like_count': '7'}
20:33:52 | INFO    | [store.xhs.update_xhs_note_comment] xhs note comment:{'comment_id': '6968828b0000000009023dd5', 'create_time': 1768456844000, 'ip_location': '四川', 'note_id': '6967a0ad000000001a030839', 'content': '不相信iran，要么他自己证明一下', 'user_id': '5dd8eb730000000001004869', 'nickname': 'nokr', 'avatar': 'https://sns-avatar-qc.xhscdn.com/avatar/5dd8eb730000000001004869.jpg?imageView2/2/w/120/format/jpg', 'sub_comment_count': '2', 'pictures': '', 'parent_comment_id': 0, 'last_modify_ts': 1772282032116, 'like_count': '20'}
20:33:52 | INFO    | [store.xhs.update_xhs_note_comment] xhs note comment:{'comment_id': '696c42ae000000000c01504c', 'create_time': 1768702638000, 'ip_location': '北京', 'note_id': '6967a0ad000000001a030839', 'content': '月底去阿联酋，咋办', 'user_id': '5f1aa8330000000001004e70', 'nickname': '🍎', 'avatar': 'https://sns-avatar-qc.xhscdn.com/avatar/1040g2jo31ps2ftbl4k005noql0pg8jjg4u1g4eo?imageView2/2/w/120/format/jpg', 'sub_comment_count': '5', 'pictures': '', 'parent_comment_id': 0, 'last_modify_ts': 1772282032230, 'like_count': '0'}
20:33:52 | INFO    | [store.xhs.update_xhs_note_comment] xhs note comment:{'comment_id': '697393ea000000000b037bd2', 'create_time': 1769182187000, 'ip_location': '湖北', 'note_id': '6967a0ad000000001a030839', 'content': '重压之下，伊朗必然会找老毛子和东大求援，出于唇亡齿寒的道理，也不会隔岸观火，没了伊朗，也不利于东大，所以', 'user_id': '618c7623000000001000a760', 'nickname': '追风少年', 'avatar': 'https://sns-avatar-qc.xhscdn.com/avatar/0dd6f7e91ce0bea602fbc47515b7c72f.jpg?imageView2/2/w/120/format/jpg', 'sub_comment_count': '3', 'pictures': '', 'parent_comment_id': 0, 'last_modify_ts': 1772282032282, 'like_count': '0'}
20:33:52 | INFO    | [store.xhs.update_xhs_note_comment] xhs note comment:{'comment_id': '6969aa600000000006031443', 'create_time': 1768532577000, 'ip_location': '广东', 'note_id': '6967a0ad000000001a030839', 'content': '以色列出名的让领导先走，美国佬还喜欢大面积平推。对于内衣集团打以色列更早见安拉', 'user_id': '6901d75c0000000037031cf3', 'nickname': 'Tung or Tong, ria or ar', 'avatar': 'https://sns-avatar-qc.xhscdn.com/avatar/1040g2jo31rnn893628605q81qtedu77jm3k78fg?imageView2/2/w/120/format/jpg', 'sub_comment_count': '1', 'pictures': '', 'parent_comment_id': 0, 'last_modify_ts': 1772282032351, 'like_count': '4'}
20:33:52 | INFO    | [store.xhs.update_xhs_note_comment] xhs note comment:{'comment_id': '69688be8000000000600fc16', 'create_time': 1768459240000, 'ip_location': '上海', 'note_id': '6967a0ad000000001a030839', 'content': '这次准备升什么旗[doge]', 'user_id': '56cffab01c07df2ac6b767f1', 'nickname': '搬砖中登', 'avatar': 'https://sns-avatar-qc.xhscdn.com/avatar/1040g2jo315lnhhhsgm0045vpk4tb0pvh5li1agg?imageView2/2/w/120/format/jpg', 'sub_comment_count': '1', 'pictures': '', 'parent_comment_id': 0, 'last_modify_ts': 1772282032464, 'like_count': '4'}
20:33:52 | INFO    | [store.xhs.update_xhs_note_comment] xhs note comment:{'comment_id': '69698d100000000008033ed6', 'create_time': 1768525072000, 'ip_location': '辽宁', 'note_id': '6967a0ad000000001a030839', 'content': '就像那些基地不是别国领土似的……[笑哭R]', 'user_id': '5f06fb3b000000000101d998', 'nickname': '破筐', 'avatar': 'https://sns-avatar-qc.xhscdn.com/avatar/60cd96c799f39b9719e828f6.jpg?imageView2/2/w/120/format/jpg', 'sub_comment_count': '0', 'pictures': '', 'parent_comment_id': 0, 'last_modify_ts': 1772282032551, 'like_count': '6'}
20:33:52 | INFO    | [store.xhs.update_xhs_note_comment] xhs note comment:{'comment_id': '696863100000000008033b62', 'create_time': 1768448785000, 'ip_location': '浙江', 'note_id': '6967a0ad000000001a030839', 'content': '永远是嘴跟棋 但凡早有勇气也不至于到今天这地步 要做旗手现在棋子都没人看得上[笑哭R]', 'user_id': '6380a280000000001f017d29', 'nickname': '滨', 'avatar': 'https://sns-avatar-qc.xhscdn.com/avatar/6380a32c55f184210a0a60df.jpg?imageView2/2/w/120/format/jpg', 'sub_comment_count': '0', 'pictures': '', 'parent_comment_id': 0, 'last_modify_ts': 1772282032619, 'like_count': '5'}
20:33:54 | INFO    | [XiaoHongShuCrawler.get_comments_all_sub_comments] Crawling sub_comment mode is not enabled
20:33:55 | INFO    | [store.xhs.update_xhs_note_comment] xhs note comment:{'comment_id': '6979bf77000000000b0365b7', 'create_time': 1769586551000, 'ip_location': '澳大利亚', 'note_id': '6967a0ad000000001a030839', 'content': '千万别打 不然发现卖过去的军火都哑火 跟委内瑞拉一个德行 那多尴尬', 'user_id': '593a3f066a6a692eba4f1709', 'nickname': '天天', 'avatar': 'https://sns-avatar-qc.xhscdn.com/avatar/1040g2jo31mk13q6f6m0049jc79vgc5o9jrer9dg?imageView2/2/w/120/format/jpg', 'sub_comment_count': '0', 'pictures': '', 'parent_comment_id': 0, 'last_modify_ts': 1772282035029, 'like_count': '0'}
20:33:55 | INFO    | [store.xhs.update_xhs_note_comment] xhs note comment:{'comment_id': '69799ec00000000006030443', 'create_time': 1769578176000, 'ip_location': '广东', 'note_id': '6967a0ad000000001a030839', 'content': '他敢打一下以色列，估计以色列会把伊朗炸飞', 'user_id': '67c86db8000000000a03d620', 'nickname': '小红薯67C88F0A', 'avatar': 'https://sns-avatar-qc.xhscdn.com/avatar/645b809d1b0ee4025dc47735.jpg?imageView2/2/w/120/format/jpg', 'sub_comment_count': '0', 'pictures': '', 'parent_comment_id': 0, 'last_modify_ts': 1772282035095, 'like_count': '0'}
20:33:55 | INFO    | [store.xhs.update_xhs_note_comment] xhs note comment:{'comment_id': '69797577000000000600c5ee', 'create_time': 1769567608000, 'ip_location': '北京', 'note_id': '6967a0ad000000001a030839', 'content': '推翻神棍，解救伊朗人民群众', 'user_id': '66bc13c5000000000b032d50', 'nickname': '不喧哗自有声', 'avatar': 'https://sns-avatar-qc.xhscdn.com/avatar/645b7f4a9262aeee795c99e7.jpg?imageView2/2/w/120/format/jpg', 'sub_comment_count': '0', 'pictures': '', 'parent_comment_id': 0, 'last_modify_ts': 1772282035168, 'like_count': '2'}
20:33:55 | INFO    | [store.xhs.update_xhs_note_comment] xhs note comment:{'comment_id': '69797139000000000f01add3', 'create_time': 1769566522000, 'ip_location': '浙江', 'note_id': '6967a0ad000000001a030839', 'content': '[捂脸R][捂脸R][捂脸R]得了吧 看看到时候几名美军脑震荡', 'user_id': '625b9808000000002102990a', 'nickname': 'jacobs', 'avatar': 'https://sns-avatar-qc.xhscdn.com/avatar/625b9808000000002102990a.jpg?imageView2/2/w/120/format/jpg', 'sub_comment_count': '0', 'pictures': '', 'parent_comment_id': 0, 'last_modify_ts': 1772282035226, 'like_count': '0'}
20:33:55 | INFO    | [store.xhs.update_xhs_note_comment] xhs note comment:{'comment_id': '69784557000000000f01e78e', 'create_time': 1769489752000, 'ip_location': '广东', 'note_id': '6967a0ad000000001a030839', 'content': '真的是装假体都不行', 'user_id': '5afc133ee8ac2b6f6403008b', 'nickname': '豆腐', 'avatar': 'https://sns-avatar-qc.xhscdn.com/avatar/62c1a56ab3c915199cbc0e94.jpg?imageView2/2/w/120/format/jpg', 'sub_comment_count': '0', 'pictures': '', 'parent_comment_id': 0, 'last_modify_ts': 1772282035301, 'like_count': '0'}
20:33:55 | INFO    | [store.xhs.update_xhs_note_comment] xhs note comment:{'comment_id': '697836970000000006031196', 'create_time': 1769485975000, 'ip_location': '陕西', 'note_id': '6967a0ad000000001a030839', 'content': '主要是他得有你所谓的能力[失望R]', 'user_id': '5d4010620000000016008661', 'nickname': '我哥让我改名字', 'avatar': 'https://sns-avatar-qc.xhscdn.com/avatar/1040g2jo31lh8fvlr520g5na021h5h1j1jo141k8?imageView2/2/w/120/format/jpg', 'sub_comment_count': '0', 'pictures': '', 'parent_comment_id': 0, 'last_modify_ts': 1772282035382, 'like_count': '1'}
20:33:55 | INFO    | [store.xhs.update_xhs_note_comment] xhs note comment:{'comment_id': '6976b96c0000000006030961', 'create_time': 1769388396000, 'ip_location': '广东', 'note_id': '6967a0ad000000001a030839', 'content': '直到伊朗改朝换代，美以军队伤亡人数如果超过20人，我就当伊朗有血性。', 'user_id': '67bc61c6000000000e02e1f8', 'nickname': '那年夏天太阳也曾哭泣过', 'avatar': 'https://sns-avatar-qc.xhscdn.com/avatar/1040g2jo31pbniutp266g5ptsc733lofo1npmbr8?imageView2/2/w/120/format/jpg', 'sub_comment_count': '0', 'pictures': '', 'parent_comment_id': 0, 'last_modify_ts': 1772282035455, 'like_count': '0'}
20:33:55 | INFO    | [store.xhs.update_xhs_note_comment] xhs note comment:{'comment_id': '6975c056000000001d008a17', 'create_time': 1769324630000, 'ip_location': '浙江', 'note_id': '6967a0ad000000001a030839', 'content': '伊朗把以色列往死里打，具体是怎么打？等于我说把火星往死里打。', 'user_id': '5d25c6700000000011003976', 'nickname': 'upknow', 'avatar': 'https://sns-avatar-qc.xhscdn.com/avatar/1040g2jo31pc02226io6g5n95opo48ebmg6qbo5g?imageView2/2/w/120/format/jpg', 'sub_comment_count': '0', 'pictures': '', 'parent_comment_id': 0, 'last_modify_ts': 1772282035532, 'like_count': '2'}
20:33:55 | INFO    | [store.xhs.update_xhs_note_comment] xhs note comment:{'comment_id': '6975b99900000000060331e6', 'create_time': 1769322906000, 'ip_location': '山东', 'note_id': '6967a0ad000000001a030839', 'content': '伊朗现在是多么无助啊[哭惹R]不说了，下午买条烟接着抽[飞吻R]', 'user_id': '61e0fab80000000010009529', 'nickname': '傲视群雄', 'avatar': 'https://sns-avatar-qc.xhscdn.com/avatar/2b4cefbb01e0a0824f5c173dde7f98b2.jpg?imageView2/2/w/120/format/jpg', 'sub_comment_count': '0', 'pictures': '', 'parent_comment_id': 0, 'last_modify_ts': 1772282035606, 'like_count': '2'}
20:33:55 | INFO    | [BilibiliCrawler.get_comments] begin get video_id: 116147995282649 comments ...
20:33:55 | INFO    | [store.xhs.update_xhs_note_comment] xhs note comment:{'comment_id': '6975a659000000000600a6c0', 'create_time': 1769317978000, 'ip_location': '北京', 'note_id': '6967a0ad000000001a030839', 'content': '先想想升什么旗吧[doge]', 'user_id': '644cb073000000001002af8a', 'nickname': 'momo', 'avatar': 'https://sns-avatar-qc.xhscdn.com/avatar/1040g2jo30qh0rmak06005p2cm1pk5bsa0fs07bo?imageView2/2/w/120/format/jpg', 'sub_comment_count': '0', 'pictures': '', 'parent_comment_id': 0, 'last_modify_ts': 1772282035674, 'like_count': '3'}
20:33:57 | INFO    | [XiaoHongShuCrawler.get_comments_all_sub_comments] Crawling sub_comment mode is not enabled
20:33:59 | INFO    | [BilibiliCrawler.get_comments] Sleeping for 2 seconds after fetching comments for video 116147995282649
20:33:59 | INFO    | [store.bilibili.update_bilibili_video_comment] Bilibili video comment: 293926677792, content: 我关注的企鹅妹up咋更新时政军事了[笑哭]
20:33:59 | INFO    | [store.bilibili.update_bilibili_video_comment] Bilibili video comment: 291627958113, content: 就这么点出息了，准备这么久就是为了斩首高层和轰炸核设施，是个人都能猜出来，伊朗高层再蠢也不可能再被你斩首了。[吃瓜]
20:33:59 | INFO    | [store.bilibili.update_bilibili_video_comment] Bilibili video comment: 291626979345, content: 天上卫星和飞机实时监控，电子干扰，伊朗导弹威胁并不大
20:33:59 | INFO    | [XiaoHongShuCrawler.get_comments] Sleeping for 2 seconds after fetching comments for note 6967a0ad000000001a030839
20:33:59 | INFO    | [XiaoHongShuCrawler.get_comments] Begin get note id comments 685a4db60000000022030a42
20:34:01 | INFO    | [BilibiliCrawler.get_comments] begin get video_id: 116147676579988 comments ...
20:34:02 | INFO    | [XiaoHongShuCrawler.get_comments_all_sub_comments] Crawling sub_comment mode is not enabled
20:34:04 | INFO    | [XiaoHongShuCrawler.get_comments] Sleeping for 2 seconds after fetching comments for note 685a4db60000000022030a42
20:34:04 | INFO    | [XiaoHongShuCrawler.get_comments] Begin get note id comments 6998ff8c000000000c0361e5
20:34:04 | INFO    | [store.xhs.update_xhs_note_comment] xhs note comment:{'comment_id': '69a0b1cd0000000030025b1e', 'create_time': 1772138958000, 'ip_location': '美国', 'note_id': '6998ff8c000000000c0361e5', 'content': '2月26日周四，今天是涨势，昨天有挤高的迹象，因此判断今天大概不会涨，而是平。明天按节奏是跌，可能会在今天蜡烛的影子里震荡，不深跌，也可能深跌。等一下收盘买下周五到期的Put，有可能持过周末，同时卖call组合。', 'user_id': '6789f9c3000000000d0094a5', 'nickname': '人闲图雅', 'avatar': 'https://sns-avatar-qc.xhscdn.com/avatar/1040g2jo31s6bpcb1m86g5ps9v71j9555s4s95pg?imageView2/2/w/120/format/jpg', 'sub_comment_count': '3', 'pictures': '', 'parent_comment_id': 0, 'last_modify_ts': 1772282044428, 'like_count': '2'}
20:34:04 | INFO    | [store.xhs.update_xhs_note_comment] xhs note comment:{'comment_id': '699d24bd000000000f028d71', 'create_time': 1771906240000, 'ip_location': '美国', 'note_id': '6998ff8c000000000c0361e5', 'content': '2月24日可以择机买3月6日到期的35P，持有到周五收盘就差不多了。信息都在图上了，就不解释了。', 'user_id': '6789f9c3000000000d0094a5', 'nickname': '人闲图雅', 'avatar': 'https://sns-avatar-qc.xhscdn.com/avatar/1040g2jo31s6bpcb1m86g5ps9v71j9555s4s95pg?imageView2/2/w/120/format/jpg', 'sub_comment_count': '6', 'pictures': 'http://sns-webpic-qc.xhscdn.com/202602282034/b9a59beb5317a672d8b930efae68cd8c/comment/1040g4b831sv4vbnm5m605ps9v71j9555piu27n0!nd_whlt34_webp_wm_1', 'parent_comment_id': 0, 'last_modify_ts': 1772282044500, 'like_count': '1'}
20:34:04 | INFO    | [store.xhs.update_xhs_note_comment] xhs note comment:{'comment_id': '699f5e9700000000300262a5', 'create_time': 1772052120000, 'ip_location': '美国', 'note_id': '6998ff8c000000000c0361e5', 'content': '2月25日周三，按现在的节奏明天周四是横走收平，周五跌。盘后NVDA的季报，感觉会是开大，明天高开则开盘卖Call，大幅高开同时买Put，否则等收盘再买，如果NVDA开小，则低开高走，收盘时卖Call买Put。', 'user_id': '6789f9c3000000000d0094a5', 'nickname': '人闲图雅', 'avatar': 'https://sns-avatar-qc.xhscdn.com/avatar/1040g2jo31s6bpcb1m86g5ps9v71j9555s4s95pg?imageView2/2/w/120/format/jpg', 'sub_comment_count': '1', 'pictures': '', 'parent_comment_id': 0, 'last_modify_ts': 1772282044546, 'like_count': '3'}
20:34:04 | INFO    | [store.xhs.update_xhs_note_comment] xhs note comment:{'comment_id': '69993e80000000000b037679', 'create_time': 1771650689000, 'ip_location': '美国', 'note_id': '6998ff8c000000000c0361e5', 'content': '为啥打起来还能涨啊', 'user_id': '635481e3000000001901f7e5', 'nickname': '哈迪斯的双叉戟', 'avatar': 'https://sns-avatar-qc.xhscdn.com/avatar/6749018d7efbab70347336a7.jpg?imageView2/2/w/120/format/jpg', 'sub_comment_count': '2', 'pictures': '', 'parent_comment_id': 0, 'last_modify_ts': 1772282044608, 'like_count': '1'}
20:34:04 | INFO    | [store.xhs.update_xhs_note_comment] xhs note comment:{'comment_id': '69991526000000000903742f', 'create_time': 1771640102000, 'ip_location': '美国', 'note_id': '6998ff8c000000000c0361e5', 'content': '请问为什么打伊朗反而美股会上涨呢？', 'user_id': '6436d054000000000d019040', 'nickname': 'npc', 'avatar': 'https://sns-avatar-qc.xhscdn.com/avatar/1040g2jo31b7dhc8i7g005p1mq1a3b420fsel9m0?imageView2/2/w/120/format/jpg', 'sub_comment_count': '1', 'pictures': '', 'parent_comment_id': 0, 'last_modify_ts': 1772282044666, 'like_count': '3'}
20:34:04 | INFO    | [store.xhs.update_xhs_note_comment] xhs note comment:{'comment_id': '69a1b1aa0000000006030987', 'create_time': 1772204458000, 'ip_location': '上海', 'note_id': '6998ff8c000000000c0361e5', 'content': '我觉得楼主说的对', 'user_id': '55f3b11d3397db30f625c423', 'nickname': '虎嗅薇', 'avatar': 'https://sns-avatar-qc.xhscdn.com/avatar/1040g2jo318k18k2cgq00415grkohrh13hp7ak40?imageView2/2/w/120/format/jpg', 'sub_comment_count': '0', 'pictures': '', 'parent_comment_id': 0, 'last_modify_ts': 1772282044735, 'like_count': '0'}
20:34:04 | INFO    | [store.xhs.update_xhs_note_comment] xhs note comment:{'comment_id': '699cc4150000000004003659', 'create_time': 1771881493000, 'ip_location': '美国', 'note_id': '6998ff8c000000000c0361e5', 'content': '没打，也没涨，市场很一般', 'user_id': '5939f33182ec394040945298', 'nickname': 'Jovanni', 'avatar': 'https://sns-avatar-qc.xhscdn.com/avatar/1040g2jo31pt6smtm4k0g5occprq4190qua00opo?imageView2/2/w/120/format/jpg', 'sub_comment_count': '1', 'pictures': '', 'parent_comment_id': 0, 'last_modify_ts': 1772282044809, 'like_count': '0'}
20:34:04 | INFO    | [store.xhs.update_xhs_note_comment] xhs note comment:{'comment_id': '699a4317000000000902386b', 'create_time': 1771717399000, 'ip_location': '俄罗斯', 'note_id': '6998ff8c000000000c0361e5', 'content': '真的能打起来吗？', 'user_id': '59ff2fae4eacab0c8dcdf916', 'nickname': 'Lanlan', 'avatar': 'https://sns-avatar-qc.xhscdn.com/avatar/1040g2jo31qeeskn57g0049v6s7nqtu8mo3lb148?imageView2/2/w/120/format/jpg', 'sub_comment_count': '0', 'pictures': '', 'parent_comment_id': 0, 'last_modify_ts': 1772282044855, 'like_count': '0'}
20:34:04 | INFO    | [store.xhs.update_xhs_note_comment] xhs note comment:{'comment_id': '6999ac38000000000c017378', 'create_time': 1771678777000, 'ip_location': '广东', 'note_id': '6998ff8c000000000c0361e5', 'content': '一周前就半仓军工. 打不打都有个保障. 这周还涨了5%[doge]', 'user_id': '5b0a228af7e8b97635dfc9ae', 'nickname': 'Derek', 'avatar': 'https://sns-avatar-qc.xhscdn.com/avatar/1040g2jo30qdoo35jg6004a5mlfh8lide4hr3p98?imageView2/2/w/120/format/jpg', 'sub_comment_count': '0', 'pictures': '', 'parent_comment_id': 0, 'last_modify_ts': 1772282044905, 'like_count': '0'}
20:34:04 | INFO    | [store.xhs.update_xhs_note_comment] xhs note comment:{'comment_id': '699cd16a00000000300264a4', 'create_time': 1771884907000, 'ip_location': '美国', 'note_id': '6998ff8c000000000c0361e5', 'content': '2月23日周一，看分钟图今天市场是比较典型的强迫出售，原因是流动性不足和15%新关税带来的不确定性吧。明天周二应该是小涨，收盘前挂了一个1.00卖677/680P的单，价格到了没执行，算了。明天特朗普美西6:00pm讲话，开讲之前和之后1小时又是可能的打击伊朗的节点。', 'user_id': '6789f9c3000000000d0094a5', 'nickname': '人闲图雅', 'avatar': 'https://sns-avatar-qc.xhscdn.com/avatar/1040g2jo31s6bpcb1m86g5ps9v71j9555s4s95pg?imageView2/2/w/120/format/jpg', 'sub_comment_count': '0', 'pictures': '', 'parent_comment_id': 0, 'last_modify_ts': 1772282044980, 'like_count': '4'}
20:34:05 | INFO    | [BilibiliCrawler.get_comments] Sleeping for 2 seconds after fetching comments for video 116147676579988
20:34:05 | INFO    | [store.bilibili.update_bilibili_video_comment] Bilibili video comment: 291615623601, content: 第三次特别直播行动[笑哭]
20:34:06 | INFO    | [store.bilibili.update_bilibili_video_comment] Bilibili video comment: 293919597504, content: 太突然了，怎么总赶着我上班时候发动袭击。
20:34:07 | INFO    | [XiaoHongShuCrawler.get_comments_all_sub_comments] Crawling sub_comment mode is not enabled
20:34:07 | INFO    | [store.xhs.update_xhs_note_comment] xhs note comment:{'comment_id': '69990c9e0000000006008927', 'create_time': 1771637919000, 'ip_location': '美国', 'note_id': '6998ff8c000000000c0361e5', 'content': '那估计要开打了 感觉现在不具备上700的条件', 'user_id': '5d3bf6e50000000010012b3f', 'nickname': 'momo', 'avatar': 'https://sns-avatar-qc.xhscdn.com/avatar/1040g2jo31ctfqn0v0e005n9rurik2apv0lkgp28?imageView2/2/w/120/format/jpg', 'sub_comment_count': '1', 'pictures': '', 'parent_comment_id': 0, 'last_modify_ts': 1772282047401, 'like_count': '2'}
20:34:07 | INFO    | [store.xhs.update_xhs_note_comment] xhs note comment:{'comment_id': '699ef6f90000000009020331', 'create_time': 1772025593000, 'ip_location': '澳大利亚', 'note_id': '6998ff8c000000000c0361e5', 'content': '哥基本上判断都歪了，我要做你对手盘反买了[doge]', 'user_id': '5ac594ba11be10622103b4af', 'nickname': '一只番茄鱼', 'avatar': 'https://sns-avatar-qc.xhscdn.com/avatar/6268cf427020f161e4775004.jpg?imageView2/2/w/120/format/jpg', 'sub_comment_count': '0', 'pictures': '', 'parent_comment_id': 0, 'last_modify_ts': 1772282047451, 'like_count': '0'}
20:34:07 | INFO    | [store.xhs.update_xhs_note_comment] xhs note comment:{'comment_id': '699916c4000000000c014386', 'create_time': 1771640517000, 'ip_location': '美国', 'note_id': '6998ff8c000000000c0361e5', 'content': '很有意思的解读！这周根据博主的帖子操作收获不少[赞R]。但这波解读很具体，不知道帖子能不能活很久[笑哭R]', 'user_id': '641cd7dc0000000012012aca', 'nickname': '匹村tiger', 'avatar': 'https://sns-avatar-qc.xhscdn.com/avatar/1040g2jo31e7j77i5gk005p0sqve4iamafse0en8?imageView2/2/w/120/format/jpg', 'sub_comment_count': '0', 'pictures': '', 'parent_comment_id': 0, 'last_modify_ts': 1772282047514, 'like_count': '1'}
20:34:07 | INFO    | [store.xhs.update_xhs_note_comment] xhs note comment:{'comment_id': '699ab840000000000603201e', 'create_time': 1771747393000, 'ip_location': '江苏', 'note_id': '6998ff8c000000000c0361e5', 'content': '美伊同时弃核[合十R][合十R][合十R][合十R]', 'user_id': '62231a47000000001000f5a1', 'nickname': 'mark1773', 'avatar': 'https://sns-avatar-qc.xhscdn.com/avatar/1040g2jo31sevbr8nlc605oh3393k1td1vpb29mo?imageView2/2/w/120/format/jpg', 'sub_comment_count': '0', 'pictures': '', 'parent_comment_id': 0, 'last_modify_ts': 1772282047581, 'like_count': '0'}
20:34:07 | INFO    | [store.xhs.update_xhs_note_comment] xhs note comment:{'comment_id': '699915e900000000030137d4', 'create_time': 1771640297000, 'ip_location': '美国', 'note_id': '6998ff8c000000000c0361e5', 'content': '涨的逻辑是什么', 'user_id': '6436d054000000000d019040', 'nickname': 'npc', 'avatar': 'https://sns-avatar-qc.xhscdn.com/avatar/1040g2jo31b7dhc8i7g005p1mq1a3b420fsel9m0?imageView2/2/w/120/format/jpg', 'sub_comment_count': '0', 'pictures': '', 'parent_comment_id': 0, 'last_modify_ts': 1772282047628, 'like_count': '1'}
20:34:07 | INFO    | [store.xhs.update_xhs_note_comment] xhs note comment:{'comment_id': '69991132000000000600b908', 'create_time': 1771639090000, 'ip_location': '美国', 'note_id': '6998ff8c000000000c0361e5', 'content': '懂王的10%关税会有影响吗', 'user_id': '5939f33182ec394040945298', 'nickname': 'Jovanni', 'avatar': 'https://sns-avatar-qc.xhscdn.com/avatar/1040g2jo31pt6smtm4k0g5occprq4190qua00opo?imageView2/2/w/120/format/jpg', 'sub_comment_count': '1', 'pictures': '', 'parent_comment_id': 0, 'last_modify_ts': 1772282047692, 'like_count': '1'}
20:34:07 | INFO    | [store.xhs.update_xhs_note_comment] xhs note comment:{'comment_id': '69994e130000000004000bb8', 'create_time': 1771654675000, 'ip_location': '美国', 'note_id': '6998ff8c000000000c0361e5', 'content': '7050-7100不是都新高了吗？下周这么看涨吗', 'user_id': '55a22178b7ba2214c175dd27', 'nickname': '今天也是好运满满的欧若拉', 'avatar': 'https://sns-avatar-qc.xhscdn.com/avatar/1040g2jo31dr3q203ge0040uonegnhn97luolr3g?imageView2/2/w/120/format/jpg', 'sub_comment_count': '0', 'pictures': '', 'parent_comment_id': 0, 'last_modify_ts': 1772282047760, 'like_count': '1'}
20:34:09 | INFO    | [XiaoHongShuCrawler.get_comments_all_sub_comments] Crawling sub_comment mode is not enabled
20:34:10 | INFO    | [BilibiliCrawler.get_comments] begin get video_id: 116147441698919 comments ...
20:34:11 | INFO    | [XiaoHongShuCrawler.get_comments] Sleeping for 2 seconds after fetching comments for note 6998ff8c000000000c0361e5
20:34:11 | INFO    | [XiaoHongShuCrawler.get_comments] Begin get note id comments 696375fe000000000b00a8f1
20:34:12 | INFO    | [BilibiliCrawler.get_comments] Sleeping for 2 seconds after fetching comments for video 116147441698919
20:34:12 | INFO    | [store.bilibili.update_bilibili_video_comment] Bilibili video comment: 291629042657, content: 我发现特朗普总喜欢念稿念一半加点自己的词再念稿，搞得很多地方前后没那么通顺
20:34:12 | INFO    | [store.bilibili.update_bilibili_video_comment] Bilibili video comment: 293906388544, content: 特朗普的直觉就是好
20:34:12 | INFO    | [store.bilibili.update_bilibili_video_comment] Bilibili video comment: 291610206497, content: 看到这句我大脑皮层都展开了
20:34:14 | INFO    | [XiaoHongShuCrawler.get_comments_all_sub_comments] Crawling sub_comment mode is not enabled
20:34:14 | INFO    | [BilibiliCrawler.get_comments] begin get video_id: 116147961729131 comments ...
20:34:16 | INFO    | [XiaoHongShuCrawler.get_comments] Sleeping for 2 seconds after fetching comments for note 696375fe000000000b00a8f1
20:34:16 | INFO    | [XiaoHongShuCrawler.get_comments] Begin get note id comments 685d329d000000001100145c
20:34:16 | INFO    | [store.xhs.update_xhs_note_comment] xhs note comment:{'comment_id': '685d8c46000000002002e633', 'create_time': 1750961222000, 'ip_location': '广东', 'note_id': '685d329d000000001100145c', 'content': '我来看看，还有多少夜猫子没睡的[赞R][赞R][赞R]', 'user_id': '5f83e6f3000000000100afdc', 'nickname': '打铁女汉子', 'avatar': 'https://sns-avatar-qc.xhscdn.com/avatar/1040g2jo31jii1k8l32005ns3srpg9busu15af8g?imageView2/2/w/120/format/jpg', 'sub_comment_count': '0', 'pictures': '', 'parent_comment_id': 0, 'last_modify_ts': 1772282056511, 'like_count': '0'}
20:34:16 | INFO    | [store.xhs.update_xhs_note_comment] xhs note comment:{'comment_id': '685d620b000000000f03c11a', 'create_time': 1750950412000, 'ip_location': '广东', 'note_id': '685d329d000000001100145c', 'content': '？？？', 'user_id': '65acc52e0000000014007f89', 'nickname': '美好的小猪妹', 'avatar': 'https://sns-avatar-qc.xhscdn.com/avatar/1040g2jo31ssob6atlc6g5pdcokn50vs9eib2ep8?imageView2/2/w/120/format/jpg', 'sub_comment_count': '0', 'pictures': '', 'parent_comment_id': 0, 'last_modify_ts': 1772282056604, 'like_count': '3'}
20:34:18 | INFO    | [XiaoHongShuCrawler.get_comments_all_sub_comments] Crawling sub_comment mode is not enabled
20:34:19 | INFO    | [BilibiliCrawler.get_comments] Sleeping for 2 seconds after fetching comments for video 116147961729131
20:34:19 | INFO    | [store.bilibili.update_bilibili_video_comment] Bilibili video comment: 293924620768, content: 🇮🇷狠狠打击🇺🇸🇮🇱这两个野心🐺！
20:34:19 | INFO    | [store.bilibili.update_bilibili_video_comment] Bilibili video comment: 291630000145, content: 看了这些美军基地被反击的视频，发现有不少设施都在驻军国家的大城市地区，离居民区很近，美国佬这个简直就是在绑架第三国平民
20:34:19 | INFO    | [store.bilibili.update_bilibili_video_comment] Bilibili video comment: 291626915649, content: 截至到现在，伊朗发动导弹袭击的目标如下：
以色列
巴林：
朱费尔基地
美国第五舰队指挥中心
卡塔尔：
乌代德空军基地
科威特：
阿里夫詹营地
艾哈迈德·贾比尔空军基地
穆巴拉克空军基地
阿拉伯联合酋长国：
达夫拉空军基地
杰贝阿里港
富查伊拉空军基地
沙特阿拉伯：
利雅得的苏丹王子空军基地
塔布克基地
哈米斯穆沙伊特基地
吉达的西部基地  约旦穆沃费格萨勒提空军基地被炸了还有美国埃尔比勒领事馆
20:34:20 | INFO    | [XiaoHongShuCrawler.get_comments] Sleeping for 2 seconds after fetching comments for note 685d329d000000001100145c
20:34:20 | INFO    | [XiaoHongShuCrawler.get_comments] Begin get note id comments 685ac63b0000000022032147
20:34:21 | INFO    | [BilibiliCrawler.get_comments] begin get video_id: 116147794084904 comments ...
20:34:23 | INFO    | [XiaoHongShuCrawler.get_comments_all_sub_comments] Crawling sub_comment mode is not enabled
20:34:25 | INFO    | [XiaoHongShuCrawler.get_comments] Sleeping for 2 seconds after fetching comments for note 685ac63b0000000022032147
20:34:25 | INFO    | [XiaoHongShuCrawler.get_comments] Begin get note id comments 69635c4b000000001a02f1d1
20:34:25 | INFO    | [BilibiliCrawler.get_comments] Sleeping for 2 seconds after fetching comments for video 116147794084904
20:34:26 | INFO    | [store.bilibili.update_bilibili_video_comment] Bilibili video comment: 291619040721, content: 前面两年国防部长和副总统一个一个死，还不长心眼，现在又死一个，伊朗整个国家都成筛子了，波斯这个国家能活到现在真是奇迹。
20:34:26 | INFO    | [store.bilibili.update_bilibili_video_comment] Bilibili video comment: 293928264016, content: 本身就是弱势方，一直让别人先手，更要吃大亏，先手又打不过，似乎无解？
20:34:26 | INFO    | [store.bilibili.update_bilibili_video_comment] Bilibili video comment: 293922941088, content: 让我们看看伊朗疯狂打击美军的战果吧，送外卖都没动力了。
20:34:27 | INFO    | [XiaoHongShuCrawler.get_comments_all_sub_comments] Crawling sub_comment mode is not enabled
20:34:28 | INFO    | [BilibiliCrawler.search_by_keywords] search bilibili keyword: 伊朗打击美国军事基地, page: 2
20:34:29 | INFO    | [XiaoHongShuCrawler.get_comments] Sleeping for 2 seconds after fetching comments for note 69635c4b000000001a02f1d1
20:34:29 | INFO    | [XiaoHongShuCrawler.get_comments] Begin get note id comments 685a07ea000000002400a2f2
20:34:31 | INFO    | [XiaoHongShuCrawler.get_comments_all_sub_comments] Crawling sub_comment mode is not enabled
20:34:32 | INFO    | [BilibiliCrawler.get_video_info_task] Sleeping for 2 seconds after fetching video details 116147743622182
20:34:33 | INFO    | [XiaoHongShuCrawler.get_comments] Sleeping for 2 seconds after fetching comments for note 685a07ea000000002400a2f2
20:34:35 | INFO    | [XiaoHongShuCrawler.search] Sleeping for 2 seconds after page 1
20:34:35 | INFO    | [XiaoHongShuCrawler.search] search xhs keyword: 伊朗打击美国军事基地, page: 2
20:34:36 | INFO    | [XiaoHongShuCrawler.search] Search notes res:{'has_more': True, 'items': [{'note_card': {'display_title': '', 'user': {'avatar': 'https://sns-avatar-qc.xhscdn.com/avatar/1040g2jo31cohrcejgm5g5ol0f2coce6c0pd90ig?imageView2/2/w/80/format/jpg', 'user_id': '62a0789900000000210238cc', 'nickname': '爱济南', 'xsec_token': 'AB40cTH7ZktPvpcJMp7ALVTTaMK0P7HJNa6dXbRvQ217Y=', 'nick_name': '爱济南'}, 'interact_info': {'liked': False, 'liked_count': '33', 'collected': False, 'collected_count': '1', 'comment_count': '21', 'shared_count': '1'}, 'cover': {'width': 1440, 'height': 2560}, 'image_list': [{'height': 2560, 'width': 1440}], 'corner_tag_info': [{'type': 'publish_time', 'text': '02-10'}], 'type': 'video'}, 'xsec_token': 'ABe3rRIYXCnMxPV-o5wyijZED-LqV-AxAIYMulCSpLi_A=', 'id': '698b27fa000000000a02e3d6', 'model_type': 'note'}, {'id': '685a0b8e00000000110038f0', 'model_type': 'note', 'note_card': {'type': 'video', 'display_title': '美玩大了，伊朗导弹袭击美驻卡塔尔空军基地', 'user': {'xsec_token': 'ABRaA1743Nt4a0CW9HIkg8J2s2shH7EDdaWKTZi-KSw5M=', 'nick_name': '车马点兵', 'avatar': 'https://sns-avatar-qc.xhscdn.com/avatar/1040g2jo31hcnpp143q605oprkrtm5f0q5u1s768?imageView2/2/w/80/format/jpg', 'user_id': '633ba6fb000000001802bc1a', 'nickname': '车马点兵'}, 'interact_info': {'collected': False, 'collected_count': '3', 'comment_count': '0', 'shared_count': '1', 'liked': False, 'liked_count': '30'}, 'cover': {'height': 1011, 'width': 1348}, 'image_list': [{'height': 1011, 'width': 1348}], 'corner_tag_info': [{'type': 'publish_time', 'text': '2025-06-24'}]}, 'xsec_token': 'AB8a4KMvvcFJKBrwkSBlf4mWjZ7IzPVyuEaC8ELf03BbQ='}, {'id': '6859fe19000000002400e0c9', 'model_type': 'note', 'note_card': {'type': 'video', 'display_title': '伊朗袭击美军驻卡塔尔基地导弹无一命中', 'user': {'nickname': 'Waiting Today', 'xsec_token': 'ABLhDfMg4H55sZBRMTVi3hi1GwaPeSd4ASN_37_Gq5utk=', 'nick_name': 'Waiting Today', 'avatar': 'https://sns-avatar-qc.xhscdn.com/avatar/1040g2jo31of541ikmge05np1h3jg80gsbhnrq6g?imageView2/2/w/80/format/jpg', 'user_id': '5f2188e7000000000100021c'}, 'interact_info': {'collected': False, 'collected_count': '6', 'comment_count': '1', 'shared_count': '2', 'liked': False, 'liked_count': '23'}, 'cover': {'height': 1440, 'width': 1080}, 'image_list': [{'height': 1440, 'width': 1080}], 'corner_tag_info': [{'type': 'publish_time', 'text': '2025-06-24'}]}, 'xsec_token': 'ABw2q2h-R17LbcR1_-p0JgtDcV5-jruccM2yNa928ILAk='}, {'note_card': {'interact_info': {'liked': False, 'liked_count': '438', 'collected': False, 'collected_count': '45', 'comment_count': '192', 'shared_count': '512'}, 'cover': {'height': 768, 'width': 748}, 'image_list': [{'height': 768, 'width': 748}, {'height': 760, 'width': 748}], 'corner_tag_info': [{'type': 'publish_time', 'text': '3小时前'}], 'type': 'normal', 'display_title': '伊朗军队对美国中东地区军事基地实施打击', 'user': {'nick_name': '财联社', 'avatar': 'https://sns-avatar-qc.xhscdn.com/avatar/67481414ee8c550bc893f590.jpg?imageView2/2/w/80/format/jpg', 'user_id': '63009005000000000f004b6e', 'nickname': '财联社', 'xsec_token': 'ABGf2I0iNnRODQJ9nrvCYHDh1MYBB_1YmX6rf_h_ih0rc='}}, 'xsec_token': 'ABb2yDVE0HIAvhldchyxQHBpfCxQW8u9NRF6FTa8YMEmI=', 'id': '69a2b421000000001b01cfc1', 'model_type': 'note'}, {'id': '68a2ef0b000000001d025489', 'model_type': 'note', 'note_card': {'user': {'xsec_token': 'AByhYU8y04HtBk8vI3N3Tf-22JZUI7uWGPyapMxRKgtgE=', 'nick_name': '老大哥689C3069', 'avatar': 'https://sns-avatar-qc.xhscdn.com/avatar/1040g2jo31l3aold42o505q2rpv0ms2fe15ig308?imageView2/2/w/80/format/jpg', 'user_id': '685bcfc1000000001b0209ee', 'nickname': '老大哥689C3069'}, 'interact_info': {'liked': False, 'liked_count': '20', 'collected': False, 'collected_count': '1', 'comment_count': '0', 'shared_count': '2'}, 'cover': {'width': 1080, 'height': 1920}, 'image_list': [{'height': 1920, 'width': 1080}], 'corner_tag_info': [{'type': 'publish_time', 'text': '2025-08-18'}], 'type': 'video', 'display_title': '千寻视界说国际'}, 'xsec_token': 'AB8MMrO2WpsT8ntUk7dir0lJm5L7I8eDMvPgmf5hrrpAM='}, {'xsec_token': 'ABw2q2h-R17LbcR1_-p0JgtGcr2d3zC4uakYtxizwidhY=', 'id': '6859d06000000000170343bd', 'model_type': 'note', 'note_card': {'interact_info': {'collected': False, 'collected_count': '0', 'comment_count': '15', 'shared_count': '1', 'liked': False, 'liked_count': '15'}, 'cover': {'height': 1280, 'width': 1280}, 'image_list': [{'height': 1280, 'width': 1280}, {'height': 1584, 'width': 1139}], 'corner_tag_info': [{'type': 'publish_time', 'text': '2025-06-24'}], 'type': 'normal', 'display_title': '离谱！伊朗袭击美军事基地前竟事前通知？', 'user': {'xsec_token': 'ABg_jpcL3yUJ6a9XzVryfPO-PSpGOcnwubYqTCZlQ9qek=', 'nick_name': '司空说', 'avatar': 'https://sns-avatar-qc.xhscdn.com/avatar/6557e0e70226271fc008b8ca.jpg?imageView2/2/w/80/format/jpg', 'user_id': '62b4d40a000000001b026d2e', 'nickname': '司空说'}}}, {'xsec_token': 'ABQUnDmidtqVefqXTaH--es4o3J57E1VV0qJyapv2yV1c=', 'id': '69889d1c000000001d0240c3', 'model_type': 'note', 'note_card': {'user': {'xsec_token': 'ABQhDNoKZmYhtbm2wuf8ncmEPlFtJMaLhw8rH-ZinjjaM=', 'nick_name': '财点点', 'avatar': 'https://sns-avatar-qc.xhscdn.com/avatar/1040g2jo31m1g2pa6m86g5q5g7tm69k5looogmu8?imageView2/2/w/80/format/jpg', 'user_id': '68b03f6c000000001900d0b5', 'nickname': '财点点'}, 'interact_info': {'liked': False, 'liked_count': '9', 'collected': False, 'collected_count': '0', 'comment_count': '0', 'shared_count': '1'}, 'cover': {'height': 1920, 'width': 1080}, 'image_list': [{'height': 1920, 'width': 1080}], 'corner_tag_info': [{'type': 'publish_time', 'text': '02-08'}], 'type': 'video', 'display_title': '不打本土打基地，是务实还是无奈？'}}, {'id': '685ad35d000000000d01b575', 'model_type': 'note', 'note_card': {'image_list': [{'height': 1117, 'width': 789}, {'height': 1121, 'width': 789}, {'height': 1123, 'width': 789}, {'height': 1118, 'width': 790}, {'height': 1115, 'width': 793}, {'height': 1121, 'width': 795}, {'height': 1121, 'width': 791}, {'height': 1123, 'width': 791}], 'corner_tag_info': [{'type': 'publish_time', 'text': '2025-06-25'}], 'type': 'normal', 'display_title': '国际政治热点分析5️⃣ ｜ 美国空袭伊朗', 'user': {'nick_name': '5Rayyy', 'avatar': 'https://sns-avatar-qc.xhscdn.com/avatar/1040g2jo31r4ccm360m004a63j6kplbr56qgtdrg?imageView2/2/w/80/format/jpg', 'user_id': '5b1ba99a11be1052978faf65', 'nickname': '5Rayyy', 'xsec_token': 'ABHxGv6LsSEu8lhKCV0Hv3EJWUslQwlNUXuQlvz-sVyto='}, 'interact_info': {'comment_count': '1', 'shared_count': '1', 'liked': False, 'liked_count': '8', 'collected': False, 'collected_count': '6'}, 'cover': {'height': 1117, 'width': 789}}, 'xsec_token': 'AB8a4KMvvcFJKBrwkSBlf4mSdurBdnsNW4aHPqzdY20OI='}, {'id': '686137b1000000002400d078', 'model_type': 'note', 'note_card': {'cover': {'height': 2319, 'width': 1260}, 'image_list': [{'height': 2319, 'width': 1260}], 'corner_tag_info': [{'type': 'publish_time', 'text': '2025-06-29'}], 'type': 'normal', 'display_title': '伊朗军方硬核警告：敢再侵略，回击火力拉满', 'user': {'user_id': '5ca9a5e70000000012015f6d', 'nickname': '浪潮捕手', 'xsec_token': 'AB4WKySkEjWRLZ3OEqHhXZlTbFG7FQ_trpbr6BdTWbEcU=', 'nick_name': '浪潮捕手', 'avatar': 'https://sns-avatar-qc.xhscdn.com/avatar/1040g2jo31im1vbqiha6g5n59knjkinrd1u4lt18?imageView2/2/w/80/format/jpg'}, 'interact_info': {'liked': False, 'liked_count': '8', 'collected': False, 'collected_count': '0', 'comment_count': '6', 'shared_count': '2'}}, 'xsec_token': 'ABLW-VIvyMvGK6JnlcoYSvVdpaHTVmRVcl1OUkC-E3y6g='}, {'model_type': 'note', 'note_card': {'interact_info': {'liked': False, 'liked_count': '8', 'collected': False, 'collected_count': '1', 'comment_count': '1', 'shared_count': '3'}, 'cover': {'height': 1440, 'width': 1080}, 'image_list': [{'height': 1440, 'width': 1080}], 'corner_tag_info': [{'type': 'publish_time', 'text': '01-11'}], 'type': 'normal', 'display_title': '伊朗警告美国总统：若遭攻击必将还击', 'user': {'nick_name': '潇湘晨报', 'avatar': 'https://sns-avatar-qc.xhscdn.com/avatar/1040g2jo31qobul3rgm005p5oj0ol6up1tu11gg8?imageView2/2/w/80/format/jpg', 'user_id': '64b898310000000014037b21', 'nickname': '潇湘晨报', 'xsec_token': 'ABfrLQzfqFJsGQC2v6mb9La6UupKizl01bda8rf-eikUQ='}}, 'xsec_token': 'AB2yfrv7r6jyk0f84IbNDfDzUw1HalrGqOioekNVOu-lk=', 'id': '69636ee5000000000a02e4e4'}, {'note_card': {'cover': {'height': 1600, 'width': 1200}, 'image_list': [{'height': 1600, 'width': 1200}], 'corner_tag_info': [{'type': 'publish_time', 'text': '2025-06-22'}], 'type': 'normal', 'user': {'nick_name': '国际贸易操盘手', 'avatar': 'https://sns-avatar-qc.xhscdn.com/avatar/1040g2jo31kn1a008j4505pkh8eqjuo4b2jleeug?imageView2/2/w/80/format/jpg', 'user_id': '669143b5000000000f03608b', 'nickname': '国际贸易操盘手', 'xsec_token': 'ABwSQd4nKu-l1DRZKkdPC9YOOV1PWZ0TRMJAfgiNpbQbo='}, 'interact_info': {'collected': False, 'collected_count': '2', 'comment_count': '1', 'shared_count': '1', 'liked': False, 'liked_count': '6'}}, 'xsec_token': 'ABaHWJCa0Z-VeNyBn6xWFWiUT_z3yiWJIA_ohbBo4zEmk=', 'id': '6857baf9000000002203d52a', 'model_type': 'note'}, {'id': '696460cd000000001a021de4', 'model_type': 'note', 'note_card': {'interact_info': {'shared_count': '0', 'liked': False, 'liked_count': '5', 'collected': False, 'collected_count': '1', 'comment_count': '1'}, 'cover': {'height': 720, 'width': 1080}, 'image_list': [{'height': 720, 'width': 1080}, {'height': 720, 'width': 1080}, {'height': 608, 'width': 1080}], 'corner_tag_info': [{'text': '01-12', 'type': 'publish_time'}], 'type': 'normal', 'user': {'nick_name': '航运圈网', 'avatar': 'https://sns-avatar-qc.xhscdn.com/avatar/1040g2jo31it8ph5dhe6g5q2jh4bn93bcrm1b4b0?imageView2/2/w/80/format/jpg', 'user_id': '68538917000000001d008d6c', 'nickname': '航运圈网', 'xsec_token': 'AB6HskmSZ8Y4QUgztByKBw41AEM8_j0mDRtau_g40EPzc='}}, 'xsec_token': 'AB_qowLUhFE-l91j_IriOY8GQBFAzPtwC4eU_TbVzpwxg='}, {'id': '69898915000000001d026c79', 'model_type': 'note', 'note_card': {'interact_info': {'liked': False, 'liked_count': '5', 'collected': False, 'collected_count': '1', 'comment_count': '0', 'shared_count': '1'}, 'cover': {'height': 528, 'width': 790}, 'image_list': [{'height': 528, 'width': 790}], 'corner_tag_info': [{'type': 'publish_time', 'text': '02-09'}], 'type': 'normal', 'display_title': '内塔尼亚胡将与特朗普会晤，商讨伊核问题', 'user': {'nick_name': '亚太观澜', 'avatar': 'https://sns-avatar-qc.xhscdn.com/avatar/65d5e67bfbe84e0001907acf.jpg?imageView2/2/w/80/format/jpg', 'user_id': '643c2cf3000000000b02a4f0', 'nickname': '亚太观澜', 'xsec_token': 'ABqONIo4V4YkGzrXceF5-5AsNjYHM7y3TJ_y9cvxsEvq4='}}, 'xsec_token': 'ABYHku6KuPQcIAl83drAhhaIaM6TYO1GuStQxea5HOeAM='}, {'id': '69a2d5e00000000015022383', 'model_type': 'note', 'note_card': {'corner_tag_info': [{'type': 'publish_time', 'text': '46分钟前'}], 'type': 'video', 'display_title': '美以袭击伊朗', 'user': {'nick_name': '世界格局', 'avatar': 'https://sns-avatar-qc.xhscdn.com/avatar/1040g2jo31fk8tfvh006g5pum95h2nm4579b1fjo?imageView2/2/w/80/format/jpg', 'user_id': '67d64962000000000a03d885', 'nickname': '世界格局', 'xsec_token': 'ABU_mtWHf_da8ccUNX6vyo9AGJ4iw3fQVcQ6hwL_73GTs='}, 'interact_info': {'liked': False, 'liked_count': '5', 'collected': False, 'collected_count': '0', 'comment_count': '0', 'shared_count': '0'}, 'cover': {'height': 1440, 'width': 1080}, 'image_list': [{'height': 1440, 'width': 1080}]}, 'xsec_token': 'ABb2yDVE0HIAvhldchyxQHBtemNBnoaOtji-dt55-ptVo='}, {'id': '687639f6000000000b02ed4a', 'model_type': 'note', 'note_card': {'image_list': [{'height': 1920, 'width': 1080}], 'corner_tag_info': [{'type': 'publish_time', 'text': '2025-07-15'}], 'type': 'video', 'display_title': '伊朗前脚炸美军基地，后脚就跟以色列握手', 'user': {'user_id': '67b582fa000000000a03c59d', 'nickname': '小静小静静', 'xsec_token': 'ABvcrxj99fuqe3AXbEuUcCxGfEd5xpLza_ZUeDm6zEIbA=', 'nick_name': '小静小静静', 'avatar': 'https://sns-avatar-qc.xhscdn.com/avatar/645b7e90e29f7d0acadad8aa.jpg?imageView2/2/w/80/format/jpg'}, 'interact_info': {'liked': False, 'liked_count': '3', 'collected': False, 'collected_count': '1', 'comment_count': '1', 'shared_count': '1'}, 'cover': {'height': 1920, 'width': 1080}}, 'xsec_token': 'ABDpk6Y4hCNki9yWn3mtejDVJoori2pNgkgdAshTd1q7o='}, {'id': '685a61de000000002300579f', 'model_type': 'note', 'note_card': {'display_title': '', 'user': {'nick_name': '爱军事的小白1', 'avatar': 'https://sns-avatar-qc.xhscdn.com/avatar/645b6985573b2ad2b5243b1d.jpg?imageView2/2/w/80/format/jpg', 'user_id': '680ae5800000000018024211', 'nickname': '爱军事的小白1', 'xsec_token': 'ABf3SJADQNk7Nxmd46fCY_lLYCo2Yce50CF0UQodIK98w='}, 'interact_info': {'liked': False, 'liked_count': '3', 'collected': False, 'collected_count': '1', 'comment_count': '0', 'shared_count': '0'}, 'cover': {'height': 1920, 'width': 1080}, 'image_list': [{'height': 1920, 'width': 1080}], 'corner_tag_info': [{'type': 'publish_time', 'text': '2025-06-24'}], 'type': 'video'}, 'xsec_token': 'AB8a4KMvvcFJKBrwkSBlf4mdA9ujI7VZNxLSZIksQEobQ='}, {'id': '6968cab4000000000a0339cc', 'model_type': 'note', 'note_card': {'user': {'avatar': 'https://sns-avatar-qc.xhscdn.com/avatar/1040g2jo3107nc16260605ok63c1ocqb3v5u7eg0?imageView2/2/w/80/format/jpg', 'user_id': '62861b030000000021026963', 'nickname': '一线直击', 'xsec_token': 'ABxdO07RetvZ-rgZdXiaNHbFzsG8mYybzl7rT08fgQ7J0=', 'nick_name': '一线直击'}, 'interact_info': {'collected': False, 'collected_count': '1', 'comment_count': '2', 'shared_count': '0', 'liked': False, 'liked_count': '3'}, 'cover': {'height': 1440, 'width': 1080}, 'image_list': [{'width': 1080, 'height': 1440}], 'corner_tag_info': [{'type': 'publish_time', 'text': '01-15'}], 'type': 'video'}, 'xsec_token': 'ABMhf2fyWz3pvkKVFTEAbjDmCS4MykzwaymxuDPimC2Lc='}, {'id': '685b416b0000000017034918', 'model_type': 'note', 'note_card': {'cover': {'height': 2560, 'width': 1920}, 'image_list': [{'height': 2560, 'width': 1920}], 'corner_tag_info': [{'type': 'publish_time', 'text': '2025-06-25'}], 'type': 'video', 'display_title': '美军基地遭袭，伊总参谋长:将放手随意打击', 'user': {'nick_name': '战Lue论', 'avatar': 'https://sns-avatar-qc.xhscdn.com/avatar/1040g2jo31fi7b7oqg66g5p3a3n1qh80upbao4so?imageView2/2/w/80/format/jpg', 'user_id': '646a1dc3000000002a00a01e', 'nickname': '战Lue论', 'xsec_token': 'ABrf8WwlCZDh1Szk1iBiZY_Pk9-qXTBhOGasNXfhySVXc='}, 'interact_info': {'liked': False, 'liked_count': '3', 'collected': False, 'collected_count': '0', 'comment_count': '0', 'shared_count': '0'}}, 'xsec_token': 'AByhYU8y04HtBk8vI3N3Tf-6ljyn8TnjTuS4ytiqUNXyQ='}, {'id': '68583184000000001c037212', 'model_type': 'note', 'note_card': {'cover': {'width': 1080, 'height': 1920}, 'image_list': [{'width': 1080, 'height': 1920}], 'corner_tag_info': [{'type': 'publish_time', 'text': '2025-06-23'}], 'type': 'video', 'user': {'nick_name': '中交华强', 'avatar': 'https://sns-avatar-qc.xhscdn.com/avatar/60216c750000000001005b51.jpg?imageView2/2/w/80/format/jpg', 'user_id': '60216c750000000001005b51', 'nickname': '中交华强', 'xsec_token': 'ABTY1k9Zu4iggPdeTVg1x6RNesSCZt9w_XTUPMXWIVNsY='}, 'interact_info': {'collected_count': '0', 'comment_count': '0', 'shared_count': '0', 'liked': False, 'liked_count': '1', 'collected': False}}, 'xsec_token': 'ABdLj3CrWLYSNQiQPsuY8kNzGIAwRPRPY5uSWNVWyRrzU='}, {'id': '685abe7d000000001002641c', 'model_type': 'note', 'note_card': {'type': 'normal', 'display_title': '20250624《极限承压》', 'user': {'xsec_token': 'AByxBktqKBdfXs-KYNcx9097tLkEp1C7aITCuHhe7vV3k=', 'nick_name': '猫笔刀文章铺', 'avatar': 'https://sns-avatar-qc.xhscdn.com/avatar/645b802c0f5b598e07f39dc7.jpg?imageView2/2/w/80/format/jpg', 'user_id': '67fbc6da000000000e01c62f', 'nickname': '猫笔刀文章铺'}, 'interact_info': {'collected_count': '0', 'comment_count': '0', 'shared_count': '0', 'liked': False, 'liked_count': '1', 'collected': False}, 'cover': {'height': 1460, 'width': 1170}, 'image_list': [{'width': 1170, 'height': 1460}, {'height': 990, 'width': 1170}, {'height': 1081, 'width': 1170}, {'height': 1473, 'width': 1170}, {'height': 10067, 'width': 650}, {'height': 8513, 'width': 769}], 'corner_tag_info': [{'type': 'publish_time', 'text': '2025-06-24'}]}, 'xsec_token': 'AB8a4KMvvcFJKBrwkSBlf4mcY4bhAjZXo57-kMl561Itc='}]}
20:34:36 | INFO    | [get_note_detail_async_task] Begin get note detail, note_id: 698b27fa000000000a02e3d6
20:34:36 | INFO    | [get_note_detail_async_task] Begin get note detail, note_id: 685a0b8e00000000110038f0
20:34:36 | INFO    | [get_note_detail_async_task] Begin get note detail, note_id: 6859fe19000000002400e0c9
20:34:36 | INFO    | [get_note_detail_async_task] Begin get note detail, note_id: 69a2b421000000001b01cfc1
20:34:36 | INFO    | [get_note_detail_async_task] Begin get note detail, note_id: 68a2ef0b000000001d025489
20:34:36 | INFO    | [get_note_detail_async_task] Begin get note detail, note_id: 6859d06000000000170343bd
20:34:36 | INFO    | [get_note_detail_async_task] Begin get note detail, note_id: 69889d1c000000001d0240c3
20:34:36 | INFO    | [get_note_detail_async_task] Begin get note detail, note_id: 685ad35d000000000d01b575
20:34:36 | INFO    | [get_note_detail_async_task] Begin get note detail, note_id: 686137b1000000002400d078
20:34:36 | INFO    | [get_note_detail_async_task] Begin get note detail, note_id: 69636ee5000000000a02e4e4
20:34:36 | INFO    | [get_note_detail_async_task] Begin get note detail, note_id: 6857baf9000000002203d52a
20:34:36 | INFO    | [get_note_detail_async_task] Begin get note detail, note_id: 696460cd000000001a021de4
20:34:36 | INFO    | [get_note_detail_async_task] Begin get note detail, note_id: 69898915000000001d026c79
20:34:36 | INFO    | [get_note_detail_async_task] Begin get note detail, note_id: 69a2d5e00000000015022383
20:34:36 | INFO    | [get_note_detail_async_task] Begin get note detail, note_id: 687639f6000000000b02ed4a
20:34:36 | INFO    | [get_note_detail_async_task] Begin get note detail, note_id: 685a61de000000002300579f
20:34:36 | INFO    | [get_note_detail_async_task] Begin get note detail, note_id: 6968cab4000000000a0339cc
20:34:36 | INFO    | [get_note_detail_async_task] Begin get note detail, note_id: 685b416b0000000017034918
20:34:36 | INFO    | [get_note_detail_async_task] Begin get note detail, note_id: 68583184000000001c037212
20:34:36 | INFO    | [get_note_detail_async_task] Begin get note detail, note_id: 685abe7d000000001002641c
20:34:36 | INFO    | [BilibiliCrawler.get_video_info_task] Sleeping for 2 seconds after fetching video details 116148012056635
20:34:40 | INFO    | [get_note_detail_async_task] Sleeping for 2 seconds after fetching note 698b27fa000000000a02e3d6
20:34:40 | INFO    | [BilibiliCrawler.get_video_info_task] Sleeping for 2 seconds after fetching video details 116147877841070
20:34:45 | INFO    | [BilibiliCrawler.get_video_info_task] Sleeping for 2 seconds after fetching video details 116148012124083
20:34:45 | INFO    | [get_note_detail_async_task] Sleeping for 2 seconds after fetching note 685a0b8e00000000110038f0
20:34:49 | INFO    | [get_note_detail_async_task] Sleeping for 2 seconds after fetching note 6859fe19000000002400e0c9
20:34:50 | INFO    | [BilibiliCrawler.get_video_info_task] Sleeping for 2 seconds after fetching video details 116147139711717
20:34:53 | INFO    | [get_note_detail_async_task] Sleeping for 2 seconds after fetching note 69a2b421000000001b01cfc1
20:34:54 | INFO    | [BilibiliCrawler.get_video_info_task] Sleeping for 2 seconds after fetching video details 116147189979381
20:34:57 | INFO    | [get_note_detail_async_task] Sleeping for 2 seconds after fetching note 68a2ef0b000000001d025489
20:34:59 | INFO    | [BilibiliCrawler.get_video_info_task] Sleeping for 2 seconds after fetching video details 116134724505835
20:35:00 | INFO    | [get_note_detail_async_task] Sleeping for 2 seconds after fetching note 6859d06000000000170343bd
20:35:02 | INFO    | [BilibiliCrawler.get_video_info_task] Sleeping for 2 seconds after fetching video details 116057985785360
20:35:05 | INFO    | [get_note_detail_async_task] Sleeping for 2 seconds after fetching note 69889d1c000000001d0240c3
20:35:05 | INFO    | [BilibiliCrawler.get_video_info_task] Sleeping for 2 seconds after fetching video details 116148163053170
20:35:08 | INFO    | [BilibiliCrawler.get_video_info_task] Sleeping for 2 seconds after fetching video details 116134842013098
20:35:09 | INFO    | [get_note_detail_async_task] Sleeping for 2 seconds after fetching note 685ad35d000000000d01b575
20:35:12 | INFO    | [BilibiliCrawler.get_video_info_task] Sleeping for 2 seconds after fetching video details 116147559073961
20:35:13 | INFO    | [get_note_detail_async_task] Sleeping for 2 seconds after fetching note 686137b1000000002400d078
20:35:15 | INFO    | [BilibiliCrawler.get_video_info_task] Sleeping for 2 seconds after fetching video details 116147257155098
20:35:18 | INFO    | [get_note_detail_async_task] Sleeping for 2 seconds after fetching note 69636ee5000000000a02e4e4
20:35:19 | INFO    | [BilibiliCrawler.get_video_info_task] Sleeping for 2 seconds after fetching video details 116147592694983
20:35:22 | INFO    | [get_note_detail_async_task] Sleeping for 2 seconds after fetching note 6857baf9000000002203d52a
20:35:23 | INFO    | [BilibiliCrawler.get_video_info_task] Sleeping for 2 seconds after fetching video details 116147173199083
20:35:26 | INFO    | [get_note_detail_async_task] Sleeping for 2 seconds after fetching note 696460cd000000001a021de4
20:35:27 | INFO    | [BilibiliCrawler.get_video_info_task] Sleeping for 2 seconds after fetching video details 116147710071479
20:35:31 | INFO    | [get_note_detail_async_task] Sleeping for 2 seconds after fetching note 69898915000000001d026c79
20:35:31 | INFO    | [BilibiliCrawler.get_video_info_task] Sleeping for 2 seconds after fetching video details 116147626181034
20:35:36 | INFO    | [get_note_detail_async_task] Sleeping for 2 seconds after fetching note 69a2d5e00000000015022383
20:35:36 | INFO    | [BilibiliCrawler.get_video_info_task] Sleeping for 2 seconds after fetching video details 116147575984147
20:35:38 | INFO    | [get_note_detail_async_task] Sleeping for 2 seconds after fetching note 687639f6000000000b02ed4a
20:35:39 | INFO    | [BilibiliCrawler.get_video_info_task] Sleeping for 2 seconds after fetching video details 116147592694816
20:35:44 | INFO    | [get_note_detail_async_task] Sleeping for 2 seconds after fetching note 685a61de000000002300579f
20:35:44 | INFO    | [BilibiliCrawler.get_video_info_task] Sleeping for 2 seconds after fetching video details 116147575986249
20:35:48 | INFO    | [BilibiliCrawler.get_video_info_task] Sleeping for 2 seconds after fetching video details 116147139777826
20:35:48 | INFO    | [store.bilibili.update_bilibili_video] bilibili video id:116147743622182, title:美以联合打击伊朗。伊朗发射弹道导弹击中巴林美国海军第五舰队总部，美国向伊朗发射20多枚战斧导弹
20:35:48 | INFO    | [store.bilibili.update_up_info] bilibili user_id:1976156223
20:35:48 | INFO    | [BilibiliCrawler.get_bilibili_video] Crawling image mode is not enabled
20:35:48 | INFO    | [store.bilibili.update_bilibili_video] bilibili video id:116148012056635, title:突发！美国海军基地遭伊朗导弹袭击
20:35:48 | INFO    | [get_note_detail_async_task] Sleeping for 2 seconds after fetching note 6968cab4000000000a0339cc
20:35:49 | INFO    | [store.bilibili.update_up_info] bilibili user_id:71278115
20:35:49 | INFO    | [BilibiliCrawler.get_bilibili_video] Crawling image mode is not enabled
20:35:49 | INFO    | [store.bilibili.update_bilibili_video] bilibili video id:116147877841070, title:美国正式动手 特朗普宣布要彻底颠覆伊朗政权！ 【美伊战争】
20:35:49 | INFO    | [store.bilibili.update_up_info] bilibili user_id:544261015
20:35:49 | INFO    | [BilibiliCrawler.get_bilibili_video] Crawling image mode is not enabled
20:35:49 | INFO    | [store.bilibili.update_bilibili_video] bilibili video id:116148012124083, title:巴林美军基地遭袭！伊朗袭击美国中东各军事基地
20:35:49 | INFO    | [store.bilibili.update_up_info] bilibili user_id:415232037
20:35:49 | INFO    | [BilibiliCrawler.get_bilibili_video] Crawling image mode is not enabled
20:35:49 | INFO    | [store.bilibili.update_bilibili_video] bilibili video id:116147139711717, title:密集导弹袭击！以色列联合美国空军刚刚空袭了伊朗30+目标
20:35:49 | INFO    | [store.bilibili.update_up_info] bilibili user_id:6859997
20:35:49 | INFO    | [BilibiliCrawler.get_bilibili_video] Crawling image mode is not enabled
20:35:49 | INFO    | [store.bilibili.update_bilibili_video] bilibili video id:116147189979381, title:《纽约时报》报道，以色列将重点打击伊朗的"导弹储存地点、生产设施及发射装置"，而美国预计将聚焦于"伊朗核项目，以及与强大的伊斯兰革命卫队和政府相关的其他目标"。
20:35:49 | INFO    | [store.bilibili.update_up_info] bilibili user_id:3546962903174111
20:35:49 | INFO    | [BilibiliCrawler.get_bilibili_video] Crawling image mode is not enabled
20:35:49 | INFO    | [store.bilibili.update_bilibili_video] bilibili video id:116134724505835, title:潜在美以进攻方式——美伊战争一触即发（下）
20:35:49 | INFO    | [store.bilibili.update_up_info] bilibili user_id:48330353
20:35:49 | INFO    | [BilibiliCrawler.get_bilibili_video] Crawling image mode is not enabled
20:35:49 | INFO    | [store.bilibili.update_bilibili_video] bilibili video id:116057985785360, title:央视曝光中东美军基地，卫星看光每处细节，这是在手把手教伊朗？
20:35:50 | INFO    | [store.bilibili.update_up_info] bilibili user_id:663046568
20:35:50 | INFO    | [BilibiliCrawler.get_bilibili_video] Crawling image mode is not enabled
20:35:50 | INFO    | [store.bilibili.update_bilibili_video] bilibili video id:116148163053170, title:伊朗正在打击美国军事基地，伊朗正准备毁灭性报复行动
20:35:50 | INFO    | [store.bilibili.update_up_info] bilibili user_id:1920037903
20:35:50 | INFO    | [BilibiliCrawler.get_bilibili_video] Crawling image mode is not enabled
20:35:50 | INFO    | [store.bilibili.update_bilibili_video] bilibili video id:116134842013098, title:美国伊朗局势会如何发展收尾？波斯湾上空的最后倒计时
20:35:50 | INFO    | [store.bilibili.update_up_info] bilibili user_id:22951634
20:35:50 | INFO    | [BilibiliCrawler.get_bilibili_video] Crawling image mode is not enabled
20:35:50 | INFO    | [store.bilibili.update_bilibili_video] bilibili video id:116147559073961, title:伊朗导弹打击巴林美军基地瞬间
20:35:50 | INFO    | [store.bilibili.update_up_info] bilibili user_id:3546612324371022
20:35:50 | INFO    | [BilibiliCrawler.get_bilibili_video] Crawling image mode is not enabled
20:35:50 | INFO    | [store.bilibili.update_bilibili_video] bilibili video id:116147257155098, title:美国总统特朗普发表全国电视讲话 宣布对伊朗发动重大军事行动
20:35:50 | INFO    | [store.bilibili.update_up_info] bilibili user_id:363836473
20:35:50 | INFO    | [BilibiliCrawler.get_bilibili_video] Crawling image mode is not enabled
20:35:50 | INFO    | [store.bilibili.update_bilibili_video] bilibili video id:116147592694983, title:伊朗导弹打击巴林美军基地
20:35:50 | INFO    | [store.bilibili.update_up_info] bilibili user_id:3546612324371022
20:35:50 | INFO    | [BilibiliCrawler.get_bilibili_video] Crawling image mode is not enabled
20:35:50 | INFO    | [store.bilibili.update_bilibili_video] bilibili video id:116147173199083, title:美国从空中和海上同步打击伊朗，中东局势濒临失控
20:35:50 | INFO    | [store.bilibili.update_up_info] bilibili user_id:2146580335
20:35:50 | INFO    | [BilibiliCrawler.get_bilibili_video] Crawling image mode is not enabled
20:35:50 | INFO    | [store.bilibili.update_bilibili_video] bilibili video id:116147710071479, title:伊朗导弹击中美军基地
20:35:51 | INFO    | [store.bilibili.update_up_info] bilibili user_id:3493079862479399
20:35:51 | INFO    | [BilibiliCrawler.get_bilibili_video] Crawling image mode is not enabled
20:35:51 | INFO    | [store.bilibili.update_bilibili_video] bilibili video id:116147626181034, title:伊朗导弹命中阿布扎比美军基地
20:35:51 | INFO    | [store.bilibili.update_up_info] bilibili user_id:3546612324371022
20:35:51 | INFO    | [BilibiliCrawler.get_bilibili_video] Crawling image mode is not enabled
20:35:51 | INFO    | [store.bilibili.update_bilibili_video] bilibili video id:116147575984147, title:伊朗正打击美国在中东军事基地，叙利亚、阿联酋、巴林等多国传出爆炸声
20:35:51 | INFO    | [store.bilibili.update_up_info] bilibili user_id:483787858
20:35:51 | INFO    | [BilibiliCrawler.get_bilibili_video] Crawling image mode is not enabled
20:35:51 | INFO    | [store.bilibili.update_bilibili_video] bilibili video id:116147592694816, title:巴林美军基地遭袭 伊朗称正对美在中东军事基地实施打击
20:35:51 | INFO    | [store.bilibili.update_up_info] bilibili user_id:328271007
20:35:51 | INFO    | [BilibiliCrawler.get_bilibili_video] Crawling image mode is not enabled
20:35:51 | INFO    | [store.bilibili.update_bilibili_video] bilibili video id:116147575986249, title:巴林的美军基地遭遇伊朗导弹打击最新画面
20:35:51 | INFO    | [store.bilibili.update_up_info] bilibili user_id:521279791
20:35:51 | INFO    | [BilibiliCrawler.get_bilibili_video] Crawling image mode is not enabled
20:35:51 | INFO    | [store.bilibili.update_bilibili_video] bilibili video id:116147139777826, title:美以联手，对伊朗情报总部，总统府及全市其他关键设施，发动打击
20:35:51 | INFO    | [store.bilibili.update_up_info] bilibili user_id:3632304815606091
20:35:51 | INFO    | [BilibiliCrawler.get_bilibili_video] Crawling image mode is not enabled
20:35:52 | INFO    | [get_note_detail_async_task] Sleeping for 2 seconds after fetching note 685b416b0000000017034918
20:35:56 | INFO    | [BilibiliCrawler.search_by_keywords] Sleeping for 2 seconds after page 2
20:35:56 | INFO    | [BilibiliCrawler.batch_get_video_comments] video ids:[116147743622182, 116148012056635, 116147877841070, 116148012124083, 116147139711717, 116147189979381, 116134724505835, 116057985785360, 116148163053170, 116134842013098, 116147559073961, 116147257155098, 116147592694983, 116147173199083, 116147710071479, 116147626181034, 116147575984147, 116147592694816, 116147575986249, 116147139777826]
20:35:56 | INFO    | [BilibiliCrawler.get_comments] begin get video_id: 116147743622182 comments ...
20:35:57 | INFO    | [get_note_detail_async_task] Sleeping for 2 seconds after fetching note 68583184000000001c037212
20:35:59 | INFO    | [BilibiliCrawler.get_comments] Sleeping for 2 seconds after fetching comments for video 116147743622182
20:35:59 | INFO    | [store.bilibili.update_bilibili_video_comment] Bilibili video comment: 291619783649, content: 我记得老美早把该撤的人都撤了[抠鼻][抠鼻][滑稽]
20:35:59 | INFO    | [store.bilibili.update_bilibili_video_comment] Bilibili video comment: 293916951600, content: 好，这下特朗普更有理由，大打出手了
20:35:59 | INFO    | [store.bilibili.update_bilibili_video_comment] Bilibili video comment: 293924299840, content: 不痛不痒
20:36:00 | INFO    | [get_note_detail_async_task] Sleeping for 2 seconds after fetching note 685abe7d000000001002641c
20:36:00 | INFO    | [store.xhs.update_xhs_note] xhs note: {'note_id': '698b27fa000000000a02e3d6', 'type': 'video', 'title': '伊朗前高官：若遭美国攻击，将先打以色列， 可一次性向以色列齐射超过2000枚弹道导弹，随后再攻击美国在该地区的军事基地', 'desc': '伊朗前高官：若遭美国攻击，将先打以色列， 可一次性向以色列齐射超过2000枚弹道导弹，随后再攻击美国在该地区的军事基地', 'video_url': 'http://sns-video-qc.xhscdn.com/stream/79/110/259/01e98b27be45ce80010370039c479447bd_259.mp4?sign=5e551e7599b4c6b5224cf04501a1e37e&t=69a77e1c', 'time': 1770727418000, 'last_update_time': 1770727419000, 'user_id': '62a0789900000000210238cc', 'nickname': '爱济南', 'avatar': 'https://sns-avatar-qc.xhscdn.com/avatar/1040g2jo31cohrcejgm5g5ol0f2coce6c0pd90ig', 'liked_count': '33', 'collected_count': '1', 'comment_count': '21', 'share_count': '1', 'ip_location': '山东', 'image_list': 'http://sns-webpic-qc.xhscdn.com/202602282034/cece0859b02c9c30bb9612faec3cea6d/spectrum/1040g34o31sdir33hl8105ol0f2coce6c4uauda8!nd_dft_wlteh_webp_3', 'tag_list': '', 'last_modify_ts': 1772282160790, 'note_url': 'https://www.xiaohongshu.com/explore/698b27fa000000000a02e3d6?xsec_token=ABe3rRIYXCnMxPV-o5wyijZED-LqV-AxAIYMulCSpLi_A=&xsec_source=pc_search', 'source_keyword': '伊朗打击美国军事基地', 'topic_id': 'user_api', 'crawling_task_id': 'ut_xhs_2fecadcf_1772281425', 'xsec_token': 'ABe3rRIYXCnMxPV-o5wyijZED-LqV-AxAIYMulCSpLi_A='}
20:36:00 | INFO    | [XiaoHongShuCrawler.get_notice_media] Crawling image mode is not enabled
20:36:00 | INFO    | [store.xhs.update_xhs_note] xhs note: {'note_id': '685a0b8e00000000110038f0', 'type': 'video', 'title': '美玩大了，伊朗导弹袭击美驻卡塔尔空军基地', 'desc': '', 'video_url': 'http://sns-video-qc.xhscdn.com/stream/79/110/259/01e85a0b872e4a1601037003979fbdf4b3_259.mp4?sign=4a7466bb893fdc21486e8e03e5a35f9f&t=69a77e20', 'time': 1750731662000, 'last_update_time': 1750731662000, 'user_id': '633ba6fb000000001802bc1a', 'nickname': '车马点兵', 'avatar': 'https://sns-avatar-qc.xhscdn.com/avatar/1040g2jo31hcnpp143q605oprkrtm5f0q5u1s768', 'liked_count': '30', 'collected_count': '3', 'comment_count': '', 'share_count': '1', 'ip_location': '', 'image_list': 'http://sns-webpic-qc.xhscdn.com/202602282034/ace4b022da037f336024d56be1dc4436/spectrum/1040g34o31j3k4o5s1i005oprkrtm5f0qblb90vg!nd_dft_wgth_webp_3', 'tag_list': '', 'last_modify_ts': 1772282160867, 'note_url': 'https://www.xiaohongshu.com/explore/685a0b8e00000000110038f0?xsec_token=AB8a4KMvvcFJKBrwkSBlf4mWjZ7IzPVyuEaC8ELf03BbQ=&xsec_source=pc_search', 'source_keyword': '伊朗打击美国军事基地', 'topic_id': 'user_api', 'crawling_task_id': 'ut_xhs_2fecadcf_1772281425', 'xsec_token': 'AB8a4KMvvcFJKBrwkSBlf4mWjZ7IzPVyuEaC8ELf03BbQ='}
20:36:00 | INFO    | [XiaoHongShuCrawler.get_notice_media] Crawling image mode is not enabled
20:36:00 | INFO    | [store.xhs.update_xhs_note] xhs note: {'note_id': '6859fe19000000002400e0c9', 'type': 'video', 'title': '伊朗袭击美军驻卡塔尔基地导弹无一命中', 'desc': '#特朗普[话题]# #伊朗[话题]# #卡塔尔[话题]# #以色列[话题]#', 'video_url': 'http://sns-video-qc.xhscdn.com/stream/79/110/259/01e859fe044930ad01037003979f88d7b3_259.mp4?sign=b6783fdee92ed368a0a6313ecdaedb7e&t=69a77e25', 'time': 1750728217000, 'last_update_time': 1750728218000, 'user_id': '5f2188e7000000000100021c', 'nickname': 'Waiting Today', 'avatar': 'https://sns-avatar-qc.xhscdn.com/avatar/1040g2jo31of541ikmge05np1h3jg80gsbhnrq6g', 'liked_count': '23', 'collected_count': '6', 'comment_count': '1', 'share_count': '2', 'ip_location': '', 'image_list': 'http://sns-webpic-qc.xhscdn.com/202602282034/20ead5966f085fa404920e7339c62956/1040g00831j3igd2v1e005np1h3jg80gsrkclb70!nd_dft_wlteh_webp_3', 'tag_list': '特朗普,伊朗,卡塔尔,以色列', 'last_modify_ts': 1772282160946, 'note_url': 'https://www.xiaohongshu.com/explore/6859fe19000000002400e0c9?xsec_token=ABw2q2h-R17LbcR1_-p0JgtDcV5-jruccM2yNa928ILAk=&xsec_source=pc_search', 'source_keyword': '伊朗打击美国军事基地', 'topic_id': 'user_api', 'crawling_task_id': 'ut_xhs_2fecadcf_1772281425', 'xsec_token': 'ABw2q2h-R17LbcR1_-p0JgtDcV5-jruccM2yNa928ILAk='}
20:36:01 | INFO    | [XiaoHongShuCrawler.get_notice_media] Crawling image mode is not enabled
20:36:01 | INFO    | [store.xhs.update_xhs_note] xhs note: {'note_id': '69a2b421000000001b01cfc1', 'type': 'normal', 'title': '伊朗军队对美国中东地区军事基地实施打击', 'desc': '财联社2月28日电，伊朗方面消息称，28日，伊朗军队正在对美国在中东地区的军事基地实施打击。 (央视新闻)\n\t\n据沙特阿拉比亚电视台报道，位于巴林的美国第五舰队服务中心2月28日遭到导弹袭击。 (新华社)\n#国际新闻[话题]# #伊朗[话题]#', 'video_url': '', 'time': 1772270625000, 'last_update_time': 1772270625000, 'user_id': '63009005000000000f004b6e', 'nickname': '财联社', 'avatar': 'https://sns-avatar-qc.xhscdn.com/avatar/67481414ee8c550bc893f590.jpg', 'liked_count': '438', 'collected_count': '45', 'comment_count': '192', 'share_count': '512', 'ip_location': '上海', 'image_list': 'http://sns-webpic-qc.xhscdn.com/202602282034/cd3836af6e1f3d6a4b21fa17f1c41c9d/spectrum/1040g34o31t4ilphb5e2g5oo0i02joire1qb9920!nd_dft_wlteh_webp_3,http://sns-webpic-qc.xhscdn.com/202602282034/7d3cee259d4c05a54f46696b28773a59/spectrum/1040g34o31t4ilphb5e205oo0i02joireq9t73ho!nd_dft_wlteh_webp_3', 'tag_list': '国际新闻,伊朗', 'last_modify_ts': 1772282161003, 'note_url': 'https://www.xiaohongshu.com/explore/69a2b421000000001b01cfc1?xsec_token=ABb2yDVE0HIAvhldchyxQHBpfCxQW8u9NRF6FTa8YMEmI=&xsec_source=pc_search', 'source_keyword': '伊朗打击美国军事基地', 'topic_id': 'user_api', 'crawling_task_id': 'ut_xhs_2fecadcf_1772281425', 'xsec_token': 'ABb2yDVE0HIAvhldchyxQHBpfCxQW8u9NRF6FTa8YMEmI='}
20:36:01 | INFO    | [XiaoHongShuCrawler.get_notice_media] Crawling image mode is not enabled
20:36:01 | INFO    | [store.xhs.update_xhs_note] xhs note: {'note_id': '68a2ef0b000000001d025489', 'type': 'video', 'title': '千寻视界说国际', 'desc': '伊朗高层警示：与美以冲突阴影笼罩中东，未来局势扑朔迷离\n2025年8月，中东局势再度紧绷。伊朗高层近期释放悲观信号，直言与美国、以色列的冲突风险持续攀升，甚至暗示新一轮军事对抗可能随时爆发。这场牵动全球神经的地缘博弈，正将中东推向未知的深渊。\n冲突阴影：从“警告”到“备战”的升级\n近期，伊朗国防部长纳西尔扎德公开表示，若核谈判彻底破裂，伊朗将“毫不犹豫”打击美国在中东的军事基地。这一表态并非空穴来风——6月那场持续12天的冲突中，以色列空袭造成伊朗56名士兵阵亡、627名平民伤亡，而伊朗的反击也导致以色列军事基地和能源设施受损。尽管双方最终停火，但伊朗国内对局势的评估愈发严峻。\n伊朗军方分析指出，以色列的“割草战术”正试图通过周期性打击削弱伊朗的导弹生产和防空能力。而美国虽未全面参战，但B-2轰炸机对伊朗核设施的袭击、萨德拦截系统的介入，已实质性卷入冲突。更令伊朗警惕的是，美国正从中东撤离非必要人员，这一动作被解读为“为更大规模冲突做准备”。\n伊朗的困境：在“报复”与“克制”间走钢丝\n面对美以联盟的军事压力，伊朗的应对策略充满矛盾。一方面，伊朗展示强硬姿态：成功试射2吨弹头导弹、全国动员60万人进入战备状态、在霍尔木兹海峡举行高强度军演；另一方面，伊朗又试图通过外交手段缓和局势，提出以“加沙停火”为条件重启核谈判。\n然而，伊朗的困境显而易见。长期制裁导致经济萎缩，社会矛盾积聚，而军事对抗的代价更是难以承受。6月冲突后，伊朗导弹库存虽仍保有1000至1500枚，但防空系统损失超80%，以色列则宣称已摧毁伊朗90%的铀浓缩能力。若冲突再起，伊朗能否承受第二轮打击？\n全球视角：冲突外溢风险加剧\n这场博弈的影响早已超出中东。若伊朗封锁霍尔木兹海峡，全球油价可能飙升至每桶200美元以上，引发能源危机；而美伊全面开战，则可能将海湾阿拉伯国家卷入，甚至触发俄罗斯的介入。国际社会对此高度担忧，中国主张通过联合国框架推动多边解决机制，欧盟则试图重启2015年伊核协议。\n但目前，调解努力收效甚微。伊朗拒绝与美国恢复谈判，以色列则制定新行动计划，誓言“定期打击伊朗威胁”。在这场充满不确定性的博弈中，唯一确定的是：中东的和平之窗正在关闭，而全球都在屏息等待下一声枪响。\n当伊朗的导弹与以色列的战机再次对峙，当美国的航母与伊朗的快艇在波斯湾狭路相逢，这场冲突的结局，或许将重新定义21世纪的地缘政治格局。', 'video_url': 'http://sns-video-qc.xhscdn.com/stream/1/110/259/01e8a2ef06b87d0f0103700398bc76839e_259.mp4?sign=0ddc845e6bf6aa483094b655d480af03&t=69a77e2d', 'time': 1755508491000, 'last_update_time': 1755508492000, 'user_id': '685bcfc1000000001b0209ee', 'nickname': '老大哥689C3069', 'avatar': 'https://sns-avatar-qc.xhscdn.com/avatar/1040g2jo31l3aold42o505q2rpv0ms2fe15ig308', 'liked_count': '20', 'collected_count': '1', 'comment_count': '', 'share_count': '2', 'ip_location': '', 'image_list': 'http://sns-webpic-qc.xhscdn.com/202602282034/0a7fe40dca56f8746235d778ca8b024b/1040g00831laps5c35i605q2rpv0ms2fe8br2ino!nd_dft_wlteh_webp_3', 'tag_list': '', 'last_modify_ts': 1772282161066, 'note_url': 'https://www.xiaohongshu.com/explore/68a2ef0b000000001d025489?xsec_token=AB8MMrO2WpsT8ntUk7dir0lJm5L7I8eDMvPgmf5hrrpAM=&xsec_source=pc_search', 'source_keyword': '伊朗打击美国军事基地', 'topic_id': 'user_api', 'crawling_task_id': 'ut_xhs_2fecadcf_1772281425', 'xsec_token': 'AB8MMrO2WpsT8ntUk7dir0lJm5L7I8eDMvPgmf5hrrpAM='}
20:36:01 | INFO    | [XiaoHongShuCrawler.get_notice_media] Crawling image mode is not enabled
20:36:01 | INFO    | [store.xhs.update_xhs_note] xhs note: {'note_id': '6859d06000000000170343bd', 'type': 'normal', 'title': '离谱！伊朗袭击美军事基地前竟事前通知？', 'desc': '在美方发出伊朗将要对中东美军军事基地报复性袭击后的几小时，伊朗果然动手了！\n据卡塔尔军方消息称，伊朗对乌代德空军基地发射了两轮共19枚导弹，其中18枚被拦截，一枚击中，但是袭击之前，该空军基地已疏散完毕。据特朗普公开讲话显示，事前伊朗提前通知！\n不得不说，真心看不懂伊朗这迷之操作：不仅提前提前通知，事后继续寄希望于谈判！怎么说呢？不打不好吗？非要打的吗？不得不说伊朗到现在依旧还在奢望着敌人的高抬贵手！当然，有人会说伊朗这是在避免美国下场，甚至挫败以色列的阴谋。但是实际上呢？以色列难道不是正看到伊朗对美软弱，才肆无忌惮的攻击伊朗的吗？\n本来老美的一只脚已经踏入泥坑了，伊朗可倒好，怕老美陷进去，还亲自给人家拔出来。这是准备反以不反美了？只能说伊朗还是那个伊朗，自身定位错乱又想做大事而惜身!最终结果大概就是姥姥不疼舅舅不爱！四战之地还想左右逢源？\ufeff#热点[话题]#\ufeff \ufeff#财经[话题]#\ufeff \ufeff#中东局势[话题]#\ufeff \ufeff#美国[话题]#\ufeff \ufeff#伊朗[话题]#\ufeff \ufeff#黄金[话题]#\ufeff \ufeff#原油[话题]#\ufeff \ufeff#股票[话题]#\ufeff \ufeff#经济[话题]#\ufeff \ufeff#投资[话题]#\ufeff', 'video_url': '', 'time': 1750716512000, 'last_update_time': 1750716513000, 'user_id': '62b4d40a000000001b026d2e', 'nickname': '司空说', 'avatar': 'https://sns-avatar-qc.xhscdn.com/avatar/6557e0e70226271fc008b8ca.jpg', 'liked_count': '15', 'collected_count': '', 'comment_count': '15', 'share_count': '1', 'ip_location': '', 'image_list': 'http://sns-webpic-qc.xhscdn.com/202602282034/413b00089e476922440a54ee06680ea7/spectrum/1040g0k031j3cms8c0u005olkqg56sr9e0kokk68!nd_dft_wlteh_webp_3,http://sns-webpic-qc.xhscdn.com/202602282034/54eae95a4c5054facfc3b81de5d2d837/spectrum/1040g0k031j3cncil0s005olkqg56sr9eo8fbe98!nd_dft_wlteh_webp_3', 'tag_list': '热点,财经,中东局势,美国,伊朗,黄金,原油,股票,经济,投资', 'last_modify_ts': 1772282161125, 'note_url': 'https://www.xiaohongshu.com/explore/6859d06000000000170343bd?xsec_token=ABw2q2h-R17LbcR1_-p0JgtGcr2d3zC4uakYtxizwidhY=&xsec_source=pc_search', 'source_keyword': '伊朗打击美国军事基地', 'topic_id': 'user_api', 'crawling_task_id': 'ut_xhs_2fecadcf_1772281425', 'xsec_token': 'ABw2q2h-R17LbcR1_-p0JgtGcr2d3zC4uakYtxizwidhY='}
20:36:01 | INFO    | [XiaoHongShuCrawler.get_notice_media] Crawling image mode is not enabled
20:36:01 | INFO    | [store.xhs.update_xhs_note] xhs note: {'note_id': '69889d1c000000001d0240c3', 'type': 'video', 'title': '不打本土打基地，是务实还是无奈？', 'desc': '【伊朗的“精准报复”逻辑：不打本土打基地，是务实还是无奈？】\n\t\n伊朗外长最新表态信息量很大：“若美国打我，我只打美军基地，不动美国本土和邻国。” 这看似强硬，实则藏着精密的博弈计算。\n\t\n1. 为什么“只打基地”？\n伊朗坦承：技术够不着美国本土。但中东35个美军基地全在射程内。这反而成了“精准威慑”——既展示反击能力，又避免局势失控为全面战争，甚至特意强调“不侵犯邻国主权”，是在争取地区国家不站队。\n\t\n2. 两条绝不能退的底线\n谈判桌上，伊朗咬死两点：\n✅ 不放弃铀浓缩（顶多降浓度）；\n✅ 导弹能力不谈判（视作“生存盾牌”）。\n说白了，核与导弹是伊朗政权安全的终极筹码，不可能松手。\n\t\n3. 实战案例暴露的博弈思维\n2025年美军空袭伊朗核设施后，伊朗用同等数量导弹回击卡塔尔的美军指挥中心——“对等报复、提前通知、减少伤亡”。\n这根本不是“拼命”，而是在用可控打击传递信号：“我有能力让你痛，但留了谈判退路。”\n\t\n4. 真正的风险在哪？\n眼下美伊陷入典型的“胆小鬼博弈”：\n\t\n· 伊朗高调备战，用导弹、无人机、封锁海峡警告美国“动手代价很高”；\n· 美国一边谈一边增兵，想靠武力威慑逼伊朗让步。\n双方看似强硬，其实都在避免全面开战。\n但最大的雷是以色列——内塔尼亚胡政府若单独行动，可能瞬间引爆连锁反应。\n\t\n5. 我的观察\n伊朗这套“有限报复”策略，本质是以威慑换生存空间。它不怕小规模冲突，甚至需要通过可控对抗来证明自己的威慑可信度。\n而美国在中东的困境在于：打赢局部战争不难，难的是承受油价飙涨、盟友卷入、全球谴责的长期代价。\n眼下最危险的，不是哪方突然掀桌，而是边境摩擦或代理武装“走火”——意外往往比计划更致命。\n\t\n#伊朗划定报复红线##美军中东基地成靶子##胆小鬼博弈再升级#\n\t\n（注：文中军事数据综合自国际防务机构报告与媒体公开信息，局势分析基于多位地区问题学者观点整合。）', 'video_url': 'http://sns-video-qc.xhscdn.com/stream/1/110/259/01e9889cffb7f629010370039c3da5fe34_259.mp4?sign=bdc1e96dc60b2e3b0f9c71f4863fd54d&t=69a77e34', 'time': 1770560796000, 'last_update_time': 1770560797000, 'user_id': '68b03f6c000000001900d0b5', 'nickname': '财点点', 'avatar': 'https://sns-avatar-qc.xhscdn.com/avatar/1040g2jo31m1g2pa6m86g5q5g7tm69k5looogmu8', 'liked_count': '9', 'collected_count': '', 'comment_count': '', 'share_count': '1', 'ip_location': '广东', 'image_list': 'http://sns-webpic-qc.xhscdn.com/202602282035/396ee11375cae1d5f4f3cfe745798272/1040g00831sb3d2adm2rg5q5g7tm69k5ll7ipa0g!nd_dft_wlteh_webp_3', 'tag_list': '', 'last_modify_ts': 1772282161211, 'note_url': 'https://www.xiaohongshu.com/explore/69889d1c000000001d0240c3?xsec_token=ABQUnDmidtqVefqXTaH--es4o3J57E1VV0qJyapv2yV1c=&xsec_source=pc_search', 'source_keyword': '伊朗打击美国军事基地', 'topic_id': 'user_api', 'crawling_task_id': 'ut_xhs_2fecadcf_1772281425', 'xsec_token': 'ABQUnDmidtqVefqXTaH--es4o3J57E1VV0qJyapv2yV1c='}
20:36:01 | INFO    | [XiaoHongShuCrawler.get_notice_media] Crawling image mode is not enabled
20:36:01 | INFO    | [store.xhs.update_xhs_note] xhs note: {'note_id': '685ad35d000000000d01b575', 'type': 'normal', 'title': '国际政治热点分析5️⃣ ｜ 美国空袭伊朗', 'desc': '2025年6月21日，美国对伊朗发动代号为“午夜之锤”的空袭行动，对伊朗福尔多（Fordo）、纳坦兹（Natanz）和伊斯法罕（Isfahan）三处重要核设施实施打击。行动全程没有受到伊朗方阻拦。美国美军参谋长联席会议主席丹·凯恩表示：这三个地点都遭受了极其严重的打击。\n\t\n当地时间6月23日晚，为了报复美国此前的空袭行动，伊朗武装部队宣布对美国在中东地区最大的军事基地——乌代德（Al Udeid）空军基地实施导弹打击。据报道，此次行动目前并未造成人员伤亡。\n\t\n📌美国为何在此时选择介入？\n📌美国空袭伊朗是否合法？\n📌国际各方对事件的态度\n\t\n#热点[话题]# #国际新闻[话题]# #伊朗[话题]# #以色列[话题]# #美国[话题]# #时政[话题]# #新闻[话题]# #联合国[话题]# #女性成长[话题]#', 'video_url': '', 'time': 1750782813000, 'last_update_time': 1750784102000, 'user_id': '5b1ba99a11be1052978faf65', 'nickname': '5Rayyy', 'avatar': 'https://sns-avatar-qc.xhscdn.com/avatar/1040g2jo31r4ccm360m004a63j6kplbr56qgtdrg', 'liked_count': '8', 'collected_count': '6', 'comment_count': '1', 'share_count': '1', 'ip_location': '', 'image_list': 'http://sns-webpic-qc.xhscdn.com/202602282035/f4b52889f4f9b62c9c38b3324e74bc65/notes_pre_post/1040g3k031j4cdebi2a004a63j6kplbr5t4tqsd8!nd_dft_wlteh_webp_3,http://sns-webpic-qc.xhscdn.com/202602282035/1eea5ccf8ce3a18fae4ff87eb69b92ed/notes_pre_post/1040g3k031j4cdebi2a0g4a63j6kplbr5tvef6qo!nd_dft_wlteh_webp_3,http://sns-webpic-qc.xhscdn.com/202602282035/46f987274c17fd01982705e4ed03d88e/notes_pre_post/1040g3k031j4cdebi2a104a63j6kplbr540up6g0!nd_dft_wlteh_webp_3,http://sns-webpic-qc.xhscdn.com/202602282035/5a9e6b14e178ec12488bf3065e9ddf57/1040g2sg31j4d4lb2gme04a63j6kplbr5bfruam8!nd_dft_wlteh_webp_3,http://sns-webpic-qc.xhscdn.com/202602282035/4794cd97afe665e1d14e09632834678d/1040g2sg31j4d4lb2gmeg4a63j6kplbr5qg44ki0!nd_dft_wlteh_webp_3,http://sns-webpic-qc.xhscdn.com/202602282035/f58372b1548f0eca7811cfbba185fe97/notes_pre_post/1040g3k031j4cdebi2a2g4a63j6kplbr5p3j3ubg!nd_dft_wlteh_webp_3,http://sns-webpic-qc.xhscdn.com/202602282035/2817d43e6499791a9c94db9f69172ab7/notes_pre_post/1040g3k031j4cdebi2a304a63j6kplbr51jha7bo!nd_dft_wlteh_webp_3,http://sns-webpic-qc.xhscdn.com/202602282035/cb04349ff3eff172c6f0469542867c3e/notes_pre_post/1040g3k031j4cdebi2a3g4a63j6kplbr5n7qie18!nd_dft_wlteh_webp_3', 'tag_list': '热点,国际新闻,伊朗,以色列,美国,时政,新闻,联合国,女性成长', 'last_modify_ts': 1772282161280, 'note_url': 'https://www.xiaohongshu.com/explore/685ad35d000000000d01b575?xsec_token=AB8a4KMvvcFJKBrwkSBlf4mSdurBdnsNW4aHPqzdY20OI=&xsec_source=pc_search', 'source_keyword': '伊朗打击美国军事基地', 'topic_id': 'user_api', 'crawling_task_id': 'ut_xhs_2fecadcf_1772281425', 'xsec_token': 'AB8a4KMvvcFJKBrwkSBlf4mSdurBdnsNW4aHPqzdY20OI='}
20:36:01 | INFO    | [XiaoHongShuCrawler.get_notice_media] Crawling image mode is not enabled
20:36:01 | INFO    | [store.xhs.update_xhs_note] xhs note: {'note_id': '686137b1000000002400d078', 'type': 'normal', 'title': '伊朗军方硬核警告：敢再侵略，回击火力拉满', 'desc': '据央视新闻6月29日消息，伊朗哈塔姆·安比亚中央司令部霸气发声：伊朗民众面对侵略愈发团结，凭借自研先进军事技术，已让侵略者尝到“苦头”！目前伊朗武装部队24小时紧盯敌方动向，一旦再有来犯，将祭出更强反击！\n\t\n这波强硬表态早有铺垫。此前，伊朗伊斯兰革命卫队总司令帕克普尔就撂下狠话：“敌人敢犯错，我们必果断回击！”伊朗总统也警告以色列，若侵略不止，伊朗将发动更猛烈攻势，还喊话美英法别当帮凶，否则其军事基地、海上船只都将成打击目标！\n\t\n伊朗可不是光说不练的“嘴炮王者”。为报复美国对核设施的打击，伊朗直接向卡塔尔美军基地发射导弹，数量精准对标美方袭击炸弹数；面对以色列挑衅，革命卫队也曾出动无人机、飞弹，炸得对方燃油能源设施“冒火”。\n\t\n伊朗底气何来？自研军事技术稳步提升，捍卫主权的决心刻进骨子里，同时也需要通过强硬姿态稳固地区话语权。但这份强硬也暗藏风险，稍有不慎，地区局势恐再度失控，甚至搅动全球能源与地缘政治格局。\n\t\n宝子们，你们觉得伊朗这波“反击宣言”能震慑对手吗？评论区聊聊～\n#伊朗军方[话题]# #国际局势[话题]# #军事热点[话题]# #国际新闻[话题]#', 'video_url': '', 'time': 1751201713000, 'last_update_time': 1751201713000, 'user_id': '5ca9a5e70000000012015f6d', 'nickname': '浪潮捕手', 'avatar': 'https://sns-avatar-qc.xhscdn.com/avatar/1040g2jo31im1vbqiha6g5n59knjkinrd1u4lt18', 'liked_count': '8', 'collected_count': '', 'comment_count': '6', 'share_count': '2', 'ip_location': '', 'image_list': 'http://sns-webpic-qc.xhscdn.com/202602282035/09045df9bc07988d4b6573617784ce9f/notes_pre_post/1040g3k831jak8n3l34hg5n59knjkinrdg307hng!nd_dft_wlteh_webp_3', 'tag_list': '伊朗军方,国际局势,军事热点,国际新闻', 'last_modify_ts': 1772282161371, 'note_url': 'https://www.xiaohongshu.com/explore/686137b1000000002400d078?xsec_token=ABLW-VIvyMvGK6JnlcoYSvVdpaHTVmRVcl1OUkC-E3y6g=&xsec_source=pc_search', 'source_keyword': '伊朗打击美国军事基地', 'topic_id': 'user_api', 'crawling_task_id': 'ut_xhs_2fecadcf_1772281425', 'xsec_token': 'ABLW-VIvyMvGK6JnlcoYSvVdpaHTVmRVcl1OUkC-E3y6g='}
20:36:01 | INFO    | [XiaoHongShuCrawler.get_notice_media] Crawling image mode is not enabled
20:36:01 | INFO    | [store.xhs.update_xhs_note] xhs note: {'note_id': '69636ee5000000000a02e4e4', 'type': 'normal', 'title': '伊朗警告美国总统：若遭攻击必将还击', 'desc': '当地时间1月11日，伊朗议会议长卡利巴夫在议会上表示，伊朗警告美国总统特朗普，如果美国发动军事攻击，都将导致德黑兰对美国的军事基地和航运中心进行报复，这些都将是伊朗的合法打击目标。\n来源：央视新闻\n#伊朗[话题]#\n#美国[话题]#\n#国际新闻[话题]#', 'video_url': '', 'time': 1768124133000, 'last_update_time': 1768124134000, 'user_id': '64b898310000000014037b21', 'nickname': '潇湘晨报', 'avatar': 'https://sns-avatar-qc.xhscdn.com/avatar/1040g2jo31qobul3rgm005p5oj0ol6up1tu11gg8', 'liked_count': '8', 'collected_count': '1', 'comment_count': '1', 'share_count': '3', 'ip_location': '', 'image_list': 'http://sns-webpic-qc.xhscdn.com/202602282035/cb7186137f81d76d84f4098d3b02cea8/spectrum/1040g0k031r6pgbqimu005p5oj0ol6up12a9v4eo!nd_dft_wlteh_webp_3', 'tag_list': '伊朗,美国,国际新闻', 'last_modify_ts': 1772282161440, 'note_url': 'https://www.xiaohongshu.com/explore/69636ee5000000000a02e4e4?xsec_token=AB2yfrv7r6jyk0f84IbNDfDzUw1HalrGqOioekNVOu-lk=&xsec_source=pc_search', 'source_keyword': '伊朗打击美国军事基地', 'topic_id': 'user_api', 'crawling_task_id': 'ut_xhs_2fecadcf_1772281425', 'xsec_token': 'AB2yfrv7r6jyk0f84IbNDfDzUw1HalrGqOioekNVOu-lk='}
20:36:01 | INFO    | [XiaoHongShuCrawler.get_notice_media] Crawling image mode is not enabled
20:36:01 | INFO    | [store.xhs.update_xhs_note] xhs note: {'note_id': '6857baf9000000002203d52a', 'type': 'normal', 'title': '伊朗向美国宣战\n\t\n根据2025年6月22日的最新报道，伊朗已明确表示将对美国发动“严厉惩罚”，并宣布中东地区的每一名美国公民和军事人员均为合法打击目标。伊朗革命卫队强调，美国必须等待“严厉的惩罚”，而国家电视台的表态进一步表明伊朗已进入全面对抗状态。这一系列声明标志着伊朗正式将冲突升级为战争状态。\n\t\n此前，伊朗副外长拉万奇在6月19日已警告美国，若其决定军事介入，伊朗将在全球范围内进行报复。伊朗最高领袖哈梅内伊也通过视频向特朗普喊话，强调伊朗人民将坚决对抗“被迫的和平”。目前，伊朗已将核设施核心材料转', 'desc': '伊朗向美国宣战\n\t\n根据2025年6月22日的最新报道，伊朗已明确表示将对美国发动“严厉惩罚”，并宣布中东地区的每一名美国公民和军事人员均为合法打击目标。伊朗革命卫队强调，美国必须等待“严厉的惩罚”，而国家电视台的表态进一步表明伊朗已进入全面对抗状态。这一系列声明标志着伊朗正式将冲突升级为战争状态。\n\t\n此前，伊朗副外长拉万奇在6月19日已警告美国，若其决定军事介入，伊朗将在全球范围内进行报复。伊朗最高领袖哈梅内伊也通过视频向特朗普喊话，强调伊朗人民将坚决对抗“被迫的和平”。目前，伊朗已将核设施核心材料转移，美军空袭未造成实质性破坏，反而激化了双方矛盾。\n\t\n值得注意的是，伊朗的报复目标不仅限于以色列，而是明确将美国在中东的所有利益列为打击对象。分析认为，伊朗可能优先针对巴林、卡塔尔等靠近美军基地的地区实施报复，而美国国内对特朗普政府的施压可能进一步加剧局势复杂性。\n#世界历史[话题]# #历史的回声[话题]# #文明与征服[话题]# #和平与发展[话题]# #历史与现在[话题]# #国际新闻[话题]# #伊朗对美国[话题]#', 'video_url': '', 'time': 1750579961000, 'last_update_time': 1750579961000, 'user_id': '669143b5000000000f03608b', 'nickname': '国际贸易操盘手', 'avatar': 'https://sns-avatar-qc.xhscdn.com/avatar/1040g2jo31kn1a008j4505pkh8eqjuo4b2jleeug', 'liked_count': '6', 'collected_count': '2', 'comment_count': '1', 'share_count': '1', 'ip_location': '', 'image_list': 'http://sns-webpic-qc.xhscdn.com/202602282035/bfd1b853bd81a5af4a63d3232dde64ad/1040g00831j0v5t5h1g505pkh8eqjuo4bb2qng9o!nd_dft_wlteh_webp_3', 'tag_list': '世界历史,历史的回声,文明与征服,和平与发展,历史与现在,国际新闻,伊朗对美国', 'last_modify_ts': 1772282161503, 'note_url': 'https://www.xiaohongshu.com/explore/6857baf9000000002203d52a?xsec_token=ABaHWJCa0Z-VeNyBn6xWFWiUT_z3yiWJIA_ohbBo4zEmk=&xsec_source=pc_search', 'source_keyword': '伊朗打击美国军事基地', 'topic_id': 'user_api', 'crawling_task_id': 'ut_xhs_2fecadcf_1772281425', 'xsec_token': 'ABaHWJCa0Z-VeNyBn6xWFWiUT_z3yiWJIA_ohbBo4zEmk='}
20:36:01 | INFO    | [XiaoHongShuCrawler.get_notice_media] Crawling image mode is not enabled
20:36:01 | INFO    | [store.xhs.update_xhs_note] xhs note: {'note_id': '696460cd000000001a021de4', 'type': 'normal', 'title': '当地时间1月11日，伊朗议会议长卡利巴夫在议会上表示，伊朗警告美国总统特朗普，如果美国发动军事攻击，都将导致德黑兰对美国的军事基地和航运中心进行报复，这些都将是伊朗的合法打击目标。#伊朗[话题]# #特朗普[话题]# #美国[话题]# #国际军事[话题]# #航运圈网[话题]#', 'desc': '当地时间1月11日，伊朗议会议长卡利巴夫在议会上表示，伊朗警告美国总统特朗普，如果美国发动军事攻击，都将导致德黑兰对美国的军事基地和航运中心进行报复，这些都将是伊朗的合法打击目标。#伊朗[话题]# #特朗普[话题]# #美国[话题]# #国际军事[话题]# #航运圈网[话题]#', 'video_url': '', 'time': 1768186062000, 'last_update_time': 1768186062000, 'user_id': '68538917000000001d008d6c', 'nickname': '航运圈网', 'avatar': 'https://sns-avatar-qc.xhscdn.com/avatar/1040g2jo31it8ph5dhe6g5q2jh4bn93bcrm1b4b0', 'liked_count': '5', 'collected_count': '1', 'comment_count': '1', 'share_count': '', 'ip_location': '', 'image_list': 'http://sns-webpic-qc.xhscdn.com/202602282035/ea9399fc664cc94f4f85a840809f0722/notes_pre_post/1040g3k831r7n1ivcgad05q2jh4bn93bc1ec133o!nd_dft_wgth_webp_3,http://sns-webpic-qc.xhscdn.com/202602282035/dff906f612e4e3d33b6be01e4c762d9d/notes_pre_post/1040g3k831r7n1ivcgacg5q2jh4bn93bc7dslgkg!nd_dft_wgth_webp_3,http://sns-webpic-qc.xhscdn.com/202602282035/7e0bd21c9736bd191b666a512223e54f/notes_pre_post/1040g3k831r7n1ivcgac05q2jh4bn93bcmoql8l8!nd_dft_wgth_webp_3', 'tag_list': '伊朗,特朗普,美国,国际军事,航运圈网', 'last_modify_ts': 1772282161578, 'note_url': 'https://www.xiaohongshu.com/explore/696460cd000000001a021de4?xsec_token=AB_qowLUhFE-l91j_IriOY8GQBFAzPtwC4eU_TbVzpwxg=&xsec_source=pc_search', 'source_keyword': '伊朗打击美国军事基地', 'topic_id': 'user_api', 'crawling_task_id': 'ut_xhs_2fecadcf_1772281425', 'xsec_token': 'AB_qowLUhFE-l91j_IriOY8GQBFAzPtwC4eU_TbVzpwxg='}
20:36:01 | INFO    | [XiaoHongShuCrawler.get_notice_media] Crawling image mode is not enabled
20:36:01 | INFO    | [store.xhs.update_xhs_note] xhs note: {'note_id': '69898915000000001d026c79', 'type': 'normal', 'title': '内塔尼亚胡将与特朗普会晤，商讨伊核问题', 'desc': '亚太日报驻墨尔本记者 张烁\n以色列总理办公室上周六晚间宣布，本雅明·内塔尼亚胡将于本周三在华盛顿与美国总统唐纳德·特朗普举行会晤，以商讨美伊谈判事宜。\n声明中表示：“总理认为所有谈判都必须包含限制弹道导弹及终止对伊朗轴心国支持的内容。” 此处所指的伊朗轴心国，意为德黑兰对黎巴嫩真主党、巴勒斯坦哈马斯等武装组织的资助。\n特朗普与内塔尼亚胡上次会晤是在去年12月。\n与此同时，伊朗外长阿巴斯·阿拉格奇周六在卡塔尔半岛电视台表示，若美军在该地区集结后发动袭击，德黑兰将打击美国在中东的军事基地。他同时强调，伊朗导弹计划“绝无谈判余地”。\n美国与伊朗周五在阿曼举行了间接会谈。美方代表包括特使史蒂夫·维特科夫和特朗普的女婿贾里德·库什纳。双方在如何推进德黑兰核计划谈判的问题上似乎回到了原点，但特朗普事后称会谈“非常顺利”，并表示计划下周进行更多磋商。\n在伊朗镇压全国抗议活动造成数千人死亡之际，特朗普曾派遣“亚伯拉罕·林肯”号航母等军舰前往该地区，并多次威胁动用武力迫使伊朗就核计划达成协议。\n《伦敦时报》报道称，鉴于担忧美国对伊朗发动攻击可能使该地区陷入更广泛的冲突，英国已向塞浦路斯增派战斗机以加强安全部署。报道称，六架F-35B战机周五从英国皇家空军马勒姆基地飞往塞浦路斯，加入已在当地执行伊拉克和叙利亚任务的台风战斗机编队。\n周日，阿拉格奇在德黑兰的一场峰会上称，美国“在该地区的军事部署无法震慑我们”。\n他强调德黑兰的力量源于其“敢于对大国说不”的能力，并补充道：“伊朗伊斯兰共和国力量的奥秘在于其抵御霸凌、支配与外部压力的能力。他们害怕我们的原子弹，而我们并未追求原子弹。我们的原子弹就是敢于对大国说不的力量。伊斯兰共和国力量的奥秘，就在于敢于对强权说不的力量。”\n阿拉格奇同时表明，即使战争“被强加于我们”，伊朗仍将坚持必须拥有铀浓缩能力的立场。\n他指出，此前谈判期间美国在去年以伊冲突中轰炸伊朗核设施的行径，导致双方存在“极其深刻的互不信任”。他称此次会谈“是个良好开端”，但强调“建立信任任重道远”，并表示谈判将“很快”重启。\n阿拉格奇批评了所谓“霸权主义政策”，指责该政策纵容以色列扩充军备，同时迫使该地区其他国家解除武装。\n注：本文为亚太日报原创内容，未经授权不得转载。#国际新闻[话题]#', 'video_url': '', 'time': 1770640501000, 'last_update_time': 1770621206000, 'user_id': '643c2cf3000000000b02a4f0', 'nickname': '亚太观澜', 'avatar': 'https://sns-avatar-qc.xhscdn.com/avatar/65d5e67bfbe84e0001907acf.jpg', 'liked_count': '5', 'collected_count': '1', 'comment_count': '', 'share_count': '1', 'ip_location': '湖南', 'image_list': 'http://sns-webpic-qc.xhscdn.com/202602282035/c01e018cd6783405f3bd329b2dcf11e2/spectrum/1040g0k031sc0166g58005p1s5jpit97gudqvvr0!nd_dft_wgth_webp_3', 'tag_list': '国际新闻', 'last_modify_ts': 1772282161670, 'note_url': 'https://www.xiaohongshu.com/explore/69898915000000001d026c79?xsec_token=ABYHku6KuPQcIAl83drAhhaIaM6TYO1GuStQxea5HOeAM=&xsec_source=pc_search', 'source_keyword': '伊朗打击美国军事基地', 'topic_id': 'user_api', 'crawling_task_id': 'ut_xhs_2fecadcf_1772281425', 'xsec_token': 'ABYHku6KuPQcIAl83drAhhaIaM6TYO1GuStQxea5HOeAM='}
20:36:01 | INFO    | [XiaoHongShuCrawler.get_notice_media] Crawling image mode is not enabled
20:36:01 | INFO    | [store.xhs.update_xhs_note] xhs note: {'note_id': '69a2d5e00000000015022383', 'type': 'video', 'title': '美以袭击伊朗', 'desc': '兄弟们伊朗最新消息，美国跟以色列还是对伊朗动手了，零帧起手闪电袭击伊朗，\n首都德黑兰遭遇袭击领空尚有客机飞行！\n当地时间2月28日，以色列与美国对伊朗发动联合袭击，伊朗首都市中心多处爆炸，局势骤然紧张。以色列称袭击是"先发制人"的"预防性"打击。美官员称，美国对伊朗的空袭正在持续！\n伊朗迅速回击，打击美国在中东军事基地，叙利亚、阿联酋、巴林等多国传出爆炸声！这次事态真的很严重！#以色列空袭伊朗[话题]##伊朗遭袭击[话题]##美以袭击伊朗中东局势[话题]##伊朗[话题]#', 'video_url': 'http://sns-video-qc.xhscdn.com/stream/79/110/259/01e9a2d5e02fc60a010370039ca4141192_259.mp4?sign=89a04ad2b190b142d6972bb0efaa44f7&t=69a77e53', 'time': 1772279264000, 'last_update_time': 1772279265000, 'user_id': '67d64962000000000a03d885', 'nickname': '世界格局', 'avatar': 'https://sns-avatar-qc.xhscdn.com/avatar/1040g2jo31fk8tfvh006g5pum95h2nm4579b1fjo', 'liked_count': '5', 'collected_count': '', 'comment_count': '', 'share_count': '', 'ip_location': '', 'image_list': 'http://sns-webpic-qc.xhscdn.com/202602282035/ab40ba4224e35b83d64513223d61c1b2/1040g00831t4mqdq362705pum95h2nm45867l280!nd_dft_wlteh_webp_3', 'tag_list': '以色列空袭伊朗,伊朗遭袭击,美以袭击伊朗中东局势,伊朗', 'last_modify_ts': 1772282161738, 'note_url': 'https://www.xiaohongshu.com/explore/69a2d5e00000000015022383?xsec_token=ABb2yDVE0HIAvhldchyxQHBtemNBnoaOtji-dt55-ptVo=&xsec_source=pc_search', 'source_keyword': '伊朗打击美国军事基地', 'topic_id': 'user_api', 'crawling_task_id': 'ut_xhs_2fecadcf_1772281425', 'xsec_token': 'ABb2yDVE0HIAvhldchyxQHBtemNBnoaOtji-dt55-ptVo='}
20:36:01 | INFO    | [XiaoHongShuCrawler.get_notice_media] Crawling image mode is not enabled
20:36:01 | INFO    | [store.xhs.update_xhs_note] xhs note: {'note_id': '687639f6000000000b02ed4a', 'type': 'video', 'title': '伊朗前脚炸美军基地，后脚就跟以色列握手', 'desc': '#热点新闻事件[话题]# #世界奇闻趣事[话题]# #科普红人打造计划[话题]# #战争通往胜利[话题]# #军事[话题]# #武器装备[话题]# #国家兴亡匹夫有责[话题]# #愿世界再无战争[话题]# #保卫国家人人有责[话题]#', 'video_url': 'http://sns-video-qc.xhscdn.com/stream/79/110/259/01e87639f382634d01037003980dd40ae2_259.mp4?sign=27a36a56e6c1cfed44e20aeced874987&t=69a77e58', 'time': 1752578550000, 'last_update_time': 1752578550000, 'user_id': '67b582fa000000000a03c59d', 'nickname': '小静小静静', 'avatar': 'https://sns-avatar-qc.xhscdn.com/avatar/645b7e90e29f7d0acadad8aa.jpg', 'liked_count': '3', 'collected_count': '1', 'comment_count': '1', 'share_count': '1', 'ip_location': '', 'image_list': 'http://sns-webpic-qc.xhscdn.com/202602282035/496783385e34a2653f5c934b1e2b2eb1/1040g2sg31jupfu1tk8gg5ptlgbt2nhct38o39io!nd_dft_wlteh_webp_3', 'tag_list': '热点新闻事件,世界奇闻趣事,科普红人打造计划,战争通往胜利,军事,武器装备,国家兴亡匹夫有责,愿世界再无战争,保卫国家人人有责', 'last_modify_ts': 1772282161796, 'note_url': 'https://www.xiaohongshu.com/explore/687639f6000000000b02ed4a?xsec_token=ABDpk6Y4hCNki9yWn3mtejDVJoori2pNgkgdAshTd1q7o=&xsec_source=pc_search', 'source_keyword': '伊朗打击美国军事基地', 'topic_id': 'user_api', 'crawling_task_id': 'ut_xhs_2fecadcf_1772281425', 'xsec_token': 'ABDpk6Y4hCNki9yWn3mtejDVJoori2pNgkgdAshTd1q7o='}
20:36:01 | INFO    | [XiaoHongShuCrawler.get_notice_media] Crawling image mode is not enabled
20:36:01 | INFO    | [store.xhs.update_xhs_note] xhs note: {'note_id': '685a61de000000002300579f', 'type': 'video', 'title': '开火了！伊朗终于对美还击，中东各处美基地被炸\ufeff#中东[话题]#\ufeff \ufeff#军事[话题]#\ufeff \ufeff#军事科普[话题]#\ufeff \ufeff#伊朗[话题]#\ufeff \ufeff#美国[话题]#\ufeff', 'desc': '开火了！伊朗终于对美还击，中东各处美基地被炸\ufeff#中东[话题]#\ufeff \ufeff#军事[话题]#\ufeff \ufeff#军事科普[话题]#\ufeff \ufeff#伊朗[话题]#\ufeff \ufeff#美国[话题]#\ufeff', 'video_url': 'http://sns-video-qc.xhscdn.com/stream/79/110/259/01e85a61da6675af0103700397a10e7697_259.mp4?sign=1f748993fa8af8413f9ae139e364d838&t=69a77e5a', 'time': 1750753758000, 'last_update_time': 1750753759000, 'user_id': '680ae5800000000018024211', 'nickname': '爱军事的小白1', 'avatar': 'https://sns-avatar-qc.xhscdn.com/avatar/645b6985573b2ad2b5243b1d.jpg', 'liked_count': '3', 'collected_count': '1', 'comment_count': '', 'share_count': '', 'ip_location': '', 'image_list': 'http://sns-webpic-qc.xhscdn.com/202602282035/13df3f1865e70f378afc893e79d945ed/spectrum/1040g34o31j3ult290u105q0asm064gghssggem0!nd_dft_wlteh_webp_3', 'tag_list': '中东,军事,军事科普,伊朗,美国', 'last_modify_ts': 1772282161870, 'note_url': 'https://www.xiaohongshu.com/explore/685a61de000000002300579f?xsec_token=AB8a4KMvvcFJKBrwkSBlf4mdA9ujI7VZNxLSZIksQEobQ=&xsec_source=pc_search', 'source_keyword': '伊朗打击美国军事基地', 'topic_id': 'user_api', 'crawling_task_id': 'ut_xhs_2fecadcf_1772281425', 'xsec_token': 'AB8a4KMvvcFJKBrwkSBlf4mdA9ujI7VZNxLSZIksQEobQ='}
20:36:01 | INFO    | [XiaoHongShuCrawler.get_notice_media] Crawling image mode is not enabled
20:36:01 | INFO    | [store.xhs.update_xhs_note] xhs note: {'note_id': '6968cab4000000000a0339cc', 'type': 'video', 'title': '伊朗通报邻国：若遭美袭击将打击其境内美军基地#热点[话题]# #热点新闻事件[话题]#', 'desc': '伊朗通报邻国：若遭美袭击将打击其境内美军基地#热点[话题]# #热点新闻事件[话题]#', 'video_url': 'http://sns-video-qc.xhscdn.com/stream/79/110/259/01e968cab29d89b1010370039bc1587451_259.mp4?sign=77b3dc045dfac0243bded8ba99ea2456&t=69a77e60', 'time': 1768475316000, 'last_update_time': 1768475316000, 'user_id': '62861b030000000021026963', 'nickname': '一线直击', 'avatar': 'https://sns-avatar-qc.xhscdn.com/avatar/1040g2jo3107nc16260605ok63c1ocqb3v5u7eg0', 'liked_count': '3', 'collected_count': '1', 'comment_count': '2', 'share_count': '', 'ip_location': '', 'image_list': 'http://sns-webpic-qc.xhscdn.com/202602282035/e465bc4fcf51515b521867bbbe53cfc0/1040g2sg31rc0un676ukg5ok63c1ocqb3nelvk9g!nd_dft_wlteh_webp_3', 'tag_list': '热点,热点新闻事件', 'last_modify_ts': 1772282161933, 'note_url': 'https://www.xiaohongshu.com/explore/6968cab4000000000a0339cc?xsec_token=ABMhf2fyWz3pvkKVFTEAbjDmCS4MykzwaymxuDPimC2Lc=&xsec_source=pc_search', 'source_keyword': '伊朗打击美国军事基地', 'topic_id': 'user_api', 'crawling_task_id': 'ut_xhs_2fecadcf_1772281425', 'xsec_token': 'ABMhf2fyWz3pvkKVFTEAbjDmCS4MykzwaymxuDPimC2Lc='}
20:36:02 | INFO    | [XiaoHongShuCrawler.get_notice_media] Crawling image mode is not enabled
20:36:02 | INFO    | [store.xhs.update_xhs_note] xhs note: {'note_id': '685b416b0000000017034918', 'type': 'video', 'title': '美军基地遭袭，伊总参谋长:将放手随意打击', 'desc': '美军基地遭袭，伊朗总参谋长：将放手随意打击任何美军#军事[话题]# #以色列[话题]# #伊朗[话题]#', 'video_url': 'http://sns-video-qc.xhscdn.com/stream/79/110/259/01e85b41236667480103700397a47894c2_259.mp4?sign=b6b3d2766e4ae1b520942550636223f5&t=69a77e65', 'time': 1750810987000, 'last_update_time': 1750810987000, 'user_id': '646a1dc3000000002a00a01e', 'nickname': '战Lue论', 'avatar': 'https://sns-avatar-qc.xhscdn.com/avatar/1040g2jo31fi7b7oqg66g5p3a3n1qh80upbao4so', 'liked_count': '3', 'collected_count': '', 'comment_count': '', 'share_count': '', 'ip_location': '', 'image_list': 'http://sns-webpic-qc.xhscdn.com/202602282035/66d85c0c84676a3cc9286a0d49a74df6/1040g00831j4pu1dth4305p3a3n1qh80uieuelh0!nd_dft_wlteh_webp_3', 'tag_list': '军事,以色列,伊朗', 'last_modify_ts': 1772282162063, 'note_url': 'https://www.xiaohongshu.com/explore/685b416b0000000017034918?xsec_token=AByhYU8y04HtBk8vI3N3Tf-6ljyn8TnjTuS4ytiqUNXyQ=&xsec_source=pc_search', 'source_keyword': '伊朗打击美国军事基地', 'topic_id': 'user_api', 'crawling_task_id': 'ut_xhs_2fecadcf_1772281425', 'xsec_token': 'AByhYU8y04HtBk8vI3N3Tf-6ljyn8TnjTuS4ytiqUNXyQ='}
20:36:02 | INFO    | [XiaoHongShuCrawler.get_notice_media] Crawling image mode is not enabled
20:36:02 | INFO    | [store.xhs.update_xhs_note] xhs note: {'note_id': '68583184000000001c037212', 'type': 'video', 'title': '美国轰炸伊朗核设施后，中东安全局势如何发展？6月22日将成为历史节点，是美国战略焦虑还是霸权的最后一博#原创视频[话题]# #未来科技[话题]# #火力全开[话题]# #全球[话题]#', 'desc': '美国轰炸伊朗核设施后，中东安全局势如何发展？6月22日将成为历史节点，是美国战略焦虑还是霸权的最后一博#原创视频[话题]# #未来科技[话题]# #火力全开[话题]# #全球[话题]#', 'video_url': 'http://sns-video-qc.xhscdn.com/stream/1/110/259/01e858317c171e5201037003979882e689_259.mp4?sign=468a4123ad29e979c90a28a93d81d152&t=69a77e69', 'time': 1750610308000, 'last_update_time': 1750610309000, 'user_id': '60216c750000000001005b51', 'nickname': '中交华强', 'avatar': 'https://sns-avatar-qc.xhscdn.com/avatar/60216c750000000001005b51.jpg', 'liked_count': '1', 'collected_count': '', 'comment_count': '', 'share_count': '', 'ip_location': '', 'image_list': 'http://sns-webpic-qc.xhscdn.com/202602282035/8a339ea1900e8cc72772e455cd3aff28/1040g2sg31j1q8o7dh4bg5o11dhqg8mqhsnjbr7g!nd_dft_wlteh_webp_3', 'tag_list': '原创视频,未来科技,火力全开,全球', 'last_modify_ts': 1772282162110, 'note_url': 'https://www.xiaohongshu.com/explore/68583184000000001c037212?xsec_token=ABdLj3CrWLYSNQiQPsuY8kNzGIAwRPRPY5uSWNVWyRrzU=&xsec_source=pc_search', 'source_keyword': '伊朗打击美国军事基地', 'topic_id': 'user_api', 'crawling_task_id': 'ut_xhs_2fecadcf_1772281425', 'xsec_token': 'ABdLj3CrWLYSNQiQPsuY8kNzGIAwRPRPY5uSWNVWyRrzU='}
20:36:02 | INFO    | [XiaoHongShuCrawler.get_notice_media] Crawling image mode is not enabled
20:36:02 | INFO    | [store.xhs.update_xhs_note] xhs note: {'note_id': '685abe7d000000001002641c', 'type': 'normal', 'title': '20250624《极限承压》', 'desc': '目前我基本判断伊以的前线保持平静，双方都在沿着停火框架执行。因为只要两边打起来，10分钟内油价、金价、币价必有反馈，价格一直很平静说明没出事。\n今天在集思录看到一张图觉得很有意思，一定要和你们分享一下。是一个股民从2021年开始执行滚贴水的策略，他买的不多，就一手，大概100万头寸，然后记录下了自己的盈亏波动，以及心路历程。在中国股民里已经算好的了，毕竟跑赢了指数也赚到了钱，你要是投资指数etf的话4年下来还亏15%，这就是中国主流宽基的表现，说这样的股市是谋财害命一点也不过分。反正我现在是一句话都不会劝新人炒股，不值得，不要进场当肥料。#猫笔刀[话题]##伊以冲突[话题]##滚贴水[话题]#', 'video_url': '', 'time': 1750777469000, 'last_update_time': 1750777469000, 'user_id': '67fbc6da000000000e01c62f', 'nickname': '猫笔刀文章铺', 'avatar': 'https://sns-avatar-qc.xhscdn.com/avatar/645b802c0f5b598e07f39dc7.jpg', 'liked_count': '1', 'collected_count': '', 'comment_count': '', 'share_count': '', 'ip_location': '', 'image_list': 'http://sns-webpic-qc.xhscdn.com/202602282035/6e1b6ee2817629a6765f7fb6bc68ab40/notes_pre_post/1040g3k031j49tga3gs005pvrord3jhhfb5hur80!nd_dft_wlteh_webp_3,http://sns-webpic-qc.xhscdn.com/202602282035/6acd60e4b5c6dea550ef970cc8bbcd20/notes_pre_post/1040g3k031j49tga3gs0g5pvrord3jhhfqahlilo!nd_dft_wgth_webp_3,http://sns-webpic-qc.xhscdn.com/202602282035/5c5e3c6e171796476fff7f8f383b52f0/notes_pre_post/1040g3k031j49tga3gs105pvrord3jhhfp7r7sn8!nd_dft_wgth_webp_3,http://sns-webpic-qc.xhscdn.com/202602282035/e63d2927c671dcddbc0a4a85fd58e1be/notes_pre_post/1040g3k031j49tga3gs1g5pvrord3jhhfv55dgao!nd_dft_wlteh_webp_3,http://sns-webpic-qc.xhscdn.com/202602282035/aa5b9df18a351abbb650e13683b51081/notes_pre_post/1040g3k031j49tga3gs205pvrord3jhhfu1jjuag!nd_dft_wlteh_webp_3,http://sns-webpic-qc.xhscdn.com/202602282035/8b597426b3f15164b5da492ff1721528/notes_pre_post/1040g3k031j49tga3gs2g5pvrord3jhhf5iunae8!nd_dft_wlteh_webp_3', 'tag_list': '猫笔刀,伊以冲突,滚贴水', 'last_modify_ts': 1772282162179, 'note_url': 'https://www.xiaohongshu.com/explore/685abe7d000000001002641c?xsec_token=AB8a4KMvvcFJKBrwkSBlf4mcY4bhAjZXo57-kMl561Itc=&xsec_source=pc_search', 'source_keyword': '伊朗打击美国军事基地', 'topic_id': 'user_api', 'crawling_task_id': 'ut_xhs_2fecadcf_1772281425', 'xsec_token': 'AB8a4KMvvcFJKBrwkSBlf4mcY4bhAjZXo57-kMl561Itc='}
20:36:02 | INFO    | [XiaoHongShuCrawler.get_notice_media] Crawling image mode is not enabled
20:36:02 | INFO    | [XiaoHongShuCrawler.search] Note details: [{'ip_location': '山东', 'desc': '伊朗前高官：若遭美国攻击，将先打以色列， 可一次性向以色列齐射超过2000枚弹道导弹，随后再攻击美国在该地区的军事基地', 'interact_info': {'share_count': '1', 'followed': False, 'relation': 'none', 'liked': False, 'liked_count': '33', 'collected': False, 'collected_count': '1', 'comment_count': '21'}, 'time': 1770727418000, 'last_update_time': 1770727419000, 'title': '', 'user': {'user_id': '62a0789900000000210238cc', 'nickname': '爱济南', 'avatar': 'https://sns-avatar-qc.xhscdn.com/avatar/1040g2jo31cohrcejgm5g5ol0f2coce6c0pd90ig', 'xsec_token': 'ABZQPq-lGKSWVrV_D6btnXlxeXNG-cVUYbuaFZAzpr_qE='}, 'tag_list': [], 'image_list': [{'height': 2560, 'url_pre': 'http://sns-webpic-qc.xhscdn.com/202602282034/aa18f03ba1d8b388cbc705fea27528e3/spectrum/1040g34o31sdir33hl8105ol0f2coce6c4uauda8!nd_prv_wlteh_webp_3', 'url_default': 'http://sns-webpic-qc.xhscdn.com/202602282034/cece0859b02c9c30bb9612faec3cea6d/spectrum/1040g34o31sdir33hl8105ol0f2coce6c4uauda8!nd_dft_wlteh_webp_3', 'live_photo': False, 'file_id': '', 'width': 1440, 'url': 'http://sns-webpic-qc.xhscdn.com/202602282034/cece0859b02c9c30bb9612faec3cea6d/spectrum/1040g34o31sdir33hl8105ol0f2coce6c4uauda8!nd_dft_wlteh_webp_3', 'trace_id': '', 'info_list': [{'image_scene': 'WB_PRV', 'url': 'http://sns-webpic-qc.xhscdn.com/202602282034/aa18f03ba1d8b388cbc705fea27528e3/spectrum/1040g34o31sdir33hl8105ol0f2coce6c4uauda8!nd_prv_wlteh_webp_3'}, {'image_scene': 'WB_DFT', 'url': 'http://sns-webpic-qc.xhscdn.com/202602282034/cece0859b02c9c30bb9612faec3cea6d/spectrum/1040g34o31sdir33hl8105ol0f2coce6c4uauda8!nd_dft_wlteh_webp_3'}], 'stream': {}}], 'at_user_list': [], 'note_id': '698b27fa000000000a02e3d6', 'type': 'video', 'video': {'media': {'video_id': 137794266423742080, 'video': {'biz_name': 110, 'biz_id': '281909455504466902', 'duration': 7, 'md5': '1c551a035ad523e25b869897f37687b2', 'hdr_type': 0, 'drm_type': 0, 'stream_types': [259, 114, 108, 115]}, 'stream': {'h266': [], 'av1': [], 'h264': [{'psnr': 0, 'quality_type': 'HD', 'master_url': 'http://sns-video-qc.xhscdn.com/stream/79/110/259/01e98b27be45ce80010370039c479447bd_259.mp4?sign=5e551e7599b4c6b5224cf04501a1e37e&t=69a77e1c', 'ssim': 0, 'audio_channels': 2, 'vmaf': -1, 'stream_desc': 'WM_X264_MP4_web', 'audio_duration': 6083, 'fps': 30, 'backup_urls': ['http://sns-bak-v6.xhscdn.com/stream/79/110/259/01e98b27be45ce80010370039c479447bd_259.mp4'], 'stream_type': 259, 'height': 1280, 'duration': 6084, 'size': 232444, 'volume': 0, 'weight': 62, 'format': 'mp4', 'avg_bitrate': 305646, 'video_bitrate': 232501, 'audio_bitrate': 65465, 'width': 720, 'audio_codec': 'aac', 'rotate': 0, 'default_stream': 0, 'video_codec': 'h264', 'video_duration': 6066, 'hdr_type': 0}], 'h265': [{'vmaf': -1, 'audio_channels': 2, 'video_bitrate': 217859, 'audio_codec': 'aac', 'psnr': 46.57899856567383, 'weight': 62, 'default_stream': 0, 'width': 720, 'fps': 30, 'quality_type': 'HD', 'size': 271444, 'avg_bitrate': 356928, 'height': 1280, 'duration': 6084, 'audio_bitrate': 130931, 'rotate': 0, 'backup_urls': ['http://sns-bak-v6.xhscdn.com/stream/79/110/114/01e98b27be45ce804f0370019c47945538_114.mp4'], 'hdr_type': 0, 'ssim': 0, 'video_codec': 'hevc', 'master_url': 'http://sns-video-qc.xhscdn.com/stream/79/110/114/01e98b27be45ce804f0370019c47945538_114.mp4?sign=ee4e9cb84d5a27946673c9f70a3a5782&t=69a77e1c', 'video_duration': 6066, 'audio_duration': 6083, 'stream_type': 114, 'volume': 0, 'stream_desc': 'X265_MP4_WEB_114', 'format': 'mp4'}, {'weight': 70, 'quality_type': 'HD', 'size': 579946, 'video_codec': 'hevc', 'psnr': 51.3489990234375, 'default_stream': 0, 'audio_bitrate': 128457, 'stream_type': 108, 'avg_bitrate': 759464, 'volume': 0, 'audio_codec': 'aac', 'audio_channels': 2, 'fps': 30, 'video_duration': 6066, 'backup_urls': ['http://sns-bak-v6.xhscdn.com/stream/1/110/108/01e98b27be45ce80010370019c47d1b5a1_108.mp4'], 'format': 'mp4', 'width': 1440, 'master_url': 'http://sns-video-qc.xhscdn.com/stream/1/110/108/01e98b27be45ce80010370019c47d1b5a1_108.mp4?sign=a502c55f29587683b8568a7a64d7e021&t=69a77e1c', 'stream_desc': 'X265_MP4_WEB_108', 'rotate': 0, 'audio_duration': 6108, 'vmaf': -1, 'ssim': 0, 'video_bitrate': 626690, 'hdr_type': 0, 'height': 2560, 'duration': 6109}, {'height': 1920, 'volume': 0, 'video_codec': 'hevc', 'audio_bitrate': 130931, 'audio_channels': 2, 'rotate': 0, 'stream_type': 115, 'default_stream': 0, 'format': 'mp4', 'duration': 6084, 'size': 365139, 'fps': 30, 'width': 1080, 'avg_bitrate': 480130, 'backup_urls': ['http://sns-bak-v6.xhscdn.com/stream/1/110/115/01e98b27be45ce80010370019c479471dc_115.mp4'], 'vmaf': -1, 'stream_desc': 'X265_MP4_WEB_115', 'audio_duration': 6083, 'psnr': 47.29499816894531, 'ssim': 0, 'audio_codec': 'aac', 'video_bitrate': 341414, 'master_url': 'http://sns-video-qc.xhscdn.com/stream/1/110/115/01e98b27be45ce80010370019c479471dc_115.mp4?sign=bae6516822336256bd8cd4ad43974e17&t=69a77e1c', 'weight': 70, 'quality_type': 'HD', 'hdr_type': 0, 'video_duration': 6066}]}}, 'image': {'thumbnail_fileid': 'frame/110/0/01e98b27be45ce800010000000019c4794383f_0.webp'}, 'capa': {'duration': 6}}, 'share_info': {'un_share': False}, 'xsec_token': 'ABe3rRIYXCnMxPV-o5wyijZED-LqV-AxAIYMulCSpLi_A=', 'xsec_source': None}, {'desc': '', 'user': {'user_id': '633ba6fb000000001802bc1a', 'nickname': '车马点兵', 'avatar': 'https://sns-avatar-qc.xhscdn.com/avatar/1040g2jo31hcnpp143q605oprkrtm5f0q5u1s768', 'xsec_token': 'ABCgNHtOnTVJnASf8eHJBN_BDuuHZ-ZKeuXGtx9z6_gLY='}, 'interact_info': {'comment_count': '', 'share_count': '1', 'followed': False, 'relation': 'none', 'liked': False, 'liked_count': '30', 'collected': False, 'collected_count': '3'}, 'video': {'media': {'video_id': 137458794193898006, 'video': {'biz_id': '281573982388631792', 'duration': 169, 'md5': '54480482acb3f4417315a2ff6d9aa336', 'hdr_type': 0, 'drm_type': 0, 'stream_types': [259, 114, 130], 'biz_name': 110}, 'stream': {'h265': [{'audio_bitrate': 128088, 'size': 9979647, 'video_codec': 'hevc', 'default_stream': 0, 'format': 'mp4', 'avg_bitrate': 474441, 'audio_channels': 2, 'weight': 62, 'rotate': 0, 'ssim': 0, 'audio_codec': 'aac', 'master_url': 'http://sns-video-qc.xhscdn.com/stream/79/110/114/01e85a0b872e4a164f037001979fbff907_114.mp4?sign=4346ccd07c885efa2e12268e2ad28e29&t=69a77e20', 'stream_type': 114, 'duration': 168276, 'video_bitrate': 339790, 'vmaf': -1, 'stream_desc': 'X265_MP4_WEB_114', 'volume': 0, 'backup_urls': ['http://sns-bak-v6.xhscdn.com/stream/79/110/114/01e85a0b872e4a164f037001979fbff907_114.mp4'], 'quality_type': 'HD', 'width': 1280, 'height': 720, 'audio_duration': 168275, 'psnr': 44.19200134277344, 'fps': 30, 'video_duration': 168233, 'hdr_type': 0}, {'width': 1920, 'audio_duration': 168275, 'hdr_type': 0, 'video_duration': 168233, 'audio_channels': 2, 'master_url': 'http://sns-video-qc.xhscdn.com/stream/1/110/130/01e85a0b872e4a160103700197a32c8833_130.mp4?sign=2323aea49bded760fa098015f2e761e4&t=69a77e20', 'ssim': 0, 'weight': 70, 'stream_type': 130, 'duration': 168276, 'backup_urls': ['http://sns-bak-v6.xhscdn.com/stream/1/110/130/01e85a0b872e4a160103700197a32c8833_130.mp4'], 'audio_codec': 'aac', 'volume': 0, 'fps': 30, 'video_bitrate': 402143, 'rotate': 0, 'quality_type': 'HD', 'video_codec': 'hevc', 'stream_desc': 'X265_MP4_WEB_130', 'default_stream': 0, 'format': 'mp4', 'height': 1080, 'size': 11334285, 'avg_bitrate': 538842, 'audio_bitrate': 128039, 'vmaf': -1, 'psnr': 43.66600036621094}], 'h266': [], 'av1': [], 'h264': [{'video_duration': 168233, 'audio_duration': 168275, 'hdr_type': 0, 'stream_desc': 'WM_X264_MP4_web', 'duration': 168276, 'quality_type': 'HD', 'ssim': 0, 'format': 'mp4', 'height': 720, 'audio_channels': 2, 'rotate': 0, 'size': 13398609, 'video_codec': 'h264', 'video_bitrate': 566558, 'audio_codec': 'aac', 'weight': 62, 'default_stream': 0, 'vmaf': -1, 'psnr': 0, 'stream_type': 259, 'avg_bitrate': 636982, 'fps': 30, 'master_url': 'http://sns-video-qc.xhscdn.com/stream/79/110/259/01e85a0b872e4a1601037003979fbdf4b3_259.mp4?sign=4a7466bb893fdc21486e8e03e5a35f9f&t=69a77e20', 'backup_urls': ['http://sns-bak-v6.xhscdn.com/stream/79/110/259/01e85a0b872e4a1601037003979fbdf4b3_259.mp4'], 'width': 1280, 'volume': 0, 'audio_bitrate': 64047}]}}, 'image': {'thumbnail_fileid': '110/0/01e85a0b872e4a16001000000001979fbd655b_0.webp'}, 'capa': {'duration': 168}}, 'tag_list': [], 'type': 'video', 'title': '美玩大了，伊朗导弹袭击美驻卡塔尔空军基地', 'image_list': [{'url': 'http://sns-webpic-qc.xhscdn.com/202602282034/ace4b022da037f336024d56be1dc4436/spectrum/1040g34o31j3k4o5s1i005oprkrtm5f0qblb90vg!nd_dft_wgth_webp_3', 'url_pre': 'http://sns-webpic-qc.xhscdn.com/202602282034/515265ed60626c01f47cd562c89d3fd1/spectrum/1040g34o31j3k4o5s1i005oprkrtm5f0qblb90vg!nd_prv_wgth_webp_3', 'url_default': 'http://sns-webpic-qc.xhscdn.com/202602282034/ace4b022da037f336024d56be1dc4436/spectrum/1040g34o31j3k4o5s1i005oprkrtm5f0qblb90vg!nd_dft_wgth_webp_3', 'file_id': '', 'width': 1348, 'info_list': [{'image_scene': 'WB_PRV', 'url': 'http://sns-webpic-qc.xhscdn.com/202602282034/515265ed60626c01f47cd562c89d3fd1/spectrum/1040g34o31j3k4o5s1i005oprkrtm5f0qblb90vg!nd_prv_wgth_webp_3'}, {'url': 'http://sns-webpic-qc.xhscdn.com/202602282034/ace4b022da037f336024d56be1dc4436/spectrum/1040g34o31j3k4o5s1i005oprkrtm5f0qblb90vg!nd_dft_wgth_webp_3', 'image_scene': 'WB_DFT'}], 'stream': {}, 'live_photo': False, 'height': 1011, 'trace_id': ''}], 'at_user_list': [], 'time': 1750731662000, 'last_update_time': 1750731662000, 'share_info': {'un_share': False}, 'note_id': '685a0b8e00000000110038f0', 'xsec_token': 'AB8a4KMvvcFJKBrwkSBlf4mWjZ7IzPVyuEaC8ELf03BbQ=', 'xsec_source': None}, {'share_info': {'un_share': False}, 'note_id': '6859fe19000000002400e0c9', 'title': '伊朗袭击美军驻卡塔尔基地导弹无一命中', 'user': {'user_id': '5f2188e7000000000100021c', 'nickname': 'Waiting Today', 'avatar': 'https://sns-avatar-qc.xhscdn.com/avatar/1040g2jo31of541ikmge05np1h3jg80gsbhnrq6g', 'xsec_token': 'AB_So36tySDZJUG7SCxSDU6FqTyjgjmZvDXWCAHB-NgN8='}, 'interact_info': {'liked_count': '23', 'collected': False, 'collected_count': '6', 'comment_count': '1', 'share_count': '2', 'followed': False, 'relation': 'none', 'liked': False}, 'video': {'media': {'stream': {'av1': [], 'h264': [{'stream_type': 259, 'duration': 45046, 'video_codec': 'h264', 'video_duration': 45033, 'hdr_type': 0, 'quality_type': 'HD', 'audio_bitrate': 64200, 'default_stream': 0, 'avg_bitrate': 656616, 'audio_channels': 2, 'vmaf': -1, 'height': 1280, 'audio_duration': 45045, 'rotate': 0, 'backup_urls': ['http://sns-bak-v6.xhscdn.com/stream/79/110/259/01e859fe044930ad01037003979f88d7b3_259.mp4'], 'video_bitrate': 585935, 'psnr': 0, 'fps': 30, 'format': 'mp4', 'width': 720, 'volume': 0, 'audio_codec': 'aac', 'master_url': 'http://sns-video-qc.xhscdn.com/stream/79/110/259/01e859fe044930ad01037003979f88d7b3_259.mp4?sign=b6783fdee92ed368a0a6313ecdaedb7e&t=69a77e25', 'ssim': 0, 'stream_desc': 'WM_X264_MP4_web', 'size': 3697246, 'weight': 62}], 'h265': [{'fps': 30, 'video_codec': 'hevc', 'video_bitrate': 282463, 'audio_duration': 45045, 'ssim': 0, 'format': 'mp4', 'height': 1280, 'video_duration': 45033, 'vmaf': -1, 'volume': 0, 'master_url': 'http://sns-video-qc.xhscdn.com/stream/79/110/114/01e859fe044930ad4f037001979f895a40_114.mp4?sign=c49d1b0165e3afd83cebf592db25f403&t=69a77e25', 'backup_urls': ['http://sns-bak-v6.xhscdn.com/stream/79/110/114/01e859fe044930ad4f037001979f895a40_114.mp4'], 'psnr': 44.54899978637695, 'stream_type': 114, 'default_stream': 0, 'size': 2351658, 'audio_channels': 2, 'hdr_type': 0, 'weight': 62, 'width': 720, 'avg_bitrate': 417645, 'audio_bitrate': 128400, 'stream_desc': 'X265_MP4_WEB_114', 'audio_codec': 'aac', 'rotate': 0, 'duration': 45046, 'quality_type': 'HD'}, {'default_stream': 0, 'format': 'mp4', 'avg_bitrate': 426593, 'vmaf': -1, 'duration': 45046, 'fps': 30, 'audio_bitrate': 126185, 'stream_type': 130, 'ssim': 0, 'audio_codec': 'aac', 'rotate': 0, 'hdr_type': 0, 'video_duration': 45033, 'audio_duration': 45045, 'master_url': 'http://sns-video-qc.xhscdn.com/stream/1/110/130/01e859fe044930ad0103700197a1810570_130.mp4?sign=e7ee7c2ad1b1181076bfc2f999b7a577&t=69a77e25', 'height': 1920, 'volume': 0, 'video_codec': 'hevc', 'backup_urls': ['http://sns-bak-v6.xhscdn.com/stream/1/110/130/01e859fe044930ad0103700197a1810570_130.mp4'], 'psnr': 43.31399917602539, 'video_bitrate': 291525, 'audio_channels': 2, 'weight': 70, 'quality_type': 'HD', 'stream_desc': 'X265_MP4_WEB_130', 'width': 1080, 'size': 2402042}], 'h266': []}, 'video_id': 137458736163270829, 'video': {'stream_types': [259, 114, 130], 'biz_name': 110, 'biz_id': '281573924596146377', 'duration': 46, 'md5': 'b1eac50b71c630daa37f6ae8ac2db0b0', 'hdr_type': 0, 'drm_type': 0}}, 'image': {'first_frame_fileid': '110/0/01e859fe044930ad001000000001979f88999c_0.jpg', 'thumbnail_fileid': '110/0/01e859fe044930ad001000000001979f88a728_0.webp'}, 'capa': {'duration': 45}}, 'tag_list': [{'type': 'topic', 'id': '5d579599000000000103d9ff', 'name': '特朗普'}, {'id': '54c51dcab4c4d60cc34164dc', 'name': '伊朗', 'type': 'topic'}, {'id': '5c135ca55237920001e698cc', 'name': '卡塔尔', 'type': 'topic'}, {'id': '5bf04e6951875e00012e3dc2', 'name': '以色列', 'type': 'topic'}], 'at_user_list': [], 'type': 'video', 'desc': '#特朗普[话题]# #伊朗[话题]# #卡塔尔[话题]# #以色列[话题]#', 'image_list': [{'url': 'http://sns-webpic-qc.xhscdn.com/202602282034/20ead5966f085fa404920e7339c62956/1040g00831j3igd2v1e005np1h3jg80gsrkclb70!nd_dft_wlteh_webp_3', 'trace_id': '', 'url_default': 'http://sns-webpic-qc.xhscdn.com/202602282034/20ead5966f085fa404920e7339c62956/1040g00831j3igd2v1e005np1h3jg80gsrkclb70!nd_dft_wlteh_webp_3', 'live_photo': False, 'height': 1440, 'width': 1080, 'url_pre': 'http://sns-webpic-qc.xhscdn.com/202602282034/329e6072b70aaac5e503cacd9ac93d8d/1040g00831j3igd2v1e005np1h3jg80gsrkclb70!nd_prv_wlteh_webp_3', 'stream': {}, 'file_id': '', 'info_list': [{'image_scene': 'WB_PRV', 'url': 'http://sns-webpic-qc.xhscdn.com/202602282034/329e6072b70aaac5e503cacd9ac93d8d/1040g00831j3igd2v1e005np1h3jg80gsrkclb70!nd_prv_wlteh_webp_3'}, {'image_scene': 'WB_DFT', 'url': 'http://sns-webpic-qc.xhscdn.com/202602282034/20ead5966f085fa404920e7339c62956/1040g00831j3igd2v1e005np1h3jg80gsrkclb70!nd_dft_wlteh_webp_3'}]}], 'time': 1750728217000, 'last_update_time': 1750728218000, 'xsec_token': 'ABw2q2h-R17LbcR1_-p0JgtDcV5-jruccM2yNa928ILAk=', 'xsec_source': None}, {'note_id': '69a2b421000000001b01cfc1', 'title': '伊朗军队对美国中东地区军事基地实施打击', 'desc': '财联社2月28日电，伊朗方面消息称，28日，伊朗军队正在对美国在中东地区的军事基地实施打击。 (央视新闻)\n\t\n据沙特阿拉比亚电视台报道，位于巴林的美国第五舰队服务中心2月28日遭到导弹袭击。 (新华社)\n#国际新闻[话题]# #伊朗[话题]#', 'tag_list': [{'id': '5f1f803d00000000010026fb', 'name': '国际新闻', 'type': 'topic'}, {'id': '54c51dcab4c4d60cc34164dc', 'name': '伊朗', 'type': 'topic'}], 'ip_location': '上海', 'last_update_time': 1772270625000, 'share_info': {'un_share': False}, 'type': 'normal', 'user': {'user_id': '63009005000000000f004b6e', 'nickname': '财联社', 'avatar': 'https://sns-avatar-qc.xhscdn.com/avatar/67481414ee8c550bc893f590.jpg', 'xsec_token': 'ABYWe-j2njmaeqN8rd862BWh-GcEMSBonEwtFocqg57p4='}, 'interact_info': {'followed': False, 'relation': 'none', 'liked': False, 'liked_count': '438', 'collected': False, 'collected_count': '45', 'comment_count': '192', 'share_count': '512'}, 'image_list': [{'url_default': 'http://sns-webpic-qc.xhscdn.com/202602282034/cd3836af6e1f3d6a4b21fa17f1c41c9d/spectrum/1040g34o31t4ilphb5e2g5oo0i02joire1qb9920!nd_dft_wlteh_webp_3', 'stream': {}, 'live_photo': False, 'height': 768, 'url': 'http://sns-webpic-qc.xhscdn.com/202602282034/cd3836af6e1f3d6a4b21fa17f1c41c9d/spectrum/1040g34o31t4ilphb5e2g5oo0i02joire1qb9920!nd_dft_wlteh_webp_3', 'info_list': [{'image_scene': 'WB_PRV', 'url': 'http://sns-webpic-qc.xhscdn.com/202602282034/bb7e71958c7cec307c48e2b95bd33181/spectrum/1040g34o31t4ilphb5e2g5oo0i02joire1qb9920!nd_prv_wlteh_webp_3'}, {'image_scene': 'WB_DFT', 'url': 'http://sns-webpic-qc.xhscdn.com/202602282034/cd3836af6e1f3d6a4b21fa17f1c41c9d/spectrum/1040g34o31t4ilphb5e2g5oo0i02joire1qb9920!nd_dft_wlteh_webp_3'}], 'url_pre': 'http://sns-webpic-qc.xhscdn.com/202602282034/bb7e71958c7cec307c48e2b95bd33181/spectrum/1040g34o31t4ilphb5e2g5oo0i02joire1qb9920!nd_prv_wlteh_webp_3', 'file_id': '', 'width': 748, 'trace_id': ''}, {'height': 760, 'info_list': [{'image_scene': 'WB_PRV', 'url': 'http://sns-webpic-qc.xhscdn.com/202602282034/453348a33f1e2a5d592a826ed2a0c772/spectrum/1040g34o31t4ilphb5e205oo0i02joireq9t73ho!nd_prv_wlteh_webp_3'}, {'image_scene': 'WB_DFT', 'url': 'http://sns-webpic-qc.xhscdn.com/202602282034/7d3cee259d4c05a54f46696b28773a59/spectrum/1040g34o31t4ilphb5e205oo0i02joireq9t73ho!nd_dft_wlteh_webp_3'}], 'url_default': 'http://sns-webpic-qc.xhscdn.com/202602282034/7d3cee259d4c05a54f46696b28773a59/spectrum/1040g34o31t4ilphb5e205oo0i02joireq9t73ho!nd_dft_wlteh_webp_3', 'file_id': '', 'width': 748, 'url': 'http://sns-webpic-qc.xhscdn.com/202602282034/7d3cee259d4c05a54f46696b28773a59/spectrum/1040g34o31t4ilphb5e205oo0i02joireq9t73ho!nd_dft_wlteh_webp_3', 'trace_id': '', 'url_pre': 'http://sns-webpic-qc.xhscdn.com/202602282034/453348a33f1e2a5d592a826ed2a0c772/spectrum/1040g34o31t4ilphb5e205oo0i02joireq9t73ho!nd_prv_wlteh_webp_3', 'stream': {}, 'live_photo': False}], 'at_user_list': [], 'time': 1772270625000, 'xsec_token': 'ABb2yDVE0HIAvhldchyxQHBpfCxQW8u9NRF6FTa8YMEmI=', 'xsec_source': None}, {'image_list': [{'trace_id': '', 'info_list': [{'image_scene': 'WB_PRV', 'url': 'http://sns-webpic-qc.xhscdn.com/202602282034/858cecefde677b51b9452c1903e06290/1040g00831laps5c35i605q2rpv0ms2fe8br2ino!nd_prv_wlteh_webp_3'}, {'image_scene': 'WB_DFT', 'url': 'http://sns-webpic-qc.xhscdn.com/202602282034/0a7fe40dca56f8746235d778ca8b024b/1040g00831laps5c35i605q2rpv0ms2fe8br2ino!nd_dft_wlteh_webp_3'}], 'url_pre': 'http://sns-webpic-qc.xhscdn.com/202602282034/858cecefde677b51b9452c1903e06290/1040g00831laps5c35i605q2rpv0ms2fe8br2ino!nd_prv_wlteh_webp_3', 'url_default': 'http://sns-webpic-qc.xhscdn.com/202602282034/0a7fe40dca56f8746235d778ca8b024b/1040g00831laps5c35i605q2rpv0ms2fe8br2ino!nd_dft_wlteh_webp_3', 'live_photo': False, 'file_id': '', 'height': 1920, 'width': 1080, 'url': 'http://sns-webpic-qc.xhscdn.com/202602282034/0a7fe40dca56f8746235d778ca8b024b/1040g00831laps5c35i605q2rpv0ms2fe8br2ino!nd_dft_wlteh_webp_3', 'stream': {}}], 'tag_list': [], 'last_update_time': 1755508492000, 'share_info': {'un_share': False}, 'note_id': '68a2ef0b000000001d025489', 'type': 'video', 'title': '千寻视界说国际', 'desc': '伊朗高层警示：与美以冲突阴影笼罩中东，未来局势扑朔迷离\n2025年8月，中东局势再度紧绷。伊朗高层近期释放悲观信号，直言与美国、以色列的冲突风险持续攀升，甚至暗示新一轮军事对抗可能随时爆发。这场牵动全球神经的地缘博弈，正将中东推向未知的深渊。\n冲突阴影：从“警告”到“备战”的升级\n近期，伊朗国防部长纳西尔扎德公开表示，若核谈判彻底破裂，伊朗将“毫不犹豫”打击美国在中东的军事基地。这一表态并非空穴来风——6月那场持续12天的冲突中，以色列空袭造成伊朗56名士兵阵亡、627名平民伤亡，而伊朗的反击也导致以色列军事基地和能源设施受损。尽管双方最终停火，但伊朗国内对局势的评估愈发严峻。\n伊朗军方分析指出，以色列的“割草战术”正试图通过周期性打击削弱伊朗的导弹生产和防空能力。而美国虽未全面参战，但B-2轰炸机对伊朗核设施的袭击、萨德拦截系统的介入，已实质性卷入冲突。更令伊朗警惕的是，美国正从中东撤离非必要人员，这一动作被解读为“为更大规模冲突做准备”。\n伊朗的困境：在“报复”与“克制”间走钢丝\n面对美以联盟的军事压力，伊朗的应对策略充满矛盾。一方面，伊朗展示强硬姿态：成功试射2吨弹头导弹、全国动员60万人进入战备状态、在霍尔木兹海峡举行高强度军演；另一方面，伊朗又试图通过外交手段缓和局势，提出以“加沙停火”为条件重启核谈判。\n然而，伊朗的困境显而易见。长期制裁导致经济萎缩，社会矛盾积聚，而军事对抗的代价更是难以承受。6月冲突后，伊朗导弹库存虽仍保有1000至1500枚，但防空系统损失超80%，以色列则宣称已摧毁伊朗90%的铀浓缩能力。若冲突再起，伊朗能否承受第二轮打击？\n全球视角：冲突外溢风险加剧\n这场博弈的影响早已超出中东。若伊朗封锁霍尔木兹海峡，全球油价可能飙升至每桶200美元以上，引发能源危机；而美伊全面开战，则可能将海湾阿拉伯国家卷入，甚至触发俄罗斯的介入。国际社会对此高度担忧，中国主张通过联合国框架推动多边解决机制，欧盟则试图重启2015年伊核协议。\n但目前，调解努力收效甚微。伊朗拒绝与美国恢复谈判，以色列则制定新行动计划，誓言“定期打击伊朗威胁”。在这场充满不确定性的博弈中，唯一确定的是：中东的和平之窗正在关闭，而全球都在屏息等待下一声枪响。\n当伊朗的导弹与以色列的战机再次对峙，当美国的航母与伊朗的快艇在波斯湾狭路相逢，这场冲突的结局，或许将重新定义21世纪的地缘政治格局。', 'user': {'nickname': '老大哥689C3069', 'avatar': 'https://sns-avatar-qc.xhscdn.com/avatar/1040g2jo31l3aold42o505q2rpv0ms2fe15ig308', 'xsec_token': 'ABY-QW7YPLtYpgdtS6ciimvPo-3pKx3dfki6P94AqSl3o=', 'user_id': '685bcfc1000000001b0209ee'}, 'interact_info': {'relation': 'none', 'liked': False, 'liked_count': '20', 'collected': False, 'collected_count': '1', 'comment_count': '', 'share_count': '2', 'followed': False}, 'video': {'image': {'thumbnail_fileid': 'frame/110/0/01e8a2ef06b87d0f00100000000198bc761610_0.webp'}, 'capa': {'duration': 108}, 'media': {'stream': {'h264': [{'video_bitrate': 338322, 'master_url': 'http://sns-video-qc.xhscdn.com/stream/1/110/259/01e8a2ef06b87d0f0103700398bc76839e_259.mp4?sign=0ddc845e6bf6aa483094b655d480af03&t=69a77e2d', 'default_stream': 0, 'avg_bitrate': 411049, 'audio_duration': 108901, 'audio_channels': 2, 'psnr': 0, 'stream_type': 259, 'size': 5595511, 'audio_codec': 'aac', 'hdr_type': 0, 'stream_desc': 'WM_X264_MP4_web', 'volume': 0, 'fps': 60, 'video_codec': 'h264', 'ssim': 0, 'format': 'mp4', 'duration': 108902, 'video_duration': 108883, 'vmaf': -1, 'quality_type': 'HD', 'height': 1280, 'rotate': 0, 'audio_bitrate': 64081, 'backup_urls': ['http://sns-bak-v6.xhscdn.com/stream/1/110/259/01e8a2ef06b87d0f0103700398bc76839e_259.mp4'], 'weight': 62, 'width': 720}], 'h265': [{'default_stream': 0, 'video_bitrate': 347959, 'audio_bitrate': 128163, 'backup_urls': ['http://sns-bak-v6.xhscdn.com/stream/1/110/114/01e8a2ef06b87d0f0103700198bc791694_114.mp4'], 'quality_type': 'HD', 'stream_type': 114, 'duration': 108902, 'video_duration': 108883, 'psnr': 44.81999969482422, 'format': 'mp4', 'fps': 60, 'stream_desc': 'X265_MP4_WEB_114', 'video_codec': 'hevc', 'ssim': 0, 'hdr_type': 0, 'width': 720, 'height': 1280, 'audio_channels': 2, 'rotate': 0, 'audio_duration': 108901, 'master_url': 'http://sns-video-qc.xhscdn.com/stream/1/110/114/01e8a2ef06b87d0f0103700198bc791694_114.mp4?sign=b420e39a8c48444f6008c731df91d865&t=69a77e2d', 'size': 6600679, 'volume': 0, 'avg_bitrate': 484889, 'audio_codec': 'aac', 'vmaf': -1, 'weight': 62}, {'volume': 0, 'audio_channels': 2, 'width': 1080, 'duration': 108902, 'video_codec': 'hevc', 'audio_codec': 'aac', 'rotate': 0, 'avg_bitrate': 675777, 'format': 'mp4', 'height': 1920, 'quality_type': 'HD', 'size': 9199192, 'video_duration': 108883, 'hdr_type': 0, 'psnr': 45.887001037597656, 'default_stream': 0, 'master_url': 'http://sns-video-qc.xhscdn.com/stream/1/110/115/01e8a2ef06b87d0f0103700198bc79db3d_115.mp4?sign=84309d587cbafac09edd0ffbefa3ee42&t=69a77e2d', 'audio_bitrate': 128163, 'audio_duration': 108901, 'backup_urls': ['http://sns-bak-v6.xhscdn.com/stream/1/110/115/01e8a2ef06b87d0f0103700198bc79db3d_115.mp4'], 'stream_type': 115, 'vmaf': -1, 'fps': 60, 'video_bitrate': 538880, 'ssim': 0, 'weight': 70, 'stream_desc': 'X265_MP4_WEB_115'}], 'h266': [], 'av1': []}, 'video_id': 137538936128437519, 'video': {'stream_types': [259, 114, 115], 'biz_name': 110, 'biz_id': '281654124283843721', 'duration': 109, 'md5': 'da04af3a2cf5e3b603659fe85a10b035', 'hdr_type': 0, 'drm_type': 0}}}, 'at_user_list': [], 'time': 1755508491000, 'xsec_token': 'AB8MMrO2WpsT8ntUk7dir0lJm5L7I8eDMvPgmf5hrrpAM=', 'xsec_source': None}, {'title': '离谱！伊朗袭击美军事基地前竟事前通知？', 'desc': '在美方发出伊朗将要对中东美军军事基地报复性袭击后的几小时，伊朗果然动手了！\n据卡塔尔军方消息称，伊朗对乌代德空军基地发射了两轮共19枚导弹，其中18枚被拦截，一枚击中，但是袭击之前，该空军基地已疏散完毕。据特朗普公开讲话显示，事前伊朗提前通知！\n不得不说，真心看不懂伊朗这迷之操作：不仅提前提前通知，事后继续寄希望于谈判！怎么说呢？不打不好吗？非要打的吗？不得不说伊朗到现在依旧还在奢望着敌人的高抬贵手！当然，有人会说伊朗这是在避免美国下场，甚至挫败以色列的阴谋。但是实际上呢？以色列难道不是正看到伊朗对美软弱，才肆无忌惮的攻击伊朗的吗？\n本来老美的一只脚已经踏入泥坑了，伊朗可倒好，怕老美陷进去，还亲自给人家拔出来。这是准备反以不反美了？只能说伊朗还是那个伊朗，自身定位错乱又想做大事而惜身!最终结果大概就是姥姥不疼舅舅不爱！四战之地还想左右逢源？\ufeff#热点[话题]#\ufeff \ufeff#财经[话题]#\ufeff \ufeff#中东局势[话题]#\ufeff \ufeff#美国[话题]#\ufeff \ufeff#伊朗[话题]#\ufeff \ufeff#黄金[话题]#\ufeff \ufeff#原油[话题]#\ufeff \ufeff#股票[话题]#\ufeff \ufeff#经济[话题]#\ufeff \ufeff#投资[话题]#\ufeff', 'at_user_list': [], 'time': 1750716512000, 'share_info': {'un_share': False}, 'note_id': '6859d06000000000170343bd', 'type': 'normal', 'user': {'nickname': '司空说', 'avatar': 'https://sns-avatar-qc.xhscdn.com/avatar/6557e0e70226271fc008b8ca.jpg', 'xsec_token': 'AB5PWTgHu7tbg9C3i-ewG_MzNhRGc6CHlrNIIZjoRKBL4=', 'user_id': '62b4d40a000000001b026d2e'}, 'interact_info': {'liked': False, 'liked_count': '15', 'collected': False, 'collected_count': '', 'comment_count': '15', 'share_count': '1', 'followed': False, 'relation': 'none'}, 'image_list': [{'width': 1280, 'url': 'http://sns-webpic-qc.xhscdn.com/202602282034/413b00089e476922440a54ee06680ea7/spectrum/1040g0k031j3cms8c0u005olkqg56sr9e0kokk68!nd_dft_wlteh_webp_3', 'url_default': 'http://sns-webpic-qc.xhscdn.com/202602282034/413b00089e476922440a54ee06680ea7/spectrum/1040g0k031j3cms8c0u005olkqg56sr9e0kokk68!nd_dft_wlteh_webp_3', 'stream': {}, 'url_pre': 'http://sns-webpic-qc.xhscdn.com/202602282034/e19360bb75bec454f5cc01c25872deec/spectrum/1040g0k031j3cms8c0u005olkqg56sr9e0kokk68!nd_prv_wlteh_webp_3', 'live_photo': False, 'file_id': '', 'height': 1280, 'trace_id': '', 'info_list': [{'image_scene': 'WB_PRV', 'url': 'http://sns-webpic-qc.xhscdn.com/202602282034/e19360bb75bec454f5cc01c25872deec/spectrum/1040g0k031j3cms8c0u005olkqg56sr9e0kokk68!nd_prv_wlteh_webp_3'}, {'image_scene': 'WB_DFT', 'url': 'http://sns-webpic-qc.xhscdn.com/202602282034/413b00089e476922440a54ee06680ea7/spectrum/1040g0k031j3cms8c0u005olkqg56sr9e0kokk68!nd_dft_wlteh_webp_3'}]}, {'url': 'http://sns-webpic-qc.xhscdn.com/202602282034/54eae95a4c5054facfc3b81de5d2d837/spectrum/1040g0k031j3cncil0s005olkqg56sr9eo8fbe98!nd_dft_wlteh_webp_3', 'trace_id': '', 'info_list': [{'image_scene': 'WB_PRV', 'url': 'http://sns-webpic-qc.xhscdn.com/202602282034/d3cbc5c60149b99c4ac9605edddbee10/spectrum/1040g0k031j3cncil0s005olkqg56sr9eo8fbe98!nd_prv_wlteh_webp_3'}, {'url': 'http://sns-webpic-qc.xhscdn.com/202602282034/54eae95a4c5054facfc3b81de5d2d837/spectrum/1040g0k031j3cncil0s005olkqg56sr9eo8fbe98!nd_dft_wlteh_webp_3', 'image_scene': 'WB_DFT'}], 'url_pre': 'http://sns-webpic-qc.xhscdn.com/202602282034/d3cbc5c60149b99c4ac9605edddbee10/spectrum/1040g0k031j3cncil0s005olkqg56sr9eo8fbe98!nd_prv_wlteh_webp_3', 'stream': {}, 'height': 1584, 'width': 1139, 'live_photo': False, 'file_id': '', 'url_default': 'http://sns-webpic-qc.xhscdn.com/202602282034/54eae95a4c5054facfc3b81de5d2d837/spectrum/1040g0k031j3cncil0s005olkqg56sr9eo8fbe98!nd_dft_wlteh_webp_3'}], 'tag_list': [{'id': '5c46829d000000000e009c0a', 'name': '热点', 'type': 'topic'}, {'name': '财经', 'type': 'topic', 'id': '5e6a3cd10000000001007753'}, {'id': '643bea57000000002e01f5b0', 'name': '中东局势', 'type': 'topic'}, {'type': 'topic', 'id': '53e5d410b4c4d63afeb3bc54', 'name': '美国'}, {'id': '54c51dcab4c4d60cc34164dc', 'name': '伊朗', 'type': 'topic'}, {'id': '542ca689d6e4a937fe77b277', 'name': '黄金', 'type': 'topic'}, {'id': '5beb0143f852e300011f3d91', 'name': '原油', 'type': 'topic'}, {'id': '5be1567874881c000175af46', 'name': '股票', 'type': 'topic'}, {'id': '5be5ec2d1109950001e7c78c', 'name': '经济', 'type': 'topic'}, {'type': 'topic', 'id': '5be3d93765a68000012604f3', 'name': '投资'}], 'last_update_time': 1750716513000, 'xsec_token': 'ABw2q2h-R17LbcR1_-p0JgtGcr2d3zC4uakYtxizwidhY=', 'xsec_source': None}, {'at_user_list': [], 'last_update_time': 1770560797000, 'desc': '【伊朗的“精准报复”逻辑：不打本土打基地，是务实还是无奈？】\n\t\n伊朗外长最新表态信息量很大：“若美国打我，我只打美军基地，不动美国本土和邻国。” 这看似强硬，实则藏着精密的博弈计算。\n\t\n1. 为什么“只打基地”？\n伊朗坦承：技术够不着美国本土。但中东35个美军基地全在射程内。这反而成了“精准威慑”——既展示反击能力，又避免局势失控为全面战争，甚至特意强调“不侵犯邻国主权”，是在争取地区国家不站队。\n\t\n2. 两条绝不能退的底线\n谈判桌上，伊朗咬死两点：\n✅ 不放弃铀浓缩（顶多降浓度）；\n✅ 导弹能力不谈判（视作“生存盾牌”）。\n说白了，核与导弹是伊朗政权安全的终极筹码，不可能松手。\n\t\n3. 实战案例暴露的博弈思维\n2025年美军空袭伊朗核设施后，伊朗用同等数量导弹回击卡塔尔的美军指挥中心——“对等报复、提前通知、减少伤亡”。\n这根本不是“拼命”，而是在用可控打击传递信号：“我有能力让你痛，但留了谈判退路。”\n\t\n4. 真正的风险在哪？\n眼下美伊陷入典型的“胆小鬼博弈”：\n\t\n· 伊朗高调备战，用导弹、无人机、封锁海峡警告美国“动手代价很高”；\n· 美国一边谈一边增兵，想靠武力威慑逼伊朗让步。\n双方看似强硬，其实都在避免全面开战。\n但最大的雷是以色列——内塔尼亚胡政府若单独行动，可能瞬间引爆连锁反应。\n\t\n5. 我的观察\n伊朗这套“有限报复”策略，本质是以威慑换生存空间。它不怕小规模冲突，甚至需要通过可控对抗来证明自己的威慑可信度。\n而美国在中东的困境在于：打赢局部战争不难，难的是承受油价飙涨、盟友卷入、全球谴责的长期代价。\n眼下最危险的，不是哪方突然掀桌，而是边境摩擦或代理武装“走火”——意外往往比计划更致命。\n\t\n#伊朗划定报复红线##美军中东基地成靶子##胆小鬼博弈再升级#\n\t\n（注：文中军事数据综合自国际防务机构报告与媒体公开信息，局势分析基于多位地区问题学者观点整合。）', 'video': {'media': {'video_id': 137791471498032681, 'video': {'hdr_type': 0, 'drm_type': 0, 'stream_types': [259, 114, 115], 'biz_name': 110, 'biz_id': '281906660056121539', 'duration': 37, 'md5': 'e539806357969d27da7210cd64cf3ad3'}, 'stream': {'av1': [], 'h264': [{'video_duration': 36366, 'format': 'mp4', 'volume': 0, 'stream_type': 259, 'master_url': 'http://sns-video-qc.xhscdn.com/stream/1/110/259/01e9889cffb7f629010370039c3da5fe34_259.mp4?sign=bdc1e96dc60b2e3b0f9c71f4863fd54d&t=69a77e34', 'ssim': 0, 'quality_type': 'HD', 'avg_bitrate': 821713, 'audio_duration': 36316, 'psnr': 0, 'audio_channels': 2, 'hdr_type': 0, 'weight': 62, 'fps': 30, 'video_codec': 'h264', 'audio_codec': 'aac', 'width': 720, 'height': 1280, 'size': 3735408, 'video_bitrate': 750716, 'audio_bitrate': 64256, 'rotate': 0, 'vmaf': -1, 'stream_desc': 'WM_X264_MP4_web', 'default_stream': 0, 'duration': 36367, 'backup_urls': ['http://sns-bak-v6.xhscdn.com/stream/1/110/259/01e9889cffb7f629010370039c3da5fe34_259.mp4']}], 'h265': [{'stream_type': 114, 'avg_bitrate': 684259, 'audio_codec': 'aac', 'weight': 62, 'size': 3110560, 'fps': 30, 'master_url': 'http://sns-video-qc.xhscdn.com/stream/1/110/114/01e9889cffb7f629010370019c3da64984_114.mp4?sign=43f46718d9661b07968f4a7f58431aab&t=69a77e34', 'hdr_type': 0, 'psnr': 42.37699890136719, 'quality_type': 'HD', 'volume': 0, 'video_bitrate': 549020, 'video_duration': 36366, 'rotate': 0, 'ssim': 0, 'audio_channels': 2, 'stream_desc': 'X265_MP4_WEB_114', 'width': 720, 'height': 1280, 'audio_bitrate': 128491, 'backup_urls': ['http://sns-bak-v6.xhscdn.com/stream/1/110/114/01e9889cffb7f629010370019c3da64984_114.mp4'], 'default_stream': 0, 'format': 'mp4', 'audio_duration': 36316, 'duration': 36367, 'video_codec': 'hevc', 'vmaf': -1}, {'weight': 70, 'quality_type': 'HD', 'duration': 36367, 'size': 4277675, 'video_duration': 36366, 'rotate': 0, 'vmaf': -1, 'stream_type': 115, 'master_url': 'http://sns-video-qc.xhscdn.com/stream/1/110/115/01e9889cffb7f629010370019c3da6632d_115.mp4?sign=d099a71d162fef30e552ccce66a191da&t=69a77e34', 'ssim': 0, 'default_stream': 0, 'audio_codec': 'aac', 'audio_channels': 2, 'backup_urls': ['http://sns-bak-v6.xhscdn.com/stream/1/110/115/01e9889cffb7f629010370019c3da6632d_115.mp4'], 'height': 1920, 'audio_bitrate': 128491, 'stream_desc': 'X265_MP4_WEB_115', 'width': 1080, 'avg_bitrate': 941001, 'video_bitrate': 805764, 'hdr_type': 0, 'psnr': 43.09700012207031, 'format': 'mp4', 'fps': 30, 'volume': 0, 'video_codec': 'hevc', 'audio_duration': 36316}], 'h266': []}}, 'image': {'thumbnail_fileid': 'frame/110/0/01e9889cffb7f6290010000000019c3da5d2ed_0.webp'}, 'capa': {'duration': 36}}, 'ip_location': '广东', 'type': 'video', 'interact_info': {'collected': False, 'collected_count': '', 'comment_count': '', 'share_count': '1', 'followed': False, 'relation': 'none', 'liked': False, 'liked_count': '9'}, 'time': 1770560796000, 'note_id': '69889d1c000000001d0240c3', 'user': {'user_id': '68b03f6c000000001900d0b5', 'nickname': '财点点', 'avatar': 'https://sns-avatar-qc.xhscdn.com/avatar/1040g2jo31m1g2pa6m86g5q5g7tm69k5looogmu8', 'xsec_token': 'ABOS4dqK-2cW1IwjXKRKg8n_NSumQ8oMf0dNQU6--Bits='}, 'image_list': [{'height': 1920, 'trace_id': '', 'info_list': [{'image_scene': 'WB_PRV', 'url': 'http://sns-webpic-qc.xhscdn.com/202602282035/eb00b31835aa4f69c41c4bfb6a33944e/1040g00831sb3d2adm2rg5q5g7tm69k5ll7ipa0g!nd_prv_wlteh_webp_3'}, {'image_scene': 'WB_DFT', 'url': 'http://sns-webpic-qc.xhscdn.com/202602282035/396ee11375cae1d5f4f3cfe745798272/1040g00831sb3d2adm2rg5q5g7tm69k5ll7ipa0g!nd_dft_wlteh_webp_3'}], 'live_photo': False, 'stream': {}, 'file_id': '', 'width': 1080, 'url': 'http://sns-webpic-qc.xhscdn.com/202602282035/396ee11375cae1d5f4f3cfe745798272/1040g00831sb3d2adm2rg5q5g7tm69k5ll7ipa0g!nd_dft_wlteh_webp_3', 'url_pre': 'http://sns-webpic-qc.xhscdn.com/202602282035/eb00b31835aa4f69c41c4bfb6a33944e/1040g00831sb3d2adm2rg5q5g7tm69k5ll7ipa0g!nd_prv_wlteh_webp_3', 'url_default': 'http://sns-webpic-qc.xhscdn.com/202602282035/396ee11375cae1d5f4f3cfe745798272/1040g00831sb3d2adm2rg5q5g7tm69k5ll7ipa0g!nd_dft_wlteh_webp_3'}], 'tag_list': [], 'share_info': {'un_share': False}, 'title': '不打本土打基地，是务实还是无奈？', 'xsec_token': 'ABQUnDmidtqVefqXTaH--es4o3J57E1VV0qJyapv2yV1c=', 'xsec_source': None}, {'desc': '2025年6月21日，美国对伊朗发动代号为“午夜之锤”的空袭行动，对伊朗福尔多（Fordo）、纳坦兹（Natanz）和伊斯法罕（Isfahan）三处重要核设施实施打击。行动全程没有受到伊朗方阻拦。美国美军参谋长联席会议主席丹·凯恩表示：这三个地点都遭受了极其严重的打击。\n\t\n当地时间6月23日晚，为了报复美国此前的空袭行动，伊朗武装部队宣布对美国在中东地区最大的军事基地——乌代德（Al Udeid）空军基地实施导弹打击。据报道，此次行动目前并未造成人员伤亡。\n\t\n📌美国为何在此时选择介入？\n📌美国空袭伊朗是否合法？\n📌国际各方对事件的态度\n\t\n#热点[话题]# #国际新闻[话题]# #伊朗[话题]# #以色列[话题]# #美国[话题]# #时政[话题]# #新闻[话题]# #联合国[话题]# #女性成长[话题]#', 'user': {'user_id': '5b1ba99a11be1052978faf65', 'nickname': '5Rayyy', 'avatar': 'https://sns-avatar-qc.xhscdn.com/avatar/1040g2jo31r4ccm360m004a63j6kplbr56qgtdrg', 'xsec_token': 'ABmB_WQuo3Mr614ZIyWctaLYHvksxDX0jaHdCdnWncb08='}, 'image_list': [{'url_default': 'http://sns-webpic-qc.xhscdn.com/202602282035/f4b52889f4f9b62c9c38b3324e74bc65/notes_pre_post/1040g3k031j4cdebi2a004a63j6kplbr5t4tqsd8!nd_dft_wlteh_webp_3', 'live_photo': False, 'height': 1117, 'trace_id': '', 'url': 'http://sns-webpic-qc.xhscdn.com/202602282035/f4b52889f4f9b62c9c38b3324e74bc65/notes_pre_post/1040g3k031j4cdebi2a004a63j6kplbr5t4tqsd8!nd_dft_wlteh_webp_3', 'info_list': [{'image_scene': 'WB_PRV', 'url': 'http://sns-webpic-qc.xhscdn.com/202602282035/c8f882197a70c9f53e75b91aac5a6f0d/notes_pre_post/1040g3k031j4cdebi2a004a63j6kplbr5t4tqsd8!nd_prv_wlteh_webp_3'}, {'image_scene': 'WB_DFT', 'url': 'http://sns-webpic-qc.xhscdn.com/202602282035/f4b52889f4f9b62c9c38b3324e74bc65/notes_pre_post/1040g3k031j4cdebi2a004a63j6kplbr5t4tqsd8!nd_dft_wlteh_webp_3'}], 'url_pre': 'http://sns-webpic-qc.xhscdn.com/202602282035/c8f882197a70c9f53e75b91aac5a6f0d/notes_pre_post/1040g3k031j4cdebi2a004a63j6kplbr5t4tqsd8!nd_prv_wlteh_webp_3', 'stream': {}, 'file_id': '', 'width': 789}, {'file_id': '', 'height': 1121, 'width': 789, 'url': 'http://sns-webpic-qc.xhscdn.com/202602282035/1eea5ccf8ce3a18fae4ff87eb69b92ed/notes_pre_post/1040g3k031j4cdebi2a0g4a63j6kplbr5tvef6qo!nd_dft_wlteh_webp_3', 'info_list': [{'image_scene': 'WB_PRV', 'url': 'http://sns-webpic-qc.xhscdn.com/202602282035/11c4eb060cc488e358fdb349817cdefa/notes_pre_post/1040g3k031j4cdebi2a0g4a63j6kplbr5tvef6qo!nd_prv_wlteh_webp_3'}, {'image_scene': 'WB_DFT', 'url': 'http://sns-webpic-qc.xhscdn.com/202602282035/1eea5ccf8ce3a18fae4ff87eb69b92ed/notes_pre_post/1040g3k031j4cdebi2a0g4a63j6kplbr5tvef6qo!nd_dft_wlteh_webp_3'}], 'url_pre': 'http://sns-webpic-qc.xhscdn.com/202602282035/11c4eb060cc488e358fdb349817cdefa/notes_pre_post/1040g3k031j4cdebi2a0g4a63j6kplbr5tvef6qo!nd_prv_wlteh_webp_3', 'url_default': 'http://sns-webpic-qc.xhscdn.com/202602282035/1eea5ccf8ce3a18fae4ff87eb69b92ed/notes_pre_post/1040g3k031j4cdebi2a0g4a63j6kplbr5tvef6qo!nd_dft_wlteh_webp_3', 'stream': {}, 'live_photo': False, 'trace_id': ''}, {'stream': {}, 'live_photo': False, 'file_id': '', 'width': 789, 'url_pre': 'http://sns-webpic-qc.xhscdn.com/202602282035/e217141731f5bd0d60aa4277de736c1c/notes_pre_post/1040g3k031j4cdebi2a104a63j6kplbr540up6g0!nd_prv_wlteh_webp_3', 'url_default': 'http://sns-webpic-qc.xhscdn.com/202602282035/46f987274c17fd01982705e4ed03d88e/notes_pre_post/1040g3k031j4cdebi2a104a63j6kplbr540up6g0!nd_dft_wlteh_webp_3', 'height': 1123, 'url': 'http://sns-webpic-qc.xhscdn.com/202602282035/46f987274c17fd01982705e4ed03d88e/notes_pre_post/1040g3k031j4cdebi2a104a63j6kplbr540up6g0!nd_dft_wlteh_webp_3', 'trace_id': '', 'info_list': [{'image_scene': 'WB_PRV', 'url': 'http://sns-webpic-qc.xhscdn.com/202602282035/e217141731f5bd0d60aa4277de736c1c/notes_pre_post/1040g3k031j4cdebi2a104a63j6kplbr540up6g0!nd_prv_wlteh_webp_3'}, {'image_scene': 'WB_DFT', 'url': 'http://sns-webpic-qc.xhscdn.com/202602282035/46f987274c17fd01982705e4ed03d88e/notes_pre_post/1040g3k031j4cdebi2a104a63j6kplbr540up6g0!nd_dft_wlteh_webp_3'}]}, {'url': 'http://sns-webpic-qc.xhscdn.com/202602282035/5a9e6b14e178ec12488bf3065e9ddf57/1040g2sg31j4d4lb2gme04a63j6kplbr5bfruam8!nd_dft_wlteh_webp_3', 'trace_id': '', 'info_list': [{'image_scene': 'WB_PRV', 'url': 'http://sns-webpic-qc.xhscdn.com/202602282035/5b7b5d3e77c67583aa7d9a46ca2f7a6c/1040g2sg31j4d4lb2gme04a63j6kplbr5bfruam8!nd_prv_wlteh_webp_3'}, {'image_scene': 'WB_DFT', 'url': 'http://sns-webpic-qc.xhscdn.com/202602282035/5a9e6b14e178ec12488bf3065e9ddf57/1040g2sg31j4d4lb2gme04a63j6kplbr5bfruam8!nd_dft_wlteh_webp_3'}], 'url_default': 'http://sns-webpic-qc.xhscdn.com/202602282035/5a9e6b14e178ec12488bf3065e9ddf57/1040g2sg31j4d4lb2gme04a63j6kplbr5bfruam8!nd_dft_wlteh_webp_3', 'stream': {}, 'height': 1118, 'width': 790, 'live_photo': False, 'file_id': '', 'url_pre': 'http://sns-webpic-qc.xhscdn.com/202602282035/5b7b5d3e77c67583aa7d9a46ca2f7a6c/1040g2sg31j4d4lb2gme04a63j6kplbr5bfruam8!nd_prv_wlteh_webp_3'}, {'url_pre': 'http://sns-webpic-qc.xhscdn.com/202602282035/836f482bb2c5baeda50f85467fe0486d/1040g2sg31j4d4lb2gmeg4a63j6kplbr5qg44ki0!nd_prv_wlteh_webp_3', 'stream': {}, 'file_id': '', 'width': 793, 'trace_id': '', 'info_list': [{'image_scene': 'WB_PRV', 'url': 'http://sns-webpic-qc.xhscdn.com/202602282035/836f482bb2c5baeda50f85467fe0486d/1040g2sg31j4d4lb2gmeg4a63j6kplbr5qg44ki0!nd_prv_wlteh_webp_3'}, {'image_scene': 'WB_DFT', 'url': 'http://sns-webpic-qc.xhscdn.com/202602282035/4794cd97afe665e1d14e09632834678d/1040g2sg31j4d4lb2gmeg4a63j6kplbr5qg44ki0!nd_dft_wlteh_webp_3'}], 'url_default': 'http://sns-webpic-qc.xhscdn.com/202602282035/4794cd97afe665e1d14e09632834678d/1040g2sg31j4d4lb2gmeg4a63j6kplbr5qg44ki0!nd_dft_wlteh_webp_3', 'live_photo': False, 'height': 1115, 'url': 'http://sns-webpic-qc.xhscdn.com/202602282035/4794cd97afe665e1d14e09632834678d/1040g2sg31j4d4lb2gmeg4a63j6kplbr5qg44ki0!nd_dft_wlteh_webp_3'}, {'url': 'http://sns-webpic-qc.xhscdn.com/202602282035/f58372b1548f0eca7811cfbba185fe97/notes_pre_post/1040g3k031j4cdebi2a2g4a63j6kplbr5p3j3ubg!nd_dft_wlteh_webp_3', 'info_list': [{'image_scene': 'WB_PRV', 'url': 'http://sns-webpic-qc.xhscdn.com/202602282035/4ad150eb949608fa7992039d2350050c/notes_pre_post/1040g3k031j4cdebi2a2g4a63j6kplbr5p3j3ubg!nd_prv_wlteh_webp_3'}, {'image_scene': 'WB_DFT', 'url': 'http://sns-webpic-qc.xhscdn.com/202602282035/f58372b1548f0eca7811cfbba185fe97/notes_pre_post/1040g3k031j4cdebi2a2g4a63j6kplbr5p3j3ubg!nd_dft_wlteh_webp_3'}], 'url_pre': 'http://sns-webpic-qc.xhscdn.com/202602282035/4ad150eb949608fa7992039d2350050c/notes_pre_post/1040g3k031j4cdebi2a2g4a63j6kplbr5p3j3ubg!nd_prv_wlteh_webp_3', 'url_default': 'http://sns-webpic-qc.xhscdn.com/202602282035/f58372b1548f0eca7811cfbba185fe97/notes_pre_post/1040g3k031j4cdebi2a2g4a63j6kplbr5p3j3ubg!nd_dft_wlteh_webp_3', 'live_photo': False, 'height': 1121, 'width': 795, 'trace_id': '', 'stream': {}, 'file_id': ''}, {'live_photo': False, 'file_id': '', 'width': 791, 'info_list': [{'image_scene': 'WB_PRV', 'url': 'http://sns-webpic-qc.xhscdn.com/202602282035/a91bbbe7ff5354eec50c53d6763355ee/notes_pre_post/1040g3k031j4cdebi2a304a63j6kplbr51jha7bo!nd_prv_wlteh_webp_3'}, {'image_scene': 'WB_DFT', 'url': 'http://sns-webpic-qc.xhscdn.com/202602282035/2817d43e6499791a9c94db9f69172ab7/notes_pre_post/1040g3k031j4cdebi2a304a63j6kplbr51jha7bo!nd_dft_wlteh_webp_3'}], 'url_pre': 'http://sns-webpic-qc.xhscdn.com/202602282035/a91bbbe7ff5354eec50c53d6763355ee/notes_pre_post/1040g3k031j4cdebi2a304a63j6kplbr51jha7bo!nd_prv_wlteh_webp_3', 'url_default': 'http://sns-webpic-qc.xhscdn.com/202602282035/2817d43e6499791a9c94db9f69172ab7/notes_pre_post/1040g3k031j4cdebi2a304a63j6kplbr51jha7bo!nd_dft_wlteh_webp_3', 'stream': {}, 'height': 1121, 'url': 'http://sns-webpic-qc.xhscdn.com/202602282035/2817d43e6499791a9c94db9f69172ab7/notes_pre_post/1040g3k031j4cdebi2a304a63j6kplbr51jha7bo!nd_dft_wlteh_webp_3', 'trace_id': ''}, {'trace_id': '', 'info_list': [{'image_scene': 'WB_PRV', 'url': 'http://sns-webpic-qc.xhscdn.com/202602282035/5c893ef97725a28ddb72f616dc6c86c3/notes_pre_post/1040g3k031j4cdebi2a3g4a63j6kplbr5n7qie18!nd_prv_wlteh_webp_3'}, {'image_scene': 'WB_DFT', 'url': 'http://sns-webpic-qc.xhscdn.com/202602282035/cb04349ff3eff172c6f0469542867c3e/notes_pre_post/1040g3k031j4cdebi2a3g4a63j6kplbr5n7qie18!nd_dft_wlteh_webp_3'}], 'url_default': 'http://sns-webpic-qc.xhscdn.com/202602282035/cb04349ff3eff172c6f0469542867c3e/notes_pre_post/1040g3k031j4cdebi2a3g4a63j6kplbr5n7qie18!nd_dft_wlteh_webp_3', 'stream': {}, 'height': 1123, 'width': 791, 'url': 'http://sns-webpic-qc.xhscdn.com/202602282035/cb04349ff3eff172c6f0469542867c3e/notes_pre_post/1040g3k031j4cdebi2a3g4a63j6kplbr5n7qie18!nd_dft_wlteh_webp_3', 'url_pre': 'http://sns-webpic-qc.xhscdn.com/202602282035/5c893ef97725a28ddb72f616dc6c86c3/notes_pre_post/1040g3k031j4cdebi2a3g4a63j6kplbr5n7qie18!nd_prv_wlteh_webp_3', 'live_photo': False, 'file_id': ''}], 'tag_list': [{'name': '热点', 'type': 'topic', 'id': '5c46829d000000000e009c0a'}, {'name': '国际新闻', 'type': 'topic', 'id': '5f1f803d00000000010026fb'}, {'id': '54c51dcab4c4d60cc34164dc', 'name': '伊朗', 'type': 'topic'}, {'id': '5bf04e6951875e00012e3dc2', 'name': '以色列', 'type': 'topic'}, {'id': '53e5d410b4c4d63afeb3bc54', 'name': '美国', 'type': 'topic'}, {'id': '5c973375000000000e037191', 'name': '时政', 'type': 'topic'}, {'id': '5beb6d638bbe26000140d91b', 'name': '新闻', 'type': 'topic'}, {'type': 'topic', 'id': '5c4a873f000000000f03e17c', 'name': '联合国'}, {'type': 'topic', 'id': '5bed21275b78d40001310fc8', 'name': '女性成长'}], 'at_user_list': [], 'last_update_time': 1750784102000, 'title': '国际政治热点分析5️⃣ ｜ 美国空袭伊朗', 'type': 'normal', 'interact_info': {'collected': False, 'collected_count': '6', 'comment_count': '1', 'share_count': '1', 'followed': False, 'relation': 'none', 'liked': False, 'liked_count': '8'}, 'time': 1750782813000, 'share_info': {'un_share': False}, 'note_id': '685ad35d000000000d01b575', 'xsec_token': 'AB8a4KMvvcFJKBrwkSBlf4mSdurBdnsNW4aHPqzdY20OI=', 'xsec_source': None}, {'type': 'normal', 'interact_info': {'share_count': '2', 'followed': False, 'relation': 'none', 'liked': False, 'liked_count': '8', 'collected': False, 'collected_count': '', 'comment_count': '6'}, 'image_list': [{'width': 1260, 'trace_id': '', 'info_list': [{'image_scene': 'WB_PRV', 'url': 'http://sns-webpic-qc.xhscdn.com/202602282035/afa881e86dae1951d4f5de0c1bf5fff9/notes_pre_post/1040g3k831jak8n3l34hg5n59knjkinrdg307hng!nd_prv_wlteh_webp_3'}, {'url': 'http://sns-webpic-qc.xhscdn.com/202602282035/09045df9bc07988d4b6573617784ce9f/notes_pre_post/1040g3k831jak8n3l34hg5n59knjkinrdg307hng!nd_dft_wlteh_webp_3', 'image_scene': 'WB_DFT'}], 'live_photo': False, 'file_id': '', 'height': 2319, 'url': 'http://sns-webpic-qc.xhscdn.com/202602282035/09045df9bc07988d4b6573617784ce9f/notes_pre_post/1040g3k831jak8n3l34hg5n59knjkinrdg307hng!nd_dft_wlteh_webp_3', 'url_pre': 'http://sns-webpic-qc.xhscdn.com/202602282035/afa881e86dae1951d4f5de0c1bf5fff9/notes_pre_post/1040g3k831jak8n3l34hg5n59knjkinrdg307hng!nd_prv_wlteh_webp_3', 'url_default': 'http://sns-webpic-qc.xhscdn.com/202602282035/09045df9bc07988d4b6573617784ce9f/notes_pre_post/1040g3k831jak8n3l34hg5n59knjkinrdg307hng!nd_dft_wlteh_webp_3', 'stream': {}}], 'tag_list': [{'id': '686137b00000000017038fea', 'name': '伊朗军方', 'type': 'topic'}, {'id': '5d44dffd00000000180250c5', 'name': '国际局势', 'type': 'topic'}, {'id': '61cad4190000000001001bb0', 'name': '军事热点', 'type': 'topic'}, {'id': '5f1f803d00000000010026fb', 'name': '国际新闻', 'type': 'topic'}], 'note_id': '686137b1000000002400d078', 'title': '伊朗军方硬核警告：敢再侵略，回击火力拉满', 'desc': '据央视新闻6月29日消息，伊朗哈塔姆·安比亚中央司令部霸气发声：伊朗民众面对侵略愈发团结，凭借自研先进军事技术，已让侵略者尝到“苦头”！目前伊朗武装部队24小时紧盯敌方动向，一旦再有来犯，将祭出更强反击！\n\t\n这波强硬表态早有铺垫。此前，伊朗伊斯兰革命卫队总司令帕克普尔就撂下狠话：“敌人敢犯错，我们必果断回击！”伊朗总统也警告以色列，若侵略不止，伊朗将发动更猛烈攻势，还喊话美英法别当帮凶，否则其军事基地、海上船只都将成打击目标！\n\t\n伊朗可不是光说不练的“嘴炮王者”。为报复美国对核设施的打击，伊朗直接向卡塔尔美军基地发射导弹，数量精准对标美方袭击炸弹数；面对以色列挑衅，革命卫队也曾出动无人机、飞弹，炸得对方燃油能源设施“冒火”。\n\t\n伊朗底气何来？自研军事技术稳步提升，捍卫主权的决心刻进骨子里，同时也需要通过强硬姿态稳固地区话语权。但这份强硬也暗藏风险，稍有不慎，地区局势恐再度失控，甚至搅动全球能源与地缘政治格局。\n\t\n宝子们，你们觉得伊朗这波“反击宣言”能震慑对手吗？评论区聊聊～\n#伊朗军方[话题]# #国际局势[话题]# #军事热点[话题]# #国际新闻[话题]#', 'user': {'user_id': '5ca9a5e70000000012015f6d', 'nickname': '浪潮捕手', 'avatar': 'https://sns-avatar-qc.xhscdn.com/avatar/1040g2jo31im1vbqiha6g5n59knjkinrd1u4lt18', 'xsec_token': 'ABn50VpUsOnf7w2JAB5TE9zYwc0PPMb4axtn-tb-M91Cg='}, 'at_user_list': [], 'time': 1751201713000, 'last_update_time': 1751201713000, 'share_info': {'un_share': False}, 'xsec_token': 'ABLW-VIvyMvGK6JnlcoYSvVdpaHTVmRVcl1OUkC-E3y6g=', 'xsec_source': None}, {'time': 1768124133000, 'last_update_time': 1768124134000, 'note_id': '69636ee5000000000a02e4e4', 'type': 'normal', 'desc': '当地时间1月11日，伊朗议会议长卡利巴夫在议会上表示，伊朗警告美国总统特朗普，如果美国发动军事攻击，都将导致德黑兰对美国的军事基地和航运中心进行报复，这些都将是伊朗的合法打击目标。\n来源：央视新闻\n#伊朗[话题]#\n#美国[话题]#\n#国际新闻[话题]#', 'tag_list': [{'id': '54c51dcab4c4d60cc34164dc', 'name': '伊朗', 'type': 'topic'}, {'id': '53e5d410b4c4d63afeb3bc54', 'name': '美国', 'type': 'topic'}, {'id': '5f1f803d00000000010026fb', 'name': '国际新闻', 'type': 'topic'}], 'at_user_list': [], 'share_info': {'un_share': False}, 'title': '伊朗警告美国总统：若遭攻击必将还击', 'user': {'avatar': 'https://sns-avatar-qc.xhscdn.com/avatar/1040g2jo31qobul3rgm005p5oj0ol6up1tu11gg8', 'xsec_token': 'ABxEaIFF4B8qPx-ElWMClRoR8e44Zo8jLilHoZNDhcwqc=', 'user_id': '64b898310000000014037b21', 'nickname': '潇湘晨报'}, 'interact_info': {'liked': False, 'liked_count': '8', 'collected': False, 'collected_count': '1', 'comment_count': '1', 'share_count': '3', 'followed': False, 'relation': 'none'}, 'image_list': [{'file_id': '', 'width': 1080, 'url': 'http://sns-webpic-qc.xhscdn.com/202602282035/cb7186137f81d76d84f4098d3b02cea8/spectrum/1040g0k031r6pgbqimu005p5oj0ol6up12a9v4eo!nd_dft_wlteh_webp_3', 'trace_id': '', 'info_list': [{'image_scene': 'WB_PRV', 'url': 'http://sns-webpic-qc.xhscdn.com/202602282035/eb781b93c41e34eeaed6053abe96ad78/spectrum/1040g0k031r6pgbqimu005p5oj0ol6up12a9v4eo!nd_prv_wlteh_webp_3'}, {'image_scene': 'WB_DFT', 'url': 'http://sns-webpic-qc.xhscdn.com/202602282035/cb7186137f81d76d84f4098d3b02cea8/spectrum/1040g0k031r6pgbqimu005p5oj0ol6up12a9v4eo!nd_dft_wlteh_webp_3'}], 'url_default': 'http://sns-webpic-qc.xhscdn.com/202602282035/cb7186137f81d76d84f4098d3b02cea8/spectrum/1040g0k031r6pgbqimu005p5oj0ol6up12a9v4eo!nd_dft_wlteh_webp_3', 'height': 1440, 'url_pre': 'http://sns-webpic-qc.xhscdn.com/202602282035/eb781b93c41e34eeaed6053abe96ad78/spectrum/1040g0k031r6pgbqimu005p5oj0ol6up12a9v4eo!nd_prv_wlteh_webp_3', 'stream': {}, 'live_photo': False}], 'xsec_token': 'AB2yfrv7r6jyk0f84IbNDfDzUw1HalrGqOioekNVOu-lk=', 'xsec_source': None}, {'user': {'nickname': '国际贸易操盘手', 'avatar': 'https://sns-avatar-qc.xhscdn.com/avatar/1040g2jo31kn1a008j4505pkh8eqjuo4b2jleeug', 'xsec_token': 'ABsunDWIHJoYT5lf0Czpzdr8sTG7HujcOKLKw1_uDruac=', 'user_id': '669143b5000000000f03608b'}, 'image_list': [{'url_pre': 'http://sns-webpic-qc.xhscdn.com/202602282035/bbe34ff70ed7694345e19d9c926a7a89/1040g00831j0v5t5h1g505pkh8eqjuo4bb2qng9o!nd_prv_wlteh_webp_3', 'live_photo': False, 'width': 1200, 'trace_id': '', 'url': 'http://sns-webpic-qc.xhscdn.com/202602282035/bfd1b853bd81a5af4a63d3232dde64ad/1040g00831j0v5t5h1g505pkh8eqjuo4bb2qng9o!nd_dft_wlteh_webp_3', 'info_list': [{'image_scene': 'WB_PRV', 'url': 'http://sns-webpic-qc.xhscdn.com/202602282035/bbe34ff70ed7694345e19d9c926a7a89/1040g00831j0v5t5h1g505pkh8eqjuo4bb2qng9o!nd_prv_wlteh_webp_3'}, {'image_scene': 'WB_DFT', 'url': 'http://sns-webpic-qc.xhscdn.com/202602282035/bfd1b853bd81a5af4a63d3232dde64ad/1040g00831j0v5t5h1g505pkh8eqjuo4bb2qng9o!nd_dft_wlteh_webp_3'}], 'url_default': 'http://sns-webpic-qc.xhscdn.com/202602282035/bfd1b853bd81a5af4a63d3232dde64ad/1040g00831j0v5t5h1g505pkh8eqjuo4bb2qng9o!nd_dft_wlteh_webp_3', 'stream': {}, 'file_id': '', 'height': 1600}], 'time': 1750579961000, 'last_update_time': 1750579961000, 'note_id': '6857baf9000000002203d52a', 'desc': '伊朗向美国宣战\n\t\n根据2025年6月22日的最新报道，伊朗已明确表示将对美国发动“严厉惩罚”，并宣布中东地区的每一名美国公民和军事人员均为合法打击目标。伊朗革命卫队强调，美国必须等待“严厉的惩罚”，而国家电视台的表态进一步表明伊朗已进入全面对抗状态。这一系列声明标志着伊朗正式将冲突升级为战争状态。\n\t\n此前，伊朗副外长拉万奇在6月19日已警告美国，若其决定军事介入，伊朗将在全球范围内进行报复。伊朗最高领袖哈梅内伊也通过视频向特朗普喊话，强调伊朗人民将坚决对抗“被迫的和平”。目前，伊朗已将核设施核心材料转移，美军空袭未造成实质性破坏，反而激化了双方矛盾。\n\t\n值得注意的是，伊朗的报复目标不仅限于以色列，而是明确将美国在中东的所有利益列为打击对象。分析认为，伊朗可能优先针对巴林、卡塔尔等靠近美军基地的地区实施报复，而美国国内对特朗普政府的施压可能进一步加剧局势复杂性。\n#世界历史[话题]# #历史的回声[话题]# #文明与征服[话题]# #和平与发展[话题]# #历史与现在[话题]# #国际新闻[话题]# #伊朗对美国[话题]#', 'interact_info': {'liked_count': '6', 'collected': False, 'collected_count': '2', 'comment_count': '1', 'share_count': '1', 'followed': False, 'relation': 'none', 'liked': False}, 'tag_list': [{'id': '5c455a3c000000000d03269c', 'name': '世界历史', 'type': 'topic'}, {'id': '617fbec00000000001005fe8', 'name': '历史的回声', 'type': 'topic'}, {'id': '61b65ae70000000001004efd', 'name': '文明与征服', 'type': 'topic'}, {'id': '61796e64000000000100916a', 'name': '和平与发展', 'type': 'topic'}, {'name': '历史与现在', 'type': 'topic', 'id': '6088bef1000000000100327b'}, {'type': 'topic', 'id': '5f1f803d00000000010026fb', 'name': '国际新闻'}, {'id': '637ab45a000000000100ad2d', 'name': '伊朗对美国', 'type': 'topic'}], 'at_user_list': [], 'share_info': {'un_share': False}, 'type': 'normal', 'title': '', 'xsec_token': 'ABaHWJCa0Z-VeNyBn6xWFWiUT_z3yiWJIA_ohbBo4zEmk=', 'xsec_source': None}, {'note_id': '696460cd000000001a021de4', 'type': 'normal', 'desc': '当地时间1月11日，伊朗议会议长卡利巴夫在议会上表示，伊朗警告美国总统特朗普，如果美国发动军事攻击，都将导致德黑兰对美国的军事基地和航运中心进行报复，这些都将是伊朗的合法打击目标。#伊朗[话题]# #特朗普[话题]# #美国[话题]# #国际军事[话题]# #航运圈网[话题]#', 'user': {'user_id': '68538917000000001d008d6c', 'nickname': '航运圈网', 'avatar': 'https://sns-avatar-qc.xhscdn.com/avatar/1040g2jo31it8ph5dhe6g5q2jh4bn93bcrm1b4b0', 'xsec_token': 'ABlsBIPYKNMP3nqQPyes9_63G7ZZ9RBq_hbrpac7TvU4U='}, 'interact_info': {'collected_count': '1', 'comment_count': '1', 'share_count': '', 'followed': False, 'relation': 'none', 'liked': False, 'liked_count': '5', 'collected': False}, 'image_list': [{'height': 720, 'width': 1080, 'trace_id': '', 'info_list': [{'url': 'http://sns-webpic-qc.xhscdn.com/202602282035/246a37ef761c683a99f05b2916a5c7b5/notes_pre_post/1040g3k831r7n1ivcgad05q2jh4bn93bc1ec133o!nd_prv_wgth_webp_3', 'image_scene': 'WB_PRV'}, {'image_scene': 'WB_DFT', 'url': 'http://sns-webpic-qc.xhscdn.com/202602282035/ea9399fc664cc94f4f85a840809f0722/notes_pre_post/1040g3k831r7n1ivcgad05q2jh4bn93bc1ec133o!nd_dft_wgth_webp_3'}], 'url_default': 'http://sns-webpic-qc.xhscdn.com/202602282035/ea9399fc664cc94f4f85a840809f0722/notes_pre_post/1040g3k831r7n1ivcgad05q2jh4bn93bc1ec133o!nd_dft_wgth_webp_3', 'stream': {}, 'file_id': '', 'url': 'http://sns-webpic-qc.xhscdn.com/202602282035/ea9399fc664cc94f4f85a840809f0722/notes_pre_post/1040g3k831r7n1ivcgad05q2jh4bn93bc1ec133o!nd_dft_wgth_webp_3', 'url_pre': 'http://sns-webpic-qc.xhscdn.com/202602282035/246a37ef761c683a99f05b2916a5c7b5/notes_pre_post/1040g3k831r7n1ivcgad05q2jh4bn93bc1ec133o!nd_prv_wgth_webp_3', 'live_photo': False}, {'file_id': '', 'height': 720, 'width': 1080, 'trace_id': '', 'info_list': [{'image_scene': 'WB_PRV', 'url': 'http://sns-webpic-qc.xhscdn.com/202602282035/668350e7fc05967b94370768b042ad89/notes_pre_post/1040g3k831r7n1ivcgacg5q2jh4bn93bc7dslgkg!nd_prv_wgth_webp_3'}, {'url': 'http://sns-webpic-qc.xhscdn.com/202602282035/dff906f612e4e3d33b6be01e4c762d9d/notes_pre_post/1040g3k831r7n1ivcgacg5q2jh4bn93bc7dslgkg!nd_dft_wgth_webp_3', 'image_scene': 'WB_DFT'}], 'stream': {}, 'live_photo': False, 'url': 'http://sns-webpic-qc.xhscdn.com/202602282035/dff906f612e4e3d33b6be01e4c762d9d/notes_pre_post/1040g3k831r7n1ivcgacg5q2jh4bn93bc7dslgkg!nd_dft_wgth_webp_3', 'url_pre': 'http://sns-webpic-qc.xhscdn.com/202602282035/668350e7fc05967b94370768b042ad89/notes_pre_post/1040g3k831r7n1ivcgacg5q2jh4bn93bc7dslgkg!nd_prv_wgth_webp_3', 'url_default': 'http://sns-webpic-qc.xhscdn.com/202602282035/dff906f612e4e3d33b6be01e4c762d9d/notes_pre_post/1040g3k831r7n1ivcgacg5q2jh4bn93bc7dslgkg!nd_dft_wgth_webp_3'}, {'width': 1080, 'url_default': 'http://sns-webpic-qc.xhscdn.com/202602282035/7e0bd21c9736bd191b666a512223e54f/notes_pre_post/1040g3k831r7n1ivcgac05q2jh4bn93bcmoql8l8!nd_dft_wgth_webp_3', 'live_photo': False, 'stream': {}, 'file_id': '', 'height': 608, 'url': 'http://sns-webpic-qc.xhscdn.com/202602282035/7e0bd21c9736bd191b666a512223e54f/notes_pre_post/1040g3k831r7n1ivcgac05q2jh4bn93bcmoql8l8!nd_dft_wgth_webp_3', 'trace_id': '', 'info_list': [{'url': 'http://sns-webpic-qc.xhscdn.com/202602282035/37c8caecb56385894c9736c259bd8f2b/notes_pre_post/1040g3k831r7n1ivcgac05q2jh4bn93bcmoql8l8!nd_prv_wgth_webp_3', 'image_scene': 'WB_PRV'}, {'image_scene': 'WB_DFT', 'url': 'http://sns-webpic-qc.xhscdn.com/202602282035/7e0bd21c9736bd191b666a512223e54f/notes_pre_post/1040g3k831r7n1ivcgac05q2jh4bn93bcmoql8l8!nd_dft_wgth_webp_3'}], 'url_pre': 'http://sns-webpic-qc.xhscdn.com/202602282035/37c8caecb56385894c9736c259bd8f2b/notes_pre_post/1040g3k831r7n1ivcgac05q2jh4bn93bcmoql8l8!nd_prv_wgth_webp_3'}], 'time': 1768186062000, 'last_update_time': 1768186062000, 'share_info': {'un_share': False}, 'title': '', 'tag_list': [{'type': 'topic', 'id': '54c51dcab4c4d60cc34164dc', 'name': '伊朗'}, {'id': '5d579599000000000103d9ff', 'name': '特朗普', 'type': 'topic'}, {'id': '53e5d410b4c4d63afeb3bc54', 'name': '美国', 'type': 'topic'}, {'id': '5ef5a224000000000101c04a', 'name': '国际军事', 'type': 'topic'}, {'id': '685cf8370000000018008786', 'name': '航运圈网', 'type': 'topic'}], 'at_user_list': [], 'xsec_token': 'AB_qowLUhFE-l91j_IriOY8GQBFAzPtwC4eU_TbVzpwxg=', 'xsec_source': None}, {'last_update_time': 1770621206000, 'ip_location': '湖南', 'type': 'normal', 'title': '内塔尼亚胡将与特朗普会晤，商讨伊核问题', 'user': {'user_id': '643c2cf3000000000b02a4f0', 'nickname': '亚太观澜', 'avatar': 'https://sns-avatar-qc.xhscdn.com/avatar/65d5e67bfbe84e0001907acf.jpg', 'xsec_token': 'ABxqlMOINF-pSvDPzQgVrUitlhbz33diVVwiJHRxU7DSE='}, 'image_list': [{'height': 528, 'trace_id': '', 'info_list': [{'image_scene': 'WB_PRV', 'url': 'http://sns-webpic-qc.xhscdn.com/202602282035/d1adaefd4fca6ad485084ed7dd8ab6df/spectrum/1040g0k031sc0166g58005p1s5jpit97gudqvvr0!nd_prv_wgth_webp_3'}, {'image_scene': 'WB_DFT', 'url': 'http://sns-webpic-qc.xhscdn.com/202602282035/c01e018cd6783405f3bd329b2dcf11e2/spectrum/1040g0k031sc0166g58005p1s5jpit97gudqvvr0!nd_dft_wgth_webp_3'}], 'url_default': 'http://sns-webpic-qc.xhscdn.com/202602282035/c01e018cd6783405f3bd329b2dcf11e2/spectrum/1040g0k031sc0166g58005p1s5jpit97gudqvvr0!nd_dft_wgth_webp_3', 'live_photo': False, 'file_id': '', 'width': 790, 'url': 'http://sns-webpic-qc.xhscdn.com/202602282035/c01e018cd6783405f3bd329b2dcf11e2/spectrum/1040g0k031sc0166g58005p1s5jpit97gudqvvr0!nd_dft_wgth_webp_3', 'url_pre': 'http://sns-webpic-qc.xhscdn.com/202602282035/d1adaefd4fca6ad485084ed7dd8ab6df/spectrum/1040g0k031sc0166g58005p1s5jpit97gudqvvr0!nd_prv_wgth_webp_3', 'stream': {}}], 'tag_list': [{'id': '5f1f803d00000000010026fb', 'name': '国际新闻', 'type': 'topic'}], 'time': 1770640501000, 'share_info': {'un_share': False}, 'note_id': '69898915000000001d026c79', 'desc': '亚太日报驻墨尔本记者 张烁\n以色列总理办公室上周六晚间宣布，本雅明·内塔尼亚胡将于本周三在华盛顿与美国总统唐纳德·特朗普举行会晤，以商讨美伊谈判事宜。\n声明中表示：“总理认为所有谈判都必须包含限制弹道导弹及终止对伊朗轴心国支持的内容。” 此处所指的伊朗轴心国，意为德黑兰对黎巴嫩真主党、巴勒斯坦哈马斯等武装组织的资助。\n特朗普与内塔尼亚胡上次会晤是在去年12月。\n与此同时，伊朗外长阿巴斯·阿拉格奇周六在卡塔尔半岛电视台表示，若美军在该地区集结后发动袭击，德黑兰将打击美国在中东的军事基地。他同时强调，伊朗导弹计划“绝无谈判余地”。\n美国与伊朗周五在阿曼举行了间接会谈。美方代表包括特使史蒂夫·维特科夫和特朗普的女婿贾里德·库什纳。双方在如何推进德黑兰核计划谈判的问题上似乎回到了原点，但特朗普事后称会谈“非常顺利”，并表示计划下周进行更多磋商。\n在伊朗镇压全国抗议活动造成数千人死亡之际，特朗普曾派遣“亚伯拉罕·林肯”号航母等军舰前往该地区，并多次威胁动用武力迫使伊朗就核计划达成协议。\n《伦敦时报》报道称，鉴于担忧美国对伊朗发动攻击可能使该地区陷入更广泛的冲突，英国已向塞浦路斯增派战斗机以加强安全部署。报道称，六架F-35B战机周五从英国皇家空军马勒姆基地飞往塞浦路斯，加入已在当地执行伊拉克和叙利亚任务的台风战斗机编队。\n周日，阿拉格奇在德黑兰的一场峰会上称，美国“在该地区的军事部署无法震慑我们”。\n他强调德黑兰的力量源于其“敢于对大国说不”的能力，并补充道：“伊朗伊斯兰共和国力量的奥秘在于其抵御霸凌、支配与外部压力的能力。他们害怕我们的原子弹，而我们并未追求原子弹。我们的原子弹就是敢于对大国说不的力量。伊斯兰共和国力量的奥秘，就在于敢于对强权说不的力量。”\n阿拉格奇同时表明，即使战争“被强加于我们”，伊朗仍将坚持必须拥有铀浓缩能力的立场。\n他指出，此前谈判期间美国在去年以伊冲突中轰炸伊朗核设施的行径，导致双方存在“极其深刻的互不信任”。他称此次会谈“是个良好开端”，但强调“建立信任任重道远”，并表示谈判将“很快”重启。\n阿拉格奇批评了所谓“霸权主义政策”，指责该政策纵容以色列扩充军备，同时迫使该地区其他国家解除武装。\n注：本文为亚太日报原创内容，未经授权不得转载。#国际新闻[话题]#', 'interact_info': {'followed': False, 'relation': 'none', 'liked': False, 'liked_count': '5', 'collected': False, 'collected_count': '1', 'comment_count': '', 'share_count': '1'}, 'at_user_list': [], 'xsec_token': 'ABYHku6KuPQcIAl83drAhhaIaM6TYO1GuStQxea5HOeAM=', 'xsec_source': None}, {'title': '美以袭击伊朗', 'desc': '兄弟们伊朗最新消息，美国跟以色列还是对伊朗动手了，零帧起手闪电袭击伊朗，\n首都德黑兰遭遇袭击领空尚有客机飞行！\n当地时间2月28日，以色列与美国对伊朗发动联合袭击，伊朗首都市中心多处爆炸，局势骤然紧张。以色列称袭击是"先发制人"的"预防性"打击。美官员称，美国对伊朗的空袭正在持续！\n伊朗迅速回击，打击美国在中东军事基地，叙利亚、阿联酋、巴林等多国传出爆炸声！这次事态真的很严重！#以色列空袭伊朗[话题]##伊朗遭袭击[话题]##美以袭击伊朗中东局势[话题]##伊朗[话题]#', 'user': {'user_id': '67d64962000000000a03d885', 'nickname': '世界格局', 'avatar': 'https://sns-avatar-qc.xhscdn.com/avatar/1040g2jo31fk8tfvh006g5pum95h2nm4579b1fjo', 'xsec_token': 'ABMO25EDWUT8AZHsn0dDNSn9BniIhV6Sq0EbKb6Iy_SwE='}, 'at_user_list': [], 'note_id': '69a2d5e00000000015022383', 'interact_info': {'liked_count': '5', 'collected': False, 'collected_count': '', 'comment_count': '', 'share_count': '', 'followed': False, 'relation': 'none', 'liked': False}, 'image_list': [{'trace_id': '', 'url_pre': 'http://sns-webpic-qc.xhscdn.com/202602282035/e39bdef4f4cd04568cd2015f8537421e/1040g00831t4mqdq362705pum95h2nm45867l280!nd_prv_wlteh_webp_3', 'stream': {}, 'file_id': '', 'height': 1440, 'width': 1080, 'url': 'http://sns-webpic-qc.xhscdn.com/202602282035/ab40ba4224e35b83d64513223d61c1b2/1040g00831t4mqdq362705pum95h2nm45867l280!nd_dft_wlteh_webp_3', 'info_list': [{'image_scene': 'WB_PRV', 'url': 'http://sns-webpic-qc.xhscdn.com/202602282035/e39bdef4f4cd04568cd2015f8537421e/1040g00831t4mqdq362705pum95h2nm45867l280!nd_prv_wlteh_webp_3'}, {'image_scene': 'WB_DFT', 'url': 'http://sns-webpic-qc.xhscdn.com/202602282035/ab40ba4224e35b83d64513223d61c1b2/1040g00831t4mqdq362705pum95h2nm45867l280!nd_dft_wlteh_webp_3'}], 'url_default': 'http://sns-webpic-qc.xhscdn.com/202602282035/ab40ba4224e35b83d64513223d61c1b2/1040g00831t4mqdq362705pum95h2nm45867l280!nd_dft_wlteh_webp_3', 'live_photo': False}], 'video': {'media': {'video': {'hdr_type': 0, 'drm_type': 0, 'stream_types': [259, 114, 115], 'biz_name': 110, 'biz_id': '281935491162841987', 'duration': 44, 'md5': '17b4c591bd4491de23dc3eb985b574b7'}, 'stream': {'h264': [{'vmaf': -1, 'width': 720, 'video_bitrate': 918507, 'audio_bitrate': 64181, 'weight': 62, 'stream_desc': 'WM_X264_MP4_web', 'duration': 43967, 'audio_channels': 2, 'audio_duration': 43955, 'rotate': 0, 'size': 5449542, 'video_codec': 'h264', 'audio_codec': 'aac', 'psnr': 0, 'fps': 60, 'master_url': 'http://sns-video-qc.xhscdn.com/stream/79/110/259/01e9a2d5e02fc60a010370039ca4141192_259.mp4?sign=89a04ad2b190b142d6972bb0efaa44f7&t=69a77e53', 'quality_type': 'HD', 'volume': 0, 'avg_bitrate': 991569, 'hdr_type': 0, 'stream_type': 259, 'format': 'mp4', 'video_duration': 43966, 'backup_urls': ['http://sns-bak-v6.xhscdn.com/stream/79/110/259/01e9a2d5e02fc60a010370039ca4141192_259.mp4'], 'default_stream': 0, 'height': 1280, 'ssim': 0}], 'h265': [{'avg_bitrate': 1111755, 'audio_duration': 43955, 'audio_bitrate': 128338, 'vmaf': -1, 'psnr': 43.20500183105469, 'weight': 62, 'width': 720, 'video_duration': 43966, 'audio_codec': 'aac', 'audio_channels': 2, 'rotate': 0, 'backup_urls': ['http://sns-bak-v6.xhscdn.com/stream/79/110/114/01e9a2d5e02fc60a4f0370019ca414e2f7_114.mp4'], 'stream_desc': 'X265_MP4_WEB_114', 'duration': 43967, 'hdr_type': 0, 'format': 'mp4', 'video_codec': 'hevc', 'fps': 59, 'ssim': 0, 'quality_type': 'HD', 'default_stream': 0, 'size': 6110068, 'volume': 0, 'height': 1280, 'video_bitrate': 974442, 'stream_type': 114, 'master_url': 'http://sns-video-qc.xhscdn.com/stream/79/110/114/01e9a2d5e02fc60a4f0370019ca414e2f7_114.mp4?sign=9bbb41f4578fad7511a460bdb66c8751&t=69a77e53'}, {'duration': 43967, 'audio_duration': 43955, 'quality_type': 'HD', 'volume': 0, 'video_codec': 'hevc', 'backup_urls': ['http://sns-bak-v6.xhscdn.com/stream/1/110/115/01e9a2d5e02fc60a010370019ca415428f_115.mp4'], 'vmaf': -1, 'avg_bitrate': 1132218, 'audio_codec': 'aac', 'audio_bitrate': 128338, 'width': 1080, 'rotate': 0, 'master_url': 'http://sns-video-qc.xhscdn.com/stream/1/110/115/01e9a2d5e02fc60a010370019ca415428f_115.mp4?sign=451570f254ac086da0a74ef52aab21c9&t=69a77e53', 'ssim': 0, 'stream_type': 115, 'psnr': 42.60300064086914, 'audio_channels': 2, 'weight': 70, 'hdr_type': 0, 'format': 'mp4', 'video_bitrate': 994905, 'video_duration': 43966, 'size': 6222529, 'fps': 59, 'stream_desc': 'X265_MP4_WEB_115', 'default_stream': 0, 'height': 1920}], 'h266': [], 'av1': []}, 'video_id': 137820303084471818}, 'image': {'first_frame_fileid': '110/0/01e9a2d5e02fc60a0010000000019ca4137ca1_0.jpg', 'thumbnail_fileid': 'frame/110/0/01e9a2d5e02fc60a0010000000019ca413a54c_0.webp'}, 'capa': {'duration': 43}}, 'tag_list': [{'name': '以色列空袭伊朗', 'type': 'topic', 'id': '661f9f9f000000001b03d1e9'}, {'id': '69a2d5cd0000000025000d4d', 'name': '伊朗遭袭击', 'type': 'topic'}, {'id': '69a2d5cd0000000025000d4e', 'name': '美以袭击伊朗中东局势', 'type': 'topic'}, {'id': '54c51dcab4c4d60cc34164dc', 'name': '伊朗', 'type': 'topic'}], 'time': 1772279264000, 'last_update_time': 1772279265000, 'share_info': {'un_share': False}, 'type': 'video', 'xsec_token': 'ABb2yDVE0HIAvhldchyxQHBtemNBnoaOtji-dt55-ptVo=', 'xsec_source': None}, {'image_list': [{'file_id': '', 'url': 'http://sns-webpic-qc.xhscdn.com/202602282035/496783385e34a2653f5c934b1e2b2eb1/1040g2sg31jupfu1tk8gg5ptlgbt2nhct38o39io!nd_dft_wlteh_webp_3', 'url_pre': 'http://sns-webpic-qc.xhscdn.com/202602282035/54c2053a3631ba7fcde40a66f4d548c4/1040g2sg31jupfu1tk8gg5ptlgbt2nhct38o39io!nd_prv_wlteh_webp_3', 'url_default': 'http://sns-webpic-qc.xhscdn.com/202602282035/496783385e34a2653f5c934b1e2b2eb1/1040g2sg31jupfu1tk8gg5ptlgbt2nhct38o39io!nd_dft_wlteh_webp_3', 'stream': {}, 'live_photo': False, 'height': 1920, 'width': 1080, 'trace_id': '', 'info_list': [{'image_scene': 'WB_PRV', 'url': 'http://sns-webpic-qc.xhscdn.com/202602282035/54c2053a3631ba7fcde40a66f4d548c4/1040g2sg31jupfu1tk8gg5ptlgbt2nhct38o39io!nd_prv_wlteh_webp_3'}, {'image_scene': 'WB_DFT', 'url': 'http://sns-webpic-qc.xhscdn.com/202602282035/496783385e34a2653f5c934b1e2b2eb1/1040g2sg31jupfu1tk8gg5ptlgbt2nhct38o39io!nd_dft_wlteh_webp_3'}]}], 'time': 1752578550000, 'last_update_time': 1752578550000, 'share_info': {'un_share': False}, 'note_id': '687639f6000000000b02ed4a', 'title': '伊朗前脚炸美军基地，后脚就跟以色列握手', 'desc': '#热点新闻事件[话题]# #世界奇闻趣事[话题]# #科普红人打造计划[话题]# #战争通往胜利[话题]# #军事[话题]# #武器装备[话题]# #国家兴亡匹夫有责[话题]# #愿世界再无战争[话题]# #保卫国家人人有责[话题]#', 'user': {'user_id': '67b582fa000000000a03c59d', 'nickname': '小静小静静', 'avatar': 'https://sns-avatar-qc.xhscdn.com/avatar/645b7e90e29f7d0acadad8aa.jpg', 'xsec_token': 'ABM9EEKRa6XW5febEzM9ZYM69AAxXA-R3l6PECOTWrjyk='}, 'interact_info': {'comment_count': '1', 'share_count': '1', 'followed': False, 'relation': 'none', 'liked': False, 'liked_count': '3', 'collected': False, 'collected_count': '1'}, 'video': {'image': {'thumbnail_fileid': '110/0/01e87639f382634d001000000001980dd31a50_0.webp'}, 'capa': {'duration': 452}, 'media': {'stream': {'h264': [{'size': 43550153, 'avg_bitrate': 770628, 'audio_bitrate': 64004, 'vmaf': -1, 'stream_type': 259, 'default_stream': 0, 'duration': 452100, 'weight': 62, 'audio_channels': 2, 'format': 'mp4', 'width': 720, 'audio_codec': 'aac', 'video_codec': 'h264', 'master_url': 'http://sns-video-qc.xhscdn.com/stream/79/110/259/01e87639f382634d01037003980dd40ae2_259.mp4?sign=27a36a56e6c1cfed44e20aeced874987&t=69a77e58', 'hdr_type': 0, 'psnr': 0, 'video_duration': 452100, 'audio_duration': 452068, 'quality_type': 'HD', 'rotate': 0, 'stream_desc': 'WM_X264_MP4_web', 'height': 1280, 'volume': 0, 'fps': 30, 'video_bitrate': 700044, 'backup_urls': ['http://sns-bak-v6.xhscdn.com/stream/79/110/259/01e87639f382634d01037003980dd40ae2_259.mp4'], 'ssim': 0}], 'h265': [{'weight': 62, 'avg_bitrate': 559534, 'video_codec': 'hevc', 'audio_channels': 2, 'backup_urls': ['http://sns-bak-v6.xhscdn.com/stream/79/110/114/01e87639f382634d4f037001980dd911c8_114.mp4'], 'volume': 0, 'video_bitrate': 424927, 'ssim': 0, 'quality_type': 'HD', 'stream_type': 114, 'height': 1280, 'hdr_type': 0, 'default_stream': 0, 'width': 720, 'fps': 30, 'video_duration': 452100, 'audio_bitrate': 128006, 'master_url': 'http://sns-video-qc.xhscdn.com/stream/79/110/114/01e87639f382634d4f037001980dd911c8_114.mp4?sign=9e5e6f221b21b7bc44dfd30ebad4b562&t=69a77e58', 'vmaf': -1, 'duration': 452100, 'audio_codec': 'aac', 'format': 'mp4', 'rotate': 0, 'psnr': 41.32600021362305, 'stream_desc': 'X265_MP4_WEB_114', 'size': 31620691, 'audio_duration': 452068}, {'stream_type': 115, 'width': 1080, 'avg_bitrate': 707778, 'quality_type': 'HD', 'stream_desc': 'X265_MP4_WEB_115', 'height': 1920, 'video_codec': 'hevc', 'video_bitrate': 573173, 'rotate': 0, 'backup_urls': ['http://sns-bak-v6.xhscdn.com/stream/1/110/115/01e87639f382634d01037001980dd648a7_115.mp4'], 'master_url': 'http://sns-video-qc.xhscdn.com/stream/1/110/115/01e87639f382634d01037001980dd648a7_115.mp4?sign=5500cf88080b279cc292dba4b195ed70&t=69a77e58', 'ssim': 0, 'weight': 70, 'psnr': 0, 'size': 39998313, 'fps': 30, 'audio_duration': 452068, 'volume': 0, 'hdr_type': 0, 'duration': 452100, 'video_duration': 452100, 'audio_codec': 'aac', 'audio_channels': 2, 'vmaf': -1, 'default_stream': 0, 'format': 'mp4', 'audio_bitrate': 128006}], 'h266': [], 'av1': []}, 'video_id': 137489779905422157, 'video': {'duration': 453, 'md5': '1838384ffdaa78472f2c600f54161ada', 'hdr_type': 0, 'drm_type': 0, 'stream_types': [259, 114, 115], 'biz_name': 110, 'biz_id': '281604968026139978'}}}, 'tag_list': [{'type': 'topic', 'id': '631564b80000000001006fa6', 'name': '热点新闻事件'}, {'id': '5c5ebaab000000000e03ba04', 'name': '世界奇闻趣事', 'type': 'topic'}, {'id': '5c694cf3000000000e00c062', 'name': '科普红人打造计划', 'type': 'topic'}, {'id': '64d76b45000000001a0080b4', 'name': '战争通往胜利', 'type': 'topic'}, {'type': 'topic', 'id': '59882a23e39faf521263afe9', 'name': '军事'}, {'id': '600d2f04000000000100bb3c', 'name': '武器装备', 'type': 'topic'}, {'id': '62e945530000000001001238', 'name': '国家兴亡匹夫有责', 'type': 'topic'}, {'id': '62331fff0000000001007f4e', 'name': '愿世界再无战争', 'type': 'topic'}, {'id': '62e4ffb80000000001005f4c', 'name': '保卫国家人人有责', 'type': 'topic'}], 'at_user_list': [], 'type': 'video', 'xsec_token': 'ABDpk6Y4hCNki9yWn3mtejDVJoori2pNgkgdAshTd1q7o=', 'xsec_source': None}, {'share_info': {'un_share': False}, 'type': 'video', 'title': '', 'user': {'user_id': '680ae5800000000018024211', 'nickname': '爱军事的小白1', 'avatar': 'https://sns-avatar-qc.xhscdn.com/avatar/645b6985573b2ad2b5243b1d.jpg', 'xsec_token': 'ABAYEKm8udz0N932aAeJOxykZP0p6-2HyE98vGAcT7ZAs='}, 'video': {'media': {'video_id': 137459164957275567, 'video': {'biz_id': '281574353102722975', 'duration': 36, 'md5': 'bd7f59dac778102912701366b2e722cc', 'hdr_type': 0, 'drm_type': 0, 'stream_types': [259, 114, 115], 'biz_name': 110}, 'stream': {'h266': [], 'av1': [], 'h264': [{'video_duration': 35066, 'hdr_type': 0, 'stream_desc': 'WM_X264_MP4_web', 'default_stream': 0, 'format': 'mp4', 'width': 720, 'duration': 35086, 'avg_bitrate': 385232, 'video_bitrate': 314215, 'audio_bitrate': 64296, 'fps': 30, 'master_url': 'http://sns-video-qc.xhscdn.com/stream/79/110/259/01e85a61da6675af0103700397a10e7697_259.mp4?sign=1f748993fa8af8413f9ae139e364d838&t=69a77e5a', 'backup_urls': ['http://sns-bak-v6.xhscdn.com/stream/79/110/259/01e85a61da6675af0103700397a10e7697_259.mp4'], 'volume': 0, 'vmaf': -1, 'weight': 62, 'height': 1280, 'video_codec': 'h264', 'quality_type': 'HD', 'audio_duration': 35085, 'ssim': 0, 'size': 1689534, 'audio_codec': 'aac', 'rotate': 0, 'psnr': 0, 'stream_type': 259, 'audio_channels': 2}], 'h265': [{'master_url': 'http://sns-video-qc.xhscdn.com/stream/79/110/114/01e85a61da6675af4f03700197a10ecc8a_114.mp4?sign=e2fb28a1bd23be49b46b097d8291cac8&t=69a77e5a', 'psnr': 44.513999938964844, 'weight': 62, 'format': 'mp4', 'fps': 30, 'audio_codec': 'aac', 'size': 1875088, 'rotate': 0, 'video_bitrate': 292322, 'ssim': 0, 'stream_type': 114, 'volume': 0, 'audio_channels': 2, 'audio_bitrate': 128423, 'audio_duration': 35085, 'quality_type': 'HD', 'width': 720, 'avg_bitrate': 427541, 'video_duration': 35066, 'vmaf': -1, 'stream_desc': 'X265_MP4_WEB_114', 'default_stream': 0, 'backup_urls': ['http://sns-bak-v6.xhscdn.com/stream/79/110/114/01e85a61da6675af4f03700197a10ecc8a_114.mp4'], 'hdr_type': 0, 'height': 1280, 'duration': 35086, 'video_codec': 'hevc'}, {'default_stream': 0, 'format': 'mp4', 'width': 1080, 'audio_codec': 'aac', 'audio_channels': 2, 'stream_desc': 'X265_MP4_WEB_115', 'duration': 35086, 'avg_bitrate': 560687, 'video_codec': 'hevc', 'audio_duration': 35085, 'vmaf': -1, 'audio_bitrate': 128423, 'stream_type': 115, 'height': 1920, 'video_duration': 35066, 'hdr_type': 0, 'ssim': 0, 'quality_type': 'HD', 'video_bitrate': 425542, 'psnr': 45.26599884033203, 'backup_urls': ['http://sns-bak-v6.xhscdn.com/stream/1/110/115/01e85a61da6675af0103700197a10ee25a_115.mp4'], 'size': 2459036, 'master_url': 'http://sns-video-qc.xhscdn.com/stream/1/110/115/01e85a61da6675af0103700197a10ee25a_115.mp4?sign=db14847a61cd699cda18209652f901fd&t=69a77e5a', 'volume': 0, 'fps': 30, 'weight': 70, 'rotate': 0}]}}, 'image': {'thumbnail_fileid': '110/0/01e85a61da6675af00100000000197a10e5cc0_0.webp'}, 'capa': {'duration': 35}}, 'tag_list': [{'type': 'topic', 'id': '5c3881a7000000000f03bdef', 'name': '中东'}, {'id': '59882a23e39faf521263afe9', 'name': '军事', 'type': 'topic'}, {'id': '5f76c60e00000000010045e9', 'name': '军事科普', 'type': 'topic'}, {'name': '伊朗', 'type': 'topic', 'id': '54c51dcab4c4d60cc34164dc'}, {'id': '53e5d410b4c4d63afeb3bc54', 'name': '美国', 'type': 'topic'}], 'at_user_list': [], 'time': 1750753758000, 'last_update_time': 1750753759000, 'note_id': '685a61de000000002300579f', 'desc': '开火了！伊朗终于对美还击，中东各处美基地被炸\ufeff#中东[话题]#\ufeff \ufeff#军事[话题]#\ufeff \ufeff#军事科普[话题]#\ufeff \ufeff#伊朗[话题]#\ufeff \ufeff#美国[话题]#\ufeff', 'interact_info': {'collected': False, 'collected_count': '1', 'comment_count': '', 'share_count': '', 'followed': False, 'relation': 'none', 'liked': False, 'liked_count': '3'}, 'image_list': [{'url_pre': 'http://sns-webpic-qc.xhscdn.com/202602282035/6cfc359b77fb8f21ff86a4acc0f9b1a3/spectrum/1040g34o31j3ult290u105q0asm064gghssggem0!nd_prv_wlteh_webp_3', 'url_default': 'http://sns-webpic-qc.xhscdn.com/202602282035/13df3f1865e70f378afc893e79d945ed/spectrum/1040g34o31j3ult290u105q0asm064gghssggem0!nd_dft_wlteh_webp_3', 'stream': {}, 'width': 1080, 'trace_id': '', 'info_list': [{'image_scene': 'WB_PRV', 'url': 'http://sns-webpic-qc.xhscdn.com/202602282035/6cfc359b77fb8f21ff86a4acc0f9b1a3/spectrum/1040g34o31j3ult290u105q0asm064gghssggem0!nd_prv_wlteh_webp_3'}, {'image_scene': 'WB_DFT', 'url': 'http://sns-webpic-qc.xhscdn.com/202602282035/13df3f1865e70f378afc893e79d945ed/spectrum/1040g34o31j3ult290u105q0asm064gghssggem0!nd_dft_wlteh_webp_3'}], 'live_photo': False, 'file_id': '', 'height': 1920, 'url': 'http://sns-webpic-qc.xhscdn.com/202602282035/13df3f1865e70f378afc893e79d945ed/spectrum/1040g34o31j3ult290u105q0asm064gghssggem0!nd_dft_wlteh_webp_3'}], 'xsec_token': 'AB8a4KMvvcFJKBrwkSBlf4mdA9ujI7VZNxLSZIksQEobQ=', 'xsec_source': None}, {'note_id': '6968cab4000000000a0339cc', 'type': 'video', 'desc': '伊朗通报邻国：若遭美袭击将打击其境内美军基地#热点[话题]# #热点新闻事件[话题]#', 'image_list': [{'live_photo': False, 'width': 1080, 'url': 'http://sns-webpic-qc.xhscdn.com/202602282035/e465bc4fcf51515b521867bbbe53cfc0/1040g2sg31rc0un676ukg5ok63c1ocqb3nelvk9g!nd_dft_wlteh_webp_3', 'stream': {}, 'info_list': [{'image_scene': 'WB_PRV', 'url': 'http://sns-webpic-qc.xhscdn.com/202602282035/4314a040471a405184f5df341b462daf/1040g2sg31rc0un676ukg5ok63c1ocqb3nelvk9g!nd_prv_wlteh_webp_3'}, {'image_scene': 'WB_DFT', 'url': 'http://sns-webpic-qc.xhscdn.com/202602282035/e465bc4fcf51515b521867bbbe53cfc0/1040g2sg31rc0un676ukg5ok63c1ocqb3nelvk9g!nd_dft_wlteh_webp_3'}], 'url_pre': 'http://sns-webpic-qc.xhscdn.com/202602282035/4314a040471a405184f5df341b462daf/1040g2sg31rc0un676ukg5ok63c1ocqb3nelvk9g!nd_prv_wlteh_webp_3', 'url_default': 'http://sns-webpic-qc.xhscdn.com/202602282035/e465bc4fcf51515b521867bbbe53cfc0/1040g2sg31rc0un676ukg5ok63c1ocqb3nelvk9g!nd_dft_wlteh_webp_3', 'file_id': '', 'height': 1440, 'trace_id': ''}], 'tag_list': [{'id': '5c46829d000000000e009c0a', 'name': '热点', 'type': 'topic'}, {'id': '631564b80000000001006fa6', 'name': '热点新闻事件', 'type': 'topic'}], 'at_user_list': [], 'title': '', 'user': {'user_id': '62861b030000000021026963', 'nickname': '一线直击', 'avatar': 'https://sns-avatar-qc.xhscdn.com/avatar/1040g2jo3107nc16260605ok63c1ocqb3v5u7eg0', 'xsec_token': 'ABwpTjPdTEH1XayhyzxdPkgoAWmJHJwK8JOwhXi52Lh7E='}, 'interact_info': {'comment_count': '2', 'share_count': '', 'followed': False, 'relation': 'none', 'liked': False, 'liked_count': '3', 'collected': False, 'collected_count': '1'}, 'video': {'media': {'video_id': 137756483400862129, 'video': {'biz_id': '281871671502780876', 'duration': 124, 'md5': 'cde05e66631a8890969911ab5be6839b', 'hdr_type': 0, 'drm_type': 0, 'stream_types': [259, 114, 115], 'biz_name': 110}, 'stream': {'h264': [{'video_duration': 123833, 'backup_urls': ['http://sns-bak-v6.xhscdn.com/stream/79/110/259/01e968cab29d89b1010370039bc1587451_259.mp4'], 'quality_type': 'HD', 'avg_bitrate': 957963, 'audio_channels': 2, 'master_url': 'http://sns-video-qc.xhscdn.com/stream/79/110/259/01e968cab29d89b1010370039bc1587451_259.mp4?sign=77b3dc045dfac0243bded8ba99ea2456&t=69a77e60', 'default_stream': 0, 'audio_duration': 123901, 'stream_desc': 'WM_X264_MP4_web', 'format': 'mp4', 'video_codec': 'h264', 'audio_codec': 'aac', 'rotate': 0, 'psnr': 0, 'ssim': 0, 'stream_type': 259, 'video_bitrate': 887769, 'hdr_type': 0, 'height': 1280, 'size': 14836693, 'vmaf': -1, 'volume': 0, 'fps': 30, 'audio_bitrate': 64071, 'duration': 123902, 'width': 720, 'weight': 62}], 'h265': [{'stream_type': 114, 'audio_codec': 'aac', 'rotate': 0, 'master_url': 'http://sns-video-qc.xhscdn.com/stream/79/110/114/01e968cab29d89b14f0370019bc159cc63_114.mp4?sign=15a297832090af4a0a93c9b884259910&t=69a77e60', 'default_stream': 0, 'duration': 123902, 'size': 13539709, 'fps': 30, 'avg_bitrate': 874220, 'hdr_type': 0, 'vmaf': -1, 'width': 720, 'video_codec': 'hevc', 'backup_urls': ['http://sns-bak-v6.xhscdn.com/stream/79/110/114/01e968cab29d89b14f0370019bc159cc63_114.mp4'], 'quality_type': 'HD', 'volume': 0, 'video_bitrate': 739802, 'audio_channels': 2, 'height': 1280, 'weight': 62, 'stream_desc': 'X265_MP4_WEB_114', 'audio_duration': 123901, 'ssim': 0, 'format': 'mp4', 'video_duration': 123833, 'audio_bitrate': 128143, 'psnr': 40.797000885009766}, {'psnr': 40.74300003051758, 'stream_desc': 'X265_MP4_WEB_115', 'volume': 0, 'master_url': 'http://sns-video-qc.xhscdn.com/stream/1/110/115/01e968cab29d89b1010370019bc15a2071_115.mp4?sign=8d221772359f3559128b56085b2a1496&t=69a77e60', 'default_stream': 0, 'backup_urls': ['http://sns-bak-v6.xhscdn.com/stream/1/110/115/01e968cab29d89b1010370019bc15a2071_115.mp4'], 'hdr_type': 0, 'quality_type': 'HD', 'rotate': 0, 'stream_type': 115, 'height': 1920, 'avg_bitrate': 979068, 'video_bitrate': 844708, 'audio_bitrate': 128143, 'audio_channels': 2, 'size': 15163571, 'video_codec': 'hevc', 'audio_codec': 'aac', 'fps': 30, 'vmaf': -1, 'ssim': 0, 'width': 1080, 'duration': 123902, 'video_duration': 123833, 'weight': 70, 'format': 'mp4', 'audio_duration': 123901}], 'h266': [], 'av1': []}}, 'image': {'first_frame_fileid': '110/0/01e968cab29d89b10010000000019bc157d5f4_0.jpg', 'thumbnail_fileid': 'frame/110/0/01e968cab29d89b10010000000019bc15800ca_0.webp'}, 'capa': {'duration': 123}}, 'time': 1768475316000, 'last_update_time': 1768475316000, 'share_info': {'un_share': False}, 'xsec_token': 'ABMhf2fyWz3pvkKVFTEAbjDmCS4MykzwaymxuDPimC2Lc=', 'xsec_source': None}, {'image_list': [{'file_id': '', 'height': 2560, 'trace_id': '', 'url_default': 'http://sns-webpic-qc.xhscdn.com/202602282035/66d85c0c84676a3cc9286a0d49a74df6/1040g00831j4pu1dth4305p3a3n1qh80uieuelh0!nd_dft_wlteh_webp_3', 'live_photo': False, 'width': 1920, 'url': 'http://sns-webpic-qc.xhscdn.com/202602282035/66d85c0c84676a3cc9286a0d49a74df6/1040g00831j4pu1dth4305p3a3n1qh80uieuelh0!nd_dft_wlteh_webp_3', 'info_list': [{'url': 'http://sns-webpic-qc.xhscdn.com/202602282035/1c3458a2360a9a3f61a245800fbd3430/1040g00831j4pu1dth4305p3a3n1qh80uieuelh0!nd_prv_wlteh_webp_3', 'image_scene': 'WB_PRV'}, {'image_scene': 'WB_DFT', 'url': 'http://sns-webpic-qc.xhscdn.com/202602282035/66d85c0c84676a3cc9286a0d49a74df6/1040g00831j4pu1dth4305p3a3n1qh80uieuelh0!nd_dft_wlteh_webp_3'}], 'url_pre': 'http://sns-webpic-qc.xhscdn.com/202602282035/1c3458a2360a9a3f61a245800fbd3430/1040g00831j4pu1dth4305p3a3n1qh80uieuelh0!nd_prv_wlteh_webp_3', 'stream': {}}], 'video': {'media': {'stream': {'av1': [], 'h264': [{'duration': 102308, 'hdr_type': 0, 'avg_bitrate': 951949, 'audio_bitrate': 64087, 'vmaf': -1, 'master_url': 'http://sns-video-qc.xhscdn.com/stream/79/110/259/01e85b41236667480103700397a47894c2_259.mp4?sign=b6b3d2766e4ae1b520942550636223f5&t=69a77e65', 'stream_desc': 'WM_X264_MP4_web', 'format': 'mp4', 'height': 720, 'video_codec': 'h264', 'audio_channels': 2, 'rotate': 0, 'volume': 0, 'ssim': 0, 'size': 12174004, 'video_duration': 102300, 'audio_codec': 'aac', 'backup_urls': ['http://sns-bak-v6.xhscdn.com/stream/79/110/259/01e85b41236667480103700397a47894c2_259.mp4'], 'weight': 62, 'quality_type': 'HD', 'stream_type': 259, 'default_stream': 0, 'width': 1280, 'video_bitrate': 879258, 'audio_duration': 102307, 'psnr': 0, 'fps': 60}], 'h265': [{'duration': 102308, 'fps': 60, 'audio_codec': 'aac', 'audio_duration': 102307, 'rotate': 0, 'audio_bitrate': 128174, 'height': 720, 'video_codec': 'hevc', 'video_duration': 102300, 'ssim': 0, 'stream_type': 114, 'audio_channels': 2, 'master_url': 'http://sns-video-qc.xhscdn.com/stream/79/110/114/01e85b41236667484f03700197a47b0950_114.mp4?sign=ed843fff2c02edd06af0cbe6f235de42&t=69a77e65', 'hdr_type': 0, 'psnr': 42.654998779296875, 'width': 1280, 'stream_desc': 'X265_MP4_WEB_114', 'video_bitrate': 888153, 'quality_type': 'HD', 'vmaf': -1, 'default_stream': 0, 'format': 'mp4', 'size': 13109543, 'volume': 0, 'avg_bitrate': 1025104, 'backup_urls': ['http://sns-bak-v6.xhscdn.com/stream/79/110/114/01e85b41236667484f03700197a47b0950_114.mp4'], 'weight': 62}, {'stream_type': 115, 'default_stream': 0, 'duration': 102308, 'master_url': 'http://sns-video-qc.xhscdn.com/stream/1/110/115/01e85b41236667480103700197a47a7cb7_115.mp4?sign=8e0de529dd94b6fd715f628524429ce2&t=69a77e65', 'vmaf': -1, 'width': 1920, 'size': 13415416, 'stream_desc': 'X265_MP4_WEB_115', 'audio_duration': 102307, 'fps': 60, 'hdr_type': 0, 'weight': 70, 'quality_type': 'HD', 'avg_bitrate': 1049021, 'audio_channels': 2, 'backup_urls': ['http://sns-bak-v6.xhscdn.com/stream/1/110/115/01e85b41236667480103700197a47a7cb7_115.mp4'], 'psnr': 42.189998626708984, 'rotate': 0, 'height': 1080, 'volume': 0, 'ssim': 0, 'format': 'mp4', 'video_codec': 'hevc', 'video_bitrate': 912072, 'video_duration': 102300, 'audio_codec': 'aac', 'audio_bitrate': 128174}], 'h266': []}, 'video_id': 137460123959715656, 'video': {'duration': 103, 'md5': 'c49e03a71723e735c8d1298139e4ad6e', 'hdr_type': 0, 'drm_type': 0, 'stream_types': [259, 114, 115], 'biz_name': 110, 'biz_id': '281575313243064600'}}, 'image': {'first_frame_fileid': '110/0/01e85b412366674800100000000197a477919f_0.jpg', 'thumbnail_fileid': '110/0/01e85b412366674800100000000197a478e371_0.webp'}, 'capa': {'duration': 102}}, 'at_user_list': [], 'time': 1750810987000, 'note_id': '685b416b0000000017034918', 'type': 'video', 'title': '美军基地遭袭，伊总参谋长:将放手随意打击', 'desc': '美军基地遭袭，伊朗总参谋长：将放手随意打击任何美军#军事[话题]# #以色列[话题]# #伊朗[话题]#', 'share_info': {'un_share': False}, 'user': {'user_id': '646a1dc3000000002a00a01e', 'nickname': '战Lue论', 'avatar': 'https://sns-avatar-qc.xhscdn.com/avatar/1040g2jo31fi7b7oqg66g5p3a3n1qh80upbao4so', 'xsec_token': 'ABNGBvwMAFeKmUVb1ELAJxLmU0uc5G4s6r5XdZmKYI6AM='}, 'interact_info': {'collected_count': '', 'comment_count': '', 'share_count': '', 'followed': False, 'relation': 'none', 'liked': False, 'liked_count': '3', 'collected': False}, 'tag_list': [{'id': '59882a23e39faf521263afe9', 'name': '军事', 'type': 'topic'}, {'id': '5bf04e6951875e00012e3dc2', 'name': '以色列', 'type': 'topic'}, {'id': '54c51dcab4c4d60cc34164dc', 'name': '伊朗', 'type': 'topic'}], 'last_update_time': 1750810987000, 'xsec_token': 'AByhYU8y04HtBk8vI3N3Tf-6ljyn8TnjTuS4ytiqUNXyQ=', 'xsec_source': None}, {'interact_info': {'liked': False, 'liked_count': '1', 'collected': False, 'collected_count': '', 'comment_count': '', 'share_count': '', 'followed': False, 'relation': 'none'}, 'at_user_list': [], 'last_update_time': 1750610309000, 'note_id': '68583184000000001c037212', 'type': 'video', 'desc': '美国轰炸伊朗核设施后，中东安全局势如何发展？6月22日将成为历史节点，是美国战略焦虑还是霸权的最后一博#原创视频[话题]# #未来科技[话题]# #火力全开[话题]# #全球[话题]#', 'video': {'capa': {'duration': 163}, 'media': {'video_id': 137456758193331794, 'video': {'biz_name': 110, 'biz_id': '281571946409456146', 'duration': 164, 'md5': 'a499d12c01a368f5ee1316d9ee66095a', 'hdr_type': 0, 'drm_type': 0, 'stream_types': [259, 114, 115]}, 'stream': {'av1': [], 'h264': [{'volume': 0, 'audio_channels': 2, 'master_url': 'http://sns-video-qc.xhscdn.com/stream/1/110/259/01e858317c171e5201037003979882e689_259.mp4?sign=468a4123ad29e979c90a28a93d81d152&t=69a77e69', 'stream_type': 259, 'duration': 163850, 'audio_bitrate': 64057, 'psnr': 0, 'default_stream': 0, 'fps': 60, 'video_codec': 'h264', 'vmaf': -1, 'video_bitrate': 608332, 'ssim': 0, 'quality_type': 'HD', 'audio_codec': 'aac', 'audio_duration': 163840, 'stream_desc': 'WM_X264_MP4_web', 'format': 'mp4', 'height': 1280, 'avg_bitrate': 680361, 'rotate': 0, 'backup_urls': ['http://sns-bak-v6.xhscdn.com/stream/1/110/259/01e858317c171e5201037003979882e689_259.mp4'], 'hdr_type': 0, 'video_duration': 163850, 'width': 720, 'size': 13934661, 'weight': 62}], 'h265': [{'video_bitrate': 835404, 'psnr': 43.784000396728516, 'weight': 62, 'width': 720, 'avg_bitrate': 972290, 'master_url': 'http://sns-video-qc.xhscdn.com/stream/1/110/114/01e858317c171e5201037001979884f9e6_114.mp4?sign=dfbc2bb45f486824c052a2919e630399&t=69a77e69', 'hdr_type': 0, 'quality_type': 'HD', 'ssim': 0, 'backup_urls': ['http://sns-bak-v6.xhscdn.com/stream/1/110/114/01e858317c171e5201037001979884f9e6_114.mp4'], 'stream_type': 114, 'duration': 163850, 'size': 19913717, 'video_duration': 163850, 'rotate': 0, 'vmaf': -1, 'height': 1280, 'volume': 0, 'stream_desc': 'X265_MP4_WEB_114', 'default_stream': 0, 'format': 'mp4', 'audio_codec': 'aac', 'audio_channels': 2, 'video_codec': 'hevc', 'audio_bitrate': 128108, 'fps': 60, 'audio_duration': 163840}, {'hdr_type': 0, 'quality_type': 'HD', 'height': 1920, 'video_codec': 'hevc', 'video_duration': 163850, 'audio_duration': 163840, 'stream_desc': 'X265_MP4_WEB_115', 'format': 'mp4', 'audio_channels': 2, 'rotate': 0, 'backup_urls': ['http://sns-bak-v6.xhscdn.com/stream/1/110/115/01e858317c171e52010370019798885279_115.mp4'], 'psnr': 41.867000579833984, 'volume': 0, 'fps': 60, 'size': 13736884, 'avg_bitrate': 670705, 'video_bitrate': 533820, 'audio_bitrate': 128108, 'master_url': 'http://sns-video-qc.xhscdn.com/stream/1/110/115/01e858317c171e52010370019798885279_115.mp4?sign=511859bab6edf23be5d240adef9b9593&t=69a77e69', 'stream_type': 115, 'default_stream': 0, 'width': 1080, 'vmaf': -1, 'ssim': 0, 'weight': 70, 'duration': 163850, 'audio_codec': 'aac'}], 'h266': []}}, 'image': {'thumbnail_fileid': '110/0/01e858317c171e520010000000019798823281_0.webp'}}, 'tag_list': [{'id': '5d464ccf000000000f00024a', 'name': '原创视频', 'type': 'topic'}, {'id': '5e1e61b70000000001005348', 'name': '未来科技', 'type': 'topic'}, {'id': '5d18391b000000000d012f22', 'name': '火力全开', 'type': 'topic'}, {'id': '5cb2bb44000000000e01ba8b', 'name': '全球', 'type': 'topic'}], 'time': 1750610308000, 'share_info': {'un_share': False}, 'title': '', 'user': {'user_id': '60216c750000000001005b51', 'nickname': '中交华强', 'avatar': 'https://sns-avatar-qc.xhscdn.com/avatar/60216c750000000001005b51.jpg', 'xsec_token': 'AB8ak8hdIecZZ4BW1_84YdkswxdvelVBRcyMicbaP66zQ='}, 'image_list': [{'file_id': '', 'trace_id': '', 'live_photo': False, 'height': 1920, 'width': 1080, 'url': 'http://sns-webpic-qc.xhscdn.com/202602282035/8a339ea1900e8cc72772e455cd3aff28/1040g2sg31j1q8o7dh4bg5o11dhqg8mqhsnjbr7g!nd_dft_wlteh_webp_3', 'info_list': [{'image_scene': 'WB_PRV', 'url': 'http://sns-webpic-qc.xhscdn.com/202602282035/e179492b4bb4107b3fd05dd35c7e2adb/1040g2sg31j1q8o7dh4bg5o11dhqg8mqhsnjbr7g!nd_prv_wlteh_webp_3'}, {'url': 'http://sns-webpic-qc.xhscdn.com/202602282035/8a339ea1900e8cc72772e455cd3aff28/1040g2sg31j1q8o7dh4bg5o11dhqg8mqhsnjbr7g!nd_dft_wlteh_webp_3', 'image_scene': 'WB_DFT'}], 'url_pre': 'http://sns-webpic-qc.xhscdn.com/202602282035/e179492b4bb4107b3fd05dd35c7e2adb/1040g2sg31j1q8o7dh4bg5o11dhqg8mqhsnjbr7g!nd_prv_wlteh_webp_3', 'url_default': 'http://sns-webpic-qc.xhscdn.com/202602282035/8a339ea1900e8cc72772e455cd3aff28/1040g2sg31j1q8o7dh4bg5o11dhqg8mqhsnjbr7g!nd_dft_wlteh_webp_3', 'stream': {}}], 'xsec_token': 'ABdLj3CrWLYSNQiQPsuY8kNzGIAwRPRPY5uSWNVWyRrzU=', 'xsec_source': None}, {'at_user_list': [], 'desc': '目前我基本判断伊以的前线保持平静，双方都在沿着停火框架执行。因为只要两边打起来，10分钟内油价、金价、币价必有反馈，价格一直很平静说明没出事。\n今天在集思录看到一张图觉得很有意思，一定要和你们分享一下。是一个股民从2021年开始执行滚贴水的策略，他买的不多，就一手，大概100万头寸，然后记录下了自己的盈亏波动，以及心路历程。在中国股民里已经算好的了，毕竟跑赢了指数也赚到了钱，你要是投资指数etf的话4年下来还亏15%，这就是中国主流宽基的表现，说这样的股市是谋财害命一点也不过分。反正我现在是一句话都不会劝新人炒股，不值得，不要进场当肥料。#猫笔刀[话题]##伊以冲突[话题]##滚贴水[话题]#', 'user': {'user_id': '67fbc6da000000000e01c62f', 'nickname': '猫笔刀文章铺', 'avatar': 'https://sns-avatar-qc.xhscdn.com/avatar/645b802c0f5b598e07f39dc7.jpg', 'xsec_token': 'ABaY_tHDhBhlP2mTrx86T1sztIOK1xamMdZ212BU16dtc='}, 'title': '20250624《极限承压》', 'interact_info': {'share_count': '', 'followed': False, 'relation': 'none', 'liked': False, 'liked_count': '1', 'collected': False, 'collected_count': '', 'comment_count': ''}, 'image_list': [{'file_id': '', 'height': 1460, 'trace_id': '', 'info_list': [{'image_scene': 'WB_PRV', 'url': 'http://sns-webpic-qc.xhscdn.com/202602282035/b38a2ff989cdd158475c6c4cecab1aca/notes_pre_post/1040g3k031j49tga3gs005pvrord3jhhfb5hur80!nd_prv_wlteh_webp_3'}, {'image_scene': 'WB_DFT', 'url': 'http://sns-webpic-qc.xhscdn.com/202602282035/6e1b6ee2817629a6765f7fb6bc68ab40/notes_pre_post/1040g3k031j49tga3gs005pvrord3jhhfb5hur80!nd_dft_wlteh_webp_3'}], 'url_default': 'http://sns-webpic-qc.xhscdn.com/202602282035/6e1b6ee2817629a6765f7fb6bc68ab40/notes_pre_post/1040g3k031j49tga3gs005pvrord3jhhfb5hur80!nd_dft_wlteh_webp_3', 'live_photo': False, 'width': 1170, 'url': 'http://sns-webpic-qc.xhscdn.com/202602282035/6e1b6ee2817629a6765f7fb6bc68ab40/notes_pre_post/1040g3k031j49tga3gs005pvrord3jhhfb5hur80!nd_dft_wlteh_webp_3', 'url_pre': 'http://sns-webpic-qc.xhscdn.com/202602282035/b38a2ff989cdd158475c6c4cecab1aca/notes_pre_post/1040g3k031j49tga3gs005pvrord3jhhfb5hur80!nd_prv_wlteh_webp_3', 'stream': {}}, {'live_photo': False, 'file_id': '', 'url': 'http://sns-webpic-qc.xhscdn.com/202602282035/6acd60e4b5c6dea550ef970cc8bbcd20/notes_pre_post/1040g3k031j49tga3gs0g5pvrord3jhhfqahlilo!nd_dft_wgth_webp_3', 'trace_id': '', 'url_pre': 'http://sns-webpic-qc.xhscdn.com/202602282035/ef6b372357fb08666ecefbceb67478d6/notes_pre_post/1040g3k031j49tga3gs0g5pvrord3jhhfqahlilo!nd_prv_wgth_webp_3', 'url_default': 'http://sns-webpic-qc.xhscdn.com/202602282035/6acd60e4b5c6dea550ef970cc8bbcd20/notes_pre_post/1040g3k031j49tga3gs0g5pvrord3jhhfqahlilo!nd_dft_wgth_webp_3', 'height': 990, 'width': 1170, 'info_list': [{'url': 'http://sns-webpic-qc.xhscdn.com/202602282035/ef6b372357fb08666ecefbceb67478d6/notes_pre_post/1040g3k031j49tga3gs0g5pvrord3jhhfqahlilo!nd_prv_wgth_webp_3', 'image_scene': 'WB_PRV'}, {'image_scene': 'WB_DFT', 'url': 'http://sns-webpic-qc.xhscdn.com/202602282035/6acd60e4b5c6dea550ef970cc8bbcd20/notes_pre_post/1040g3k031j49tga3gs0g5pvrord3jhhfqahlilo!nd_dft_wgth_webp_3'}], 'stream': {}}, {'file_id': '', 'width': 1170, 'trace_id': '', 'info_list': [{'image_scene': 'WB_PRV', 'url': 'http://sns-webpic-qc.xhscdn.com/202602282035/d65bc2efc2be9d00ec7f67a714a0a751/notes_pre_post/1040g3k031j49tga3gs105pvrord3jhhfp7r7sn8!nd_prv_wgth_webp_3'}, {'image_scene': 'WB_DFT', 'url': 'http://sns-webpic-qc.xhscdn.com/202602282035/5c5e3c6e171796476fff7f8f383b52f0/notes_pre_post/1040g3k031j49tga3gs105pvrord3jhhfp7r7sn8!nd_dft_wgth_webp_3'}], 'url_pre': 'http://sns-webpic-qc.xhscdn.com/202602282035/d65bc2efc2be9d00ec7f67a714a0a751/notes_pre_post/1040g3k031j49tga3gs105pvrord3jhhfp7r7sn8!nd_prv_wgth_webp_3', 'url_default': 'http://sns-webpic-qc.xhscdn.com/202602282035/5c5e3c6e171796476fff7f8f383b52f0/notes_pre_post/1040g3k031j49tga3gs105pvrord3jhhfp7r7sn8!nd_dft_wgth_webp_3', 'stream': {}, 'live_photo': False, 'height': 1081, 'url': 'http://sns-webpic-qc.xhscdn.com/202602282035/5c5e3c6e171796476fff7f8f383b52f0/notes_pre_post/1040g3k031j49tga3gs105pvrord3jhhfp7r7sn8!nd_dft_wgth_webp_3'}, {'width': 1170, 'url': 'http://sns-webpic-qc.xhscdn.com/202602282035/e63d2927c671dcddbc0a4a85fd58e1be/notes_pre_post/1040g3k031j49tga3gs1g5pvrord3jhhfv55dgao!nd_dft_wlteh_webp_3', 'info_list': [{'image_scene': 'WB_PRV', 'url': 'http://sns-webpic-qc.xhscdn.com/202602282035/2f405d8326a8c4a0ec4ead508b5a50c9/notes_pre_post/1040g3k031j49tga3gs1g5pvrord3jhhfv55dgao!nd_prv_wlteh_webp_3'}, {'image_scene': 'WB_DFT', 'url': 'http://sns-webpic-qc.xhscdn.com/202602282035/e63d2927c671dcddbc0a4a85fd58e1be/notes_pre_post/1040g3k031j49tga3gs1g5pvrord3jhhfv55dgao!nd_dft_wlteh_webp_3'}], 'url_pre': 'http://sns-webpic-qc.xhscdn.com/202602282035/2f405d8326a8c4a0ec4ead508b5a50c9/notes_pre_post/1040g3k031j49tga3gs1g5pvrord3jhhfv55dgao!nd_prv_wlteh_webp_3', 'stream': {}, 'live_photo': False, 'file_id': '', 'height': 1473, 'trace_id': '', 'url_default': 'http://sns-webpic-qc.xhscdn.com/202602282035/e63d2927c671dcddbc0a4a85fd58e1be/notes_pre_post/1040g3k031j49tga3gs1g5pvrord3jhhfv55dgao!nd_dft_wlteh_webp_3'}, {'url_default': 'http://sns-webpic-qc.xhscdn.com/202602282035/aa5b9df18a351abbb650e13683b51081/notes_pre_post/1040g3k031j49tga3gs205pvrord3jhhfu1jjuag!nd_dft_wlteh_webp_3', 'stream': {}, 'url_pre': 'http://sns-webpic-qc.xhscdn.com/202602282035/2256011a19d70d50f42895a4fe6a758d/notes_pre_post/1040g3k031j49tga3gs205pvrord3jhhfu1jjuag!nd_prv_wlteh_webp_3', 'height': 10067, 'width': 650, 'url': 'http://sns-webpic-qc.xhscdn.com/202602282035/aa5b9df18a351abbb650e13683b51081/notes_pre_post/1040g3k031j49tga3gs205pvrord3jhhfu1jjuag!nd_dft_wlteh_webp_3', 'trace_id': '', 'info_list': [{'image_scene': 'WB_PRV', 'url': 'http://sns-webpic-qc.xhscdn.com/202602282035/2256011a19d70d50f42895a4fe6a758d/notes_pre_post/1040g3k031j49tga3gs205pvrord3jhhfu1jjuag!nd_prv_wlteh_webp_3'}, {'image_scene': 'WB_DFT', 'url': 'http://sns-webpic-qc.xhscdn.com/202602282035/aa5b9df18a351abbb650e13683b51081/notes_pre_post/1040g3k031j49tga3gs205pvrord3jhhfu1jjuag!nd_dft_wlteh_webp_3'}], 'live_photo': False, 'file_id': ''}, {'trace_id': '', 'url_default': 'http://sns-webpic-qc.xhscdn.com/202602282035/8b597426b3f15164b5da492ff1721528/notes_pre_post/1040g3k031j49tga3gs2g5pvrord3jhhf5iunae8!nd_dft_wlteh_webp_3', 'live_photo': False, 'url': 'http://sns-webpic-qc.xhscdn.com/202602282035/8b597426b3f15164b5da492ff1721528/notes_pre_post/1040g3k031j49tga3gs2g5pvrord3jhhf5iunae8!nd_dft_wlteh_webp_3', 'info_list': [{'image_scene': 'WB_PRV', 'url': 'http://sns-webpic-qc.xhscdn.com/202602282035/e99ac0534e06fe619b9727ff159b4c3b/notes_pre_post/1040g3k031j49tga3gs2g5pvrord3jhhf5iunae8!nd_prv_wlteh_webp_3'}, {'image_scene': 'WB_DFT', 'url': 'http://sns-webpic-qc.xhscdn.com/202602282035/8b597426b3f15164b5da492ff1721528/notes_pre_post/1040g3k031j49tga3gs2g5pvrord3jhhf5iunae8!nd_dft_wlteh_webp_3'}], 'url_pre': 'http://sns-webpic-qc.xhscdn.com/202602282035/e99ac0534e06fe619b9727ff159b4c3b/notes_pre_post/1040g3k031j49tga3gs2g5pvrord3jhhf5iunae8!nd_prv_wlteh_webp_3', 'stream': {}, 'file_id': '', 'height': 8513, 'width': 769}], 'tag_list': [{'id': '6234aa350000000001001f03', 'name': '猫笔刀', 'type': 'topic'}, {'id': '661029eb000000000201b796', 'name': '伊以冲突', 'type': 'topic'}, {'id': '684054670000000012018ba8', 'name': '滚贴水', 'type': 'topic'}], 'time': 1750777469000, 'last_update_time': 1750777469000, 'note_id': '685abe7d000000001002641c', 'type': 'normal', 'share_info': {'un_share': False}, 'xsec_token': 'AB8a4KMvvcFJKBrwkSBlf4mcY4bhAjZXo57-kMl561Itc=', 'xsec_source': None}]
20:36:02 | INFO    | [XiaoHongShuCrawler.batch_get_note_comments] Begin batch get note comments, note list: ['698b27fa000000000a02e3d6', '685a0b8e00000000110038f0', '6859fe19000000002400e0c9', '69a2b421000000001b01cfc1', '68a2ef0b000000001d025489', '6859d06000000000170343bd', '69889d1c000000001d0240c3', '685ad35d000000000d01b575', '686137b1000000002400d078', '69636ee5000000000a02e4e4', '6857baf9000000002203d52a', '696460cd000000001a021de4', '69898915000000001d026c79', '69a2d5e00000000015022383', '687639f6000000000b02ed4a', '685a61de000000002300579f', '6968cab4000000000a0339cc', '685b416b0000000017034918', '68583184000000001c037212', '685abe7d000000001002641c']
20:36:02 | INFO    | [XiaoHongShuCrawler.get_comments] Begin get note id comments 698b27fa000000000a02e3d6
20:36:02 | INFO    | [store.xhs.update_xhs_note_comment] xhs note comment:{'comment_id': '698b2ac7000000000f02841f', 'create_time': 1770728135000, 'ip_location': '北京', 'note_id': '698b27fa000000000a02e3d6', 'content': '好策略，怀疑学过孙子兵法了', 'user_id': '5fb005b50000000001001163', 'nickname': '不要说真话', 'avatar': 'https://sns-avatar-qc.xhscdn.com/avatar/1040g2jo31ds5202rgs605ntg0mqg84b32j4prqo?imageView2/2/w/120/format/jpg', 'sub_comment_count': '1', 'pictures': '', 'parent_comment_id': 0, 'last_modify_ts': 1772282162575, 'like_count': '5'}
20:36:02 | INFO    | [store.xhs.update_xhs_note_comment] xhs note comment:{'comment_id': '698c4f7c00000000080333b6', 'create_time': 1770803069000, 'ip_location': '江西', 'note_id': '698b27fa000000000a02e3d6', 'content': '我最拉手的就是吹牛', 'user_id': '678b15ad000000000a03c4a1', 'nickname': '以实玛利', 'avatar': 'https://sns-avatar-qc.xhscdn.com/avatar/1040g2jo31cr9dstb0m3g5psb2mminh51ag92dr8?imageView2/2/w/120/format/jpg', 'sub_comment_count': '0', 'pictures': '', 'parent_comment_id': 0, 'last_modify_ts': 1772282162631, 'like_count': '1'}
20:36:02 | INFO    | [store.xhs.update_xhs_note_comment] xhs note comment:{'comment_id': '698c18060000000009022da2', 'create_time': 1770788870000, 'ip_location': '云南', 'note_id': '698b27fa000000000a02e3d6', 'content': '围魏救赵。', 'user_id': '619230e800000000020217f9', 'nickname': '纳纳', 'avatar': 'https://sns-avatar-qc.xhscdn.com/avatar/619230e800000000020217f9.jpg?imageView2/2/w/120/format/jpg', 'sub_comment_count': '0', 'pictures': '', 'parent_comment_id': 0, 'last_modify_ts': 1772282162694, 'like_count': '1'}
20:36:02 | INFO    | [store.xhs.update_xhs_note_comment] xhs note comment:{'comment_id': '698c15dd000000000c009ddd', 'create_time': 1770788318000, 'ip_location': '江苏', 'note_id': '698b27fa000000000a02e3d6', 'content': '这不是拿住美国命根子了吗[赞R]', 'user_id': '65fc1328000000000b00e3cf', 'nickname': 'ZSY', 'avatar': 'https://sns-avatar-qc.xhscdn.com/avatar/645b7c0d1d74d41345e61461.jpg?imageView2/2/w/120/format/jpg', 'sub_comment_count': '0', 'pictures': '', 'parent_comment_id': 0, 'last_modify_ts': 1772282162769, 'like_count': '0'}
20:36:02 | INFO    | [store.xhs.update_xhs_note_comment] xhs note comment:{'comment_id': '698c2af70000000008032879', 'create_time': 1770793720000, 'ip_location': '江苏', 'note_id': '698b27fa000000000a02e3d6', 'content': '终于看懂重点了', 'user_id': '5d0af69b000000001200dec8', 'nickname': '固执的鱼', 'avatar': 'https://sns-avatar-qc.xhscdn.com/avatar/5d0af700a6c6820001f41e8e.jpg?imageView2/2/w/120/format/jpg', 'sub_comment_count': '0', 'pictures': '', 'parent_comment_id': 0, 'last_modify_ts': 1772282162825, 'like_count': '0'}
20:36:02 | INFO    | [store.xhs.update_xhs_note_comment] xhs note comment:{'comment_id': '698bde0d000000000b037bf2', 'create_time': 1770774030000, 'ip_location': '中国香港', 'note_id': '698b27fa000000000a02e3d6', 'content': '確', 'user_id': '644b5195000000002a00aed5', 'nickname': '大豺狼', 'avatar': 'https://sns-avatar-qc.xhscdn.com/avatar/411309441983cdc4ce073ff8da73b5b6.jpg?imageView2/2/w/120/format/jpg', 'sub_comment_count': '0', 'pictures': '', 'parent_comment_id': 0, 'last_modify_ts': 1772282162894, 'like_count': '0'}
20:36:02 | INFO    | [store.xhs.update_xhs_note_comment] xhs note comment:{'comment_id': '698bfea8000000000c00b58b', 'create_time': 1770782377000, 'ip_location': '河北', 'note_id': '698b27fa000000000a02e3d6', 'content': '不是应该先升旗吗？', 'user_id': '6788585d000000000801a6ad', 'nickname': '十一个零的线', 'avatar': 'https://sns-avatar-qc.xhscdn.com/avatar/1040g2jo31cmr25d8gk6g5ps8b1ei39ld11ql6tg?imageView2/2/w/120/format/jpg', 'sub_comment_count': '0', 'pictures': '', 'parent_comment_id': 0, 'last_modify_ts': 1772282162951, 'like_count': '0'}
20:36:03 | INFO    | [store.xhs.update_xhs_note_comment] xhs note comment:{'comment_id': '698c1a24000000000800fbd9', 'create_time': 1770789413000, 'ip_location': '广东', 'note_id': '698b27fa000000000a02e3d6', 'content': '这个可以有', 'user_id': '64eef32d0000000004026bf7', 'nickname': '哇塞', 'avatar': 'https://sns-avatar-qc.xhscdn.com/avatar/1040g2jo31okonpmlgg6g5p7eucmh4qvnn6atol0?imageView2/2/w/120/format/jpg', 'sub_comment_count': '0', 'pictures': '', 'parent_comment_id': 0, 'last_modify_ts': 1772282163008, 'like_count': '0'}
20:36:03 | INFO    | [store.xhs.update_xhs_note_comment] xhs note comment:{'comment_id': '698b2f69000000000f01f6b0', 'create_time': 1770729322000, 'ip_location': '陕西', 'note_id': '698b27fa000000000a02e3d6', 'content': '好办法', 'user_id': '62930cce0000000021027a9f', 'nickname': '星空物语', 'avatar': 'https://sns-avatar-qc.xhscdn.com/avatar/1040g2jo31mn8rono5i6g5okj1j78cukv9p4vgig?imageView2/2/w/120/format/jpg', 'sub_comment_count': '0', 'pictures': '', 'parent_comment_id': 0, 'last_modify_ts': 1772282163077, 'like_count': '1'}
20:36:03 | INFO    | [store.xhs.update_xhs_note_comment] xhs note comment:{'comment_id': '698b3a2400000000090345fc', 'create_time': 1770732069000, 'ip_location': '安徽', 'note_id': '698b27fa000000000a02e3d6', 'content': '那可就太好了！[萌萌哒R]', 'user_id': '678c5be0000000000d00bce8', 'nickname': '迪克曼与迪克菲斯&浦西卡', 'avatar': 'https://sns-avatar-qc.xhscdn.com/avatar/1040g2jo31cr74ssf0m005pscbfg39f78mkpm0c8?imageView2/2/w/120/format/jpg', 'sub_comment_count': '0', 'pictures': 'http://sns-webpic-qc.xhscdn.com/202602282036/c162c5ca3f67650e036752954815b7c5/comment/1040g4b831sdhn3d1m2805pscbfg39f789969pu8!nd_whlt34_webp_wm_1', 'parent_comment_id': 0, 'last_modify_ts': 1772282163123, 'like_count': '1'}
20:36:04 | INFO    | [BilibiliCrawler.get_comments] begin get video_id: 116148012056635 comments ...
20:36:05 | INFO    | [XiaoHongShuCrawler.get_comments_all_sub_comments] Crawling sub_comment mode is not enabled
20:36:05 | INFO    | [store.xhs.update_xhs_note_comment] xhs note comment:{'comment_id': '698c1c3b0000000009021653', 'create_time': 1770789947000, 'ip_location': '北京', 'note_id': '698b27fa000000000a02e3d6', 'content': '川普：打吧，打完了别忘了分我一片地[微笑R]', 'user_id': '5c8df80d000000001000b59e', 'nickname': 'momo', 'avatar': 'https://sns-avatar-qc.xhscdn.com/avatar/1040g2jo31jfifqp5iu005n4dv06k1dcu696rut0?imageView2/2/w/120/format/jpg', 'sub_comment_count': '0', 'pictures': '', 'parent_comment_id': 0, 'last_modify_ts': 1772282165505, 'like_count': '0'}
20:36:05 | INFO    | [store.xhs.update_xhs_note_comment] xhs note comment:{'comment_id': '698bfdd400000000090216a4', 'create_time': 1770782164000, 'ip_location': '四川', 'note_id': '698b27fa000000000a02e3d6', 'content': '20000都没用20万才有效', 'user_id': '6818551d000000000d0083f8', 'nickname': '爱上打球的日子', 'avatar': 'https://sns-avatar-qc.xhscdn.com/avatar/645b7f6e338379fac1893093.jpg?imageView2/2/w/120/format/jpg', 'sub_comment_count': '0', 'pictures': '', 'parent_comment_id': 0, 'last_modify_ts': 1772282165564, 'like_count': '0'}
20:36:05 | INFO    | [store.xhs.update_xhs_note_comment] xhs note comment:{'comment_id': '698c6d87000000000800f547', 'create_time': 1770810759000, 'ip_location': '日本', 'note_id': '698b27fa000000000a02e3d6', 'content': '笑死', 'user_id': '67215a2c000000001d02fa84', 'nickname': 'よいしょ', 'avatar': 'https://sns-avatar-qc.xhscdn.com/avatar/645b6985573b2ad2b5243b1d.jpg?imageView2/2/w/120/format/jpg', 'sub_comment_count': '0', 'pictures': '', 'parent_comment_id': 0, 'last_modify_ts': 1772282165657, 'like_count': '0'}
20:36:05 | INFO    | [store.xhs.update_xhs_note_comment] xhs note comment:{'comment_id': '698b2ef4000000000f02ae0a', 'create_time': 1770729205000, 'ip_location': '浙江', 'note_id': '698b27fa000000000a02e3d6', 'content': '嘴硬而已', 'user_id': '62bfb40e0000000019028ece', 'nickname': 'Jensen', 'avatar': 'https://sns-avatar-qc.xhscdn.com/avatar/1040g2jo31jb7fnl62o5g5olvmg76d3me7n06c80?imageView2/2/w/120/format/jpg', 'sub_comment_count': '3', 'pictures': '', 'parent_comment_id': 0, 'last_modify_ts': 1772282165857, 'like_count': '2'}
20:36:05 | INFO    | [store.xhs.update_xhs_note_comment] xhs note comment:{'comment_id': '698d1cf60000000006009aca', 'create_time': 1770855670000, 'ip_location': '北京', 'note_id': '698b27fa000000000a02e3d6', 'content': '吹得不错', 'user_id': '5f509ae9000000000100226d', 'nickname': 'jishiguiguoduodun', 'avatar': 'https://sns-avatar-qc.xhscdn.com/avatar/1040g2jo31rkendps200g5nqgjbkg88jd2msgcr8?imageView2/2/w/120/format/jpg', 'sub_comment_count': '0', 'pictures': '', 'parent_comment_id': 0, 'last_modify_ts': 1772282165966, 'like_count': '0'}
20:36:06 | INFO    | [store.xhs.update_xhs_note_comment] xhs note comment:{'comment_id': '698b2dcf000000001d00a917', 'create_time': 1770728911000, 'ip_location': '甘肃', 'note_id': '698b27fa000000000a02e3d6', 'content': '吹牛吹得自己都快信了……', 'user_id': '6580213d000000001c018e5c', 'nickname': 'puppy', 'avatar': 'https://sns-avatar-qc.xhscdn.com/avatar/645b7e90e29f7d0acadad8aa.jpg?imageView2/2/w/120/format/jpg', 'sub_comment_count': '0', 'pictures': '', 'parent_comment_id': 0, 'last_modify_ts': 1772282166036, 'like_count': '2'}
20:36:06 | INFO    | [store.xhs.update_xhs_note_comment] xhs note comment:{'comment_id': '698b2d070000000008031e62', 'create_time': 1770728711000, 'ip_location': '山西', 'note_id': '698b27fa000000000a02e3d6', 'content': '浑身上下就嘴硬了[赞R][赞R]', 'user_id': '66c498eb000000001d020e87', 'nickname': '叫兽', 'avatar': 'https://sns-avatar-qc.xhscdn.com/avatar/1040g2jo31plejhf84m005pm4j3lnc3k7mnckdmg?imageView2/2/w/120/format/jpg', 'sub_comment_count': '0', 'pictures': '', 'parent_comment_id': 0, 'last_modify_ts': 1772282166093, 'like_count': '0'}
20:36:07 | INFO    | [BilibiliCrawler.get_comments] Sleeping for 2 seconds after fetching comments for video 116148012056635
20:36:08 | INFO    | [XiaoHongShuCrawler.get_comments_all_sub_comments] Crawling sub_comment mode is not enabled
20:36:09 | INFO    | [BilibiliCrawler.get_comments] begin get video_id: 116147877841070 comments ...
20:36:10 | INFO    | [XiaoHongShuCrawler.get_comments] Sleeping for 2 seconds after fetching comments for note 698b27fa000000000a02e3d6
20:36:10 | INFO    | [XiaoHongShuCrawler.get_comments] Begin get note id comments 685a0b8e00000000110038f0
20:36:12 | INFO    | [BilibiliCrawler.get_comments] Sleeping for 2 seconds after fetching comments for video 116147877841070
20:36:12 | INFO    | [store.bilibili.update_bilibili_video_comment] Bilibili video comment: 291623347057, content: 太坏了特朗普，下次能不能别休市的时候动手？[Ave Mujica_我有话说]
20:36:12 | INFO    | [XiaoHongShuCrawler.get_comments_all_sub_comments] Crawling sub_comment mode is not enabled
20:36:12 | INFO    | [store.bilibili.update_bilibili_video_comment] Bilibili video comment: 293923244832, content: 以色列的这个导弹扑腾一下子精准定位，把伊朗陆军司令的裤衩子都给崩飞了
20:36:12 | INFO    | [store.bilibili.update_bilibili_video_comment] Bilibili video comment: 291626551185, content: 懂王还是动手了
20:36:14 | INFO    | [XiaoHongShuCrawler.get_comments] Sleeping for 2 seconds after fetching comments for note 685a0b8e00000000110038f0
20:36:14 | INFO    | [XiaoHongShuCrawler.get_comments] Begin get note id comments 6859fe19000000002400e0c9
20:36:14 | INFO    | [BilibiliCrawler.get_comments] begin get video_id: 116148012124083 comments ...
20:36:14 | INFO    | [store.xhs.update_xhs_note_comment] xhs note comment:{'comment_id': '685a2e9a000000000602c10a', 'create_time': 1750740634000, 'ip_location': '山东', 'note_id': '6859fe19000000002400e0c9', 'content': '一个说基本毁了核设施，一个说打了对方基地，但是双方实际损失不详，然后就停战了。感觉像在互相给个台阶下', 'user_id': '5a7db36be8ac2b33195cd260', 'nickname': '夏末的回忆', 'avatar': 'https://sns-avatar-qc.xhscdn.com/avatar/60673b4419051c0c0decb87c.jpg?imageView2/2/w/120/format/jpg', 'sub_comment_count': '0', 'pictures': '', 'parent_comment_id': 0, 'last_modify_ts': 1772282174897, 'like_count': '1'}
20:36:16 | INFO    | [XiaoHongShuCrawler.get_comments_all_sub_comments] Crawling sub_comment mode is not enabled
20:36:18 | INFO    | [XiaoHongShuCrawler.get_comments] Sleeping for 2 seconds after fetching comments for note 6859fe19000000002400e0c9
20:36:18 | INFO    | [XiaoHongShuCrawler.get_comments] Begin get note id comments 69a2b421000000001b01cfc1
20:36:19 | INFO    | [store.xhs.update_xhs_note_comment] xhs note comment:{'comment_id': '69a2b44b000000000600fa59', 'create_time': 1772270667000, 'ip_location': '上海', 'note_id': '69a2b421000000001b01cfc1', 'content': '伊朗以色列最新动态突发！以美联合袭击伊朗', 'user_id': '63009005000000000f004b6e', 'nickname': '财联社', 'avatar': 'https://sns-avatar-qc.xhscdn.com/avatar/67481414ee8c550bc893f590.jpg?imageView2/2/w/120/format/jpg', 'sub_comment_count': '0', 'pictures': '', 'parent_comment_id': 0, 'last_modify_ts': 1772282179311, 'like_count': '8'}
20:36:19 | INFO    | [store.xhs.update_xhs_note_comment] xhs note comment:{'comment_id': '69a2b980000000000600dd91', 'create_time': 1772272001000, 'ip_location': '浙江', 'note_id': '69a2b421000000001b01cfc1', 'content': '黄金啥价格了，给我软件都打崩了[笑哭R]', 'user_id': '6062a5d800000000010022d2', 'nickname': '一米阳光', 'avatar': 'https://sns-avatar-qc.xhscdn.com/avatar/1040g2jo31qp0fgcr72505o32knc088mi77gdcag?imageView2/2/w/120/format/jpg', 'sub_comment_count': '9', 'pictures': '', 'parent_comment_id': 0, 'last_modify_ts': 1772282179406, 'like_count': '13'}
20:36:19 | INFO    | [store.xhs.update_xhs_note_comment] xhs note comment:{'comment_id': '69a2d3780000000006032dfb', 'create_time': 1772278648000, 'ip_location': '江苏', 'note_id': '69a2b421000000001b01cfc1', 'content': '关键伊朗还特别有礼貌，提前2小时通知美方，要打你服务中心了，相关人员赶快撤离。', 'user_id': '61c0ec75000000001000f29e', 'nickname': '劳尔', 'avatar': 'https://sns-avatar-qc.xhscdn.com/avatar/61c0ecf5dc95e20be418c96d.jpg?imageView2/2/w/120/format/jpg', 'sub_comment_count': '1', 'pictures': '', 'parent_comment_id': 0, 'last_modify_ts': 1772282179453, 'like_count': '2'}
20:36:19 | INFO    | [store.xhs.update_xhs_note_comment] xhs note comment:{'comment_id': '69a2b69d000000000803115d', 'create_time': 1772271261000, 'ip_location': '河北', 'note_id': '69a2b421000000001b01cfc1', 'content': '和上次一样围着基地外围炸一圈罢了', 'user_id': '64b990a7000000001403b8cd', 'nickname': 'xgtfujjhn', 'avatar': 'https://sns-avatar-qc.xhscdn.com/avatar/1040g2jo31p6d5t7djc005p5pi2jl7e6d8sp5p28?imageView2/2/w/120/format/jpg', 'sub_comment_count': '6', 'pictures': '', 'parent_comment_id': 0, 'last_modify_ts': 1772282179510, 'like_count': '26'}
20:36:19 | INFO    | [store.xhs.update_xhs_note_comment] xhs note comment:{'comment_id': '69a2c7b60000000009006c5a', 'create_time': 1772275638000, 'ip_location': '陕西', 'note_id': '69a2b421000000001b01cfc1', 'content': '伊朗这么强硬', 'user_id': '5755679534609401cbaf589a', 'nickname': '鹿呦呦', 'avatar': 'https://sns-avatar-qc.xhscdn.com/avatar/1040g2jo31niunvm86g0g48egtsjpam4qeqghq88?imageView2/2/w/120/format/jpg', 'sub_comment_count': '2', 'pictures': '', 'parent_comment_id': 0, 'last_modify_ts': 1772282179585, 'like_count': '4'}
20:36:19 | INFO    | [BilibiliCrawler.get_comments] Sleeping for 2 seconds after fetching comments for video 116148012124083
20:36:19 | INFO    | [store.xhs.update_xhs_note_comment] xhs note comment:{'comment_id': '69a2e065000000000c017822', 'create_time': 1772281958000, 'ip_location': '浙江', 'note_id': '69a2b421000000001b01cfc1', 'content': '呦吼，敢放抗了', 'user_id': '5ec37c8d00000000010013e9', 'nickname': '阿武', 'avatar': 'https://sns-avatar-qc.xhscdn.com/avatar/5ec37c8d00000000010013e9.jpg?imageView2/2/w/120/format/jpg', 'sub_comment_count': '0', 'pictures': '', 'parent_comment_id': 0, 'last_modify_ts': 1772282179693, 'like_count': '0'}
20:36:19 | INFO    | [store.xhs.update_xhs_note_comment] xhs note comment:{'comment_id': '69a2ba62000000000b035e6a', 'create_time': 1772272226000, 'ip_location': '安徽', 'note_id': '69a2b421000000001b01cfc1', 'content': '服务中心是什么玩意，不会就是存了点食品弹药的仓库吧，难道不应该直接炸军舰和机场吗，牢伊还是不敢打吧[笑哭R]', 'user_id': '61f2376c000000001000f8db', 'nickname': 'nihility', 'avatar': 'https://sns-avatar-qc.xhscdn.com/avatar/1040g2jo30rh8g5e4hc6g5ofi6tm41u6rbkdkrvg?imageView2/2/w/120/format/jpg', 'sub_comment_count': '2', 'pictures': '', 'parent_comment_id': 0, 'last_modify_ts': 1772282179829, 'like_count': '10'}
20:36:19 | INFO    | [store.xhs.update_xhs_note_comment] xhs note comment:{'comment_id': '69a2dcca000000000c016d0e', 'create_time': 1772281034000, 'ip_location': '四川', 'note_id': '69a2b421000000001b01cfc1', 'content': '打航母呗', 'user_id': '607ea5f600000000010069b8', 'nickname': '何必微风', 'avatar': 'https://sns-avatar-qc.xhscdn.com/avatar/607ea68eaaddec4de656209a.jpg?imageView2/2/w/120/format/jpg', 'sub_comment_count': '0', 'pictures': '', 'parent_comment_id': 0, 'last_modify_ts': 1772282179904, 'like_count': '0'}
20:36:19 | INFO    | [store.xhs.update_xhs_note_comment] xhs note comment:{'comment_id': '69a2bbb00000000005033061', 'create_time': 1772272561000, 'ip_location': '浙江', 'note_id': '69a2b421000000001b01cfc1', 'content': '这次准备升啥旗', 'user_id': '66853de700000000030319c7', 'nickname': 'ryan', 'avatar': 'https://sns-avatar-qc.xhscdn.com/avatar/1040g2jo31drjbfneg8005pk57njgu6e7fn63e9g?imageView2/2/w/120/format/jpg', 'sub_comment_count': '5', 'pictures': '', 'parent_comment_id': 0, 'last_modify_ts': 1772282179962, 'like_count': '12'}
20:36:20 | INFO    | [store.xhs.update_xhs_note_comment] xhs note comment:{'comment_id': '69a2c865000000001802151b', 'create_time': 1772275814000, 'ip_location': '上海', 'note_id': '69a2b421000000001b01cfc1', 'content': '俄乌、以巴、泰柬、苏丹内战、墨西哥暴乱，古巴危机，现再加上个美以伊战争，全世界多点开花。', 'user_id': '56585ad50bf90c6b97601df2', 'nickname': 'McVapend', 'avatar': 'https://sns-avatar-qc.xhscdn.com/avatar/66915c4b8dbd992a9ed9518a.jpg?imageView2/2/w/120/format/jpg', 'sub_comment_count': '0', 'pictures': '', 'parent_comment_id': 0, 'last_modify_ts': 1772282180020, 'like_count': '1'}
20:36:21 | INFO    | [BilibiliCrawler.get_comments] begin get video_id: 116147139711717 comments ...
20:36:22 | INFO    | [XiaoHongShuCrawler.get_comments_all_sub_comments] Crawling sub_comment mode is not enabled
20:36:22 | INFO    | [store.xhs.update_xhs_note_comment] xhs note comment:{'comment_id': '69a2dc7c0000000008030086', 'create_time': 1772280956000, 'ip_location': '山东', 'note_id': '69a2b421000000001b01cfc1', 'content': '可怜又可恨的阿朗！反复横跳，自作自受！', 'user_id': '678f2ae4000000000d008481', 'nickname': '行云流水', 'avatar': 'https://sns-avatar-qc.xhscdn.com/avatar/1040g2jo31ra613gk00005psf5bi39141b2fntbg?imageView2/2/w/120/format/jpg', 'sub_comment_count': '0', 'pictures': '', 'parent_comment_id': 0, 'last_modify_ts': 1772282182418, 'like_count': '0'}
20:36:22 | INFO    | [store.xhs.update_xhs_note_comment] xhs note comment:{'comment_id': '69a2dbfd0000000015010bc3', 'create_time': 1772280829000, 'ip_location': '澳大利亚', 'note_id': '69a2b421000000001b01cfc1', 'content': '可以预见非常的拉垮', 'user_id': '5ecb4508000000000101cfde', 'nickname': 'Davidog', 'avatar': 'https://sns-avatar-qc.xhscdn.com/avatar/1040g2jo31s918knpls005nmb8k40bjuu7o4b360?imageView2/2/w/120/format/jpg', 'sub_comment_count': '0', 'pictures': '', 'parent_comment_id': 0, 'last_modify_ts': 1772282182472, 'like_count': '0'}
20:36:22 | INFO    | [store.xhs.update_xhs_note_comment] xhs note comment:{'comment_id': '69a2b5e60000000004002b49', 'create_time': 1772271078000, 'ip_location': '湖北', 'note_id': '69a2b421000000001b01cfc1', 'content': '擒贼先擒王，炸鱿鱼', 'user_id': '5573cb61049f6d590b849dc7', 'nickname': '小红薯6624A8A0', 'avatar': 'https://sns-avatar-qc.xhscdn.com/avatar/5573cb61049f6d590b849dc7.jpg?imageView2/2/w/120/format/jpg', 'sub_comment_count': '0', 'pictures': '', 'parent_comment_id': 0, 'last_modify_ts': 1772282182523, 'like_count': '1'}
20:36:22 | INFO    | [store.xhs.update_xhs_note_comment] xhs note comment:{'comment_id': '69a2d881000000000600a722', 'create_time': 1772279937000, 'ip_location': '湖北', 'note_id': '69a2b421000000001b01cfc1', 'content': '打得好！还不够。伊朗🇮🇷加油💪！', 'user_id': '642935690000000011020ee9', 'nickname': '逍遥自在极意功', 'avatar': 'https://sns-avatar-qc.xhscdn.com/avatar/1040g2jo30robe2pq2i6g5p196lkkc3n9ssovs0o?imageView2/2/w/120/format/jpg', 'sub_comment_count': '0', 'pictures': '', 'parent_comment_id': 0, 'last_modify_ts': 1772282182587, 'like_count': '1'}
20:36:22 | INFO    | [store.xhs.update_xhs_note_comment] xhs note comment:{'comment_id': '69a2d21e000000000800e725', 'create_time': 1772278303000, 'ip_location': '上海', 'note_id': '69a2b421000000001b01cfc1', 'content': '直接300枚一次，连续攻击十波[飞吻R]再混无人机一次300，可惜没那么多', 'user_id': '5d2fd15b000000001202c1c0', 'nickname': '小红薯5D30EBDD', 'avatar': 'https://sns-avatar-qc.xhscdn.com/avatar/d784fc20c996f3d2f39d034c404f234e.jpg?imageView2/2/w/120/format/jpg', 'sub_comment_count': '0', 'pictures': '', 'parent_comment_id': 0, 'last_modify_ts': 1772282182633, 'like_count': '0'}
20:36:22 | INFO    | [store.xhs.update_xhs_note_comment] xhs note comment:{'comment_id': '69a2c5020000000009036103', 'create_time': 1772274946000, 'ip_location': '浙江', 'note_id': '69a2b421000000001b01cfc1', 'content': '服务中心主要负责后勤保障，还有些美国罐头来不及搬走，被炸了，这下好了，美军损失惨重', 'user_id': '5e4ff9900000000001005003', 'nickname': '甘蔗', 'avatar': 'https://sns-avatar-qc.xhscdn.com/avatar/1040g2jo316sdld4tk6605nifv6808k03s8qn66g?imageView2/2/w/120/format/jpg', 'sub_comment_count': '1', 'pictures': '', 'parent_comment_id': 0, 'last_modify_ts': 1772282182701, 'like_count': '2'}
20:36:22 | INFO    | [store.xhs.update_xhs_note_comment] xhs note comment:{'comment_id': '69a2d75a000000000c009b8a', 'create_time': 1772279642000, 'ip_location': '江苏', 'note_id': '69a2b421000000001b01cfc1', 'content': '五角大楼外卖爆单了吗？', 'user_id': '66fa362a000000001d031ebb', 'nickname': '凯琪', 'avatar': 'https://sns-avatar-qc.xhscdn.com/avatar/645b7efe1fc3de4c930effac.jpg?imageView2/2/w/120/format/jpg', 'sub_comment_count': '0', 'pictures': '', 'parent_comment_id': 0, 'last_modify_ts': 1772282182787, 'like_count': '1'}
20:36:22 | INFO    | [store.xhs.update_xhs_note_comment] xhs note comment:{'comment_id': '69a2d2b6000000000b03786f', 'create_time': 1772278455000, 'ip_location': '辽宁', 'note_id': '69a2b421000000001b01cfc1', 'content': '闹了半天打了个服务中心', 'user_id': '661e611e00000000030310e9', 'nickname': '来把40米长大刀', 'avatar': 'https://sns-avatar-qc.xhscdn.com/avatar/645b6a2cad8bfdf0d350826b.jpg?imageView2/2/w/120/format/jpg', 'sub_comment_count': '0', 'pictures': '', 'parent_comment_id': 0, 'last_modify_ts': 1772282182850, 'like_count': '0'}
20:36:22 | INFO    | [store.xhs.update_xhs_note_comment] xhs note comment:{'comment_id': '69a2d3e60000000009005acd', 'create_time': 1772278758000, 'ip_location': '浙江', 'note_id': '69a2b421000000001b01cfc1', 'content': '伊朗各武装部队应按预定作战计划，自由无差别快速反击美军以色列目标', 'user_id': '60fd40ba0000000001003531', 'nickname': '小红薯653A5114', 'avatar': 'https://sns-avatar-qc.xhscdn.com/avatar/0dd6f7e91ce0bea602fbc47515b7c72f.jpg?imageView2/2/w/120/format/jpg', 'sub_comment_count': '0', 'pictures': '', 'parent_comment_id': 0, 'last_modify_ts': 1772282182919, 'like_count': '0'}
20:36:22 | INFO    | [store.xhs.update_xhs_note_comment] xhs note comment:{'comment_id': '69a2cf9a000000001d00ad31', 'create_time': 1772277659000, 'ip_location': '湖北', 'note_id': '69a2b421000000001b01cfc1', 'content': '不让老美死人没用。', 'user_id': '601a9b6c000000000101e42f', 'nickname': '春天的风', 'avatar': 'https://sns-avatar-qc.xhscdn.com/avatar/1040g2jo31t26vb7n5k605o0qjdm0bp1fac1d2ug?imageView2/2/w/120/format/jpg', 'sub_comment_count': '0', 'pictures': '', 'parent_comment_id': 0, 'last_modify_ts': 1772282182970, 'like_count': '2'}
20:36:25 | INFO    | [XiaoHongShuCrawler.get_comments_all_sub_comments] Crawling sub_comment mode is not enabled
20:36:26 | INFO    | [BilibiliCrawler.get_comments] Sleeping for 2 seconds after fetching comments for video 116147139711717
20:36:27 | INFO    | [store.bilibili.update_bilibili_video_comment] Bilibili video comment: 293898350608, content: 我建议伊朗直接升彩虹旗，美国就不敢炸了，不然回国要被lgbtq围攻
20:36:27 | INFO    | [XiaoHongShuCrawler.get_comments] Sleeping for 2 seconds after fetching comments for note 69a2b421000000001b01cfc1
20:36:27 | INFO    | [XiaoHongShuCrawler.get_comments] Begin get note id comments 68a2ef0b000000001d025489
20:36:27 | INFO    | [store.bilibili.update_bilibili_video_comment] Bilibili video comment: 291599531585, content: 史都吃不上热乎的
20:36:27 | INFO    | [store.bilibili.update_bilibili_video_comment] Bilibili video comment: 291609519633, content: 美军天下第一实至名归！
20:36:29 | INFO    | [BilibiliCrawler.get_comments] begin get video_id: 116147189979381 comments ...
20:36:29 | INFO    | [XiaoHongShuCrawler.get_comments_all_sub_comments] Crawling sub_comment mode is not enabled
20:36:31 | INFO    | [XiaoHongShuCrawler.get_comments] Sleeping for 2 seconds after fetching comments for note 68a2ef0b000000001d025489
20:36:31 | INFO    | [XiaoHongShuCrawler.get_comments] Begin get note id comments 6859d06000000000170343bd
20:36:31 | INFO    | [store.xhs.update_xhs_note_comment] xhs note comment:{'comment_id': '685a4fce000000002000c17a', 'create_time': 1750749134000, 'ip_location': '重庆', 'note_id': '6859d06000000000170343bd', 'content': '刘备的儿', 'user_id': '62286a13000000001000cd4b', 'nickname': '抒怀', 'avatar': 'https://sns-avatar-qc.xhscdn.com/avatar/ae351b5abc78ae2e8d79998354db8440.jpg?imageView2/2/w/120/format/jpg', 'sub_comment_count': '5', 'pictures': '', 'parent_comment_id': 0, 'last_modify_ts': 1772282191716, 'like_count': '0'}
20:36:31 | INFO    | [store.xhs.update_xhs_note_comment] xhs note comment:{'comment_id': '685a17140000000013034ad1', 'create_time': 1750734613000, 'ip_location': '北京', 'note_id': '6859d06000000000170343bd', 'content': '双方都有通知📢 一直都是这样', 'user_id': '55728efe67bc6571e4e03fc1', 'nickname': '麦老师', 'avatar': 'https://sns-avatar-qc.xhscdn.com/avatar/1040g2jo313qnjj971c0g40oqvt7fsfu1ovfdsvo?imageView2/2/w/120/format/jpg', 'sub_comment_count': '1', 'pictures': '', 'parent_comment_id': 0, 'last_modify_ts': 1772282191779, 'like_count': '2'}
20:36:31 | INFO    | [store.xhs.update_xhs_note_comment] xhs note comment:{'comment_id': '6859ee9f0000000020010787', 'create_time': 1750724255000, 'ip_location': '上海', 'note_id': '6859d06000000000170343bd', 'content': '间谍通知的也没毛病', 'user_id': '5f1fbb55000000000100966e', 'nickname': '亚无蛋', 'avatar': 'https://sns-avatar-qc.xhscdn.com/avatar/6242905c3c7eaa32263b5dd9.jpg?imageView2/2/w/120/format/jpg', 'sub_comment_count': '1', 'pictures': '', 'parent_comment_id': 0, 'last_modify_ts': 1772282191837, 'like_count': '1'}
20:36:31 | INFO    | [store.xhs.update_xhs_note_comment] xhs note comment:{'comment_id': '685a10b80000000020010401', 'create_time': 1750732985000, 'ip_location': '安徽', 'note_id': '6859d06000000000170343bd', 'content': '是的，国内有间谍', 'user_id': '5d4fa47e000000001603a8f0', 'nickname': '涵涵和大航是吃货', 'avatar': 'https://sns-avatar-qc.xhscdn.com/avatar/5f48f3ee82d0140001290c23.jpg?imageView2/2/w/120/format/jpg', 'sub_comment_count': '1', 'pictures': '', 'parent_comment_id': 0, 'last_modify_ts': 1772282191905, 'like_count': '0'}
20:36:31 | INFO    | [store.xhs.update_xhs_note_comment] xhs note comment:{'comment_id': '6859fd90000000002000d561', 'create_time': 1750728080000, 'ip_location': '广东', 'note_id': '6859d06000000000170343bd', 'content': '所以你认为美国也认真的炸了伊朗？', 'user_id': '64ca9736000000000b00ab75', 'nickname': 'hspf', 'avatar': 'https://sns-avatar-qc.xhscdn.com/avatar/645b6a2cad8bfdf0d350826b.jpg?imageView2/2/w/120/format/jpg', 'sub_comment_count': '1', 'pictures': '', 'parent_comment_id': 0, 'last_modify_ts': 1772282191979, 'like_count': '0'}
20:36:32 | INFO    | [store.xhs.update_xhs_note_comment] xhs note comment:{'comment_id': '685a2c23000000002002790e', 'create_time': 1750740004000, 'ip_location': '上海', 'note_id': '6859d06000000000170343bd', 'content': '如果你了解了这一切背后的幕后操作，这就能理解了。需要指出来是，伊朗的绥靖思路已深入骨髓了，至少现执政阶层是这样的实际。', 'user_id': '60ec3baa00000000010072e9', 'nickname': '胖头鱼', 'avatar': 'https://sns-avatar-qc.xhscdn.com/avatar/60ec3c0af623bef66d92ee9e.jpg?imageView2/2/w/120/format/jpg', 'sub_comment_count': '0', 'pictures': '', 'parent_comment_id': 0, 'last_modify_ts': 1772282192042, 'like_count': '0'}
20:36:33 | INFO    | [BilibiliCrawler.get_comments] Sleeping for 2 seconds after fetching comments for video 116147189979381
20:36:34 | INFO    | [XiaoHongShuCrawler.get_comments_all_sub_comments] Crawling sub_comment mode is not enabled
20:36:35 | INFO    | [BilibiliCrawler.get_comments] begin get video_id: 116134724505835 comments ...
20:36:36 | INFO    | [XiaoHongShuCrawler.get_comments] Sleeping for 2 seconds after fetching comments for note 6859d06000000000170343bd
20:36:36 | INFO    | [XiaoHongShuCrawler.get_comments] Begin get note id comments 69889d1c000000001d0240c3
20:36:37 | INFO    | [BilibiliCrawler.get_comments] Sleeping for 2 seconds after fetching comments for video 116134724505835
20:36:37 | INFO    | [store.bilibili.update_bilibili_video_comment] Bilibili video comment: 291314106961, content: 鉴于本人此前误判224双方开打，特此自罚一汉堡[脱单doge]
20:36:37 | INFO    | [store.bilibili.update_bilibili_video_comment] Bilibili video comment: 291316402257, content: [热][热][热]
20:36:38 | INFO    | [store.bilibili.update_bilibili_video_comment] Bilibili video comment: 291332717761, content: 打是肯定打的，运了那么多物资，各种调兵调装备，花的钱好多亿了，不打不都打水漂了吗，国内的支持率还要不要了，民主党肯定趁机发难，现在是箭在弦上，不发也得发。
20:36:38 | INFO    | [XiaoHongShuCrawler.get_comments_all_sub_comments] Crawling sub_comment mode is not enabled
20:36:40 | INFO    | [BilibiliCrawler.get_comments] begin get video_id: 116057985785360 comments ...
20:36:40 | INFO    | [XiaoHongShuCrawler.get_comments] Sleeping for 2 seconds after fetching comments for note 69889d1c000000001d0240c3
20:36:40 | INFO    | [XiaoHongShuCrawler.get_comments] Begin get note id comments 685ad35d000000000d01b575
20:36:40 | INFO    | [store.xhs.update_xhs_note_comment] xhs note comment:{'comment_id': '68a07ca6000000003002d5f8', 'create_time': 1755348134000, 'ip_location': '黑龙江', 'note_id': '685ad35d000000000d01b575', 'content': '[探店R][探店R][探店R][探店R][探店R][探店R][探店R][探店R]👩\u200d⚕️👩\u200d⚕️👩\u200d⚕️👩\u200d⚕️🏥🏥🏥🏥🏥🏥🗡🦸🦸\u200d♀️🚀🛰🛰🚑🚑🚑🚑🏥🏥🏥🏥🏥🏥💳⛽💳⛽⛽⛽🦸🦸🦸🦸🦸🦸[探店R][探店R][探店R][探店R]🚘🏥🚑🚑🚑🚑🚑🚑🚀🛰🛰🗡🦸\u200d♀️🦸\u200d♀️🦸\u200d♀️🦸\u200d♀️🦸\u200d♀️🦸\u200d♀️🏥🏥🏥🏥🏥🏥🏥🏥🏥🏥🏥🏥⛽🚛🚛🚛🚛🚛🚛🚛🚛🚛🚛🚛🚛🚛🚛🚛🚛🚛🚛🚛🚛🚛⛽⛽⛽⛽⛽⛽🦸🦸🦸🛸🛸🛸🛸🛸🛸🛸🚘🚘🚘🚘🚘🚘💇\u200d♂️🚑🚑🚑🚑🚑🦸\u200d♂️🚀🛰🏥🏥🏥🚑🚑🚑🚑🚑🏥🏥🏥🏥🚑🚑🚑🚑🚑🚑🚑🚑🚑🚑🚑🚛🚛🚛🚛⛽⛽⛽⛽⛽⛽⛽⛽🚛🚛🚛🚛🚛🚛🚛🚛🚛🚛🚛🚛🚛🚛🚛🚛吉光蓝自动战斗救🚛🚛🚛🚛🚛🚛🚛🚛🚛🚛🚛🚛🚛🚛🚛🚛🚛🚛🛸🛸🛸', 'user_id': '5f3a9f3800000000010007bb', 'nickname': '雪', 'avatar': 'https://sns-avatar-qc.xhscdn.com/avatar/5f3a9f3800000000010007bb.jpg?imageView2/2/w/120/format/jpg', 'sub_comment_count': '0', 'pictures': '', 'parent_comment_id': 0, 'last_modify_ts': 1772282200747, 'like_count': '1'}
20:36:42 | INFO    | [XiaoHongShuCrawler.get_comments_all_sub_comments] Crawling sub_comment mode is not enabled
20:36:43 | INFO    | [BilibiliCrawler.get_comments] Sleeping for 2 seconds after fetching comments for video 116057985785360
20:36:43 | INFO    | [store.bilibili.update_bilibili_video_comment] Bilibili video comment: 292008498048, content: 这种大愚若智宣传只能骗⏰，因为⏰上不了谷歌地球[笑哭]
20:36:43 | INFO    | [store.bilibili.update_bilibili_video_comment] Bilibili video comment: 289846419233, content: 这玩意也吹，是个卫星地图都能看见，前段时间还有吹伊朗无人机能找到航母的，我寻思找不到才难
20:36:43 | INFO    | [store.bilibili.update_bilibili_video_comment] Bilibili video comment: 291947265968, content: 没什么用，除非你把坐标给人家，还有导航给人家，所以视频没什么用。
20:36:44 | INFO    | [XiaoHongShuCrawler.get_comments] Sleeping for 2 seconds after fetching comments for note 685ad35d000000000d01b575
20:36:44 | INFO    | [XiaoHongShuCrawler.get_comments] Begin get note id comments 686137b1000000002400d078
20:36:45 | INFO    | [store.xhs.update_xhs_note_comment] xhs note comment:{'comment_id': '68613f81000000000f03d612', 'create_time': 1751203714000, 'ip_location': '江苏', 'note_id': '686137b1000000002400d078', 'content': '什么时候关海霞，重仓石油[得意R]', 'user_id': '602e3434000000000101faad', 'nickname': 'Jh', 'avatar': 'https://sns-avatar-qc.xhscdn.com/avatar/1040g2jo3135n1h14j86g5o1e6gq0buldld6lum8?imageView2/2/w/120/format/jpg', 'sub_comment_count': '1', 'pictures': '', 'parent_comment_id': 0, 'last_modify_ts': 1772282205175, 'like_count': '0'}
20:36:45 | INFO    | [store.xhs.update_xhs_note_comment] xhs note comment:{'comment_id': '68614c7b000000002000c35d', 'create_time': 1751207036000, 'ip_location': '浙江', 'note_id': '686137b1000000002400d078', 'content': '谁给的武器[doge]', 'user_id': '5aeb1f8911be102293ec7766', 'nickname': 'momo', 'avatar': 'https://sns-avatar-qc.xhscdn.com/avatar/411309441983cdc4ce073ff8da73b5b6.jpg?imageView2/2/w/120/format/jpg', 'sub_comment_count': '1', 'pictures': '', 'parent_comment_id': 0, 'last_modify_ts': 1772282205230, 'like_count': '0'}
20:36:45 | INFO    | [store.xhs.update_xhs_note_comment] xhs note comment:{'comment_id': '686145290000000013037670', 'create_time': 1751205161000, 'ip_location': '重庆', 'note_id': '686137b1000000002400d078', 'content': '别吵吵，直接把霍尔木兹海峡封了', 'user_id': '6216e2190000000010006226', 'nickname': '布老虎', 'avatar': 'https://sns-avatar-qc.xhscdn.com/avatar/6216e2190000000010006226.jpg?imageView2/2/w/120/format/jpg', 'sub_comment_count': '0', 'pictures': '', 'parent_comment_id': 0, 'last_modify_ts': 1772282205310, 'like_count': '0'}
20:36:45 | INFO    | [store.xhs.update_xhs_note_comment] xhs note comment:{'comment_id': '68613d4d000000002000fe05', 'create_time': 1751203150000, 'ip_location': '上海', 'note_id': '686137b1000000002400d078', 'content': '太棒啦[点赞R]', 'user_id': '5c7e6da40000000012036115', 'nickname': '石头', 'avatar': 'https://sns-avatar-qc.xhscdn.com/avatar/1040g2jo31qg163riga6g5n3udmi4mo8lioqrprg?imageView2/2/w/120/format/jpg', 'sub_comment_count': '0', 'pictures': '', 'parent_comment_id': 0, 'last_modify_ts': 1772282205368, 'like_count': '0'}
20:36:45 | INFO    | [BilibiliCrawler.get_comments] begin get video_id: 116148163053170 comments ...
20:36:47 | INFO    | [XiaoHongShuCrawler.get_comments_all_sub_comments] Crawling sub_comment mode is not enabled
20:36:49 | INFO    | [XiaoHongShuCrawler.get_comments] Sleeping for 2 seconds after fetching comments for note 686137b1000000002400d078
20:36:49 | INFO    | [XiaoHongShuCrawler.get_comments] Begin get note id comments 69636ee5000000000a02e4e4
20:36:49 | INFO    | [store.xhs.update_xhs_note_comment] xhs note comment:{'comment_id': '696375a300000000180231bf', 'create_time': 1768125860000, 'ip_location': '四川', 'note_id': '69636ee5000000000a02e4e4', 'content': 'mo\u2006ni[哭惹R]naniyildeaijer', 'user_id': '5ec6aa660000000001005569', 'nickname': '🚀', 'avatar': 'https://sns-avatar-qc.xhscdn.com/avatar/630eee66ee7726fec4c4ac81.jpg?imageView2/2/w/120/format/jpg', 'sub_comment_count': '0', 'pictures': '', 'parent_comment_id': 0, 'last_modify_ts': 1772282209802, 'like_count': '0'}
20:36:50 | INFO    | [BilibiliCrawler.get_comments] Sleeping for 2 seconds after fetching comments for video 116148163053170
20:36:51 | INFO    | [XiaoHongShuCrawler.get_comments_all_sub_comments] Crawling sub_comment mode is not enabled
20:36:52 | INFO    | [BilibiliCrawler.get_comments] begin get video_id: 116134842013098 comments ...
20:36:53 | INFO    | [XiaoHongShuCrawler.get_comments] Sleeping for 2 seconds after fetching comments for note 69636ee5000000000a02e4e4
20:36:53 | INFO    | [XiaoHongShuCrawler.get_comments] Begin get note id comments 6857baf9000000002203d52a
20:36:54 | INFO    | [store.xhs.update_xhs_note_comment] xhs note comment:{'comment_id': '6857c6f2000000000c014312', 'create_time': 1750583027000, 'ip_location': '新西兰', 'note_id': '6857baf9000000002203d52a', 'content': '鸭死嘴硬', 'user_id': '600d2058000000000100447b', 'nickname': '进入冬日', 'avatar': 'https://sns-avatar-qc.xhscdn.com/avatar/1000g2jo2li33b72ii0005o0d41c08h3r3ooug8g?imageView2/2/w/120/format/jpg', 'sub_comment_count': '0', 'pictures': '', 'parent_comment_id': 0, 'last_modify_ts': 1772282214180, 'like_count': '2'}
20:36:56 | INFO    | [XiaoHongShuCrawler.get_comments_all_sub_comments] Crawling sub_comment mode is not enabled
20:36:57 | INFO    | [BilibiliCrawler.get_comments] Sleeping for 2 seconds after fetching comments for video 116134842013098
20:36:57 | INFO    | [store.bilibili.update_bilibili_video_comment] Bilibili video comment: 291514063665, content: 别的评论区看到的，xswl[妙啊]
20:36:57 | INFO    | [store.bilibili.update_bilibili_video_comment] Bilibili video comment: 293695053120, content: 骗你的，签了协议也打
20:36:57 | INFO    | [store.bilibili.update_bilibili_video_comment] Bilibili video comment: 291412018433, content: 我只希望买油买金的赌狗输
20:36:58 | INFO    | [XiaoHongShuCrawler.get_comments] Sleeping for 2 seconds after fetching comments for note 6857baf9000000002203d52a
20:36:58 | INFO    | [XiaoHongShuCrawler.get_comments] Begin get note id comments 696460cd000000001a021de4
20:36:58 | INFO    | [store.xhs.update_xhs_note_comment] xhs note comment:{'comment_id': '696479220000000009035929', 'create_time': 1768192291000, 'ip_location': '加拿大', 'note_id': '696460cd000000001a021de4', 'content': "You didn't finish the job before do now for real [点赞R][点赞R]", 'user_id': '678c1c89000000000a03e324', 'nickname': 'hid77015884', 'avatar': 'https://sns-avatar-qc.xhscdn.com/avatar/645b6abf2e368555521befcc.jpg?imageView2/2/w/120/format/jpg', 'sub_comment_count': '0', 'pictures': '', 'parent_comment_id': 0, 'last_modify_ts': 1772282218574, 'like_count': '0'}
20:36:59 | INFO    | [BilibiliCrawler.get_comments] begin get video_id: 116147559073961 comments ...
20:37:00 | INFO    | [XiaoHongShuCrawler.get_comments_all_sub_comments] Crawling sub_comment mode is not enabled
20:37:02 | INFO    | [XiaoHongShuCrawler.get_comments] Sleeping for 2 seconds after fetching comments for note 696460cd000000001a021de4
20:37:02 | INFO    | [XiaoHongShuCrawler.get_comments] Begin get note id comments 69898915000000001d026c79
20:37:03 | INFO    | [BilibiliCrawler.get_comments] Sleeping for 2 seconds after fetching comments for video 116147559073961
20:37:03 | INFO    | [store.bilibili.update_bilibili_video_comment] Bilibili video comment: 291611519217, content: 你们可千万不要在地面部队火并啊，万万不可啊[doge]
20:37:03 | INFO    | [store.bilibili.update_bilibili_video_comment] Bilibili video comment: 293931516624, content: 伊朗放个导弹也费劲，万炮齐发直接把以色列轰平了不就得了，不管什么炮弹，扔呗
20:37:03 | INFO    | [store.bilibili.update_bilibili_video_comment] Bilibili video comment: 293910731632, content: 以色列打伊朗，是伊朗核问题。按照美国和以色列的逻辑，日本要是再在核武器上面bb赖赖，那中国是不是也可以打日本了？[doge]
20:37:04 | INFO    | [XiaoHongShuCrawler.get_comments_all_sub_comments] Crawling sub_comment mode is not enabled
20:37:05 | INFO    | [BilibiliCrawler.get_comments] begin get video_id: 116147257155098 comments ...
20:37:06 | INFO    | [XiaoHongShuCrawler.get_comments] Sleeping for 2 seconds after fetching comments for note 69898915000000001d026c79
20:37:06 | INFO    | [XiaoHongShuCrawler.get_comments] Begin get note id comments 69a2d5e00000000015022383
20:37:09 | INFO    | [XiaoHongShuCrawler.get_comments_all_sub_comments] Crawling sub_comment mode is not enabled
20:37:10 | INFO    | [BilibiliCrawler.get_comments] Sleeping for 2 seconds after fetching comments for video 116147257155098
20:37:10 | INFO    | [store.bilibili.update_bilibili_video_comment] Bilibili video comment: 291604165697, content: 我现在就怕伊朗说狠话，伊朗的特点是一说狠话就开始怂。啥都不说把导弹产能拉满直接往特拉维夫和本古里安机场扔才是正道。
20:37:10 | INFO    | [store.bilibili.update_bilibili_video_comment] Bilibili video comment: 293901498816, content: 这是正式宣战吗？
20:37:10 | INFO    | [store.bilibili.update_bilibili_video_comment] Bilibili video comment: 291604915425, content: certain death命定之死是吧
20:37:11 | INFO    | [XiaoHongShuCrawler.get_comments] Sleeping for 2 seconds after fetching comments for note 69a2d5e00000000015022383
20:37:11 | INFO    | [XiaoHongShuCrawler.get_comments] Begin get note id comments 687639f6000000000b02ed4a
20:37:11 | INFO    | [store.xhs.update_xhs_note_comment] xhs note comment:{'comment_id': '69a2d489000000000601fbc9', 'create_time': 1772278922000, 'ip_location': '湖北', 'note_id': '687639f6000000000b02ed4a', 'content': '', 'user_id': '6787f426000000000803e0e2', 'nickname': '小红薯67880867', 'avatar': 'https://sns-avatar-qc.xhscdn.com/avatar/1040g2jo31cpchdmt126g5ps7ugj27o72fpbhju8?imageView2/2/w/120/format/jpg', 'sub_comment_count': '0', 'pictures': 'http://sns-webpic-qc.xhscdn.com/202602282037/953b787f0a4909d47d8330f6c4fed592/comment/1040g2h031t4jrmsu56305ps7ugj27o72elkdulo!nd_whgt34_webp_wm_1', 'parent_comment_id': 0, 'last_modify_ts': 1772282231754, 'like_count': '0'}
20:37:12 | INFO    | [BilibiliCrawler.get_comments] begin get video_id: 116147592694983 comments ...
20:37:13 | INFO    | [XiaoHongShuCrawler.get_comments_all_sub_comments] Crawling sub_comment mode is not enabled
20:37:15 | INFO    | [BilibiliCrawler.get_comments] Sleeping for 2 seconds after fetching comments for video 116147592694983
20:37:15 | INFO    | [XiaoHongShuCrawler.get_comments] Sleeping for 2 seconds after fetching comments for note 687639f6000000000b02ed4a
20:37:15 | INFO    | [XiaoHongShuCrawler.get_comments] Begin get note id comments 685a61de000000002300579f
20:37:16 | INFO    | [store.bilibili.update_bilibili_video_comment] Bilibili video comment: 293912209888, content: 最新消息，胡赛已经发射导弹，并宣布封锁红海
20:37:16 | INFO    | [store.bilibili.update_bilibili_video_comment] Bilibili video comment: 291612657809, content: 打了四波 胡赛的导弹也飞过去了
20:37:16 | INFO    | [store.bilibili.update_bilibili_video_comment] Bilibili video comment: 293923574912, content: 呕吼 爆🦑🦑🦑🦑头
20:37:18 | INFO    | [XiaoHongShuCrawler.get_comments_all_sub_comments] Crawling sub_comment mode is not enabled
20:37:18 | INFO    | [BilibiliCrawler.get_comments] begin get video_id: 116147173199083 comments ...
20:37:20 | INFO    | [XiaoHongShuCrawler.get_comments] Sleeping for 2 seconds after fetching comments for note 685a61de000000002300579f
20:37:20 | INFO    | [XiaoHongShuCrawler.get_comments] Begin get note id comments 6968cab4000000000a0339cc
20:37:20 | INFO    | [store.xhs.update_xhs_note_comment] xhs note comment:{'comment_id': '699900b2000000001403290a', 'create_time': 1771634867000, 'ip_location': '山东', 'note_id': '6968cab4000000000a0339cc', 'content': '只要美国打击伊朗，伊朗就打击以色列！而且联合他国！', 'user_id': '678b4774000000000a03fdf9', 'nickname': '天浆', 'avatar': 'https://sns-avatar-qc.xhscdn.com/avatar/645b7f4a9262aeee795c99e7.jpg?imageView2/2/w/120/format/jpg', 'sub_comment_count': '0', 'pictures': '', 'parent_comment_id': 0, 'last_modify_ts': 1772282240555, 'like_count': '1'}
20:37:20 | INFO    | [store.xhs.update_xhs_note_comment] xhs note comment:{'comment_id': '6968cac6000000000600a4b2', 'create_time': 1768475335000, 'ip_location': '浙江', 'note_id': '6968cab4000000000a0339cc', 'content': '伊朗通报邻国：若遭美袭击将打击其境内美军基地', 'user_id': '62861b030000000021026963', 'nickname': '一线直击', 'avatar': 'https://sns-avatar-qc.xhscdn.com/avatar/1040g2jo3107nc16260605ok63c1ocqb3v5u7eg0?imageView2/2/w/120/format/jpg', 'sub_comment_count': '0', 'pictures': '', 'parent_comment_id': 0, 'last_modify_ts': 1772282240608, 'like_count': '0'}
20:37:21 | INFO    | [BilibiliCrawler.get_comments] Sleeping for 2 seconds after fetching comments for video 116147173199083
20:37:21 | INFO    | [store.bilibili.update_bilibili_video_comment] Bilibili video comment: 291615306673, content: 他们打他们的，我们只管赢就行了
20:37:21 | INFO    | [store.bilibili.update_bilibili_video_comment] Bilibili video comment: 291605506625, content: 晚上看伊朗放烟花
20:37:21 | INFO    | [store.bilibili.update_bilibili_video_comment] Bilibili video comment: 291608627681, content: 投入实战才能看清武器的优劣吧
20:37:22 | INFO    | [XiaoHongShuCrawler.get_comments_all_sub_comments] Crawling sub_comment mode is not enabled
20:37:23 | INFO    | [BilibiliCrawler.get_comments] begin get video_id: 116147710071479 comments ...
20:37:24 | INFO    | [XiaoHongShuCrawler.get_comments] Sleeping for 2 seconds after fetching comments for note 6968cab4000000000a0339cc
20:37:24 | INFO    | [XiaoHongShuCrawler.get_comments] Begin get note id comments 685b416b0000000017034918
20:37:26 | INFO    | [BilibiliCrawler.get_comments] Sleeping for 2 seconds after fetching comments for video 116147710071479
20:37:26 | INFO    | [store.bilibili.update_bilibili_video_comment] Bilibili video comment: 291617498609, content: 这导弹有力气
20:37:26 | INFO    | [store.bilibili.update_bilibili_video_comment] Bilibili video comment: 291616081713, content: 哎呀，博主复活了
20:37:26 | INFO    | [store.bilibili.update_bilibili_video_comment] Bilibili video comment: 291615772513, content: 真的假的  伊朗这次这么硬气啊
20:37:27 | INFO    | [XiaoHongShuCrawler.get_comments_all_sub_comments] Crawling sub_comment mode is not enabled
20:37:28 | INFO    | [BilibiliCrawler.get_comments] begin get video_id: 116147626181034 comments ...
20:37:29 | INFO    | [XiaoHongShuCrawler.get_comments] Sleeping for 2 seconds after fetching comments for note 685b416b0000000017034918
20:37:29 | INFO    | [XiaoHongShuCrawler.get_comments] Begin get note id comments 68583184000000001c037212
20:37:31 | INFO    | [XiaoHongShuCrawler.get_comments_all_sub_comments] Crawling sub_comment mode is not enabled
20:37:32 | INFO    | [BilibiliCrawler.get_comments] Sleeping for 2 seconds after fetching comments for video 116147626181034
20:37:33 | INFO    | [store.bilibili.update_bilibili_video_comment] Bilibili video comment: 291613126337, content: 胡赛依旧开团秒跟🤗🤗
20:37:33 | INFO    | [store.bilibili.update_bilibili_video_comment] Bilibili video comment: 293918057872, content: 终究是回旋镖打到了懂王自己身上@
20:37:33 | INFO    | [store.bilibili.update_bilibili_video_comment] Bilibili video comment: 291613088785, content: 他奶奶个三角楼子的，伊朗这个导弹！
20:37:33 | INFO    | [XiaoHongShuCrawler.get_comments] Sleeping for 2 seconds after fetching comments for note 68583184000000001c037212
20:37:33 | INFO    | [XiaoHongShuCrawler.get_comments] Begin get note id comments 685abe7d000000001002641c
20:37:35 | INFO    | [BilibiliCrawler.get_comments] begin get video_id: 116147575984147 comments ...
20:37:35 | INFO    | [XiaoHongShuCrawler.get_comments_all_sub_comments] Crawling sub_comment mode is not enabled
20:37:37 | INFO    | [XiaoHongShuCrawler.get_comments] Sleeping for 2 seconds after fetching comments for note 685abe7d000000001002641c
20:37:40 | INFO    | [BilibiliCrawler.get_comments] Sleeping for 2 seconds after fetching comments for video 116147575984147
20:37:40 | INFO    | [store.bilibili.update_bilibili_video_comment] Bilibili video comment: 293915966288, content: 牢美和牢以真是一对笑面虎，两头乌角鲨
20:37:40 | INFO    | [store.bilibili.update_bilibili_video_comment] Bilibili video comment: 291612774497, content: 这波奶龙已经发话了，目标是摧毁伊朗所有海军、夷平所有的导弹发射能力以及盒能力，还有撤换掉伊朗的现政权，如果最终完不成的话、那么大家伙尽管笑就是~
20:37:40 | INFO    | [store.bilibili.update_bilibili_video_comment] Bilibili video comment: 293910690912, content: 牢美估计这次没料到伊朗这次那么硬[笑哭][笑哭][笑哭]
20:37:41 | INFO    | [XiaoHongShuCrawler.search] Sleeping for 2 seconds after page 2
20:37:41 | INFO    | [XiaoHongShuCrawler.start] Xhs Crawler finished ...
20:37:41 | INFO    | [Worker] 任务 ut_xhs_2fecadcf_1772281425 执行成功
20:37:41 | INFO    | [Dispatcher] 任务 ut_xhs_2fecadcf_1772281425 完成
20:37:42 | INFO    | [BilibiliCrawler.get_comments] begin get video_id: 116147592694816 comments ...
20:37:45 | INFO    | [BilibiliCrawler.get_comments] Sleeping for 2 seconds after fetching comments for video 116147592694816
20:37:45 | INFO    | [store.bilibili.update_bilibili_video_comment] Bilibili video comment: 291611725377, content: 晚上再给以色列整波大的，飞火流星，宣传效果更好。[呲牙]
20:37:45 | INFO    | [store.bilibili.update_bilibili_video_comment] Bilibili video comment: 291612407713, content: 打起来打起来
20:37:45 | INFO    | [store.bilibili.update_bilibili_video_comment] Bilibili video comment: 291615256513, content: 希望在中东的同胞保护好自己，可以看出来伊朗确实也准备了反击的方案，比上次12日战争准备的更充分[笑哭]就是不知道这次双方要打到什么程度才肯停手啊[笑哭]
20:37:48 | INFO    | [BilibiliCrawler.get_comments] begin get video_id: 116147575986249 comments ...
20:37:50 | INFO    | [BilibiliCrawler.get_comments] Sleeping for 2 seconds after fetching comments for video 116147575986249
20:37:52 | INFO    | [BilibiliCrawler.get_comments] begin get video_id: 116147139777826 comments ...
20:37:56 | INFO    | [BilibiliCrawler.get_comments] Sleeping for 2 seconds after fetching comments for video 116147139777826
20:37:56 | INFO    | [store.bilibili.update_bilibili_video_comment] Bilibili video comment: 293901291680, content: 黄金起飞了
20:37:56 | INFO    | [store.bilibili.update_bilibili_video_comment] Bilibili video comment: 291622199745, content: 三連送上~
20:38:01 | INFO    | [BilibiliCrawler.start] Bilibili Crawler finished ...
20:38:01 | INFO    | [Worker] 任务 ut_bili_2db8d299_1772281425 执行成功
20:38:01 | INFO    | [Dispatcher] 任务 ut_bili_2db8d299_1772281425 完成
^C20:54:38 | INFO    | [DeepCrawl] 收到退出信号，正在停止...
20:54:38 | INFO    | [Dispatcher] 调度器停止信号已发送
20:54:42 | INFO    | [DeepCrawl] 服务已停止
(mind-spider) root@tang:/deploy/parallel-universe/mind-spider# git pull
remote: Enumerating objects: 45, done.
remote: Counting objects: 100% (45/45), done.
remote: Compressing objects: 100% (2/2), done.
remote: Total 23 (delta 21), reused 23 (delta 21), pack-reused 0 (from 0)
Unpacking objects: 100% (23/23), 3.21 KiB | 31.00 KiB/s, done.
From github.com:twreport/mind-spider
   e5e3a25..9e70696  main       -> origin/main
Updating e5e3a25..9e70696
Fast-forward
 DeepSentimentCrawling/MediaCrawler/config/base_config.py           | 14 +++++++++++++-
 DeepSentimentCrawling/MediaCrawler/media_platform/bilibili/core.py | 20 ++++++++++----------
 DeepSentimentCrawling/MediaCrawler/media_platform/douyin/core.py   |  8 ++++----
 DeepSentimentCrawling/MediaCrawler/media_platform/kuaishou/core.py | 10 +++++-----
 DeepSentimentCrawling/MediaCrawler/media_platform/tieba/core.py    | 14 +++++++-------
 DeepSentimentCrawling/MediaCrawler/media_platform/weibo/core.py    | 10 +++++-----
 DeepSentimentCrawling/MediaCrawler/media_platform/xhs/core.py      |  8 ++++----
 DeepSentimentCrawling/MediaCrawler/media_platform/zhihu/core.py    | 18 +++++++++---------
 DeepSentimentCrawling/MediaCrawler/tools/utils.py                  | 26 ++++++++++++++++++++++++--
 9 files changed, 81 insertions(+), 47 deletions(-)
(mind-spider) root@tang:/deploy/parallel-universe/mind-spider# 

